User/major/guilin/Kzs/tirebridge.dat User/major/guilin/Kzs/tirebridge.srf User/major/guilin/Kzs/tirebridge_coll.srf
user/major/guilin/2chgac/il-76MD_china.dat user/major/guilin/2chgac/il-76MD_china.dnm user/major/guilin/2chgac/a50cl.srf
user/major/guilin/cep/mig19.dat user/major/guilin/cep/mig19.dnm user/major/guilin/cep/mig19coll.srf
user/major/guilin/fufanl/bridge1.dat user/major/guilin/fufanl/bridge1.srf user/major/guilin/fufanl/ponte_coll.srf
user/major/guilin/fufanl/bridge2.dat user/major/guilin/fufanl/bridge2.srf user/major/guilin/fufanl/bridge2.srf
user/major/guilin/fufanl/brwhite.dat user/major/guilin/fufanl/brwhite.srf user/major/guilin/fufanl/brwhite.srf
user/major/guilin/mh3w/bridgedown.dat user/major/guilin/mh3w/bridgedown.srf user/major/guilin/mh3w/bridgedown.srf "" user/major/guilin/mh3w/udc.srf
user/major/guilin/hirose/bridge01.dat user/major/guilin/hirose/bridge01.srf user/major/guilin/hirose/bridge01.srf "" user/major/guilin/hirose/bridge01.acp
user/major/guilin/kzs/s_ferryboat.dat user/major/guilin/kzs/ferryboat.srf user/major/guilin/kzs/ferryboat_coll.srf
