User/oranleed/taube/taube.dat User/oranleed/taube/taube.dnm User/oranleed/taube/taubecoll.srf User/oranleed/taube/taubecockpit.srf User/oranleed/taube/taubecoarse.dnm
user/oranleed/staakenr6/staakenr6.dat user/oranleed/staakenr6/staakenr6.dnm user/oranleed/staakenr6/r6coll.srf user/oranleed/staakenr6/r6cockpit.srf user/oranleed/staakenr6/r6coarse.dnm
user/oranleed/staakenr6/staakenr6b.dat user/oranleed/staakenr6/staakenr6b.dnm user/oranleed/staakenr6/r6coll.srf user/oranleed/staakenr6/r6cockpit.srf user/oranleed/staakenr6/r6bcoarse.dnm
User/oranleed/caudronG3/caudronG3.dat User/oranleed/caudronG3/caudronG3.dnm User/oranleed/caudronG3/caudronG3coll.srf User/oranleed/caudronG3/caudronG3cockpit.srf User/oranleed/caudronG3/caudronG3coarse.dnm
User/oranleed/airco/aircoDH2.dat User/oranleed/airco/aircodh2.dnm User/oranleed/airco/aircodh2coll.srf User/oranleed/airco/aircocockpit.srf User/oranleed/airco/aircodh2coarse.dnm
User/oranleed/fokkerE3/fokkerE3.dat User/oranleed/fokkerE3/fokkerE3.dnm User/oranleed/fokkerE3/e3coll.srf User/oranleed/fokkerE3/fokkerE3cockpit.srf User/oranleed/fokkerE3/fokkerE3coarse.dnm 
User/oranleed/fokkerE3/fokkerE3st.dat User/oranleed/fokkerE3/fokkerE3st.dnm User/oranleed/fokkerE3/e3coll.srf User/oranleed/fokkerE3/fokkerE3cockpit.srf User/oranleed/fokkerE3/fokkerE3stcoarse.dnm 
User/oranleed/Nieuport17/Nieuport17c1.dat User/oranleed/Nieuport17/Nieuport17c1.dnm User/oranleed/Nieuport17/Nieuportcoll.srf User/oranleed/Nieuport17/Nieuport17cockpit.srf User/oranleed/Nieuport17/Nieuport17coarse.dnm
User/oranleed/camel/camelF110.dat User/oranleed/camel/camelF110.dnm User/oranleed/camel/camelcoll.srf User/oranleed/camel/camelcockpit.srf User/oranleed/camel/camelF110coarse.dnm
User/oranleed/camel/camelF130.dat User/oranleed/camel/camelF130.dnm User/oranleed/camel/camelcoll.srf User/oranleed/camel/camelcockpit.srf User/oranleed/camel/camelF130coarse.dnm
User/oranleed/camel/camelF150.dat User/oranleed/camel/camelF150.dnm User/oranleed/camel/camelcoll.srf User/oranleed/camel/camelcockpit.srf User/oranleed/camel/camelF150coarse.dnm
User/oranleed/voisin3/voisin3.dat User/oranleed/voisin3/voisin3.dnm User/oranleed/voisin3/voisin3coll.srf User/oranleed/voisin3/voisin3cockpit.srf User/oranleed/voisin3/voisin3coarse.dnm
User/oranleed/bristolF2B/bristolF2Ba.dat User/oranleed/bristolF2B/bristolF2Ba.dnm User/oranleed/bristolF2B/bristolF2Bcoll.srf User/oranleed/bristolF2B/bristolF2Bcockpit.srf User/oranleed/bristolF2B/bristolF2Bacoarse.dnm
User/oranleed/bristolF2B/bristolF2Bb.dat User/oranleed/bristolF2B/bristolF2Bb.dnm User/oranleed/bristolF2B/bristolF2Bcoll.srf User/oranleed/bristolF2B/bristolF2Bcockpit.srf User/oranleed/bristolF2B/bristolF2Bbcoarse.dnm
User/oranleed/FokkerD7/fokkerD7m.dat User/oranleed/FokkerD7/fokkerD7m.dnm User/oranleed/FokkerD7/fokkerD7coll.srf User/oranleed/FokkerD7/fokkerD7cockpit.srf User/oranleed/FokkerD7/fokkerD7mcoarse.dnm
User/oranleed/FokkerD7/fokkerD7b.dat User/oranleed/FokkerD7/fokkerD7b.dnm User/oranleed/FokkerD7/fokkerD7coll.srf User/oranleed/FokkerD7/fokkerD7cockpit.srf User/oranleed/FokkerD7/fokkerD7bcoarse.dnm
User/oranleed/FokkerD7/fokkerD7d.dat User/oranleed/FokkerD7/fokkerD7d.dnm User/oranleed/FokkerD7/fokkerD7coll.srf User/oranleed/FokkerD7/fokkerD7cockpit.srf User/oranleed/FokkerD7/fokkerD7dcoarse.dnm
User/oranleed/spad13/spad13it.dat User/oranleed/spad13/spad13it.dnm User/oranleed/spad13/spad13coll.srf User/oranleed/spad13/spad13cockpit.srf User/oranleed/spad13/spad13itcoarse.dnm
User/oranleed/spad13/spad13fr.dat User/oranleed/spad13/spad13fr.dnm User/oranleed/spad13/spad13coll.srf User/oranleed/spad13/spad13cockpit.srf User/oranleed/spad13/spad13frcoarse.dnm
User/oranleed/albatrosD5/albatrosD5.dat User/oranleed/albatrosD5/albatrosD5.dnm User/oranleed/albatrosD5/albatrosD5coll.srf User/oranleed/albatrosD5/albatrosD5cockpit.srf User/oranleed/albatrosD5/albatrosD5coarse.dnm
User/oranleed/albatrosD5/albatrosD5a.dat User/oranleed/albatrosD5/albatrosD5a.dnm User/oranleed/albatrosD5/albatrosD5coll.srf User/oranleed/albatrosD5/albatrosD5cockpit.srf User/oranleed/albatrosD5/albatrosD5acoarse.dnm
User/oranleed/LohnerL/lohnerL.dat User/oranleed/LohnerL/LohnerL.dnm User/oranleed/LohnerL/lohnerLcoll.srf User/oranleed/LohnerL/lohnerLcockpit.srf User/oranleed/LohnerL/lohnerLcoarse.dnm
user/oranleed/ca3/ca3.dat user/oranleed/ca3/ca3.dnm user/oranleed/ca3/ca3coll.srf user/oranleed/ca3/ca3cockpit.srf user/oranleed/ca3/ca3coarse.dnm
User/oranleed/sva5/sva5.dat User/oranleed/sva5/sva5.dnm User/oranleed/sva5/sva5coll.srf User/oranleed/sva5/sva5cockpit.srf User/oranleed/sva5/sva5coarse.dnm
