
Ground
User/fufanl/tsushima/ground/Cesarevitch.dat User/fufanl/tsushima/ground/Cesarevitch.srf User/fufanl/tsushima/ground/Cesarevitch_coll.srf
User/fufanl/tsushima/ground/Retvizan.dat User/fufanl/tsushima/ground/Retvizan.srf User/fufanl/tsushima/ground/Retvizan_coll.srf
User/fufanl/tsushima/ground/Gromoboj.dat User/fufanl/tsushima/ground/Gromoboj.srf User/fufanl/tsushima/ground/Admiralnachimov_coll.srf
User/fufanl/tsushima/ground/Admiralnachimov.dat User/fufanl/tsushima/ground/Admiralnachimov.srf User/fufanl/tsushima/ground/Gromoboj_coll.srf
User/fufanl/tsushima/ground/Asahi.dat User/fufanl/tsushima/ground/Asahi.srf User/fufanl/tsushima/ground/Asahi.srf
User/fufanl/tsushima/ground/Nishin.dat User/fufanl/tsushima/ground/Nishin.srf User/fufanl/tsushima/ground/Nishin.srf
User/fufanl/tsushima/ground/Kasuga.dat User/fufanl/tsushima/ground/Kasuga.srf User/fufanl/tsushima/ground/Kasuga.srf

Scenery
Tsushima User/fufanl/tsushima/oldsea.fld User/fufanl/tsushima/oldsea.stp User/fufanl/tsushima/oldsea.yfs
