User/gre/CitationX/citationX_ribbon.dat User/gre/CitationX/citationX_ribbon.dnm User/gre/CitationX/citationX_coll.srf User/gre/CitationX/null.srf User/gre/CitationX/citationX_ribbon_coarse.dnm

User/gre/CitationX/citationX_ribbon2.dat User/gre/CitationX/citationX_ribbon2.dnm User/gre/CitationX/citationX_coll.srf User/gre/CitationX/null.srf User/gre/CitationX/citationX_ribbon2_coarse.dnm

User/gre/CitationX/citationX_lines.dat User/gre/CitationX/citationX_lines.dnm User/gre/CitationX/citationX_coll.srf User/gre/CitationX/null.srf User/gre/CitationX/citationX_lines_coarse.dnm

User/gre/CitationX/citationX_lines2.dat User/gre/CitationX/citationX_lines2.dnm User/gre/CitationX/citationX_coll.srf User/gre/CitationX/null.srf User/gre/CitationX/citationX_lines2_coarse.dnm

User/gre/CitationX/citationX_white.dat User/gre/CitationX/citationX_white.dnm User/gre/CitationX/citationX_coll.srf User/gre/CitationX/null.srf User/gre/CitationX/citationX_white_coarse.dnm

User/gre/CitationX/citationX_ribbon_nc.dat User/gre/CitationX/citationX_ribbon_nc.dnm User/gre/CitationX/citationX_coll.srf User/gre/CitationX/null.srf User/gre/CitationX/citationX_ribbon_coarse.dnm

User/gre/CitationX/citationX_ribbon2_nc.dat User/gre/CitationX/citationX_ribbon2_nc.dnm User/gre/CitationX/citationX_coll.srf User/gre/CitationX/null.srf User/gre/CitationX/citationX_ribbon2_coarse.dnm

User/gre/CitationX/citationX_lines_nc.dat User/gre/CitationX/citationX_lines_nc.dnm User/gre/CitationX/citationX_coll.srf User/gre/CitationX/null.srf User/gre/CitationX/citationX_lines_coarse.dnm

User/gre/CitationX/citationX_lines2_nc.dat User/gre/CitationX/citationX_lines2_nc.dnm User/gre/CitationX/citationX_coll.srf User/gre/CitationX/null.srf User/gre/CitationX/citationX_lines2_coarse.dnm

User/gre/CitationX/citationX_white_nc.dat User/gre/CitationX/citationX_white_nc.dnm User/gre/CitationX/citationX_coll.srf User/gre/CitationX/null.srf User/gre/CitationX/citationX_white_coarse.dnm

aircraft/q400_tlh_pass.dat aircraft/q400_tlh_pass.dnm aircraft/q400coll.srf aircraft/q400cockpit.srf aircraft/q400_tlhcoarse.dnm
