

User/Kzs/aircraft/f16xl_kz.dat    User/Kzs/aircraft/f16xl_kz.dnm    User/Kzs/aircraft/f16xl_kz_coll.srf User/Kzs/aircraft/f16xl_kz_cockpit.srf User/Kzs/aircraft/f16xl_kz_coarse.dnm
User/Kzs/aircraft/f16d_kz_brk.dat User/Kzs/aircraft/f16d_kz_brk.dnm aircraft/f16coll.srf                User/Kzs/aircraft/f16d_kz_cockpit.srf  User/Kzs/aircraft/f16d_kz_brk_coarse.dnm
User/Kzs/aircraft/f105d_kz.dat User/Kzs/aircraft/f105d_kz.dnm User/Kzs/aircraft/f105d_kz_coll.srf User/Kzs/aircraft/f105d_kz_cockpit.srf User/Kzs/aircraft/f105d_kz_coarse.dnm

User/Kzs/aircraft/c172_kz.dat    User/Kzs/aircraft/c172_kz.dnm    User/Kzs/aircraft/c172_kz_coll.srf    User/Kzs/aircraft/c172_kz_cockpit.srf User/Kzs/aircraft/c172_kz_coarse.dnm
User/Kzs/aircraft/c172_kz(f).dat User/Kzs/aircraft/c172_kz(f).dnm User/Kzs/aircraft/c172_kz(f)_coll.srf User/Kzs/aircraft/c172_kz_cockpit.srf User/Kzs/aircraft/c172_kz(f)_coarse.dnm

User/Kzs/aircraft/himat_kz.dat    User/Kzs/aircraft/himat_kz.dnm    User/Kzs/aircraft/himat_kz_coll.srf User/Kzs/aircraft/himat_kz_cockpit.srf    User/Kzs/aircraft/himat_kz_coarse.dnm
User/Kzs/aircraft/himat_kz(f).dat User/Kzs/aircraft/himat_kz(f).dnm User/Kzs/aircraft/himat_kz_coll.srf User/Kzs/aircraft/himat_kz(f)_cockpit.srf User/Kzs/aircraft/himat_kz(f)_coarse.dnm

User/Kzs/aircraft/mako_kz_at.dat      User/Kzs/aircraft/mako_kz_at.dnm     User/Kzs/aircraft/mako_kz_coll.srf User/Kzs/aircraft/mako_kz_at_cockpit.srf  User/Kzs/aircraft/mako_kz_at_coarse.dnm
User/Kzs/aircraft/mako_kz_lca.dat     User/Kzs/aircraft/mako_kz_lca.dnm    User/Kzs/aircraft/mako_kz_coll.srf User/Kzs/aircraft/mako_kz_lca_cockpit.srf User/Kzs/aircraft/mako_kz_lca_coarse.dnm
User/Kzs/aircraft/mako_kz_lca(g).dat  User/Kzs/aircraft/mako_kz_lca(g).dnm User/Kzs/aircraft/mako_kz_coll.srf User/Kzs/aircraft/mako_kz_at_cockpit.srf  User/Kzs/aircraft/mako_kz_lca(g)_coarse.dnm

User/Kzs/aircraft/m346_kz_at.dat     User/Kzs/aircraft/m346_kz_at.dnm  User/Kzs/aircraft/m346_kz_coll.srf User/Kzs/aircraft/m346_kz_cockpit.srf User/Kzs/aircraft/m346_kz_at_coarse.dnm
User/Kzs/aircraft/m346_kz_lca.dat    User/Kzs/aircraft/m346_kz_lca.dnm User/Kzs/aircraft/m346_kz_coll.srf User/Kzs/aircraft/m346_kz_cockpit.srf User/Kzs/aircraft/m346_kz_lca_coarse.dnm

User/Kzs/aircraft/me410b_kz.dat User/Kzs/aircraft/me410b_kz.dnm User/Kzs/aircraft/me410_kz_coll.srf User/Kzs/aircraft/me410_kz_cockpit.srf User/Kzs/aircraft/me410b_kz_coarse.dnm


User/Kzs/aircraft/witch_kz.dat    User/Kzs/aircraft/witch_kz.dnm    User/Kzs/aircraft/witch_kz_coll.srf    User/Kzs/aircraft/witch_kz_cockpit.srf User/Kzs/aircraft/witch_kz_coarse.dnm
User/Kzs/aircraft/witch_kz(s).dat User/Kzs/aircraft/witch_kz(s).dnm User/Kzs/aircraft/witch_kz(s)_coll.srf User/Kzs/aircraft/witch_kz_cockpit.srf User/Kzs/aircraft/witch_kz(s)_coarse.dnm

User/Kzs/aircraft/mowe_kz.dat        User/Kzs/aircraft/mowe_kz.dnm        User/Kzs/aircraft/mowe_kz_coll.srf     User/Kzs/aircraft/mowe_kz_cockpit.srf     User/Kzs/aircraft/mowe_kz_coarse.dnm
User/Kzs/aircraft/mowe_kz(f).dat     User/Kzs/aircraft/mowe_kz(f).dnm     User/Kzs/aircraft/mowe_kz_coll.srf     User/Kzs/aircraft/mowe_kz_cockpit.srf     User/Kzs/aircraft/mowe_kz(f)_coarse.dnm
User/Kzs/aircraft/hebikera_kz.dat    User/Kzs/aircraft/hebikera_kz.dnm    User/Kzs/aircraft/hebikera_kz_coll.srf User/Kzs/aircraft/hebikera_kz_cockpit.srf User/Kzs/aircraft/hebikera_kz_coarse.dnm
User/Kzs/aircraft/hebikera_kz(a).dat User/Kzs/aircraft/hebikera_kz(l).dnm User/Kzs/aircraft/hebikera_kz_coll.srf User/Kzs/aircraft/hebikera_kz_cockpit.srf User/Kzs/aircraft/hebikera_kz(l)_coarse.dnm

User/Kzs/aircraft/lopros_kz.dat    User/Kzs/aircraft/lopros_kz.dnm User/Kzs/aircraft/lopros_kz_coll.srf User/Kzs/aircraft/lopros_kz_cockpit.srf User/Kzs/aircraft/lopros_kz_coarse.dnm
User/Kzs/aircraft/lopros_kz(a).dat User/Kzs/aircraft/lopros_kz.dnm User/Kzs/aircraft/lopros_kz_coll.srf User/Kzs/aircraft/lopros_kz_cockpit.srf User/Kzs/aircraft/lopros_kz_coarse.dnm

User/Kzs/aircraft/gab_kz(w).dat  User/Kzs/aircraft/gab_kz(w).dnm  User/Kzs/aircraft/gab_kz_coll.srf    User/Kzs/aircraft/gab_kz_cockpit.srf User/Kzs/aircraft/gab_kz(w)_coarse.dnm
User/Kzs/aircraft/gab_kz(wl).dat User/Kzs/aircraft/gab_kz(wl).dnm User/Kzs/aircraft/gab_kz(l)_coll.srf User/Kzs/aircraft/gab_kz_cockpit.srf User/Kzs/aircraft/gab_kz(wl)_coarse.dnm

User/Kzs/aircraft/mlp_kz(a).dat User/Kzs/aircraft/mlp_kz(a).dnm User/Kzs/aircraft/mlp_kz_coll.srf User/Kzs/aircraft/mlp_kz_cockpit.srf User/Kzs/aircraft/mlp_kz(a)_coarse.dnm
User/Kzs/aircraft/mlp_kz(b).dat User/Kzs/aircraft/mlp_kz(b).dnm User/Kzs/aircraft/mlp_kz_coll.srf User/Kzs/aircraft/mlp_kz_cockpit.srf User/Kzs/aircraft/mlp_kz(b)_coarse.dnm
User/Kzs/aircraft/mlp_kz(c).dat User/Kzs/aircraft/mlp_kz(c).dnm User/Kzs/aircraft/mlp_kz_coll.srf User/Kzs/aircraft/mlp_kz_cockpit.srf User/Kzs/aircraft/mlp_kz(c)_coarse.dnm

User/Kzs/aircraft/trike_kz(a).dat User/Kzs/aircraft/trike_kz(a).dnm User/Kzs/aircraft/trike_kz_coll.srf User/Kzs/aircraft/trike_kz_cockpit.srf User/Kzs/aircraft/trike_kz(a)_coarse.dnm
User/Kzs/aircraft/trike_kz(b).dat User/Kzs/aircraft/trike_kz(b).dnm User/Kzs/aircraft/trike_kz_coll.srf User/Kzs/aircraft/trike_kz_cockpit.srf User/Kzs/aircraft/trike_kz(b)_coarse.dnm
User/Kzs/aircraft/trike_kz(c).dat User/Kzs/aircraft/trike_kz(c).dnm User/Kzs/aircraft/trike_kz_coll.srf User/Kzs/aircraft/trike_kz_cockpit.srf User/Kzs/aircraft/trike_kz(c)_coarse.dnm

User/Kzs/aircraft/robokon_kz.dat User/Kzs/aircraft/robokon_kz.dnm User/Kzs/aircraft/robokon_kz_coll.srf User/Kzs/aircraft/robokon_kz_cockpit.srf User/Kzs/aircraft/robokon_kz_coarse.dnm
User/Kzs/aircraft/roboper_kz.dat User/Kzs/aircraft/roboper_kz.dnm User/Kzs/aircraft/roboper_kz_coll.srf User/Kzs/aircraft/roboper_kz_cockpit.srf User/Kzs/aircraft/roboper_kz_coarse.dnm

User/Kzs/aircraft/mighty_kz(a).dat User/Kzs/aircraft/mighty_kz(a).dnm User/Kzs/aircraft/mighty_kz(a)_coll.srf User/Kzs/aircraft/mighty_kz_cockpit.srf User/Kzs/aircraft/mighty_kz(a)_coarse.dnm
User/Kzs/aircraft/mighty_kz(u).dat User/Kzs/aircraft/mighty_kz(u).dnm User/Kzs/aircraft/mighty_kz(u)_coll.srf User/Kzs/aircraft/mighty_kz_cockpit.srf User/Kzs/aircraft/mighty_kz(u)_coarse.dnm
User/Kzs/aircraft/mighty_kz(t).dat User/Kzs/aircraft/mighty_kz(t).dnm User/Kzs/aircraft/mighty_kz(a)_coll.srf User/Kzs/aircraft/mighty_kz_cockpit.srf User/Kzs/aircraft/mighty_kz(t)_coarse.dnm
User/Kzs/aircraft/mighty_kz(h).dat User/Kzs/aircraft/mighty_kz(h).dnm User/Kzs/aircraft/mighty_kz(h)_coll.srf User/Kzs/aircraft/mighty_kz_cockpit.srf

User/Kzs/aircraft/witch_kz(d).dat User/Kzs/aircraft/witch_kz(d).dnm User/Kzs/aircraft/witch_kz(d)_coll.srf User/Kzs/aircraft/witch_kz_cockpit.srf User/Kzs/aircraft/witch_kz(d)_coarse.dnm
User/Kzs/aircraft/witch_kz(e).dat User/Kzs/aircraft/witch_kz(e).dnm User/Kzs/aircraft/witch_kz(d)_coll.srf User/Kzs/aircraft/witch_kz_cockpit.srf User/Kzs/aircraft/witch_kz(e)_coarse.dnm
User/Kzs/aircraft/witch_kz(f).dat User/Kzs/aircraft/witch_kz(f).dnm User/Kzs/aircraft/witch_kz(d)_coll.srf User/Kzs/aircraft/witch_kz_cockpit.srf User/Kzs/aircraft/witch_kz(f)_coarse.dnm
User/Kzs/aircraft/witch_kz(g).dat User/Kzs/aircraft/witch_kz(g).dnm User/Kzs/aircraft/witch_kz(d)_coll.srf User/Kzs/aircraft/witch_kz_cockpit.srf User/Kzs/aircraft/witch_kz(g)_coarse.dnm

User/Kzs/aircraft/fjx_kz(01).dat User/Kzs/aircraft/fjx_kz(01).dnm User/Kzs/aircraft/fjx_kz_coll.srf User/Kzs/aircraft/fjx_kz_cockpit.srf User/Kzs/aircraft/fjx_kz(01)_coarse.dnm
User/Kzs/aircraft/fjx_kz(02).dat User/Kzs/aircraft/fjx_kz(02).dnm User/Kzs/aircraft/fjx_kz_coll.srf User/Kzs/aircraft/fjx_kz_cockpit.srf User/Kzs/aircraft/fjx_kz(02)_coarse.dnm
User/Kzs/aircraft/fjx_kz(03).dat User/Kzs/aircraft/fjx_kz(03).dnm User/Kzs/aircraft/fjx_kz_coll.srf User/Kzs/aircraft/fjx_kz_cockpit.srf User/Kzs/aircraft/fjx_kz(03)_coarse.dnm
User/Kzs/aircraft/fjx_kz(04).dat User/Kzs/aircraft/fjx_kz(04).dnm User/Kzs/aircraft/fjx_kz_coll.srf User/Kzs/aircraft/fjx_kz_cockpit.srf User/Kzs/aircraft/fjx_kz(04)_coarse.dnm

User/Kzs/aircraft/pogo_kz.dat    User/Kzs/aircraft/pogo_kz.dnm User/Kzs/aircraft/pogo_kz_coll.srf User/Kzs/aircraft/pogo_kz_cockpit.srf User/Kzs/aircraft/pogo_kz_coarse.dnm
User/Kzs/aircraft/pogo_kz(c).dat User/Kzs/aircraft/pogo_kz.dnm User/Kzs/aircraft/pogo_kz_coll.srf User/Kzs/aircraft/pogo_kz_cockpit.srf User/Kzs/aircraft/pogo_kz_coarse.dnm

User/Kzs/aircraft/mqm107d_kz.dat     User/Kzs/aircraft/mqm107d_kz.dnm User/Kzs/aircraft/mqm107d_kz_coll.srf User/Kzs/aircraft/mqm107d_kz_cockpit.srf
User/Kzs/aircraft/mqm107d_kz(ab).dat User/Kzs/aircraft/mqm107d_kz.dnm User/Kzs/aircraft/mqm107d_kz_coll.srf User/Kzs/aircraft/mqm107d_kz_cockpit.srf

User/Kzs/aircraft/f04d_kz(f).dat User/Kzs/aircraft/f04d_kz(f).dnm User/Kzs/aircraft/f04d_kz_coll.srf User/Kzs/aircraft/f04d_kz_cockpit.srf User/Kzs/aircraft/f04d_kz(f)_coarse.dnm
User/Kzs/aircraft/f04d_kz(a).dat User/Kzs/aircraft/f04d_kz(a).dnm User/Kzs/aircraft/f04d_kz_coll.srf User/Kzs/aircraft/f04d_kz_cockpit.srf User/Kzs/aircraft/f04d_kz(a)_coarse.dnm
User/Kzs/aircraft/f04d_kz(b).dat User/Kzs/aircraft/f04d_kz(b).dnm User/Kzs/aircraft/f04d_kz_coll.srf User/Kzs/aircraft/f04d_kz_cockpit.srf User/Kzs/aircraft/f04d_kz(b)_coarse.dnm
User/Kzs/aircraft/f04d_kz(w).dat User/Kzs/aircraft/f04d_kz(w).dnm User/Kzs/aircraft/f04d_kz_coll.srf User/Kzs/aircraft/f04d_kz_cockpit.srf User/Kzs/aircraft/f04d_kz(w)_coarse.dnm

User/Kzs/aircraft/tb1_kz.dat    User/Kzs/aircraft/tb1_kz.dnm    User/Kzs/aircraft/tb1_kz_coll.srf User/Kzs/aircraft/tb1_kz_cockpit.srf User/Kzs/aircraft/tb1_kz_coarse.dnm
User/Kzs/aircraft/tb1_kz(v).dat User/Kzs/aircraft/tb1_kz(v).dnm User/Kzs/aircraft/tb1_kz_coll.srf User/Kzs/aircraft/tb1_kz_cockpit.srf User/Kzs/aircraft/tb1_kz(v)_coarse.dnm
User/Kzs/aircraft/tb3_kz.dat    User/Kzs/aircraft/tb3_kz.dnm    User/Kzs/aircraft/tb3_kz_coll.srf User/Kzs/aircraft/tb3_kz_cockpit.srf User/Kzs/aircraft/tb3_kz_coarse.dnm
User/Kzs/aircraft/tb3_kz(v).dat User/Kzs/aircraft/tb3_kz.dnm    User/Kzs/aircraft/tb3_kz_coll.srf User/Kzs/aircraft/tb3_kz_cockpit.srf User/Kzs/aircraft/tb3_kz_coarse.dnm

User/Kzs/aircraft/g5phnx_kz(v).dat User/Kzs/aircraft/g5phnx_kz(v).dnm User/Kzs/aircraft/g5phnx_kz_coll.srf User/Kzs/aircraft/g5phnx_kz_cockpit.srf User/Kzs/aircraft/g5phnx_kz(v)_coarse.dnm
User/Kzs/aircraft/g1jf_kz.dat      User/Kzs/aircraft/g1jf_kz.dnm      User/Kzs/aircraft/g1jf_kz_coll.srf   User/Kzs/aircraft/g1jf_kz_cockpit.srf   User/Kzs/aircraft/g1jf_kz_coarse.dnm

User/Kzs/aircraft.tmb/tmb1mbtn_kz.dat User/Kzs/aircraft.tmb/tmb1mbtn_kz.dnm User/Kzs/aircraft.tmb/tmb1mbtn_kz_coll.srf User/Kzs/aircraft.tmb/tmb1mbtn_kz_cockpit.srf User/Kzs/aircraft.tmb/tmb1mbtn_kz_coarse.dnm
User/Kzs/aircraft.tmb/tmb2dbtn_kz.dat User/Kzs/aircraft.tmb/tmb2dbtn_kz.dnm User/Kzs/aircraft.tmb/tmb2dbtn_kz_coll.srf User/Kzs/aircraft.tmb/tmb2dbtn_kz_cockpit.srf User/Kzs/aircraft.tmb/tmb2dbtn_kz_coarse.dnm
User/Kzs/aircraft.tmb/tmb3kgtn_kz.dat User/Kzs/aircraft.tmb/tmb3kgtn_kz.dnm User/Kzs/aircraft.tmb/tmb3kgtn_kz_coll.srf User/Kzs/aircraft.tmb/tmb3kgtn_kz_cockpit.srf User/Kzs/aircraft.tmb/tmb3kgtn_kz_coarse.dnm
User/Kzs/aircraft.tmb/tmg0gkts_kz.dat User/Kzs/aircraft.tmb/tmg0gkts_kz.dnm User/Kzs/aircraft.tmb/tmg0gkts_kz_coll.srf User/Kzs/aircraft.tmb/tmg0gkts_kz_cockpit.srf User/Kzs/aircraft.tmb/tmg0gkts_kz_coarse.dnm
User/Kzs/aircraft.tmb/tmg1grlg_kz.dat User/Kzs/aircraft.tmb/tmg1grlg_kz.dnm User/Kzs/aircraft.tmb/tmg1grlg_kz_coll.srf User/Kzs/aircraft.tmb/tmg1grlg_kz_cockpit.srf User/Kzs/aircraft.tmb/tmg1grlg_kz_coarse.dnm
User/Kzs/aircraft.tmb/tmb1tntk_kz.dat User/Kzs/aircraft.tmb/tmb1tntk_kz.dnm User/Kzs/aircraft.tmb/tmb1tntk_kz_coll.srf User/Kzs/aircraft.tmb/tmb1tntk_kz_cockpit.srf
User/Kzs/aircraft.tmb/tmb2hbtl_kz.dat User/Kzs/aircraft.tmb/tmb2hbtl_kz.dnm User/Kzs/aircraft.tmb/tmb2hbtl_kz_coll.srf User/Kzs/aircraft.tmb/tmb2hbtl_kz_cockpit.srf
User/Kzs/aircraft.tmb/tmb3beec_kz.dat User/Kzs/aircraft.tmb/tmb3beec_kz.dnm User/Kzs/aircraft.tmb/tmb3beec_kz_coll.srf User/Kzs/aircraft.tmb/tmb3beec_kz_cockpit.srf

User/Kzs/aircraft/c172r_kz.dat User/Kzs/aircraft/c172r_kz.dnm User/Kzs/aircraft/c172r_kz_coll.srf User/Kzs/aircraft/c172r_kz_cockpit.srf User/Kzs/aircraft/c172r_kz_coarse.dnm
User/Kzs/aircraft/c172rg_kz.dat User/Kzs/aircraft/c172rg_kz.dnm User/Kzs/aircraft/c172r_kz_coll.srf User/Kzs/aircraft/c172r_kz_cockpit.srf User/Kzs/aircraft/c172rg_kz_coarse.dnm
User/Kzs/aircraft/c172rf_kz.dat User/Kzs/aircraft/c172rf_kz.dnm User/Kzs/aircraft/c172rf_kz_coll.srf User/Kzs/aircraft/c172r_kz_cockpit.srf User/Kzs/aircraft/c172rf_kz_coarse.dnm
User/Kzs/aircraft/c172a_kz.dat User/Kzs/aircraft/c172a_kz.dnm User/Kzs/aircraft/c172a_kz_coll.srf User/Kzs/aircraft/c172a_kz_cockpit.srf User/Kzs/aircraft/c172a_kz_coarse.dnm
User/Kzs/aircraft/c172h_kz.dat User/Kzs/aircraft/c172h_kz.dnm User/Kzs/aircraft/c172r_kz_coll.srf User/Kzs/aircraft/c172r_kz_cockpit.srf User/Kzs/aircraft/c172h_kz_coarse.dnm
User/Kzs/aircraft/c206h_kz.dat User/Kzs/aircraft/c206h_kz.dnm User/Kzs/aircraft/c206h_kz_coll.srf User/Kzs/aircraft/c206h_kz_cockpit.srf User/Kzs/aircraft/c206h_kz_coarse.dnm
User/Kzs/aircraft/c206hf_kz.dat User/Kzs/aircraft/c206hf_kz.dnm User/Kzs/aircraft/c206hf_kz_coll.srf User/Kzs/aircraft/c206h_kz_cockpit.srf User/Kzs/aircraft/c206hf_kz_coarse.dnm
User/Kzs/aircraft/c182t_kz.dat User/Kzs/aircraft/c182t_kz.dnm User/Kzs/aircraft/c182t_kz_coll.srf User/Kzs/aircraft/c182t_kz_cockpit.srf User/Kzs/aircraft/c182t_kz_coarse.dnm
User/Kzs/aircraft/c152a_kz.dat User/Kzs/aircraft/c152a_kz.dnm User/Kzs/aircraft/c152_kz_coll.srf User/Kzs/aircraft/c152_kz_cockpit.srf User/Kzs/aircraft/c152a_kz_coarse.dnm

User/Kzs/aircraft/f19_kz.dat User/Kzs/aircraft/f19_kz.dnm User/Kzs/aircraft/f19_kz_coll.srf User/Kzs/aircraft/f19_kz_cockpit.srf User/Kzs/aircraft/f19_kz_coarse.dnm

User/Kzs/aircraft/libelle_kz.dat User/Kzs/aircraft/libelle_kz.dnm User/Kzs/aircraft/libelle_kz_coll.srf User/Kzs/aircraft/libelle_kz_cockpit.srf User/Kzs/aircraft/libelle_kz_coarse.dnm
User/Kzs/aircraft/vlksjgr_kz.dat User/Kzs/aircraft/vlksjgr_kz.dnm User/Kzs/aircraft/vlksjgr_kz_coll.srf User/Kzs/aircraft/vlksjgr_kz_cockpit.srf User/Kzs/aircraft/vlksjgr_kz_coarse.dnm
User/Kzs/aircraft/ef009_kz.dat User/Kzs/aircraft/ef009_kz.dnm User/Kzs/aircraft/ef009_kz_coll.srf User/Kzs/aircraft/ef009_kz_cockpit.srf User/Kzs/aircraft/ef009_kz_coarse.dnm

User/Kzs/aircraft/f16xl_kz_n1.dat User/Kzs/aircraft/f16xl_kz_n1.dnm User/Kzs/aircraft/f16xl_kz_coll.srf User/Kzs/aircraft/f16xl_kz_cockpit.srf User/Kzs/aircraft/f16xl_kz_n1_coarse.dnm
User/Kzs/aircraft/f16xl_kz_n2.dat User/Kzs/aircraft/f16xl_kz_n2.dnm User/Kzs/aircraft/f16xl_kz_coll.srf User/Kzs/aircraft/f16xl_kz_2_cockpit.srf User/Kzs/aircraft/f16xl_kz_n2_coarse.dnm
User/Kzs/aircraft/f16a_kz_afti.dat User/Kzs/aircraft/f16a_kz_afti.dnm User/Kzs/aircraft/f16c_kz_coll.srf User/Kzs/aircraft/f16c_kz_cockpit.srf User/Kzs/aircraft/f16a_kz_afti_coarse.dnm
User/Kzs/aircraft/f16a_kz_fsd1.dat User/Kzs/aircraft/f16a_kz_fsd1.dnm User/Kzs/aircraft/f16c_kz_coll.srf User/Kzs/aircraft/f16c_kz_cockpit.srf User/Kzs/aircraft/f16a_kz_fsd1_coarse.dnm
User/Kzs/aircraft/f16b_kz_79.dat User/Kzs/aircraft/f16b_kz_79.dnm User/Kzs/aircraft/f16c_kz_coll.srf User/Kzs/aircraft/f16d_kz_cockpit.srf User/Kzs/aircraft/f16b_kz_79_coarse.dnm
User/Kzs/aircraft/f16e_kz.dat User/Kzs/aircraft/f16e_kz.dnm User/Kzs/aircraft/f16c_kz_coll.srf User/Kzs/aircraft/f16c_kz_cockpit.srf User/Kzs/aircraft/f16e_kz_coarse.dnm
User/Kzs/aircraft/f16c_kz.dat User/Kzs/aircraft/f16c_kz.dnm User/Kzs/aircraft/f16c_kz_coll.srf User/Kzs/aircraft/f16c_kz_cockpit.srf User/Kzs/aircraft/f16c_kz_coarse.dnm
User/Kzs/aircraft/f16d_kz.dat User/Kzs/aircraft/f16d_kz.dnm User/Kzs/aircraft/f16c_kz_coll.srf User/Kzs/aircraft/f16d_kz_cockpit.srf User/Kzs/aircraft/f16d_kz_coarse.dnm
User/Kzs/aircraft/f16c_kz_brk.dat User/Kzs/aircraft/f16c_kz_brk.dnm User/Kzs/aircraft/f16c_kz_coll.srf User/Kzs/aircraft/f16c_kz_cockpit.srf User/Kzs/aircraft/f16c_kz_brk_coarse.dnm
User/Kzs/aircraft/f16d_kz_brk.dat User/Kzs/aircraft/f16d_kz_brk.dnm User/Kzs/aircraft/f16c_kz_coll.srf User/Kzs/aircraft/f16d_kz_cockpit.srf User/Kzs/aircraft/f16d_kz_brk_coarse.dnm
User/Kzs/aircraft/f16xl_kz.dat User/Kzs/aircraft/f16xl_kz.dnm User/Kzs/aircraft/f16xl_kz_coll.srf User/Kzs/aircraft/f16xl_kz_cockpit.srf User/Kzs/aircraft/f16xl_kz_coarse.dnm
User/Kzs/aircraft/f16xl_kz_2.dat User/Kzs/aircraft/f16xl_kz_2.dnm User/Kzs/aircraft/f16xl_kz_coll.srf User/Kzs/aircraft/f16xl_kz_2_cockpit.srf User/Kzs/aircraft/f16xl_kz_2_coarse.dnm

User/Kzs/aircraft/x29_kz.dat User/Kzs/aircraft/x29_kz.dnm User/Kzs/aircraft/x29_kz_coll.srf User/Kzs/aircraft/x29_kz_cockpit.srf User/Kzs/aircraft/x29_kz_coarse.dnm
User/Kzs/aircraft/x29_kz_2.dat User/Kzs/aircraft/x29_kz_2.dnm User/Kzs/aircraft/x29_kz_coll.srf User/Kzs/aircraft/x29_kz_cockpit.srf User/Kzs/aircraft/x29_kz_2_coarse.dnm
User/Kzs/aircraft/x29_kz_a88.dat User/Kzs/aircraft/x29_kz_a88.dnm User/Kzs/aircraft/x29_kz_coll.srf User/Kzs/aircraft/x29_kz_cockpit.srf User/Kzs/aircraft/x29_kz_a88_coarse.dnm
