User/Kzs/M/TGP/elf.dat User/Kzs/M/TGP/elf.dnm User/Kzs/M/TGP/elfcoll.srf
User/Kzs/M/TGP/elf2.dat User/Kzs/M/TGP/elf2.dnm User/Kzs/M/TGP/elf2coll.srf 
User/kzs/M/forwardmax/forwardmax.dat User/kzs/M/forwardmax/forwardmax.dnm User/kzs/M/forwardmax/forwardmaxcoll.srf User/kzs/M/forwardmax/forwardmaxcock.srf User/kzs/M/forwardmax/forwardmaxcoarse.dnm
User/kzs/M/forwardmax/forwardmax_flat.dat User/kzs/M/forwardmax/forwardmax_flat.dnm User/kzs/M/forwardmax/forwardmax_flatcoll.srf User/kzs/M/forwardmax/forwardmax_flatcock.srf User/kzs/M/forwardmax/forwardmax_flatcoarse.dnm
User/Kzs/M/gigamax/gigamax.dat User/Kzs/M/gigamax/gigamax.dnm User/Kzs/M/gigamax/gigamaxcoll.srf User/Kzs/M/gigamax/gigamaxcockpit.srf
User/Kzs/M/gigamax/gigamax_key.dat User/Kzs/M/gigamax/gigamax_key.dnm User/Kzs/M/gigamax/gigamax_keycoll.srf User/Kzs/M/gigamax/gigamax_keycockpit.srf
User/Kzs/M/nannkai/nannkai.dat User/Kzs/M/nannkai/nannkai.dnm User/Kzs/M/nannkai/nannkai_coll.srf User/Kzs/M/nannkai/nannkai_cockpit.srf User/Kzs/M/nannkai/nannkai_coarse.dnm
User/Kzs/M/nannkai/nannkai_n.dat User/Kzs/M/nannkai/nannkai_n.dnm User/Kzs/M/nannkai/nannkai_coll.srf User/Kzs/M/nannkai/nannkai_cockpit.srf User/Kzs/M/nannkai/nannkai_coarse.dnm
User/Kzs/M/DragRacer/Funnycar/FUNNYCAR.dat User/Kzs/M/DragRacer/Funnycar/funnycar.dnm User/Kzs/M/DragRacer/Funnycar/funnycar_coll.srf User/Kzs/M/DragRacer/Funnycar/funnycar_cockpit_null.srf
User/Kzs/M/DragRacer/Funnycar/FUNNYCAR_JET.dat User/Kzs/M/DragRacer/Funnycar/funnycar_Jet.dnm User/Kzs/M/DragRacer/Funnycar/funnycar_coll.srf User/Kzs/M/DragRacer/Funnycar/funnycar_cockpit_null.srf
User/Kzs/M/DragRacer/TopFuel/topfuel.dat User/Kzs/M/DragRacer/TopFuel/topfuel.dnm User/Kzs/M/DragRacer/TopFuel/topfuel_coll.srf User/Kzs/M/DragRacer/TopFuel/topfuel_cockpit_null.srf
User/Kzs/M/PowerShovel/PowerShovel.dat User/Kzs/M/PowerShovel/PowerShovel.dnm User/Kzs/M/PowerShovel/PowerShovel_coll.srf User/Kzs/M/PowerShovel/PowerShovel_cockpit_null.srf
user/Kzs/M/Z33/Z33white.dat user/Kzs/M/Z33/Z33white.dnm user/Kzs/M/Z33/Z33coll.srf user/Kzs/M/Z33/cock.srf
user/Kzs/M/Z33/Z33orange.dat user/Kzs/M/Z33/Z33orange.dnm user/Kzs/M/Z33/Z33coll.srf user/Kzs/M/Z33/cock.srf
user/Kzs/M/Z33/Z33black.dat user/Kzs/M/Z33/Z33black.dnm user/Kzs/M/Z33/Z33coll.srf user/Kzs/M/Z33/cock.srf
user/Kzs/M/Z33/Z33silver.dat user/Kzs/M/Z33/Z33silver.dnm user/Kzs/M/Z33/Z33coll.srf user/Kzs/M/Z33/cock.srf
user/Kzs/M/camaro/camaro.dat user/Kzs/M/camaro/camaro.dnm user/Kzs/M/camaro/camaro_coll.srf user/Kzs/M/camaro/camaro_cock.srf user/Kzs/M/camaro/camaro_coa.dnm


User/Kzs/M/stryker/m1126.dat User/Kzs/M/stryker/m1126.dnm User/Kzs/M/stryker/stryker_coll.srf
user/Kzs/M/90tk/90tk.dat user/Kzs/M/90tk/90tk.dnm user/Kzs/M/90tk/90tk_coll.srf user/Kzs/M/90tk/none.srf user/Kzs/M/90tk/90tk_coarse.dnm
user/Kzs/M/shilka/shilka.dat user/Kzs/M/shilka/shilka.dnm user/Kzs/M/shilka/shilka_coll.srf user/Kzs/M/shilka/shilka_cock.srf user/Kzs/M/shilka/shilka_coarse.dnm
user/Kzs/M/M113A2/M113A2.dat user/Kzs/M/M113A2/M113A2.dnm user/Kzs/M/M113A2/M113_coll.srf user/Kzs/M/M113A2/M113_cock.srf user/Kzs/M/M113A2/M113_coarse.dnm
user/Kzs/M/M113A2/M113A2out.dat user/Kzs/M/M113A2/M113A2.dnm user/Kzs/M/M113A2/M113_coll.srf user/Kzs/M/M113A2/M113_cock.srf user/Kzs/M/M113A2/M113_coarse.dnm
user/Kzs/M/BTR-70/BTR-70.dat user/Kzs/M/BTR-70/BTR-70.dnm user/Kzs/M/BTR-70/BTR-70_coll.srf user/Kzs/M/BTR-70/BTR-70_cock.srf user/Kzs/M/BTR-70/BTR-70_coarse.dnm
user/Kzs/M/BTR-70/BTR-70_e.dat user/Kzs/M/BTR-70/BTR-70_e.dnm user/Kzs/M/BTR-70/BTR-70_coll.srf user/Kzs/M/BTR-70/BTR-70_cock.srf user/Kzs/M/BTR-70/BTR-70_coarse.dnm
user/Kzs/M/FlakpanzerV/coelian.dat user/Kzs/M/FlakpanzerV/coelian.dnm user/Kzs/M/FlakpanzerV/coelian_coll.srf user/Kzs/M/FlakpanzerV/coelian_cock.srf user/Kzs/M/FlakpanzerV/coelian_coarse.dnm
user/Kzs/M/FlakpanzerV/geraet58.dat user/Kzs/M/FlakpanzerV/geraet58.dnm user/Kzs/M/FlakpanzerV/geraet58_coll.srf user/Kzs/M/FlakpanzerV/coelian_cock.srf user/Kzs/M/FlakpanzerV/geraet58_co.dnm
user/Kzs/M/FlakpanzerV/krupp.dat user/Kzs/M/FlakpanzerV/krupp.dnm user/Kzs/M/FlakpanzerV/krupp_coll.srf user/Kzs/M/FlakpanzerV/coelian_cock.srf user/Kzs/M/FlakpanzerV/krupp_co.dnm
user/Kzs/M/JagdpanzerV/scorpion.dat user/Kzs/M/JagdpanzerV/scorpion.dnm user/Kzs/M/JagdpanzerV/scorpion_coll.srf user/Kzs/M/JagdpanzerV/coelian_cock.srf user/Kzs/M/JagdpanzerV/scorpion_co.dnm
user/Kzs/M/russianMBT/T-64.dat user/Kzs/M/russianMBT/T-64.dnm user/Kzs/M/russianMBT/T-64_coll.srf user/Kzs/M/russianMBT/T-64_cock.srf user/Kzs/M/russianMBT/T-64_co.dnm
user/Kzs/M/russianMBT/T-64AK.dat user/Kzs/M/russianMBT/T-64AK.dnm user/Kzs/M/russianMBT/T-64_coll.srf user/Kzs/M/russianMBT/T-64_cock.srf user/Kzs/M/russianMBT/T-64_co.dnm
user/Kzs/M/russianMBT/T-72A.dat user/Kzs/M/russianMBT/T-72A.dnm user/Kzs/M/russianMBT/T-90_coll.srf user/Kzs/M/russianMBT/T-72_cock.srf user/Kzs/M/russianMBT/T-72_co.dnm
user/Kzs/M/russianMBT/T-90S.dat user/Kzs/M/russianMBT/T-90S.dnm user/Kzs/M/russianMBT/T-90_coll.srf user/Kzs/M/russianMBT/T-90_cock.srf user/Kzs/M/russianMBT/T-90_co.dnm
user/Kzs/M/russianMBT/TOS-1.dat user/Kzs/M/russianMBT/TOS-1.dnm user/Kzs/M/russianMBT/TOS-1_coll.srf user/Kzs/M/russianMBT/T-72_cock.srf user/Kzs/M/russianMBT/TOS-1_co.dnm
user/Kzs/M/PT-76B/PT-76B.dat user/Kzs/M/PT-76B/PT-76B.dnm user/Kzs/M/PT-76B/PT-76B_coll.srf user/Kzs/M/PT-76B/PT-76B_cock.srf user/Kzs/M/PT-76B/PT-76B_co.dnm
user/Kzs/M/reopold/reopoldb.dat user/Kzs/M/reopold/reopoldgermanglay.dnm user/Kzs/M/reopold/reopoldcoll.srf user/Kzs/M/reopold/reopoldcock.srf
user/Kzs/M/dora/dorac.dat user/Kzs/M/dora/dorab.dnm user/Kzs/M/dora/doracoll.srf user/Kzs/M/dora/doracock.srf user/Kzs/M/dora/doracourse.dnm
user/Kzs/M/Pz,Kpfw,II_Ausf,C/Pz.Kpfw.II_Ausf.C_m.dat user/Kzs/M/Pz,Kpfw,II_Ausf,C/Pz.Kpfw.II_Ausf.C_m.dnm user/Kzs/M/Pz,Kpfw,II_Ausf,C/pzII_cl.srf user/Kzs/M/Pz,Kpfw,II_Ausf,C/pzII_cpt.srf user/Kzs/M/Pz,Kpfw,II_Ausf,C/pzII_co.dnm
user/Kzs/M/Pz,Kpfw,II_Ausf,C/Pz.Kpfw.II_Ausf.C_f.dat user/Kzs/M/Pz,Kpfw,II_Ausf,C/Pz.Kpfw.II_Ausf.C_f.dnm user/Kzs/M/Pz,Kpfw,II_Ausf,C/pzII_cl.srf user/Kzs/M/Pz,Kpfw,II_Ausf,C/pzII_cpt.srf user/Kzs/M/Pz,Kpfw,II_Ausf,C/pzII_co.dnm
user/Kzs/M/T-28/T-28.dat user/Kzs/M/T-28/T-28.dnm user/Kzs/M/T-28/t28cl.srf user/Kzs/M/T-28/t28cpt.srf user/Kzs/M/T-28/T-28_co.dnm
user/Kzs/M/T-28/T-28_1938.dat user/Kzs/M/T-28/T-28_1938.dnm user/Kzs/M/T-28/t28cl.srf user/Kzs/M/T-28/t28cpt.srf user/Kzs/M/T-28/T-28_1938_co.dnm