user/Kzs/M/takanami/dd110.dat user/Kzs/M/takanami/dd110.dnm user/Kzs/M/takanami/dd110_coll.srf user/Kzs/M/takanami/none.srf user/Kzs/M/takanami/dd110_coarse.dnm
User/Kzs/M/ca_momami/mogami.dat User/Kzs/M/ca_momami/mogami.dnm User/Kzs/M/ca_momami/mogami_coll.srf User/Kzs/M/ca_momami/mogami_in.srf User/Kzs/M/ca_momami/mogami_coarse.srf
User/Kzs/M/bb_yamato/yamato.dat User/Kzs/M/bb_yamato/yamato.dnm User/Kzs/M/bb_yamato/yamato_coll.srf User/Kzs/M/bb_yamato/yamato_cockpit.srf User/Kzs/M/bb_yamato/yamato_coarse.srf
user/Kzs/M/kirov/kirov.dat user/Kzs/M/kirov/kirov.dnm user/Kzs/M/kirov/kirov_coll.srf user/Kzs/M/kirov/kirov_cock.srf user/Kzs/M/kirov/kirov_co.srf
user/Kzs/M/slava/slava.dat user/Kzs/M/slava/slava.dnm user/Kzs/M/slava/slava_coll.srf user/Kzs/M/slava/slava_cock.srf user/Kzs/M/slava/slava_coarse.dnm
user/Kzs/M/slava/kai_slava.dat user/Kzs/M/slava/kai_slava.dnm user/Kzs/M/slava/slava_coll.srf user/Kzs/M/slava/slava_cock.srf user/Kzs/M/slava/slava_coarse.dnm
user/Kzs/M/kuznetsov/Kuznetsov.dat user/Kzs/M/kuznetsov/Kuznetsov.dnm user/Kzs/M/kuznetsov/kuznetsov_coll.srf user/Kzs/M/kuznetsov/kuznetsov_cock.srf user/Kzs/M/kuznetsov/kuznetsov_co.dnm
user/Kzs/M/juriy_dolgorukiy/juriydolgorukiy.dat user/Kzs/M/juriy_dolgorukiy/main.dnm user/Kzs/M/juriy_dolgorukiy/cockpit.srf user/Kzs/M/juriy_dolgorukiy/coarse.dnm
user/Kzs/M/ohsumi/lst4001.dat user/Kzs/M/ohsumi/lst4001.dnm user/Kzs/M/ohsumi/lst4001_coll.srf user/Kzs/M/ohsumi/lst4001_cock.srf user/Kzs/M/ohsumi/lst4001_coarse.srf
user/Kzs/M/ohsumi/lst4002.dat user/Kzs/M/ohsumi/lst4002.dnm user/Kzs/M/ohsumi/lst4001_coll.srf user/Kzs/M/ohsumi/lst4001_cock.srf user/Kzs/M/ohsumi/lst4001_coarse.srf
user/Kzs/M/ohsumi/lst4003.dat user/Kzs/M/ohsumi/lst4003.dnm user/Kzs/M/ohsumi/lst4001_coll.srf user/Kzs/M/ohsumi/lst4001_cock.srf user/Kzs/M/ohsumi/lst4001_coarse.srf
user/Kzs/M/20380/P20380.dat user/Kzs/M/20380/P20380.dnm user/Kzs/M/20380/P20380_coll.srf user/Kzs/M/20380/P20380_cock.srf user/Kzs/M/20380/P20380_co.dnm
user/Kzs/M/baku/baku.dat user/Kzs/M/baku/baku.dnm user/Kzs/M/baku/baku_coll.srf user/Kzs/M/baku/baku_cock.srf user/Kzs/M/baku/baku_co.dnm
