user/neocon/ground/house1.dat user/neocon/ground/house1.srf user/neocon/ground/house1.srf
user/neocon/ground/house2.dat user/neocon/ground/house2.srf user/neocon/ground/house2.srf
user/neocon/ground/house3.dat user/neocon/ground/house3.srf user/neocon/ground/house3.srf
user/neocon/ground/house4.dat user/neocon/ground/house4.srf user/neocon/ground/house4.srf
user/neocon/ground/house5.dat user/neocon/ground/house5.srf user/neocon/ground/house5.srf
user/neocon/ground/house6.dat user/neocon/ground/house6.srf user/neocon/ground/house6.srf
user/neocon/ground/house7.dat user/neocon/ground/house7.srf user/neocon/ground/house7.srf
user/neocon/ground/house8.dat user/neocon/ground/house8.srf user/neocon/ground/house8.srf
user/neocon/ground/home.dat user/neocon/ground/home.srf user/neocon/ground/home.srf
user/neocon/ground/garage.dat user/neocon/ground/garage.srf user/neocon/ground/garage.srf
user/neocon/ground/shack.dat user/neocon/ground/shack.srf user/neocon/ground/shack.srf
user/neocon/ground/outhouse.dat user/neocon/ground/outhouse.srf user/neocon/ground/outhouse.srf
user/neocon/ground/church.dat user/neocon/ground/church.srf user/neocon/ground/church.srf
user/neocon/ground/church1.dat user/neocon/ground/church1.srf user/neocon/ground/church1.srf
user/neocon/ground/church2.dat user/neocon/ground/church2.srf user/neocon/ground/church2.srf
user/neocon/ground/church3.dat user/neocon/ground/church3.srf user/neocon/ground/church3.srf
user/neocon/ground/silo1.dat user/neocon/ground/silo1.srf user/neocon/ground/silo1.srf
user/neocon/ground/build10R.dat user/neocon/ground/build10R.srf user/neocon/ground/build10R.srf
user/neocon/ground/build20R.dat user/neocon/ground/build20R.srf user/neocon/ground/build20R.srf
user/neocon/ground/build01.dat user/neocon/ground/build01.srf user/neocon/ground/build01.srf
user/neocon/ground/build01a.dat user/neocon/ground/build01a.srf user/neocon/ground/build01a.srf
user/neocon/ground/build07.dat user/neocon/ground/build07.srf user/neocon/ground/build07.srf
user/neocon/ground/build10w.dat user/neocon/ground/build10w.srf user/neocon/ground/build10w.srf
user/neocon/ground/build10wa.dat user/neocon/ground/build10wa.srf user/neocon/ground/build10wa.srf
user/neocon/ground/build10wb.dat user/neocon/ground/build10wb.srf user/neocon/ground/build10wb.srf
user/neocon/ground/build10sq.dat user/neocon/ground/build10sq.srf user/neocon/ground/build10sq.srf
user/neocon/ground/build11.dat user/neocon/ground/build11.srf user/neocon/ground/build11.srf
user/neocon/ground/build11a.dat user/neocon/ground/build11a.srf user/neocon/ground/build11a.srf
user/neocon/ground/build15.dat user/neocon/ground/build15.srf user/neocon/ground/build15.srf user/neocon/ground/build15.srf
user/neocon/ground/build25blue.dat user/neocon/ground/build25blue.srf user/neocon/ground/build25blue.srf
user/neocon/ground/build25pink.dat user/neocon/ground/build25pink.srf user/neocon/ground/build25pink.srf
user/neocon/ground/build25tan.dat user/neocon/ground/build25tan.srf user/neocon/ground/build25tan.srf
user/neocon/ground/build30.dat user/neocon/ground/build30.srf user/neocon/ground/build30.srf
user/neocon/ground/build30a.dat user/neocon/ground/build30a.srf user/neocon/ground/build30a.srf
user/neocon/ground/build45a.dat user/neocon/ground/build45a.srf user/neocon/ground/build45a.srf
user/neocon/ground/build45b.dat user/neocon/ground/build45b.srf user/neocon/ground/build45b.srf
user/neocon/ground/build50.dat user/neocon/ground/build50.srf user/neocon/ground/build50.srf
user/neocon/ground/build50a.dat user/neocon/ground/build50a.srf user/neocon/ground/build50a.srf
user/neocon/ground/build50b.dat user/neocon/ground/build50b.srf user/neocon/ground/build50b.srf
user/neocon/ground/build50c.dat user/neocon/ground/build50c.srf user/neocon/ground/build50c.srf
user/neocon/ground/build50rf.dat user/neocon/ground/build50rf.srf user/neocon/ground/build50rf.srf
user/neocon/ground/build60.dat user/neocon/ground/build60.srf user/neocon/ground/build60.srf
user/neocon/ground/build60a.dat user/neocon/ground/build60a.srf user/neocon/ground/build60a.srf
user/neocon/ground/build70r.dat user/neocon/ground/build70r.srf user/neocon/ground/build70r.srf
user/neocon/ground/build70g.dat user/neocon/ground/build70g.srf user/neocon/ground/build70g.srf
user/neocon/ground/build70b.dat user/neocon/ground/build70b.srf user/neocon/ground/build70b.srf
user/neocon/ground/build90.dat user/neocon/ground/build90.srf user/neocon/ground/build90.srf
user/neocon/ground/build90t.dat user/neocon/ground/build90t.srf user/neocon/ground/build90t.srf
user/neocon/ground/build90r.dat user/neocon/ground/build90r.srf user/neocon/ground/build90r.srf
user/neocon/ground/buildt.dat user/neocon/ground/buildt.srf user/neocon/ground/buildt.srf
user/neocon/ground/buildoffices.dat user/neocon/ground/buildoffices.srf user/neocon/ground/buildoffices.srf
user/neocon/ground/buildgas1.dat user/neocon/ground/buildgas1.srf user/neocon/ground/buildgas1.srf
user/neocon/ground/buildgas2.dat user/neocon/ground/buildgas2.srf user/neocon/ground/buildgas2.srf
user/neocon/ground/buildgas3.dat user/neocon/ground/buildgas3.srf user/neocon/ground/buildgas3.srf
user/neocon/ground/buildfirestation.dat user/neocon/ground/buildfirestation.srf user/neocon/ground/buildfirestation.srf
user/neocon/ground/castle.dat user/neocon/ground/castle.srf user/neocon/ground/castle.srf
user/neocon/ground/alamo.dat user/neocon/ground/alamo.srf user/neocon/ground/alamo.srf
user/neocon/ground/cityhall.dat user/neocon/ground/cityhall.srf user/neocon/ground/cityhall.srf
user/neocon/ground/gnmall.dat user/neocon/ground/gnmall.srf user/neocon/ground/gnmall.srf
user/neocon/ground/ccenter.dat user/neocon/ground/ccenter.srf user/neocon/ground/ccenter.srf
user/neocon/ground/supercenter.dat user/neocon/ground/supercenter.srf user/neocon/ground/supercenter.srf
user/neocon/ground/associatem.dat user/neocon/ground/associatem.srf user/neocon/ground/associatem.srf
user/neocon/ground/associatef.dat user/neocon/ground/associatef.srf user/neocon/ground/associatef.srf
user/neocon/ground/associatemm.dat user/neocon/ground/associatem.srf user/neocon/ground/associatem.srf
user/neocon/ground/associatefm.dat user/neocon/ground/associatef.srf user/neocon/ground/associatef.srf
user/neocon/ground/desertbuilding.dat user/neocon/ground/desertbuilding.srf user/neocon/ground/desertbuilding.srf
user/neocon/ground/triangle.dat user/neocon/ground/triangle.srf user/neocon/ground/triangle.srf
user/neocon/ground/theme.dat user/neocon/ground/theme.srf user/neocon/ground/theme.srf
user/neocon/ground/term.dat user/neocon/ground/term.srf user/neocon/ground/term.srf
user/neocon/ground/term1.dat user/neocon/ground/term1.srf user/neocon/ground/term1.srf
user/neocon/ground/jetway.dat user/neocon/ground/jetway.srf user/neocon/ground/jetway.srf
user/neocon/ground/mempyr.dat user/neocon/ground/mempyr.srf user/neocon/ground/mempyr.srf
user/neocon/ground/stargate.dat user/neocon/ground/stargate.srf user/neocon/ground/stargate.srf
user/neocon/ground/egypyr.dat user/neocon/ground/egypyr.srf user/neocon/ground/egypyr.srf
user/neocon/ground/tower1.dat user/neocon/ground/tower1.srf user/neocon/ground/tower1.srf
user/neocon/ground/tower2.dat user/neocon/ground/tower2.srf user/neocon/ground/tower2.srf
user/neocon/ground/tower3.dat user/neocon/ground/tower3.srf user/neocon/ground/tower3.srf
user/neocon/ground/tower4.dat user/neocon/ground/tower4.srf user/neocon/ground/tower4.srf
user/neocon/ground/tower5.dat user/neocon/ground/tower5.srf user/neocon/ground/tower5.srf
user/neocon/ground/tower6.dat user/neocon/ground/tower6.srf user/neocon/ground/tower6.srf
user/neocon/ground/tower7.dat user/neocon/ground/tower7.srf user/neocon/ground/tower7.srf
user/neocon/ground/tower8.dat user/neocon/ground/tower8.srf user/neocon/ground/tower8.srf
user/neocon/ground/tower9.dat user/neocon/ground/tower9.srf user/neocon/ground/tower9.srf
user/neocon/ground/tower10.dat user/neocon/ground/tower10.srf user/neocon/ground/tower10.srf
user/neocon/ground/tower11.dat user/neocon/ground/tower11.srf user/neocon/ground/tower11.srf
user/neocon/ground/tower12.dat user/neocon/ground/tower12.srf user/neocon/ground/tower12.srf
user/neocon/ground/watertower.dat user/neocon/ground/watertower.srf user/neocon/ground/watertower.srf
user/neocon/ground/nam.dat user/neocon/ground/nam.srf user/neocon/ground/nam.srf
user/neocon/ground/usafm.dat user/neocon/ground/usafm.srf user/neocon/ground/usafm.srf
user/neocon/ground/radar.dat user/neocon/ground/radar.srf user/neocon/ground/radar.srf
user/neocon/ground/radar2.dat user/neocon/ground/radar2.srf user/neocon/ground/radar2.srf
user/neocon/ground/doppler.dat user/neocon/ground/doppler.srf user/neocon/ground/doppler.srf
user/neocon/ground/dish.dat user/neocon/ground/dish.srf user/neocon/ground/dish.srf
user/neocon/ground/lighthouse.dat user/neocon/ground/lighthouse.srf user/neocon/ground/lighthouse.srf
user/neocon/ground/lighthousetop.dat user/neocon/ground/lighthousetop.srf user/neocon/ground/lighthousetop.srf
user/neocon/ground/capitol.dat user/neocon/ground/capitol.srf user/neocon/ground/capitol.srf
user/neocon/ground/alert01.dat user/neocon/ground/alert01.srf user/neocon/ground/alert01.srf
user/neocon/ground/alert02.dat user/neocon/ground/alert02.srf user/neocon/ground/alert02.srf
user/neocon/ground/hanger1.dat user/neocon/ground/hanger1.srf user/neocon/ground/hanger1.srf
user/neocon/ground/hanger2.dat user/neocon/ground/hanger2.srf user/neocon/ground/hanger2.srf
user/neocon/ground/hanger3.dat user/neocon/ground/hanger3.srf user/neocon/ground/hanger3.srf
user/neocon/ground/hanger4.dat user/neocon/ground/hanger4.srf user/neocon/ground/hanger4.srf
user/neocon/ground/hanger5.dat user/neocon/ground/hanger5.srf user/neocon/ground/hanger5.srf
user/neocon/ground/hanger6.dat user/neocon/ground/hanger6.srf user/neocon/ground/hanger6.srf
user/neocon/ground/hanger7.dat user/neocon/ground/hanger7.srf user/neocon/ground/hanger7.srf
user/neocon/ground/hanger8.dat user/neocon/ground/hanger8.srf user/neocon/ground/hanger8.srf
user/neocon/ground/hanger9.dat user/neocon/ground/hanger9.srf user/neocon/ground/hanger9.srf
user/neocon/ground/hanger10.dat user/neocon/ground/hanger10.srf user/neocon/ground/hanger10.srf
user/neocon/ground/hangar11.dat user/neocon/ground/hangar11.srf user/neocon/ground/hangar11.srf
user/neocon/ground/hangar12.dat user/neocon/ground/hangar12.srf user/neocon/ground/hangar12.srf
user/neocon/ground/hangar13.dat user/neocon/ground/hangar13.srf user/neocon/ground/hangar13.srf
user/neocon/ground/hangar14.dat user/neocon/ground/hangar14.srf user/neocon/ground/hangar14.srf
user/neocon/ground/hangar15.dat user/neocon/ground/hangar15.srf user/neocon/ground/hangar15.srf
user/neocon/ground/hangar16.dat user/neocon/ground/hangar16.srf user/neocon/ground/hangar16.srf
user/neocon/ground/hangercamo.dat user/neocon/ground/hangercamo.srf user/neocon/ground/hangercamo.srf
user/neocon/ground/hangernca.dat user/neocon/ground/hangernca.srf user/neocon/ground/hangernca.srf
user/neocon/ground/hangernca1.dat user/neocon/ground/hangernca1.srf user/neocon/ground/hangernca1.srf
user/neocon/ground/oiltank.dat user/neocon/ground/oiltank.srf user/neocon/ground/oiltank.srf
user/neocon/ground/fueltank.dat user/neocon/ground/fueltank.srf user/neocon/ground/fueltank.srf
user/neocon/ground/fueltank1.dat user/neocon/ground/fueltank1.srf user/neocon/ground/fueltank1.srf
user/neocon/ground/reloader1.dat user/neocon/ground/reloader1.srf user/neocon/ground/reloader1.srf
user/neocon/ground/ncasign.dat user/neocon/ground/ncasign.srf user/neocon/ground/ncasign.srf
user/neocon/ground/ncasignturn.dat user/neocon/ground/ncasignturn.srf user/neocon/ground/ncasignturn.srf
user/neocon/ground/pole.dat user/neocon/ground/pole.srf user/neocon/ground/pole.srf
user/neocon/ground/hollywood.dat user/neocon/ground/hollywood.srf user/neocon/ground/hollywood.srf
user/neocon/ground/billboard1.dat user/neocon/ground/billboard1.srf user/neocon/ground/billboard1.srf
user/neocon/ground/sword.dat user/neocon/ground/sword.srf user/neocon/ground/sword.srf
user/neocon/ground/bush.dat user/neocon/ground/bush.srf user/neocon/ground/bush.srf
user/neocon/ground/tree.dat user/neocon/ground/tree.srf user/neocon/ground/tree.srf
user/neocon/ground/tree1.dat user/neocon/ground/tree1.srf user/neocon/ground/tree1.srf
user/neocon/ground/tree2.dat user/neocon/ground/tree2.srf user/neocon/ground/tree2.srf
user/neocon/ground/tree3.dat user/neocon/ground/tree3.srf user/neocon/ground/tree3.srf
user/neocon/ground/tree4.dat user/neocon/ground/tree4.srf user/neocon/ground/tree4.srf
user/neocon/ground/tree5.dat user/neocon/ground/tree5.srf user/neocon/ground/tree5.srf
user/neocon/ground/truckburn.dat user/neocon/ground/truckburn.srf user/neocon/ground/truckburn.srf
user/neocon/ground/box.dat user/neocon/ground/box.srf user/neocon/ground/box.srf
user/neocon/ground/cap182.dat user/neocon/ground/cap182.dnm user/neocon/ground/cap182.dnm
user/neocon/ground/c182_1.dat user/neocon/ground/c182_1.dnm user/neocon/ground/c182_1.dnm
user/neocon/ground/v35.dat user/neocon/ground/v35.dnm user/neocon/ground/v35.dnm
user/neocon/ground/s70_1.dat user/neocon/ground/s70_1.dnm user/neocon/ground/s70_1.dnm
user/neocon/ground/blimp1.dat user/neocon/ground/blimp1.dnm user/neocon/ground/blimp1.dnm
user/neocon/ground/tanker.dat user/neocon/ground/tanker.srf user/neocon/ground/tanker.srf
user/neocon/ground/carrier/carrier.dat user/neocon/ground/carrier/carrier_visual.dnm user/neocon/ground/carrier/carrier_coll.srf
user/neocon/ground/uscg.dat user/neocon/ground/uscg.dnm user/neocon/ground/uscg.dnm
user/neocon/ground/uscg1.dat user/neocon/ground/uscg1.srf user/neocon/ground/uscg1.srf
user/neocon/ground/rafts.dat user/neocon/ground/rafts.srf user/neocon/ground/rafts.srf
user/neocon/ground/wetsuit.dat user/neocon/ground/wetsuit.srf user/neocon/ground/wetsuit.srf
user/neocon/ground/fishingboat.dat user/neocon/ground/fishingboat.srf user/neocon/ground/fishingboat.srf
user/neocon/ground/crabboat1.dat user/neocon/ground/crabboat1.srf user/neocon/ground/crabboat1.srf
user/neocon/ground/crabboat2.dat user/neocon/ground/crabboat2.srf user/neocon/ground/crabboat2.srf
user/neocon/ground/crabboat3.dat user/neocon/ground/crabboat3.srf user/neocon/ground/crabboat3.srf
user/neocon/ground/crabboat4.dat user/neocon/ground/crabboat4.srf user/neocon/ground/crabboat4.srf
user/neocon/ground/contship1.dat user/neocon/ground/contship1.srf user/neocon/ground/contship1.srf
user/neocon/ground/contship2.dat user/neocon/ground/contship2.srf user/neocon/ground/contship2.srf
user/neocon/ground/contship3.dat user/neocon/ground/contship3.srf user/neocon/ground/contship3.srf
user/neocon/ground/cship1.dat user/neocon/ground/cship1.srf user/neocon/ground/cship1.srf
user/neocon/ground/cship2.dat user/neocon/ground/cship2.srf user/neocon/ground/cship2.srf
user/neocon/ground/dtruck.dat user/neocon/ground/dtruck.srf user/neocon/ground/dtruck.srf
user/neocon/ground/dtrucka.dat user/neocon/ground/dtrucka.srf user/neocon/ground/dtrucka.srf
user/neocon/ground/dtruckb.dat user/neocon/ground/dtruckb.srf user/neocon/ground/dtruckb.srf
user/neocon/ground/fueltruck.dat user/neocon/ground/fueltruck.srf user/neocon/ground/fueltruck.srf
user/neocon/ground/fueltruck1.dat user/neocon/ground/fueltruck1.srf user/neocon/ground/fueltruck1.srf
user/neocon/ground/fueltruck2.dat user/neocon/ground/fueltruck2.srf user/neocon/ground/fueltruck2.srf
user/neocon/ground/golfcart.dat user/neocon/ground/golfcart.srf user/neocon/ground/golfcart.srf
user/neocon/ground/golfcartm.dat user/neocon/ground/golfcartm.srf user/neocon/ground/golfcart.srf
user/neocon/ground/hmv1.dat user/neocon/ground/hmv1.srf user/neocon/ground/hmv1.srf
user/neocon/ground/hmv2.dat user/neocon/ground/hmv2.srf user/neocon/ground/hmv2.srf
user/neocon/ground/truckb.dat user/neocon/ground/truckb.srf user/neocon/ground/truckb.srf
user/neocon/ground/truckbr.dat user/neocon/ground/truckbr.srf user/neocon/ground/truckbr.srf
user/neocon/ground/truckr.dat user/neocon/ground/truckr.srf user/neocon/ground/truckr.srf
user/neocon/ground/firetruck.dat user/neocon/ground/firetruck.srf user/neocon/ground/firetruck.srf
user/neocon/ground/railengine.dat user/neocon/ground/railengine.srf user/neocon/ground/railengine.srf
user/neocon/ground/railgray.dat user/neocon/ground/railgray.srf user/neocon/ground/railgray.srf
user/neocon/ground/railgreen.dat user/neocon/ground/railgreen.srf user/neocon/ground/railgreen.srf
user/neocon/ground/railyellow.dat user/neocon/ground/railyellow.srf user/neocon/ground/railyellow.srf
user/neocon/ground/railpassenger.dat user/neocon/ground/railpassenger.srf user/neocon/ground/railpassenger.srf
user/neocon/ground/railempty.dat user/neocon/ground/railempty.srf user/neocon/ground/railempty.srf
user/neocon/ground/railgunboxes1.dat user/neocon/ground/railgunboxes1.srf user/neocon/ground/railgunboxes1.srf
user/neocon/ground/railgunboxes2.dat user/neocon/ground/railgunboxes2.srf user/neocon/ground/railgunboxes2.srf
user/neocon/ground/railtank.dat user/neocon/ground/railtank.srf user/neocon/ground/railtank.srf
user/neocon/ground/starship.dat user/neocon/ground/starship.srf user/neocon/ground/starship.srf
user/neocon/ground/triangleship.dat user/neocon/ground/triangleship.srf user/neocon/ground/triangleship.srf
user/neocon/ground/orangeball.dat user/neocon/ground/orangeball.srf user/neocon/ground/orangeball.srf
user/neocon/ground/ufo1.dat user/neocon/ground/ufo1.srf user/neocon/ground/ufo1.srf
user/neocon/ground/horseblack.dat user/neocon/ground/horseblack.srf user/neocon/ground/horseblack.srf
user/neocon/ground/horsebrown.dat user/neocon/ground/horsebrown.srf user/neocon/ground/horsebrown.srf
user/neocon/ground/horsecart.dat user/neocon/ground/horsecart.srf user/neocon/ground/horsecart.srf
user/neocon/ground/horseandcart.dat user/neocon/ground/horseandcart.dnm user/neocon/ground/horseandcart.dnm
user/neocon/ground/tractorparked.dat user/neocon/ground/tractorparked.srf user/neocon/ground/tractorparked.srf
user/neocon/ground/tractor1.dat user/neocon/ground/tractor1.srf user/neocon/ground/tractor1.srf
user/neocon/ground/tractor2.dat user/neocon/ground/tractor2.srf user/neocon/ground/tractor2.srf
user/neocon/ground/tractor3.dat user/neocon/ground/tractor3.srf user/neocon/ground/tractor3.srf
user/neocon/ground/disk.dat user/neocon/ground/disk.srf user/neocon/ground/disk.srf
user/neocon/ground/fertilizertank.dat user/neocon/ground/fertilizertank.srf user/neocon/ground/fertilizertank.srf
user/neocon/ground/combine.dat user/neocon/ground/combine.srf user/neocon/ground/combine.srf
user/neocon/ground/graintruck1.dat user/neocon/ground/graintruck.srf user/neocon/ground/graintruck.srf
user/neocon/ground/graintruck2.dat user/neocon/ground/graintruck.srf user/neocon/ground/graintruck.srf
user/neocon/ground/hay.dat user/neocon/ground/hay.srf user/neocon/ground/hay.srf
user/neocon/ground/crane.dat user/neocon/ground/crane.srf user/neocon/ground/crane.srf
user/neocon/ground/windmill.dat user/neocon/ground/windmill.dnm user/neocon/ground/windmill.dnm
user/neocon/ground/tunnel.dat user/neocon/ground/tunnel.srf user/neocon/ground/tunnel.srf
user/neocon/ground/stands.dat user/neocon/ground/stands.srf user/neocon/ground/stands.srf
user/neocon/ground/stadium.dat user/neocon/ground/stadium.srf user/neocon/ground/stadium.srf
user/neocon/ground/tent1.dat user/neocon/ground/tent1.srf user/neocon/ground/tent1.srf
user/neocon/ground/tent2.dat user/neocon/ground/tent2.srf user/neocon/ground/tent2.srf
user/neocon/ground/tent3.dat user/neocon/ground/tent3.srf user/neocon/ground/tent3.srf
user/neocon/ground/tent4.dat user/neocon/ground/tent4.srf user/neocon/ground/tent4.srf
user/neocon/ground/tent5.dat user/neocon/ground/tent5.srf user/neocon/ground/tent5.srf
user/neocon/ground/tent6.dat user/neocon/ground/tent6.srf user/neocon/ground/tent6.srf
user/neocon/ground/tent7.dat user/neocon/ground/tent7.srf user/neocon/ground/tent7.srf
user/neocon/ground/tent8.dat user/neocon/ground/tent8.srf user/neocon/ground/tent8.srf
user/neocon/ground/tent9.dat user/neocon/ground/tent9.srf user/neocon/ground/tent9.srf
user/neocon/ground/tent10.dat user/neocon/ground/tent10.srf user/neocon/ground/tent10.srf
user/neocon/ground/tent11.dat user/neocon/ground/tent11.srf user/neocon/ground/tent11.srf