User/cep/cep_2/t4bi.dat User/cep/cep_2/t4bi.dnm User/cep/cep_2/t4bi_coll.srf User/cep/cep_2/t4bi_cockpit.srf User/cep/cep_2/t4bi_coarse.dnm
User/cep/cep_2/t4bi_tank.dat User/cep/cep_2/t4bi_tank.dnm User/cep/cep_2/t4bi_coll.srf User/cep/cep_2/t4bi_cockpit.srf User/cep/cep_2/t4bi_t_coarse.dnm
user/cep/cep_2/OV-10A.dat user/cep/cep_2/OV-10A.dnm user/cep/cep_2/ov-10a_cl.srf user/cep/cep_2/ov-10_cpt.srf user/cep/cep_2/ov-10a_coar.srf
user/cep/cep_2/OV-10D.dat user/cep/cep_2/OV-10D.dnm user/cep/cep_2/ov-10d_cl.srf user/cep/cep_2/ov-10_cpt.srf user/cep/cep_2/ov-10d_coar.srf
User/cep/cep_2/bell222.dat User/cep/cep_2/bell222.dnm User/cep/cep_2/bell222coll.srf User/cep/cep_2/bell222cockpit.srf User/cep/cep_2/bell222coarse.dnm
User/cep/cep_2/tornado-adv.dat User/cep/cep_2/tornado-adv.dnm User/cep/cep_2/tornado-adv_coll.srf User/cep/cep_2/tornado-adv_cockpit.srf User/cep/cep_2/tornado-adv_coarse.dnm
User/cep/cep_2/f15c-un.dat User/cep/cep_2/f15c-un.dnm User/cep/cep_2/f15c-un_coll.srf User/cep/cep_2/f15c-un_cockpit.srf User/cep/cep_2/f15c-un_coarse.dnm
user/cep/cep_2/mig29g.dat user/cep/cep_2/mig29g.dnm user/cep/cep_2/mig29_coll_h.srf user/cep/cep_2/mig29_cock_h.srf user/cep/cep_2/mig29g_coarse.dnm
user/cep/cep_2/mig29gt.dat user/cep/cep_2/mig29gt.dnm user/cep/cep_2/mig29_coll_h.srf user/cep/cep_2/mig29_cock_h.srf user/cep/cep_2/mig29gt_coarse.dnm
User/cep/cep_2/s2c_airock/s2c_airock.dat User/cep/cep_2/s2c_airock/s2c_airock.dnm User/cep/cep_2/s2c_airock/s2c_airock_coll.srf User/cep/cep_2/s2c_airock/s2c_airock_cockpit.srf User/cep/cep_2/s2c_airock/s2c_airock_coarse.dnm
user/cep/cep_2/tu22m3_rus.dat user/cep/cep_2/tu22m3_rus.dnm user/cep/cep_2/tu22m3_coll.srf user/cep/cep_2/tu22m3_cock.srf user/cep/cep_2/tu22m3_ruscoarse.dnm
User/cep/cep_2/t33.dat User/cep/cep_2/t33.dnm User/cep/cep_2/t33_coll.srf User/cep/cep_2/t33_cockpit.srf User/cep/cep_2/t33_coarse.dnm
User/cep/cep_2/t33r.dat User/cep/cep_2/t33.dnm User/cep/cep_2/t33_coll.srf User/cep/cep_2/t33_cockpit.srf User/cep/cep_2/t33_coarse.dnm
User/cep/cep_2/su30mki-india.dat User/cep/cep_2/su30mki-india.dnm User/cep/cep_2/su30mki_coll.srf User/cep/cep_2/su30mki_cockpit.srf User/cep/cep_2/su30mki_coarse.dnm
User/cep/cep_2/su30mki-demo01.dat User/cep/cep_2/su30mki-demo01.dnm User/cep/cep_2/su30mki_coll.srf User/cep/cep_2/su30mki_cockpit.srf User/cep/cep_2/su30mki-demo01_coarse.dnm
User/cep/cep_2/su30mki-tni.dat User/cep/cep_2/su30mki-tni.dnm User/cep/cep_2/su30mki_coll.srf User/cep/cep_2/su30mki_cockpit.srf User/cep/cep_2/su30mki-tni_coarse.dnm
User/cep/cep_2/ch54a.dat User/cep/cep_2/ch54a.dnm User/cep/cep_2/ch54coll.srf User/cep/cep_2/ch54cockpit.srf User/cep/cep_2/ch54coarse.dnm
User/cep/cep_2/s64e.dat User/cep/cep_2/s64e.dnm User/cep/cep_2/ch54coll.srf User/cep/cep_2/ch54cockpit.srf User/cep/cep_2/s64coarse.dnm
user/cep/cep_2/b767300er_jal.dat user/cep/cep_2/b767300er_jal.dnm user/cep/cep_2/b767300er_jalcoll.srf user/cep/cep_2/b767300er_jalcockpit.srf
user/cep/cep_2/f15j_955.dat user/cep/cep_2/f15j_955.dnm user/cep/cep_2/f15_coll_h.srf user/cep/cep_2/f15_cock_h.srf user/cep/cep_2/f15_coarse.dnm
user/cep/cep_2/f15dj_098.dat user/cep/cep_2/f15dj_098.dnm user/cep/cep_2/f15_coll_h.srf user/cep/cep_2/f15_cock_h.srf user/cep/cep_2/f15d_coarse.dnm
User/cep/cep_2/dash8-400(q400)/q400jac.dat User/cep/cep_2/dash8-400(q400)/q400jac.dnm User/cep/cep_2/dash8-400(q400)/q400jaccoll.srf User/cep/cep_2/dash8-400(q400)/q400jaccockpit.srf User/cep/cep_2/dash8-400(q400)/q400jaccoarse.dnm
User/cep/cep_2/dash8-400(q400)/q400white.dat User/cep/cep_2/dash8-400(q400)/q400white.dnm User/cep/cep_2/dash8-400(q400)/q400whitecoll.srf User/cep/cep_2/dash8-400(q400)/q400whitecockpit.srf User/cep/cep_2/dash8-400(q400)/q400whitecoarse.dnm
User/cep/cep_2/HawkerHunter/Dynamix.def User/cep/cep_2/HawkerHunter/HunterVisual/Main_Visual.def User/cep/cep_2/HawkerHunter/Crash_Model.srf User/cep/cep_2/HawkerHunter/Null.srf User/cep/cep_2/HawkerHunter/HunterVisual/Distant_Visual.def
user/cep/cep_2/uh1c_s.dat user/cep/cep_2/uh1c_s.dnm user/cep/cep_2/uh1c_cl.srf user/cep/cep_2/shark_ck.srf user/cep/cep_2/uh1c_coarse.dnm 
User/cep/cep_2/F-20A/F-20A_01.dat  User/cep/cep_2/F-20A/F-20A_01.dnm  User/cep/cep_2/F-20A/F-20Acool.srf User/cep/cep_2/F-20A/F-20Acockpit.srf  User/cep/cep_2/F-20A/F-20A_01coarse.srf
User/cep/cep_2/F-20A/F-20A_02.dat  User/cep/cep_2/F-20A/F-20A_02.dnm  User/cep/cep_2/F-20A/F-20Acool.srf User/cep/cep_2/F-20A/F-20Acockpit.srf  User/cep/cep_2/F-20A/F-20A_02coarse.srf
User/cep/cep_2/F-20A/F-20A_03.dat  User/cep/cep_2/F-20A/F-20A_03.dnm  User/cep/cep_2/F-20A/F-20Acool.srf User/cep/cep_2/F-20A/F-20Acockpit.srf  User/cep/cep_2/F-20A/F-20A_03coarse.srf
User/cep/cep_2/F-1A/F-1(GRAN).dat User/cep/cep_2/F-1A/F-1(GRAN).dnm User/cep/cep_2/F-1A/F-1(GRAN)coll.srf User/cep/cep_2/F-1A/F-1(GRAN)cockpit.srf User/cep/cep_2/F-1A/F-1(GRAN)coarse.srf
User/cep/cep_2/F-117A/F-117A(GRN).dat User/cep/cep_2/F-117A/F-117A(GRN).dnm User/cep/cep_2/F-117A/F-117A(GRN)cool.srf  User/cep/cep_2/F-117A/F-117A(GRN)cockpit.srf User/cep/cep_2/F-117A/F-117A(GRN)coarse.srf 
User/cep/cep_2/F-117A/F-117AGD(GRN).dat User/cep/cep_2/F-117A/F-117AGD(GRN).dnm User/cep/cep_2/F-117A/F-117AGD(GRN)cool.srf  User/cep/cep_2/F-117A/F-117A(GRN)cockpit.srf User/cep/cep_2/F-117A/F-117AGD(GRN)coarse.srf 
user/cep/cep_2/su27sk_ins.dat user/cep/cep_2/su27sk_ins.dnm user/cep/cep_2/su27_coll_h.srf user/cep/cep_2/su27_cock_h.srf user/cep/cep_2/su27sk_ins_coarse.dnm
user/cep/cep_2/su30mk_ins.dat user/cep/cep_2/su30mk_ins.dnm user/cep/cep_2/su27_coll_h.srf user/cep/cep_2/su27_cock_h.srf user/cep/cep_2/su30mk_ins_coarse.dnm
User/cep/cep_2/dash8-400(q400)/q400ana.dat User/cep/cep_2/dash8-400(q400)/q400ana.dnm User/cep/cep_2/dash8-400(q400)/q400jaccoll.srf User/cep/cep_2/dash8-400(q400)/q400jaccockpit.srf User/cep/cep_2/dash8-400(q400)/q400anacoarse.dnm
user/cep/cep_2/sh60j.dat user/cep/cep_2/sh60j.dnm user/cep/cep_2/h60_coll_h.srf user/cep/cep_2/h60_cock_h.srf user/cep/cep_2/sh60j_coarse.dnm
user/cep/cep_2/sh60j_02.dat user/cep/cep_2/sh60j_02.dnm user/cep/cep_2/h60_coll_h.srf user/cep/cep_2/h60_cock_h.srf user/cep/cep_2/sh60_coarse.dnm
user/cep/cep_2/ah64d.dat user/cep/cep_2/ah64d.dnm user/cep/cep_2/ah64_coll_h.srf user/cep/cep_2/ah64_cock_h.srf user/cep/cep_2/ah64d_coarse.dnm
user/cep/cep_2/ah64dj.dat user/cep/cep_2/ah64dj.dnm user/cep/cep_2/ah64_coll_h.srf user/cep/cep_2/ah64_cock_h.srf user/cep/cep_2/ah64d_coarse.dnm
user/cep/cep_2/p2j.dat user/cep/cep_2/p2j.dnm user/cep/cep_2/p2j_coll.srf user/cep/cep_2/p2j_cockpit.srf user/cep/cep_2/p2j_coarse.dnm
User/cep/cep_2/F-1A/T-2B(GRAN).dat User/cep/cep_2/F-1A/T-2B(GRAN).dnm User/cep/cep_2/F-1A/F-1(GRAN)coll.srf User/cep/cep_2/F-1A/F-1(GRAN)cockpit.srf User/cep/cep_2/F-1A/T-2B(GRAN)_coarse.dnm 
User/cep/cep_2/F-1A/T-2B_21sp(GRAN).dat User/cep/cep_2/F-1A/T-2B_21sp(GRAN).dnm User/cep/cep_2/F-1A/F-1(GRAN)coll.srf User/cep/cep_2/F-1A/F-1(GRAN)cockpit.srf User/cep/cep_2/F-1A/T-2B_21sp(GRAN)_coarse.dnm
User/cep/cep_2/F-1A/T-2B_21final(GRAN).dat User/cep/cep_2/F-1A/T-2B_21final(GRAN).dnm User/cep/cep_2/F-1A/F-1(GRAN)coll.srf User/cep/cep_2/F-1A/F-1(GRAN)cockpit.srf User/cep/cep_2/F-1A/T-2B_21final(GRAN)_coarse.dnm 
User/cep/cep_2/F-1A/T-2CCV(GRAN).dat User/cep/cep_2/F-1A/T-2CCV(GRAN).dnm User/cep/cep_2/F-1A/F-1(GRAN)coll.srf User/cep/cep_2/F-1A/F-1(GRAN)cockpit.srf  User/cep/cep_2/F-1A/T-2CCV(GRAN)_coarse.dnm 
User/cep/cep_2/F-1A/T-2CCV-A(GRAN).dat User/cep/cep_2/F-1A/T-2CCV-A(GRAN).dnm User/cep/cep_2/F-1A/F-1(GRAN)coll.srf User/cep/cep_2/F-1A/F-1(GRAN)cockpit.srf User/cep/cep_2/F-1A/T-2CCV-A(GRAN)_coarse.dnm 
user/cep/cep_2/g21a.dat user/cep/cep_2/g21a.dnm user/cep/cep_2/g21a_coll.srf user/cep/cep_2/g21_cockpit.srf user/cep/cep_2/g21a_coarse.dnm
user/cep/cep_2/jrf5_jmsdf.dat user/cep/cep_2/jrf5_jmsdf.dnm user/cep/cep_2/jrf5_coll.srf user/cep/cep_2/g21_cockpit.srf user/cep/cep_2/jrf5_coarse.dnm
User/cep/cep_2/Q400_Augsburg/q400_tlh.dat User/cep/cep_2/Q400_Augsburg/q400_tlh.dnm User/cep/cep_2/Q400_Augsburg/q400coll.srf User/cep/cep_2/Q400_Augsburg/q400cockpit.srf User/cep/cep_2/Q400_Augsburg/q400_tlhcoarse.dnm
User/cep/cep_2/Q400_Augsburg/q400_tlh_pass.dat User/cep/cep_2/Q400_Augsburg/q400_tlh_pass.dnm User/cep/cep_2/Q400_Augsburg/q400coll.srf User/cep/cep_2/Q400_Augsburg/q400cockpit.srf User/cep/cep_2/Q400_Augsburg/q400_tlhcoarse.dnm
User/cep/cep_2/F15AC/F-15C(CIPHER).dat User/cep/cep_2/F15AC/F-15C(CIPHER).dnm User/cep/cep_2/F15AC/F-15C(G)coll.srf User/cep/cep_2/F15AC/null.srf User/cep/cep_2/F15AC/F-15C(CIPHER)coarse.dnm
User/cep/cep_2/F15AC/F-15C(PIXY).dat User/cep/cep_2/F15AC/F-15C(PIXY).dnm User/cep/cep_2/F15AC/F-15C(G)coll.srf User/cep/cep_2/F15AC/null.srf User/cep/cep_2/F15AC/F-15C(PIXY)coarse.dnm
User/cep/cep_2/F15AC/F-15SMTD(SCR).dat User/cep/cep_2/F15AC/F-15SMTD(SCR).dnm User/cep/cep_2/F15AC/F-15C(G)coll.srf User/cep/cep_2/F15AC/null.srf User/cep/cep_2/F15AC/F-15SMTD(SCR)coarse.dnm
User/cep/cep_2/F15AC/F-15SMTD.dat User/cep/cep_2/F15AC/F-15SMTD.dnm User/cep/cep_2/F15AC/F-15C(G)coll.srf User/cep/cep_2/F15AC/null.srf User/cep/cep_2/F15AC/F-15SMTDcoarse.dnm
User/cep/cep_2/turboraven.dat User/cep/cep_2/turboraven.dnm User/cep/cep_2/turboravencoll.srf User/cep/cep_2/turboravencockpit.srf User/cep/cep_2/turboravencoarse.dnm
User/cep/cep_2/Su-47/Su-47A.dat  User/cep/cep_2/Su-47/Su-47A.dnm  User/cep/cep_2/Su-47/Su-47coll.srf User/cep/cep_2/Su-47/null.srf User/cep/cep_2/Su-47/Su-47Acoarse.dnm  
User/cep/cep_2/Su-47/Su-47A(W).dat  User/cep/cep_2/Su-47/Su-47A(W).dnm  User/cep/cep_2/Su-47/Su-47coll.srf User/cep/cep_2/Su-47/null.srf User/cep/cep_2/Su-47/Su-47A(W)coarse.dnm  
User/cep/cep_2/Su-47/Su-47A(GLD).dat  User/cep/cep_2/Su-47/Su-47A(GLD).dnm  User/cep/cep_2/Su-47/Su-47coll.srf User/cep/cep_2/Su-47/null.srf User/cep/cep_2/Su-47/Su-47A(GLD)coarse.dnm  
user/cep/cep_2/f86d_jasdf.dat user/cep/cep_2/f86d_jasdf.dnm user/cep/cep_2/f86d_coll.srf user/cep/cep_2/f86d_cockpit.srf user/cep/cep_2/f86d_coarse.dnm
User/cep/cep_2/ka29/ka29.dat User/cep/cep_2/ka29/ka29.dnm User/cep/cep_2/ka29/ka29coll.srf User/cep/cep_2/ka29/ka29cock.srf User/cep/cep_2/ka29/ka29cos.dnm
user/cep/cep_2/s58/ch-34/ch34.dat user/cep/cep_2/s58/ch-34/ch34.dnm user/cep/cep_2/s58/ch-34/ch34_cl.srf user/cep/cep_2/s58/ch-34/s58_ck.srf user/cep/cep_2/s58/ch-34/ch34_c.dnm 
User/cep/cep_2/x35b.dat User/cep/cep_2/x35b.dnm User/cep/cep_2/x35b-coll.srf User/cep/cep_2/x35b-cockpit.srf User/cep/cep_2/x35b-coarse.dnm
User/cep/cep_2/XB-70/XB-70.dat User/cep/cep_2/XB-70/XB-70.dnm User/cep/cep_2/XB-70/XB-70_coll.srf User/cep/cep_2/XB-70/null.srf User/cep/cep_2/XB-70/XB-70_co.dnm
user/cep/cep_2/mi26.dat user/cep/cep_2/mi26.dnm user/cep/cep_2/mi26_cl.srf user/cep/cep_2/mi26_ck.srf  user/cep/cep_2/mi26_coarse.dnm
User/cep/cep_2/xf35.dat User/cep/cep_2/xf35.dnm User/cep/cep_2/xf35-coll.srf User/cep/cep_2/xf35-cockpit.srf User/cep/cep_2/xf35-coarse.dnm
User/cep/cep_2/Su-26M/Su-26M_01.dat User/cep/cep_2/Su-26M/Su-26M_01.dnm User/cep/cep_2/Su-26M/Su-26coll.srf User/cep/cep_2/Su-26M/Su-26cock.srf User/cep/cep_2/Su-26M/Su-26M_01_coarse.dnm
User/cep/cep_2/Su-26M/Su-26M_02.dat User/cep/cep_2/Su-26M/Su-26M_02.dnm User/cep/cep_2/Su-26M/Su-26coll.srf User/cep/cep_2/Su-26M/Su-26cock.srf User/cep/cep_2/Su-26M/Su-26M_02_coarse.dnm
User/cep/cep_2/Su-26M/Su-26M_03.dat User/cep/cep_2/Su-26M/Su-26M_03.dnm User/cep/cep_2/Su-26M/Su-26coll.srf User/cep/cep_2/Su-26M/Su-26cock.srf User/cep/cep_2/Su-26M/Su-26M_03_coarse.dnm
User/cep/cep_2/genh4.dat User/cep/cep_2/genh4.dnm User/cep/cep_2/genh4coll.srf User/cep/cep_2/genh4cockpit.srf User/cep/cep_2/genh4coarse.dnm
user/cep/cep_2/SR-71A/SR-71A_962.dat user/cep/cep_2/SR-71A/SR-71A_962.dnm user/cep/cep_2/SR-71A/sr71cl.srf user/cep/cep_2/SR-71A/null.srf user/cep/cep_2/SR-71A/SR-71A_cor.dnm
user/cep/cep_2/SR-71A/SR-71A_974.dat user/cep/cep_2/SR-71A/SR-71A_974.dnm user/cep/cep_2/SR-71A/sr71cl.srf user/cep/cep_2/SR-71A/null.srf user/cep/cep_2/SR-71A/SR-71A_cor.dnm
user/cep/cep_2/SR-71A/SR-71A_959.dat user/cep/cep_2/SR-71A/SR-71A_959.dnm user/cep/cep_2/SR-71A/sr71cl.srf user/cep/cep_2/SR-71A/null.srf user/cep/cep_2/SR-71A/SR-71A_BT_cor.dnm
User/cep/cep_2/Extra300S/Extra300S_db.dat User/cep/cep_2/Extra300S/Extra300S_db.dnm User/cep/cep_2/Extra300S/Extra300S_coll.srf User/cep/cep_2/Extra300S/Extra300S_cock.srf User/cep/cep_2/Extra300S/Extra300S_db_coarse.dnm
User/cep/cep_2/Extra300S/Extra300S_ks.dat User/cep/cep_2/Extra300S/Extra300S_ks.dnm User/cep/cep_2/Extra300S/Extra300S_coll.srf User/cep/cep_2/Extra300S/Extra300S_cock.srf User/cep/cep_2/Extra300S/Extra300S_ks_coarse.dnm
User/cep/cep_2/Extra300S/Extra300SR.dat User/cep/cep_2/Extra300S/Extra300SR.dnm User/cep/cep_2/Extra300S/Extra300SR_coll.srf User/cep/cep_2/Extra300S/Extra300S_cock.srf User/cep/cep_2/Extra300S/Extra300SR_coarse.dnm
user/cep/cep_2/ec725.dat user/cep/cep_2/ec725.dnm user/cep/cep_2/ec725_cl.srf user/cep/cep_2/ec725_ck.srf user/cep/cep_2/ec725_c.dnm
User/cep/cep_2/Cy-47_sylph/Su-47.dat User/cep/cep_2/Cy-47_sylph/Su-47_MAKS.dnm User/cep/cep_2/Cy-47_sylph/Su-47cl.srf User/cep/cep_2/Cy-47_sylph/null.srf User/cep/cep_2/Cy-47_sylph/Su-47co.dnm
user/cep/cep_2/tu-160/tu-160.dat user/cep/cep_2/tu-160/tu-160.dnm user/cep/cep_2/tu-160/tu-160_coll.srf user/cep/cep_2/tu-160/tu-160_cock.srf user/cep/cep_2/tu-160/tu-160_coarse.dnm
