user/49th_v/eagleeyes/e2/e-2.dat user/49th_v/eagleeyes/e2/vfa-49_e-2.dnm user/49th_v/eagleeyes/e2/e2c_coll.srf user/49th_v/eagleeyes/e2/e2c_cockpit.srf
user/49th_v/eagleeyes/sr-71/sr-71A_vfa-49.dat user/49th_v/eagleeyes/sr-71/sr-71A_vfa-49.dnm user/49th_v/eagleeyes/sr-71/sr71cl.srf user/49th_v/eagleeyes/sr-71/sr-71A_cor.dnm
User/49th_V/eagleeyes/f117/F-117A_VFA49.dat User/49th_V/eagleeyes/f117/F-117A_VFA49.dnm User/49th_V/eagleeyes/f117/F-117A_VFA49_col.srf User/49th_V/eagleeyes/f117/F-117A_VFA49_cock.srf

user/49th_v/birdsofprey/alphajet/bopalphajet.dat user/49th_v/birdsofprey/alphajet/bopalphajet.dnm user/49th_v/birdsofprey/alphajet/bopalphajetcl.srf user/49th_v/birdsofprey/alphajet/bopalphajcpt.srf
user/49th_v/birdsofprey/f5/f5f.dat user/49th_v/birdsofprey/f5/49_f-5f.dnm user/49th_v/birdsofprey/f5/f5fcoll.srf user/49th_v/birdsofprey/f5/f5fccockpit.srf

User/49th_V/BlackDragons/F-5/F-5F_Div7.dat User/49th_V/BlackDragons/F-5/F-5F_Div7.dnm User/49th_V/BlackDragons/F-5/F-5F_Div7_coll.srf User/49th_V/BlackDragons/F-5/F-5F_Div7_cock.srf
User/49th_V/BlackDragons/F-16/F-16C_Div7.dat User/49th_V/BlackDragons/F-16/F-16C_Div7.dnm User/49th_V/BlackDragons/F-16/F-16C_Div7_coll.srf User/49th_V/BlackDragons/F-16/F-16C_Div7_cock.srf
User/49th_V/BlackDragons/FA-18CX/FA-18CX_Div7.dat User/49th_V/BlackDragons/FA-18CX/FA-18CX_Div7.dnm User/49th_V/BlackDragons/FA-18CX/FA-18CX_Div7_coll.srf User/49th_V/BlackDragons/FA-18CX/FA-18CX_Div7_cock.srf
User/49th_V/BlackDragons/F-22x/F-22X_Div7.dat User/49th_V/BlackDragons/F-22X/F-22X_Div7.dnm User/49th_V/BlackDragons/F-22X/F-22X_Div7_coll.srf "" User/49th_V/BlackDragons/F-22X/F-22X_Div7_coarse.dnm

User/49th_V/nightcobras/a10/a-10.dat User/49th_V/nightcobras/a10/vfa-49_a-10.dnm User/49th_V/nightcobras/a10/a10cll.srf User/49th_V/nightcobras/a10/a10cpt2.srf
user/49th_V/nightcobras/su33/su33he.dat user/49th_V/nightcobras/su33/su33he.dnm user/49th_V/nightcobras/su33/su33he_coll.srf
user/49th_V/nightcobras/su34/su34xr.dat user/49th_V/nightcobras/su34/su34xr.dnm user/49th_V/nightcobras/su34/su34_coll.srf 
user/49th_V/nightcobras/Fb22/FB-22A.dat  User/49th_V/nightcobras/Fb22/FB-22A.dnm  User/49th_V/nightcobras/Fb22/FB-22coll.srf User/49th_V/nightcobras/Fb22/FB-22Acoarse.dnm
user/49th_V/nightcobras/f18/fa-18e.dat user/49th_V/nightcobras/f18/fa-18e.dnm user/49th_V/nightcobras/f18/fa-18e_coll.srf user/49th_V/nightcobras/f18/fa-18e_cock.srf

user/49th_V/saberhawks/f14/f14d.dat user/49th_V/saberhawks/f14/49_F-14.dnm user/49th_V/saberhawks/f14/f14d_coar.dnm user/49th_V/saberhawks/f14/f14coll.srf user/49th_V/saberhawks/f14/f14d_cock.srf
user/49th_V/saberhawks/f22natf/NATF(LV).dat user/49th_V/saberhawks/f22natf/NATF(LV).dnm user/49th_V/saberhawks/f22natf/NATF(LV)coarse.dnm user/49th_V/saberhawks/f22natf/NATFcoll.srf user/49th_V/saberhawks/f22natf/null.srf 
user/49th_V/saberhawks/fa32/fa32c.dat user/49th_V/saberhawks/fa32/fa32c.dnm user/49th_V/saberhawks/fa32/fa32c_coll.srf
user/49th_V/saberhawks/harrier/49AV.dat user/49th_V/saberhawks/harrier/49_Harrier.dnm user/49th_V/saberhawks/harrier/avcoll.srf user/49th_V/saberhawks/harrier/avcockpit.srf 
user/49th_V/saberhawks/hf22/hf22dv3.dat user/49th_V/saberhawks/hf22/hf22dv3.dnm user/49th_V/saberhawks/hf22/hf22_cock.srf user/49th_V/saberhawks/hf22/hf22_coll.srf

user/49th_V/blackfalcons/f16/f-16c_eft.dat user/49th_V/blackfalcons/f16/f16c.dnm user/49th_V/blackfalcons/f16/f16coll.srf user/49th_V/blackfalcons/f16/f16cock.srf
user/49th_V/blackfalcons/f16/f-16c_intercept.dat user/49th_V/blackfalcons/f16/f16c2.dnm user/49th_V/blackfalcons/f16/f16coll.srf user/49th_V/blackfalcons/f16/f16cock.srf
user/49th_v/blackfalcons/f35/f-35b.dat user/49th_v/blackfalcons/f35/f-35b.dnm user/49th_v/blackfalcons/f35/f-35b-coll.srf
user/49th_v/blackfalcons/su47/su47.dat user/49th_v/blackfalcons/su47/su47.dnm user/49th_v/blackfalcons/su47/Su-47coll.srf
user/49th_v/blackfalcons/yf23/yf-23.dat user/49th_v/blackfalcons/yf23/yf-23.dnm user/49th_v/blackfalcons/yf23/yf-23coll.srf
user/49th_v/blackfalcons/f18/fa-18e2.dat user/49th_v/blackfalcons/f18/fa-18e2t.dnm user/49th_v/blackfalcons/f18/fa-18e_coll.srf user/49th_v/blackfalcons/f18/fa-18e_cock.srf 
user/49th_v/blackfalcons/f18/fa-18e.dat user/49th_v/blackfalcons/f18/fa-18eintercept.dnm user/49th_v/blackfalcons/f18/fa-18e_coll.srf user/49th_v/blackfalcons/f18/fa-18e_cock.srf 
