Wic_Works/su27we.dat Wic_Works/su27we.dnm Wic_Works/su27wcoll.srf Wic_Works/su27wecoarse.srf
Wic_Works/su27w.dat Wic_Works/su27w.dnm Wic_Works/su27wcoll.srf Wic_Works/su27wcoarse.dnm
Wic_Works/f107241st.dat Wic_Works/f107241st.dnm Wic_Works/f107coll.srf Wic_Works/f111cock.srf Wic_Works/f107241stcoarse.dnm
Wic_Works/su27demo241st.dat Wic_Works/241st_su27demo.dnm Wic_Works/democoll.srf Wic_Works/cockpitdemo.srf Wic_Works/democoarse.srf
Wic_Works/l-39c241st.dat Wic_Works/l-39c241st.dnm Wic_Works/l-39coll.srf Wic_Works/null.srf Wic_Works/l-39ccoarse241.srf
Wic_Works/c5m241st.dat Wic_Works/c5m241st.dnm Wic_Works/c5coll.srf Wic_Works/c5cock.srf Wic_Works/c5241coarse.dnm
Wic_Works/a400sh.dat Wic_Works/a400sh.dnm Wic_Works/a400coll.srf Wic_Works/null.srf Wic_Works/a400shcoarse.dnm
Wic_Works/an-71st.dat Wic_Works/an-71st.dnm Wic_Works/an71coll.srf Wic_Works/an71cock.srf Wic_Works/an71stcoarse.dnm
Wic_Works/f111241st.dat Wic_Works/f111241st.dnm Wic_Works/f111coll.srf Wic_Works/f111cock.srf Wic_Works/f111coarse.dnm
Wic_Works/f111241stm.dat Wic_Works/f111241stm.dnm Wic_Works/f111coll.srf Wic_Works/f111cock.srf Wic_Works/f111coarse.dnm
Wic_Works/f111241sth.dat Wic_Works/f111241sth.dnm Wic_Works/f111coll.srf Wic_Works/f111cock.srf Wic_Works/f111coarse.dnm
Wic_Works/b-2w.dat Wic_Works/b-2w.dnm Wic_Works/b-2w_coll.srf Wic_Works/b-2w_coarse.dnm
Wic_Works/b-1bj.dat Wic_Works/b-1bj.dnm Wic_Works/b-1bj_coll.srf Wic_Works/b-1bj_cockpit.srf Wic_Works/b-1bj_coarse.dnm
Wic_Works/rah66w.dat Wic_Works/rah66w.dnm Wic_Works/rah66wcoll.srf Wic_Works/rah66wcock.srf Wic_Works/rah66wcrs.dnm
Wic_Works/rah66wh.dat Wic_Works/rah66wh.dnm Wic_Works/rah66wcoll.srf Wic_Works/rah66wcock.srf Wic_Works/rah66whcrs.dnm
Wic_Works/oh-58doa.dat Wic_Works/oh-58doa.dnm Wic_Works/ch-136coll.srf Wic_Works/ch-136cock.srf Wic_Works/oh-58dcoarse.dnm
Wic_Works/uh-60w.dat Wic_Works/uh-60w.dnm Wic_Works/uhw-60coll.srf Wic_Works/uh60wcock.srf Wic_Works/uh60coarse.dnm
Wic_Works/mh-53st.dat Wic_Works/mh-53st.dnm Wic_Works/mh-53coll.srf Wic_Works/mh-53cock.srf Wic_Works/mh-53stcoarse.dnm
Wic_Works/mi-26st.dat Wic_Works/mi-26st.dnm Wic_Works/mi26coll.srf Wic_Works/mi26cock.srf Wic_Works/mi26rcoarse.dnm
Wic_Works/ef2000-0.dat Wic_Works/ef2000-0.dnm Wic_Works/ef2000coll.srf Wic_Works/ef2000cockpit.srf
Wic_Works/WW01.dat Wic_Works/WW01.dnm Wic_Works/WW01coll.srf Wic_Works/WW01cock.srf
Wic_Works/ww02.dat Wic_Works/WW02.dnm Wic_Works/ww02coll.srf
Wic_Works/ww02e.dat Wic_Works/WW02e.dnm Wic_Works/ww02coll.srf
Wic_Works/ww03-b.dat Wic_Works/nadesico-b.dnm Wic_Works/ww03coll.srf
Wic_Works/ww03-t.dat Wic_Works/nadesico-t.dnm Wic_Works/ww03coll.srf
Wic_Works/ww04.dat Wic_Works/ww04.dnm Wic_Works/ww04coll.srf
Wic_Works/ww05.dat Wic_Works/WW05.dnm Wic_Works/ww05coll.srf
Wic_Works/ww06.dat Wic_Works/WW06.dnm Wic_Works/ww06coll.srf
Wic_Works/f107.dat Wic_Works/f107.dnm Wic_Works/f107coll.srf Wic_Works/f111cock.srf Wic_Works/f107coarse.dnm
Wic_Works/q200.dat Wic_Works/q200.dnm Wic_Works/q200coll.srf Wic_Works/f111cock.srf Wic_Works/q200coarse.dnm
Wic_Works/c5m.dat Wic_Works/c5m.dnm Wic_Works/c5coll.srf Wic_Works/c5cock.srf Wic_Works/c5coarse.dnm
Wic_Works/talon1.dat Wic_Works/talon1.dnm Wic_Works/taloncoll.srf Wic_Works/ch-136cock.srf Wic_Works/taloncoarse.dnm
Wic_Works/talon2.dat Wic_Works/talon2.dnm Wic_Works/taloncoll.srf Wic_Works/ch-136cock.srf Wic_Works/taloncoarse.dnm
Wic_Works/talon3.dat Wic_Works/talon3.dnm Wic_Works/taloncoll.srf Wic_Works/ch-136cock.srf Wic_Works/taloncoarse.dnm
Wic_Works/ef111.dat Wic_Works/ef111.dnm Wic_Works/f111coll.srf Wic_Works/f111cock.srf Wic_Works/f111coarse.dnm
Wic_Works/a4-ar.dat Wic_Works/a4-ar.dnm Wic_Works/a4coll.srf Wic_Works/a4cockpit.srf Wic_Works/a4coarse.dnm
Wic_Works/f111usaf.dat Wic_Works/f111usaf.dnm Wic_Works/f111coll.srf Wic_Works/f111cock.srf Wic_Works/f111usafcoarse.dnm
Wic_Works/f111raaf.dat Wic_Works/f111raaf.dnm Wic_Works/f111coll.srf Wic_Works/f111cock.srf Wic_Works/f111raafcoarse.dnm
Wic_Works/F-111RAAFcamo1/f111raaf.dat Wic_Works/F-111RAAFcamo1/f111raafcamo1.dnm Wic_Works/F-111RAAFcamo1/f111coll.srf Wic_Works/F-111RAAF camo1/f111coll.srf Wic_Works/F-111RAAFcamo1/f111raafcoarse.dnm
Wic_Works/F-111RAAFcamo1/f111raaftankscamo2.dat Wic_Works/F-111RAAFcamo1/f111raafcamotanks2.dnm Wic_Works/F-111RAAFcamo1/f111coll.srf Wic_Works/F-111RAAF camo1/f111coll.srf Wic_Works/F-111RAAFcamo1/f111raafcoarse.dnm
Wic_Works/F-111RAAFcamo2/f111raaf.dat Wic_Works/F-111RAAFcamo2/f111raafcamo2.dnm Wic_Works/F-111RAAFcamo2/f111coll.srf Wic_Works/F-111RAAF camo2/f111coll.srf Wic_Works/F-111RAAFcamo2/f111raafcoarse.dnm
Wic_Works/F-111RAAFcamo3/f111raaf.dat Wic_Works/F-111RAAFcamo3/f111raafcamo3.dnm Wic_Works/F-111RAAFcamo3/f111coll.srf Wic_Works/F-111RAAF camo3/f111coll.srf Wic_Works/F-111RAAFcamo3/f111raafcoarse.dnm
Wic_Works/F-111RAAFcamo4/f111raaf.dat Wic_Works/F-111RAAFcamo4/f111raafcamo4.dnm Wic_Works/F-111RAAFcamo4/f111coll.srf Wic_Works/F-111RAAF camo4/f111coll.srf Wic_Works/F-111RAAFcamo4/f111raafcoarse.dnm
Wic_Works/F-111RAAFcamo4/f111raaftankscamo1.dat Wic_Works/F-111RAAFcamo4/f111raafcamotanks1.dnm Wic_Works/F-111RAAFcamo4/f111coll.srf Wic_Works/F-111RAAF camo4/f111coll.srf Wic_Works/F-111RAAFcamo4/f111raafcoarse.dnm
Wic_Works/F-111RAAFgrey1/f111raaf.dat Wic_Works/F-111RAAFgrey1/f111raafGrey1.dnm Wic_Works/F-111RAAFgrey1/f111coll.srf Wic_Works/F-111RAAFgrey1/f111coll.srf Wic_Works/F-111RAAFgrey1/f111raafcoarse.dnm
Wic_Works/F-111clean/f111raaf.dat Wic_Works/F-111clean/f111raaf.dnm Wic_Works/F-111clean/f111cock.srf Wic_Works/F-111clean/f111coll.srf Wic_Works/F-111clean/f111raafcoarse.dnm
Wic_Works/F-111RAAFgrey1/f111raafCAS.dat Wic_Works/F-111RAAFgrey1/f111raafgreyCAS.dnm Wic_Works/F-111RAAFgrey1/f111cock.srf Wic_Works/F-111RAAFgrey1/f111coll.srf Wic_Works/F-111RAAFgrey1/f111raafcoarse.dnm
Wic_Works/F-111RAAFgrey1/f111raaftanks.dat Wic_Works/F-111RAAFgrey1/f111raafGreytanks.dnm Wic_Works/F-111RAAFgrey1/f111coll.srf Wic_Works/F-111RAAFgrey1/f111coll.srf Wic_Works/F-111RAAFgrey1/f111raafcoarse.dnm
Wic_Works/RF-111RAAF/rf111.dat Wic_Works/RF-111RAAF/Rf111RAAF.dnm Wic_Works/RF-111RAAF/f111cock.srf Wic_Works/RF-111RAAF/f111coll.srf
Wic_Works/RF-111RAAF/rf111tanks.dat Wic_Works/RF-111RAAF/Rf111RAAFtanks.dnm Wic_Works/RF-111RAAF/f111cock.srf Wic_Works/RF-111RAAF/f111coll.srf
Wic_Works/mi-26r.dat Wic_Works/mi-26r.dnm Wic_Works/mi26coll.srf Wic_Works/mi26cock.srf Wic_Works/mi26rcoarse.dnm
Wic_Works/mi-26.dat Wic_Works/mi-26.dnm Wic_Works/mi26coll.srf Wic_Works/mi26cock.srf Wic_Works/mi26coarse.dnm
Wic_Works/an-71.dat Wic_Works/an-71.dnm Wic_Works/an71coll.srf Wic_Works/an71cock.srf Wic_Works/an71coarse.dnm
Wic_Works/oh-58d.dat Wic_Works/oh-58d.dnm Wic_Works/ch-136coll.srf Wic_Works/ch-136cock.srf Wic_Works/oh-58dcoarse.dnm
Wic_Works/ch-136.dat Wic_Works/ch-136.dnm Wic_Works/ch-136coll.srf Wic_Works/ch-136cock.srf Wic_Works/ch-136coarse.dnm
Wic_Works/l-39c.dat Wic_Works/l-39c.dnm Wic_Works/l-39coll.srf Wic_Works/null.srf Wic_Works/l-39ccoarse.srf
Wic_Works/mh-53.dat Wic_Works/mh-53.dnm Wic_Works/mh-53coll.srf Wic_Works/mh-53cock.srf Wic_Works/mh-53coarse.dnm
Wic_Works/a400m.dat Wic_Works/a400m.dnm Wic_Works/a400coll.srf Wic_Works/null.srf Wic_Works/a400mcoarse.dnm
Wic_Works/extra300.dat Wic_Works/extra300.dnm Wic_Works/extra300coll.srf
Wic_Works/dhc4.dat Wic_Works/dhc4.dnm Wic_Works/dhc4coll.srf Wic_Works/dhc4cockpit.srf Wic_Works/dhc4coarse.srf
Wic_Works/dhc6.dat Wic_Works/dhc6.dnm Wic_Works/dhc6coll.srf
Wic_Works/dhc6ibis.dat Wic_Works/dhc6ibis.dnm Wic_Works/dhc6coll.srf
Wic_Works/c208ibis.dat Wic_Works/c208ib.dnm Wic_Works/c208coll.srf
Wic_Works/c208w.dat Wic_Works/c208w.dnm Wic_Works/c208coll.srf
Wic_Works/atr42.dat Wic_Works/atr42.dnm Wic_Works/atr42coll.srf
Wic_Works/atr72.dat Wic_Works/atr72.dnm Wic_Works/atr42coll.srf
Wic_Works/f19c.dat Wic_Works/f-19c.dnm Wic_Works/f19ccoll.srf
Wic_Works/ghost.dat Wic_Works/ghost.dnm Wic_Works/coll.srf



