User/gre/map/kanto/ground/marine.dat User/gre/map/kanto/ground/marine.srf User/gre/map/kanto/ground/marine.srf
User/gre/map/kanto/ground/ttower.dat User/gre/map/kanto/ground/ttower.srf User/gre/map/kanto/ground/ttower.srf
User/gre/map/kanto/ground/sam.dat User/gre/map/kanto/ground/sam.dnm User/gre/map/kanto/ground/sam.srf
User/gre/map/kanto/ground/ddg.dat User/gre/map/kanto/ground/ddg.dnm User/gre/map/kanto/ground/ddg.srf
User/gre/map/kanto/ground/carrier.dat User/gre/map/kanto/ground/carrier_visual.srf User/gre/map/kanto/ground/carrier_coll.srf
User/gre/map/kanto/ground/rainbow.dat User/gre/map/kanto/ground/rainbow.srf User/gre/map/kanto/ground/rainbow_coll.srf
User/gre/map/kanto/ground/turumi.dat User/gre/map/kanto/ground/turumi.srf User/gre/map/kanto/ground/turumi_coll.srf
User/gre/map/kanto/ground/landmark.dat User/gre/map/kanto/ground/landmark.srf User/gre/map/kanto/ground/landmark_coll.srf
User/gre/map/kanto/ground/bay.dat User/gre/map/kanto/ground/bay.srf User/gre/map/kanto/ground/baycoll.srf
User/gre/map/kanto/ground/ils.dat User/gre/map/kanto/ground/ils_visual.srf User/gre/map/kanto/ground/ils_coll.srf