user/2ch/gac/F-5E_AUSTRIA.dat user/2ch/gac/F-5E_AUSTRIA.dnm user/2ch/gac/f5cl.srf user/2ch/gac/f5cpt.srf
user/2ch/gac/J-35Oe_AUSTRIA.dat user/2ch/gac/J-35Oe_AUSTRIA.dnm user/2ch/gac/j35cl.srf user/2ch/gac/j35cpt.srf
user/2ch/gac/C-130K_AUSTRIA.dat user/2ch/gac/C-130K_AUSTRIA.dnm user/2ch/gac/c130cl.srf user/2ch/gac/c130cpt.srf
user/2ch/gac/S-70A_AUSTRIA.dat user/2ch/gac/S-70A_AUSTRIA.dnm user/2ch/gac/uh60cl.srf user/2ch/gac/uh60cpt.srf
user/2ch/gac/OH-58B_AUSTRIA.dat user/2ch/gac/OH-58B_AUSTRIA.dnm user/2ch/gac/oh58cl.srf user/2ch/gac/oh58cpt.srf

user/2ch/gac/FA-18A_AUSTRALIA.dat user/2ch/gac/FA-18A_AUSTRALIA.dnm user/2ch/gac/f18cl.srf user/2ch/gac/f18cpt.srf
user/2ch/gac/FA-18B_AUSTRALIA.dat user/2ch/gac/FA-18B_AUSTRALIA.dnm user/2ch/gac/f18cl.srf user/2ch/gac/f18dcpt.srf
user/2ch/gac/F-111C_AUSTRALIA.dat user/2ch/gac/F-111C_AUSTRALIA.dnm user/2ch/gac/f111cl.srf user/2ch/gac/f111cpt.srf
user/2ch/gac/F-111G_AUSTRALIA.dat user/2ch/gac/F-111G_AUSTRALIA.dnm user/2ch/gac/f111cl.srf user/2ch/gac/f111cpt.srf
user/2ch/gac/EF-111A_AUSTRALIA.dat user/2ch/gac/EF-111A_AUSTRALIA.dnm user/2ch/gac/f111cl.srf user/2ch/gac/f111cpt.srf
user/2ch/gac/HAWKMk127_AUSTRALIA.dat user/2ch/gac/HAWKMk127_AUSTRALIA.dnm user/2ch/gac/hawkcl.srf user/2ch/gac/hawkcpt.srf
user/2ch/gac/C-130J-30_AUSTRALIA.dat user/2ch/gac/C-130J-30_AUSTRALIA.dnm user/2ch/gac/c130strcl.srf user/2ch/gac/c130strcpt.srf

user/2ch/gac/MiG-25BM_BELARUS.dat user/2ch/gac/MiG-25BM_BELARUS.dnm user/2ch/gac/m25cl.srf user/2ch/gac/m25cpt.srf
user/2ch/gac/MiG-29BM_BELARUS.dat user/2ch/gac/MiG-29BM_BELARUS.dnm user/2ch/gac/mig29cl.srf user/2ch/gac/mig29cpt.srf
user/2ch/gac/MiG-29UB_BELARUS.dat user/2ch/gac/MiG-29UB_BELARUS.dnm user/2ch/gac/mig29cl.srf user/2ch/gac/mig29ubcpt.srf
user/2ch/gac/Su-24M_BELARUS.dat user/2ch/gac/Su-24M_BELARUS.dnm user/2ch/gac/su24cl.srf user/2ch/gac/su24cpt.srf
user/2ch/gac/Su-25K_BELARUS.dat user/2ch/gac/Su-25K_BELARUS.dnm user/2ch/gac/su25cl.srf user/2ch/gac/su25cpt.srf
user/2ch/gac/Su-25UB_BELARUS.dat user/2ch/gac/Su-25UB_BELARUS.dnm user/2ch/gac/su39cl.srf user/2ch/gac/su25utcpt.srf
user/2ch/gac/Su-27S_BELARUS.dat user/2ch/gac/Su-27S_BELARUS.dnm user/2ch/gac/su27cl.srf user/2ch/gac/su27cpt.srf
user/2ch/gac/Su-27UB_BELARUS.dat user/2ch/gac/Su-27UB_BELARUS.dnm user/2ch/gac/su27cl.srf user/2ch/gac/su30cpt.srf
user/2ch/gac/Mi-35_BELARUS.dat user/2ch/gac/Mi-35_BELARUS.dnm user/2ch/gac/mi24cl.srf user/2ch/gac/mi24cpt.srf

user/2ch/gac/F-5E_SWISS.dat user/2ch/gac/F-5E_SWISS.dnm user/2ch/gac/f5cl.srf user/2ch/gac/f5cpt.srf
user/2ch/gac/F-5F_SWISS.dat user/2ch/gac/F-5F_SWISS.dnm user/2ch/gac/f5fcl.srf user/2ch/gac/f5bcpt.srf
user/2ch/gac/FA-18C_SWISS.dat user/2ch/gac/FA-18C_SWISS.dnm user/2ch/gac/f18cl.srf user/2ch/gac/f18cpt.srf
user/2ch/gac/FA-18D_SWISS.dat user/2ch/gac/FA-18D_SWISS.dnm user/2ch/gac/f18cl.srf user/2ch/gac/f18dcpt.srf
user/2ch/gac/MRGIIIS_SWISS.dat user/2ch/gac/MRGIIIS_SWISS.dnm user/2ch/gac/mrg3cl.srf user/2ch/gac/mrg3cpt.srf

user/2ch/gac/JJ-5_CHINA.dat user/2ch/gac/JJ-5_CHINA.dnm user/2ch/gac/mig17cl.srf user/2ch/gac/jj5cpt.srf
user/2ch/gac/JJ-6_CHINA.dat user/2ch/gac/JJ-6_CHINA.dnm user/2ch/gac/jj6cl.srf user/2ch/gac/jj6cpt.srf
user/2ch/gac/J-7II_CHINA.dat user/2ch/gac/J-7II_CHINA.dnm user/2ch/gac/mig21pfmcl.srf user/2ch/gac/j7cpt.srf
user/2ch/gac/J-7C_CHINA.dat user/2ch/gac/J-7C_CHINA.dnm user/2ch/gac/mig21mfcl.srf user/2ch/gac/mig21mfcpt.srf
user/2ch/gac/J-7E_CHINA.dat user/2ch/gac/J-7E_CHINA.dnm user/2ch/gac/j7cl.srf user/2ch/gac/j7cpt.srf
user/2ch/gac/JJ-7_CHINA.dat user/2ch/gac/JJ-7_CHINA.dnm user/2ch/gac/mig21mfcl.srf user/2ch/gac/mig21ucpt.srf
user/2ch/gac/J-8E_CHINA.dat user/2ch/gac/J-8E_CHINA.dnm user/2ch/gac/j8icl.srf user/2ch/gac/j8cpt.srf
user/2ch/gac/J-8H_CHINA.dat user/2ch/gac/J-8H_CHINA.dnm user/2ch/gac/j8iicl.srf user/2ch/gac/j8cpt.srf
user/2ch/gac/J-9_CHINA.dat user/2ch/gac/J-9_CHINA.dnm user/2ch/gac/j9cl.srf user/2ch/gac/j9cpt.srf
user/2ch/gac/J-10A_CHINA.dat user/2ch/gac/J-10A_CHINA.dnm user/2ch/gac/j10cl.srf user/2ch/gac/j10cpt.srf
user/2ch/gac/J-10B_CHINA.dat user/2ch/gac/J-10B_CHINA.dnm user/2ch/gac/j10cl.srf user/2ch/gac/j10bcpt.srf
user/2ch/gac/J-11_CHINA.dat user/2ch/gac/J-11_CHINA.dnm user/2ch/gac/su27cl.srf user/2ch/gac/su27cpt.srf
user/2ch/gac/Su-30MKK2_CHINA.dat user/2ch/gac/Su-30MKK2_CHINA.dnm user/2ch/gac/su27cl.srf user/2ch/gac/su30cpt.srf
user/2ch/gac/Q-5E_CHINA.dat user/2ch/gac/Q-5E_CHINA.dnm user/2ch/gac/q5cl.srf user/2ch/gac/q5cpt.srf
user/2ch/gac/H-6F_CHINA.dat user/2ch/gac/H-6F_CHINA.dnm user/2ch/gac/h6cl.srf user/2ch/gac/h6cpt.srf
user/2ch/gac/JH-7A_CHINA.dat user/2ch/gac/JH-7A_CHINA.dnm user/2ch/gac/jh7cl.srf user/2ch/gac/jh7cpt.srf
user/2ch/gac/KJ-2000_CHINA.dat user/2ch/gac/KJ-2000_CHINA.dnm user/2ch/gac/a50cl.srf user/2ch/gac/a50cpt.srf
user/2ch/gac/Il-76MD_CHINA.dat user/2ch/gac/Il-76MD_CHINA.dnm user/2ch/gac/a50cl.srf user/2ch/gac/a50cpt.srf
user/2ch/gac/S-70C_CHINA.dat user/2ch/gac/S-70C_CHINA.dnm user/2ch/gac/uh60cl.srf user/2ch/gac/uh60cpt.srf
user/2ch/gac/Mi-17_CHINA.dat user/2ch/gac/Mi-17_CHINA.dnm user/2ch/gac/mi17cl.srf user/2ch/gac/mi17cpt.srf
user/2ch/gac/MBT_WZ-122H_CHINA.dat user/2ch/gac/MBT_WZ-122H_CHINA.dnm user/2ch/gac/wz122cl.srf user/2ch/gac/null.srf
user/2ch/gac/MBT_WZ-123B_CHINA.dat user/2ch/gac/MBT_WZ-123B_CHINA.dnm user/2ch/gac/wz123cl.srf user/2ch/gac/null.srf

user/2ch/gac/JAS-39C_CZECH.dat user/2ch/gac/JAS-39C_CZECH.dnm user/2ch/gac/jas39cl.srf user/2ch/gac/jas39cpt.srf
user/2ch/gac/JAS-39D_CZECH.dat user/2ch/gac/JAS-39D_CZECH.dnm user/2ch/gac/jas39dcl.srf user/2ch/gac/jas39dcpt.srf
user/2ch/gac/MiG-21MFN_CZECH.dat user/2ch/gac/MiG-21MFN_CZECH.dnm user/2ch/gac/mig21mfcl.srf user/2ch/gac/mig21mfcpt.srf
user/2ch/gac/MiG-21UM_CZECH.dat user/2ch/gac/MiG-21UM_CZECH.dnm user/2ch/gac/mig21mfcl.srf user/2ch/gac/mig21ucpt.srf
user/2ch/gac/MiG-29A_CZECH.dat user/2ch/gac/MiG-29A_CZECH.dnm user/2ch/gac/mig29cl.srf user/2ch/gac/mig29cpt.srf
user/2ch/gac/Su-22M-4_CZECH.dat user/2ch/gac/Su-22M-4_CZECH.dnm user/2ch/gac/su22cl.srf user/2ch/gac/su22cpt.srf
user/2ch/gac/Su-22UM-3K_CZECH.dat user/2ch/gac/Su-22UM-3K_CZECH.dnm user/2ch/gac/su22cl.srf user/2ch/gac/su22ucpt.srf
user/2ch/gac/Su-25K_CZECH.dat user/2ch/gac/Su-25K_CZECH.dnm user/2ch/gac/su25cl.srf user/2ch/gac/su25cpt.srf
user/2ch/gac/Su-25UB_CZECH.dat user/2ch/gac/Su-25UB_CZECH.dnm user/2ch/gac/su39cl.srf user/2ch/gac/su25utcpt.srf
user/2ch/gac/L-39C_CZECH.dat user/2ch/gac/L-39C_CZECH.dnm user/2ch/gac/l39cl.srf user/2ch/gac/l39cpt.srf
user/2ch/gac/L-159A_CZECH.dat user/2ch/gac/L-159A_CZECH.dnm user/2ch/gac/l39cl.srf user/2ch/gac/l39cpt.srf
user/2ch/gac/Mi-24V_CZECH.dat user/2ch/gac/Mi-24V_CZECH.dnm user/2ch/gac/mi24cl.srf user/2ch/gac/mi24cpt.srf

user/2ch/gac/F-4F_GERMAN.dat user/2ch/gac/F-4F_GERMAN.dnm user/2ch/gac/f4cl.srf user/2ch/gac/f4cpt.srf
user/2ch/gac/EF-2000_GERMAN.dat user/2ch/gac/EF-2000_GERMAN.dnm user/2ch/gac/typcl.srf user/2ch/gac/typcpt.srf
user/2ch/gac/EF-2000T_GERMAN.dat user/2ch/gac/EF-2000T_GERMAN.dnm user/2ch/gac/typcl.srf user/2ch/gac/typtcpt.srf
user/2ch/gac/MiG-29G_GERMAN.dat user/2ch/gac/MiG-29G_GERMAN.dnm user/2ch/gac/mig29cl.srf user/2ch/gac/mig29cpt.srf
user/2ch/gac/TNDIDS_GERMAN.dat user/2ch/gac/TNDIDS_GERMAN.dnm user/2ch/gac/tndcl.srf user/2ch/gac/tndcpt.srf
user/2ch/gac/TNDECR_GERMAN.dat user/2ch/gac/TNDECR_GERMAN.dnm user/2ch/gac/tndcl.srf user/2ch/gac/tndcpt.srf
user/2ch/gac/TIGER-UHT_GERMAN.dat user/2ch/gac/TIGER-UHT_GERMAN.dnm user/2ch/gac/tigercl.srf user/2ch/gac/tigercpt.srf
user/2ch/gac/UH-1D_GERMAN.dat user/2ch/gac/UH-1D_GERMAN.dnm user/2ch/gac/hueycl.srf user/2ch/gac/hueycpt.srf
user/2ch/gac/MBT_LEO2A6_GERMAN.dat user/2ch/gac/MBT_LEO2A6_GERMAN.dnm user/2ch/gac/leo2cl.srf user/2ch/gac/null.srf
user/2ch/gac/APC_MRDR1A3_GERMAN.dat user/2ch/gac/APC_MRDR1A3_GERMAN.dnm user/2ch/gac/mardercl.srf user/2ch/gac/null.srf
user/2ch/gac/AAV_GEPARD_GERMAN.dat user/2ch/gac/AAV_GEPARD_GERMAN.dnm user/2ch/gac/gepardcl.srf user/2ch/gac/null.srf

user/2ch/gac/SF-5B_SPAIN.dat user/2ch/gac/SF-5B_SPAIN.dnm user/2ch/gac/t38cl.srf user/2ch/gac/f5bcpt.srf
user/2ch/gac/MRGF1M_SPAIN.dat user/2ch/gac/MRGF1M_SPAIN.dnm user/2ch/gac/mrgf1cl.srf user/2ch/gac/mrgf1cpt.srf
user/2ch/gac/MRGF1BM_SPAIN.dat user/2ch/gac/MRGF1BM_SPAIN.dnm user/2ch/gac/mrgf1bcl.srf user/2ch/gac/mrgf1bcpt.srf
user/2ch/gac/EF-18AP_SPAIN.dat user/2ch/gac/EF-18AP_SPAIN.dnm user/2ch/gac/f18cl.srf user/2ch/gac/f18cpt.srf
user/2ch/gac/EF-18BP_SPAIN.dat user/2ch/gac/EF-18BP_SPAIN.dnm user/2ch/gac/f18cl.srf user/2ch/gac/f18dcpt.srf
user/2ch/gac/EF-2000A_SPAIN.dat user/2ch/gac/EF-2000A_SPAIN.dnm user/2ch/gac/typcl.srf user/2ch/gac/typcpt.srf
user/2ch/gac/EF-2000B_SPAIN.dat user/2ch/gac/EF-2000B_SPAIN.dnm user/2ch/gac/typcl.srf user/2ch/gac/typtcpt.srf
user/2ch/gac/EAV-8BP_SPAIN.dat user/2ch/gac/EAV-8BP_SPAIN.dnm user/2ch/gac/harcl.srf user/2ch/gac/harcpt.srf
user/2ch/gac/TAV-8B_SPAIN.dat user/2ch/gac/TAV-8B_SPAIN.dnm user/2ch/gac/tharcl.srf user/2ch/gac/tharcpt.srf
user/2ch/gac/C-130H-30_SPAIN.dat user/2ch/gac/C-130H-30_SPAIN.dnm user/2ch/gac/c130strcl.srf user/2ch/gac/c130strcpt.srf
user/2ch/gac/UH-1H_SPAIN.dat user/2ch/gac/UH-1H_SPAIN.dnm user/2ch/gac/hueycl.srf user/2ch/gac/hueycpt.srf

user/2ch/gac/F-18C_FINLAND.dat user/2ch/gac/F-18C_FINLAND.dnm user/2ch/gac/f18cl.srf user/2ch/gac/f18cpt.srf
user/2ch/gac/F-18D_FINLAND.dat user/2ch/gac/F-18D_FINLAND.dnm user/2ch/gac/f18cl.srf user/2ch/gac/f18dcpt.srf
user/2ch/gac/J-35XS_FINLAND.dat user/2ch/gac/J-35XS_FINLAND.dnm user/2ch/gac/j35cl.srf user/2ch/gac/j35cpt.srf
user/2ch/gac/HAWKMk51_FINLAND.dat user/2ch/gac/HAWKMk51_FINLAND.dnm user/2ch/gac/hawkcl.srf user/2ch/gac/hawkcpt.srf
user/2ch/gac/Mi-8T_FINLAND.dat user/2ch/gac/Mi-8T_FINLAND.dnm user/2ch/gac/mi8cl.srf user/2ch/gac/mi8cpt.srf

user/2ch/gac/F-8E-FN_FRANCE.dat user/2ch/gac/F-8E-FN_FRANCE.dnm user/2ch/gac/f8cl.srf user/2ch/gac/f8cpt.srf
user/2ch/gac/MRG2000-5M2_FRANCE.dat user/2ch/gac/MRG2000-5M2_FRANCE.dnm user/2ch/gac/mrgcl.srf user/2ch/gac/mrgcpt.srf
user/2ch/gac/MRG2000D_FRANCE.dat user/2ch/gac/MRG2000D_FRANCE.dnm user/2ch/gac/mrgcl.srf user/2ch/gac/mrgdcpt.srf
user/2ch/gac/MRGF1CT_FRANCE.dat user/2ch/gac/MRGF1CT_FRANCE.dnm user/2ch/gac/mrgf1cl.srf user/2ch/gac/mrgf1cpt.srf
user/2ch/gac/MRGF1B_FRANCE.dat user/2ch/gac/MRGF1B_FRANCE.dnm user/2ch/gac/mrgf1bcl.srf user/2ch/gac/mrgf1bcpt.srf
user/2ch/gac/RAFALE-B_FRANCE.dat user/2ch/gac/RAFALE-B_FRANCE.dnm user/2ch/gac/rafalecl.srf user/2ch/gac/rafalecpt.srf
user/2ch/gac/RAFALE-M_FRANCE.dat user/2ch/gac/RAFALE-M_FRANCE.dnm user/2ch/gac/rafalecl.srf user/2ch/gac/rafalescpt.srf
user/2ch/gac/JGRE_FRANCE.dat user/2ch/gac/JGRE_FRANCE.dnm user/2ch/gac/jaguartcl.srf user/2ch/gac/jaguartcpt.srf
user/2ch/gac/SUPERETEN_FRANCE.dat user/2ch/gac/SUPERETEN_FRANCE.dnm user/2ch/gac/superetencl.srf user/2ch/gac/superetencpt.srf
user/2ch/gac/ALPHAJ-E_FRANCE.dat user/2ch/gac/ALPHAJ-E_FRANCE.dnm user/2ch/gac/alphajcl.srf user/2ch/gac/alphajcpt.srf
user/2ch/gac/E-2C_FRANCE.dat user/2ch/gac/E-2C_FRANCE.dnm user/2ch/gac/e2cl.srf user/2ch/gac/e2cpt.srf

user/2ch/gac/E-3F_FRANCE.dat user/2ch/gac/E-3F_FRANCE.dnm user/2ch/gac/e3cl.srf user/2ch/gac/e3cpt.srf
user/2ch/gac/TIGER-HAP_FRANCE.dat user/2ch/gac/TIGER-HAP_FRANCE.dnm user/2ch/gac/tigercl.srf user/2ch/gac/tigercpt.srf
user/2ch/gac/MBT_LECLERC_FRANCE.dat user/2ch/gac/MBT_LECLERC_FRANCE.dnm user/2ch/gac/leclerccl.srf user/2ch/gac/null.srf

user/2ch/gac/F-4E_GREECE.dat user/2ch/gac/F-4E_GREECE.dnm user/2ch/gac/f4cl.srf user/2ch/gac/f4cpt.srf
user/2ch/gac/F-16CJ_GREECE.dat user/2ch/gac/F-16CJ_GREECE.dnm user/2ch/gac/f16cl.srf user/2ch/gac/f16cpt.srf
user/2ch/gac/F-16DJ_GREECE.dat user/2ch/gac/F-16DJ_GREECE.dnm user/2ch/gac/f16cl.srf user/2ch/gac/f16dcpt.srf
user/2ch/gac/MRG2000EG_GREECE.dat user/2ch/gac/MRG2000EG_GREECE.dnm user/2ch/gac/mrgcl.srf user/2ch/gac/mrgcpt.srf
user/2ch/gac/MRG2000BG_GREECE.dat user/2ch/gac/MRG2000BG_GREECE.dnm user/2ch/gac/mrgcl.srf user/2ch/gac/mrgdcpt.srf
user/2ch/gac/MRGF1CG_GREECE.dat user/2ch/gac/MRGF1CG_GREECE.dnm user/2ch/gac/mrgf1cl.srf user/2ch/gac/mrgf1cpt.srf
user/2ch/gac/A-7E_GREECE.dat user/2ch/gac/A-7E_GREECE.dnm user/2ch/gac/a7cl.srf user/2ch/gac/a7cpt.srf
user/2ch/gac/TA-7H_GREECE.dat user/2ch/gac/TA-7H_GREECE.dnm user/2ch/gac/ta7cl.srf user/2ch/gac/ta7cpt.srf

user/2ch/gac/JAS-39C_HUNGARY.dat user/2ch/gac/JAS-39C_HUNGARY.dnm user/2ch/gac/jas39cl.srf user/2ch/gac/jas39cpt.srf
user/2ch/gac/JAS-39D_HUNGARY.dat user/2ch/gac/JAS-39D_HUNGARY.dnm user/2ch/gac/jas39dcl.srf user/2ch/gac/jas39dcpt.srf
user/2ch/gac/MiG-21Bis_HUNGARY.dat user/2ch/gac/MiG-21Bis_HUNGARY.dnm user/2ch/gac/mig21cl.srf user/2ch/gac/mig21mfcpt.srf
user/2ch/gac/MiG-29A_HUNGARY.dat user/2ch/gac/MiG-29A_HUNGARY.dnm user/2ch/gac/mig29cl.srf user/2ch/gac/mig29cpt.srf
user/2ch/gac/MiG-29UB_HUNGARY.dat user/2ch/gac/MiG-29UB_HUNGARY.dnm user/2ch/gac/mig29cl.srf user/2ch/gac/mig29ubcpt.srf
user/2ch/gac/Mi-8T_HUNGARY.dat user/2ch/gac/Mi-8T_HUNGARY.dnm user/2ch/gac/mi8cl.srf user/2ch/gac/mi8cpt.srf
user/2ch/gac/Mi-24V_HUNGARY.dat user/2ch/gac/Mi-24V_HUNGARY.dnm user/2ch/gac/mi24cl.srf user/2ch/gac/mi24cpt.srf

user/2ch/gac/F-5E_INDONESIA.dat user/2ch/gac/F-5E_INDONESIA.dnm user/2ch/gac/f5cl.srf user/2ch/gac/f5cpt.srf
user/2ch/gac/F-5F_INDONESIA.dat user/2ch/gac/F-5F_INDONESIA.dnm user/2ch/gac/f5fcl.srf user/2ch/gac/f5bcpt.srf
user/2ch/gac/F-16A_INDONESIA.dat user/2ch/gac/F-16A_INDONESIA.dnm user/2ch/gac/f16cl.srf user/2ch/gac/f16cpt.srf
user/2ch/gac/F-16B_INDONESIA.dat user/2ch/gac/F-16B_INDONESIA.dnm user/2ch/gac/f16cl.srf user/2ch/gac/f16dcpt.srf
user/2ch/gac/Su-27SK_INDONESIA.dat user/2ch/gac/Su-27SK_INDONESIA.dnm user/2ch/gac/su27cl.srf user/2ch/gac/su27cpt.srf
user/2ch/gac/Su-30MK_INDONESIA.dat user/2ch/gac/Su-30MK_INDONESIA.dnm user/2ch/gac/su27cl.srf user/2ch/gac/su30cpt.srf
user/2ch/gac/A-4E_INDONESIA.dat user/2ch/gac/A-4E_INDONESIA.dnm user/2ch/gac/a4cl.srf user/2ch/gac/a4ecpt.srf
user/2ch/gac/OV-10F_INDONESIA.dat user/2ch/gac/OV-10F_INDONESIA.dnm user/2ch/gac/ov10cl.srf user/2ch/gac/ov10cpt.srf

user/2ch/gac/F-4E_ISRAEL.dat user/2ch/gac/F-4E_ISRAEL.dnm user/2ch/gac/f4cl.srf user/2ch/gac/f4cpt.srf
user/2ch/gac/F-15A_ISRAEL.dat user/2ch/gac/F-15A_ISRAEL.dnm user/2ch/gac/f15cl.srf user/2ch/gac/f15sscpt.srf
user/2ch/gac/F-15B_ISRAEL.dat user/2ch/gac/F-15B_ISRAEL.dnm user/2ch/gac/f15cl.srf user/2ch/gac/f15dscpt.srf
user/2ch/gac/F-15I_ISRAEL.dat user/2ch/gac/F-15I_ISRAEL.dnm user/2ch/gac/f15cl.srf user/2ch/gac/f15escpt.srf
user/2ch/gac/F-16CG_ISRAEL.dat user/2ch/gac/F-16CG_ISRAEL.dnm user/2ch/gac/f16cl.srf user/2ch/gac/f16cpt.srf
user/2ch/gac/F-16DG_ISRAEL.dat user/2ch/gac/F-16DG_ISRAEL.dnm user/2ch/gac/f16cl.srf user/2ch/gac/f16dcpt.srf
user/2ch/gac/F-16I_ISRAEL.dat user/2ch/gac/F-16I_ISRAEL.dnm user/2ch/gac/f16cl.srf user/2ch/gac/f16dcpt.srf
user/2ch/gac/A-4N_ISRAEL.dat user/2ch/gac/A-4N_ISRAEL.dnm user/2ch/gac/a4cl.srf user/2ch/gac/a4mcpt.srf
user/2ch/gac/TA-4J_ISRAEL.dat user/2ch/gac/TA-4J_ISRAEL.dnm user/2ch/gac/ta4cl.srf user/2ch/gac/ta4cpt.srf
user/2ch/gac/AH-1S_ISRAEL.dat user/2ch/gac/AH-1S_ISRAEL.dnm user/2ch/gac/cobracl.srf user/2ch/gac/cobracpt.srf
user/2ch/gac/AH-64A_ISRAEL.dat user/2ch/gac/AH-64A_ISRAEL.dnm user/2ch/gac/apachecl.srf user/2ch/gac/apachecpt.srf
user/2ch/gac/AH-64D_ISRAEL.dat user/2ch/gac/AH-64D_ISRAEL.dnm user/2ch/gac/apachecl.srf user/2ch/gac/apachecpt.srf
user/2ch/gac/S-70A_ISRAEL.dat user/2ch/gac/S-70A_ISRAEL.dnm user/2ch/gac/uh60cl.srf user/2ch/gac/uh60cpt.srf

user/2ch/gac/SEAHARFRS51_INDIA.dat user/2ch/gac/SEAHARFRS51_INDIA.dnm user/2ch/gac/seaharcl.srf user/2ch/gac/seaharcpt.srf
user/2ch/gac/SEAHART60_INDIA.dat user/2ch/gac/SEAHART60_INDIA.dnm user/2ch/gac/hart8cl.srf user/2ch/gac/hart8cpt.srf
user/2ch/gac/MRG2000H_INDIA.dat user/2ch/gac/MRG2000H_INDIA.dnm user/2ch/gac/mrgcl.srf user/2ch/gac/mrgcpt.srf
user/2ch/gac/MRG2000TH_INDIA.dat user/2ch/gac/MRG2000TH_INDIA.dnm user/2ch/gac/mrgcl.srf user/2ch/gac/mrgdcpt.srf
user/2ch/gac/MiG-21FL_INDIA.dat user/2ch/gac/MiG-21FL_INDIA.dnm user/2ch/gac/mig21pfmcl.srf user/2ch/gac/mig21flcpt.srf
user/2ch/gac/MiG-21MF_INDIA.dat user/2ch/gac/MiG-21MF_INDIA.dnm user/2ch/gac/mig21mfcl.srf user/2ch/gac/mig21mfcpt.srf
user/2ch/gac/MiG-21Bis_INDIA.dat user/2ch/gac/MiG-21Bis_INDIA.dnm user/2ch/gac/mig21mfcl.srf user/2ch/gac/mig21mfcpt.srf
user/2ch/gac/MiG-21Bison_INDIA.dat user/2ch/gac/MiG-21Bison_INDIA.dnm user/2ch/gac/mig21cl.srf user/2ch/gac/mig21cpt.srf
user/2ch/gac/MiG-21UM_INDIA.dat user/2ch/gac/MiG-21UM_INDIA.dnm user/2ch/gac/mig21mfcl.srf user/2ch/gac/mig21ucpt.srf
user/2ch/gac/MiG-23MF_INDIA.dat user/2ch/gac/MiG-23MF_INDIA.dnm user/2ch/gac/mig23cl.srf user/2ch/gac/mig23cpt.srf
user/2ch/gac/MiG-23UM_INDIA.dat user/2ch/gac/MiG-23UM_INDIA.dnm user/2ch/gac/mig23cl.srf user/2ch/gac/mig23ubcpt.srf
user/2ch/gac/MiG-25PD_INDIA.dat user/2ch/gac/MiG-25PD_INDIA.dnm user/2ch/gac/m25cl.srf user/2ch/gac/m25cpt.srf
user/2ch/gac/MiG-25PU_INDIA.dat user/2ch/gac/MiG-25PU_INDIA.dnm user/2ch/gac/m25cl.srf user/2ch/gac/m25pucpt.srf
user/2ch/gac/MiG-27ML_INDIA.dat user/2ch/gac/MiG-27ML_INDIA.dnm user/2ch/gac/mig27cl.srf user/2ch/gac/mig27cpt.srf
user/2ch/gac/MiG-29B_INDIA.dat user/2ch/gac/MiG-29B_INDIA.dnm user/2ch/gac/mig29cl.srf user/2ch/gac/mig29cpt.srf
user/2ch/gac/MiG-29UB_INDIA.dat user/2ch/gac/MiG-29UB_INDIA.dnm user/2ch/gac/mig29cl.srf user/2ch/gac/mig29ubcpt.srf
user/2ch/gac/Su-30MK1_INDIA.dat user/2ch/gac/Su-30MK1_INDIA.dnm user/2ch/gac/su27cl.srf user/2ch/gac/su30cpt.srf
user/2ch/gac/Su-30MKI_INDIA.dat user/2ch/gac/Su-30MKI_INDIA.dnm user/2ch/gac/su37cl.srf user/2ch/gac/su30cpt.srf
user/2ch/gac/JGRIS_INDIA.dat user/2ch/gac/JGRIS_INDIA.dnm user/2ch/gac/jaguarcl.srf user/2ch/gac/jaguarcpt.srf
user/2ch/gac/JGRIM_INDIA.dat user/2ch/gac/JGRIM_INDIA.dnm user/2ch/gac/jaguarcl.srf user/2ch/gac/jaguarcpt.srf
user/2ch/gac/JGRIB_INDIA.dat user/2ch/gac/JGRIB_INDIA.dnm user/2ch/gac/jaguartcl.srf user/2ch/gac/jaguartcpt.srf
user/2ch/gac/Il-76MD_INDIA.dat user/2ch/gac/Il-76MD_INDIA.dnm user/2ch/gac/a50cl.srf user/2ch/gac/a50cpt.srf
user/2ch/gac/Mi-35_INDIA.dat user/2ch/gac/Mi-35_INDIA.dnm user/2ch/gac/mi24cl.srf user/2ch/gac/mi24cpt.srf

user/2ch/gac/F-4D_IRAN.dat user/2ch/gac/F-4D_IRAN.dnm user/2ch/gac/f4scl.srf user/2ch/gac/f4cpt.srf
user/2ch/gac/F-4E_IRAN.dat user/2ch/gac/F-4E_IRAN.dnm user/2ch/gac/f4cl.srf user/2ch/gac/f4cpt.srf
user/2ch/gac/F-5E_IRAN.dat user/2ch/gac/F-5E_IRAN.dnm user/2ch/gac/f5cl.srf user/2ch/gac/f5cpt.srf
user/2ch/gac/F-5F_IRAN.dat user/2ch/gac/F-5F_IRAN.dnm user/2ch/gac/f5fcl.srf user/2ch/gac/f5bcpt.srf
user/2ch/gac/F-14A_IRAN.dat user/2ch/gac/F-14A_IRAN.dnm user/2ch/gac/f14cl.srf user/2ch/gac/f14cpt.srf
user/2ch/gac/F-14Amod_IRAN.dat user/2ch/gac/F-14Amod_IRAN.dnm user/2ch/gac/f14cl.srf user/2ch/gac/f14cpt.srf
user/2ch/gac/MRGF1EQ_IRAN.dat user/2ch/gac/MRGF1EQ_IRAN.dnm user/2ch/gac/mrgf1cl.srf user/2ch/gac/mrgf1cpt.srf
user/2ch/gac/MRGF1BQ_IRAN.dat user/2ch/gac/MRGF1BQ_IRAN.dnm user/2ch/gac/mrgf1bcl.srf user/2ch/gac/mrgf1bcpt.srf
user/2ch/gac/MiG-29B_IRAN.dat user/2ch/gac/MiG-29B_IRAN.dnm user/2ch/gac/mig29cl.srf user/2ch/gac/mig29cpt.srf
user/2ch/gac/MiG-29UB_IRAN.dat user/2ch/gac/MiG-29UB_IRAN.dnm user/2ch/gac/mig29cl.srf user/2ch/gac/mig29ubcpt.srf
user/2ch/gac/F-7M_IRAN.dat user/2ch/gac/F-7M_IRAN.dnm user/2ch/gac/mig21pfmcl.srf user/2ch/gac/j7cpt.srf
user/2ch/gac/FT-7M_IRAN.dat user/2ch/gac/FT-7M_IRAN.dnm user/2ch/gac/mig21mfcl.srf user/2ch/gac/mig21ucpt.srf
user/2ch/gac/Su-24MK_IRAN.dat user/2ch/gac/Su-24MK_IRAN.dnm user/2ch/gac/su24cl.srf user/2ch/gac/su24cpt.srf
user/2ch/gac/Su-25K_IRAN.dat user/2ch/gac/Su-25K_IRAN.dnm user/2ch/gac/su25cl.srf user/2ch/gac/su25cpt.srf
user/2ch/gac/Su-25UBK_IRAN.dat user/2ch/gac/Su-25UBK_IRAN.dnm user/2ch/gac/su39cl.srf user/2ch/gac/su25utcpt.srf
user/2ch/gac/Il-76MD-AWACS_IRAN.dat user/2ch/gac/Il-76MD-AWACS_IRAN.dnm user/2ch/gac/a50cl.srf user/2ch/gac/a50cpt.srf
user/2ch/gac/AH-1J_IRAN.dat user/2ch/gac/AH-1J_IRAN.dnm user/2ch/gac/cobraWcl.srf user/2ch/gac/cobraWcpt.srf

user/2ch/gac/F-16AM_ITALY.dat user/2ch/gac/F-16AM_ITALY.dnm user/2ch/gac/f16cl.srf user/2ch/gac/f16cpt.srf
user/2ch/gac/F-104S_ASA-M_ITALY.dat user/2ch/gac/F-104S_ASA-M_ITALY.dnm user/2ch/gac/f104wtankcl.srf user/2ch/gac/f104cpt.srf
user/2ch/gac/TF-104G_ITALY.dat user/2ch/gac/TF-104G_ITALY.dnm user/2ch/gac/tf104wtankcl.srf user/2ch/gac/tf104cpt.srf
user/2ch/gac/EF-2000A_ITALY.dat user/2ch/gac/EF-2000A_ITALY.dnm user/2ch/gac/typcl.srf user/2ch/gac/typcpt.srf
user/2ch/gac/EF-2000B_ITALY.dat user/2ch/gac/EF-2000B_ITALY.dnm user/2ch/gac/typcl.srf user/2ch/gac/typtcpt.srf
user/2ch/gac/TNDF3_ITALY.dat user/2ch/gac/TNDF3_ITALY.dnm user/2ch/gac/tndcl.srf user/2ch/gac/tndcpt.srf
user/2ch/gac/TNDIDS_ITALY.dat user/2ch/gac/TNDIDS_ITALY.dnm user/2ch/gac/tndcl.srf user/2ch/gac/tndcpt.srf
user/2ch/gac/TNDECR_ITALY.dat user/2ch/gac/TNDECR_ITALY.dnm user/2ch/gac/tndcl.srf user/2ch/gac/tndcpt.srf
user/2ch/gac/AV-8BP_ITALY.dat user/2ch/gac/AV-8BP_ITALY.dnm user/2ch/gac/harcl.srf user/2ch/gac/harcpt.srf
user/2ch/gac/TAV-8B_ITALY.dat user/2ch/gac/TAV-8B_ITALY.dnm user/2ch/gac/tharcl.srf user/2ch/gac/tharcpt.srf
user/2ch/gac/AMX_ITALY.dat user/2ch/gac/AMX_ITALY.dnm user/2ch/gac/amxcl.srf user/2ch/gac/amxcpt.srf
user/2ch/gac/AMX-T_ITALY.dat user/2ch/gac/AMX-T_ITALY.dnm user/2ch/gac/amxcl.srf user/2ch/gac/amxtcpt.srf
user/2ch/gac/C-130J-30_ITALY.dat user/2ch/gac/C-130J-30_ITALY.dnm user/2ch/gac/c130strcl.srf user/2ch/gac/c130strcpt.srf
user/2ch/gac/AB-212AM_ITALY.dat user/2ch/gac/AB-212AM_ITALY.dnm user/2ch/gac/hueyNcl.srf user/2ch/gac/hueycpt.srf

user/2ch/gac/F-1_JAPAN.dat user/2ch/gac/F-1_JAPAN.dnm user/2ch/gac/f1cl.srf user/2ch/gac/f1cpt.srf
user/2ch/gac/F-2A_JAPAN.dat user/2ch/gac/F-2A_JAPAN.dnm user/2ch/gac/f2cl.srf user/2ch/gac/f2cpt.srf
user/2ch/gac/F-2B_JAPAN.dat user/2ch/gac/F-2B_JAPAN.dnm user/2ch/gac/f2cl.srf user/2ch/gac/f2bcpt.srf
user/2ch/gac/F-4EJK_JAPAN.dat user/2ch/gac/F-4EJK_JAPAN.dnm user/2ch/gac/f4cl.srf user/2ch/gac/f4cpt.srf
user/2ch/gac/F-15J_JAPAN.dat user/2ch/gac/F-15J_JAPAN.dnm user/2ch/gac/f15cl.srf user/2ch/gac/f15sscpt.srf
user/2ch/gac/F-15DJ_JAPAN.dat user/2ch/gac/F-15DJ_JAPAN.dnm user/2ch/gac/f15cl.srf user/2ch/gac/f15dscpt.srf
user/2ch/gac/E-2C_JAPAN.dat user/2ch/gac/E-2C_JAPAN.dnm user/2ch/gac/e2cl.srf user/2ch/gac/e2cpt.srf
user/2ch/gac/E-767_JAPAN.dat user/2ch/gac/E-767_JAPAN.dnm user/2ch/gac/e767cl.srf user/2ch/gac/e767cpt.srf
user/2ch/gac/T-2_JAPAN.dat user/2ch/gac/T-2_JAPAN.dnm user/2ch/gac/f1cl.srf user/2ch/gac/t2cpt.srf
user/2ch/gac/T-4_JAPAN.dat user/2ch/gac/T-4_JAPAN.dnm user/2ch/gac/t4cl.srf user/2ch/gac/t4cpt.srf
user/2ch/gac/C-130H_JAPAN.dat user/2ch/gac/C-130H_JAPAN.dnm user/2ch/gac/c130cl.srf user/2ch/gac/c130cpt.srf
user/2ch/gac/AH-1S_JAPAN.dat user/2ch/gac/AH-1S_JAPAN.dnm user/2ch/gac/cobracl.srf user/2ch/gac/cobracpt.srf
user/2ch/gac/AH-64D_JAPAN.dat user/2ch/gac/AH-64D_JAPAN.dnm user/2ch/gac/apachecl.srf user/2ch/gac/apachecpt.srf
user/2ch/gac/UH-1J_JAPAN.dat user/2ch/gac/UH-1J_JAPAN.dnm user/2ch/gac/hueycl.srf user/2ch/gac/hueyNcpt.srf
user/2ch/gac/UH-60JA_JAPAN.dat user/2ch/gac/UH-60JA_JAPAN.dnm user/2ch/gac/uh60cl.srf user/2ch/gac/uh60cpt.srf
user/2ch/gac/OH-6D_JAPAN.dat user/2ch/gac/OH-6D_JAPAN.dnm user/2ch/gac/h500cl.srf user/2ch/gac/h500cpt.srf
user/2ch/gac/MBT_Type-90_JAPAN.dat user/2ch/gac/MBT_Type-90_JAPAN.dnm user/2ch/gac/type90jcl.srf user/2ch/gac/null.srf
user/2ch/gac/APC_Type-89_JAPAN.dat user/2ch/gac/APC_Type-89_JAPAN.dnm user/2ch/gac/89fvcl.srf user/2ch/gac/null.srf

user/2ch/gac/MiG-15Bis_DPRK.dat user/2ch/gac/MiG-15Bis_DPRK.dnm user/2ch/gac/mig15cl.srf user/2ch/gac/mig15cpt.srf
user/2ch/gac/MiG-17F_DPRK.dat user/2ch/gac/MiG-17F_DPRK.dnm user/2ch/gac/mig17cl.srf user/2ch/gac/mig15cpt.srf
user/2ch/gac/MiG-19S_DPRK.dat user/2ch/gac/MiG-19S_DPRK.dnm user/2ch/gac/mig19cl.srf user/2ch/gac/mig19cpt.srf
user/2ch/gac/MiG-21PFM_DPRK.dat user/2ch/gac/MiG-21PFM_DPRK.dnm user/2ch/gac/mig21pfmcl.srf user/2ch/gac/mig21mfcpt.srf
user/2ch/gac/MiG-23MLA_DPRK.dat user/2ch/gac/MiG-23MLA_DPRK.dnm user/2ch/gac/mig23cl.srf user/2ch/gac/mig23cpt.srf
user/2ch/gac/MiG-29SE_DPRK.dat user/2ch/gac/MiG-29SE_DPRK.dnm user/2ch/gac/mig29cl.srf user/2ch/gac/mig29cpt.srf
user/2ch/gac/Su-7BM_DPRK.dat user/2ch/gac/Su-7BM_DPRK.dnm user/2ch/gac/su7cl.srf user/2ch/gac/su7cpt.srf
user/2ch/gac/Su-25K_DPRK.dat user/2ch/gac/Su-25K_DPRK.dnm user/2ch/gac/su25cl.srf user/2ch/gac/su25cpt.srf
user/2ch/gac/A-5C_DPRK.dat user/2ch/gac/A-5C_DPRK.dnm user/2ch/gac/q5cl.srf user/2ch/gac/q5cpt.srf
user/2ch/gac/An-2_DPRK.dat user/2ch/gac/An-2_DPRK.dnm user/2ch/gac/an2cl.srf user/2ch/gac/an2cpt.srf
user/2ch/gac/Il-28_DPRK.dat user/2ch/gac/Il-28_DPRK.dnm user/2ch/gac/il28cl.srf user/2ch/gac/il28cpt.srf
user/2ch/gac/L-39C_DPRK.dat user/2ch/gac/L-39C_DPRK.dnm user/2ch/gac/l39cl.srf user/2ch/gac/l39cpt.srf
user/2ch/gac/Mi-8T_DPRK.dat user/2ch/gac/Mi-8T_DPRK.dnm user/2ch/gac/mi8cl.srf user/2ch/gac/mi8cpt.srf
user/2ch/gac/Mi-24D_DPRK.dat user/2ch/gac/Mi-24D_DPRK.dnm user/2ch/gac/mi24cl.srf user/2ch/gac/mi24cpt.srf
user/2ch/gac/MBT_T-55A_DPRK.dat user/2ch/gac/MBT_T-55A_DPRK.dnm user/2ch/gac/t55cl.srf user/2ch/gac/null.srf
user/2ch/gac/MBT_T-72M1_DPRK.dat user/2ch/gac/MBT_T-72M1_DPRK.dnm user/2ch/gac/t72cl.srf user/2ch/gac/null.srf
user/2ch/gac/APC_BMP-1_DPRK.dat user/2ch/gac/APC_BMP-1_DPRK.dnm user/2ch/gac/bmp1cl.srf user/2ch/gac/null.srf

user/2ch/gac/F-4D_KOREA.dat user/2ch/gac/F-4D_KOREA.dnm user/2ch/gac/f4scl.srf user/2ch/gac/f4cpt.srf
user/2ch/gac/F-4E_KOREA.dat user/2ch/gac/F-4E_KOREA.dnm user/2ch/gac/f4cl.srf user/2ch/gac/f4cpt.srf
user/2ch/gac/KF-5E_KOREA.dat user/2ch/gac/KF-5E_KOREA.dnm user/2ch/gac/f5cl.srf user/2ch/gac/f5cpt.srf
user/2ch/gac/KF-5F_KOREA.dat user/2ch/gac/KF-5F_KOREA.dnm user/2ch/gac/f5fcl.srf user/2ch/gac/f5bcpt.srf
user/2ch/gac/F-15K_KOREA.dat user/2ch/gac/F-15K_KOREA.dnm user/2ch/gac/f15cl.srf user/2ch/gac/f15escpt.srf
user/2ch/gac/KF-16C_KOREA.dat user/2ch/gac/KF-16C_KOREA.dnm user/2ch/gac/f16cl.srf user/2ch/gac/f16cpt.srf
user/2ch/gac/KF-16D_KOREA.dat user/2ch/gac/KF-16D_KOREA.dnm user/2ch/gac/f16cl.srf user/2ch/gac/f16dcpt.srf
user/2ch/gac/T-50_KOREA.dat user/2ch/gac/T-50_KOREA.dnm user/2ch/gac/ta50cl.srf user/2ch/gac/ta50cpt.srf
user/2ch/gac/HAWKMk67_KOREA.dat user/2ch/gac/HAWKMk67_KOREA.dnm user/2ch/gac/hawkcl.srf user/2ch/gac/hawkcpt.srf
user/2ch/gac/C-130H_KOREA.dat user/2ch/gac/C-130H_KOREA.dnm user/2ch/gac/c130cl.srf user/2ch/gac/c130cpt.srf
user/2ch/gac/AH-1F_KOREA.dat user/2ch/gac/AH-1F_KOREA.dnm user/2ch/gac/cobracl.srf user/2ch/gac/cobracpt.srf
user/2ch/gac/500MD_KOREA.dat user/2ch/gac/500MD_KOREA.dnm user/2ch/gac/h500cl.srf user/2ch/gac/h500cpt.srf
user/2ch/gac/UH-1H_KOREA.dat user/2ch/gac/UH-1H_KOREA.dnm user/2ch/gac/hueycl.srf user/2ch/gac/hueycpt.srf
user/2ch/gac/UH-60P_KOREA.dat user/2ch/gac/UH-60P_KOREA.dnm user/2ch/gac/uh60cl.srf user/2ch/gac/uh60cpt.srf
user/2ch/gac/MBT_K1A1_KOREA.dat user/2ch/gac/MBT_K1A1_KOREA.dnm user/2ch/gac/k1a1cl.srf user/2ch/gac/null.srf

user/2ch/gac/F-16A_PAKISTAN.dat user/2ch/gac/F-16A_PAKISTAN.dnm user/2ch/gac/f16cl.srf user/2ch/gac/f16cpt.srf
user/2ch/gac/F-16B_PAKISTAN.dat user/2ch/gac/F-16B_PAKISTAN.dnm user/2ch/gac/f16cl.srf user/2ch/gac/f16dcpt.srf
user/2ch/gac/MRGIIIOA_PAKISTAN.dat user/2ch/gac/MRGIIIOA_PAKISTAN.dnm user/2ch/gac/mrg3cl.srf user/2ch/gac/mrg3cpt.srf
user/2ch/gac/MRGIIIDP_PAKISTAN.dat user/2ch/gac/MRGIIIDP_PAKISTAN.dnm user/2ch/gac/mrg3cl.srf user/2ch/gac/mrg3bcpt.srf
user/2ch/gac/MRG5PA3_PAKISTAN.dat user/2ch/gac/MRG5PA3_PAKISTAN.dnm user/2ch/gac/mrg3cl.srf user/2ch/gac/mrg3cpt.srf
user/2ch/gac/FT-5_PAKISTAN.dat user/2ch/gac/FT-5_PAKISTAN.dnm user/2ch/gac/mig17cl.srf user/2ch/gac/jj5cpt.srf
user/2ch/gac/F-6C_PAKISTAN.dat user/2ch/gac/F-6C_PAKISTAN.dnm user/2ch/gac/mig19cl.srf user/2ch/gac/mig19cpt.srf
user/2ch/gac/FT-6_PAKISTAN.dat user/2ch/gac/FT-6_PAKISTAN.dnm user/2ch/gac/jj6cl.srf user/2ch/gac/jj6cpt.srf
user/2ch/gac/F-7P_PAKISTAN.dat user/2ch/gac/F-7P_PAKISTAN.dnm user/2ch/gac/mig21pfmcl.srf user/2ch/gac/j7cpt.srf
user/2ch/gac/F-7PG_PAKISTAN.dat user/2ch/gac/F-7PG_PAKISTAN.dnm user/2ch/gac/j7cl.srf user/2ch/gac/mig21cpt.srf
user/2ch/gac/FT-7P_PAKISTAN.dat user/2ch/gac/FT-7P_PAKISTAN.dnm user/2ch/gac/mig21mfcl.srf user/2ch/gac/mig21ucpt.srf
user/2ch/gac/JF-17_PAKISTAN.dat user/2ch/gac/JF-17_PAKISTAN.dnm user/2ch/gac/j9cl.srf user/2ch/gac/j9cpt.srf
user/2ch/gac/A-5C_PAKISTAN.dat user/2ch/gac/A-5C_PAKISTAN.dnm user/2ch/gac/q5cl.srf user/2ch/gac/q5cpt.srf
user/2ch/gac/AH-1F_PAKISTAN.dat user/2ch/gac/AH-1F_PAKISTAN.dnm user/2ch/gac/cobracl.srf user/2ch/gac/cobracpt.srf

user/2ch/gac/F-16CJ_POLAND.dat user/2ch/gac/F-16CJ_POLAND.dnm user/2ch/gac/f16cl.srf user/2ch/gac/f16cpt.srf
user/2ch/gac/F-16DJ_POLAND.dat user/2ch/gac/F-16DJ_POLAND.dnm user/2ch/gac/f16cl.srf user/2ch/gac/f16dcpt.srf
user/2ch/gac/MiG-21MF_POLAND.dat user/2ch/gac/MiG-21MF_POLAND.dnm user/2ch/gac/mig21mfcl.srf user/2ch/gac/mig21mfcpt.srf
user/2ch/gac/MiG-21UM_POLAND.dat user/2ch/gac/MiG-21UM_POLAND.dnm user/2ch/gac/mig21mfcl.srf user/2ch/gac/mig21ucpt.srf
user/2ch/gac/MiG-29G_POLAND.dat user/2ch/gac/MiG-29G_POLAND.dnm user/2ch/gac/mig29cl.srf user/2ch/gac/mig29cpt.srf
user/2ch/gac/MiG-29GT_POLAND.dat user/2ch/gac/MiG-29GT_POLAND.dnm user/2ch/gac/mig29cl.srf user/2ch/gac/mig29ubcpt.srf
user/2ch/gac/Su-22M-4_POLAND.dat user/2ch/gac/Su-22M-4_POLAND.dnm user/2ch/gac/su22cl.srf user/2ch/gac/su22cpt.srf
user/2ch/gac/Su-22UM-3K_POLAND.dat user/2ch/gac/Su-22UM-3K_POLAND.dnm user/2ch/gac/su22cl.srf user/2ch/gac/su22ucpt.srf
user/2ch/gac/Mi-24W_POLAND.dat user/2ch/gac/Mi-24W_POLAND.dnm user/2ch/gac/mi24cl.srf user/2ch/gac/mi24cpt.srf

user/2ch/gac/MiG-21MLA_ROMANIA.dat user/2ch/gac/MiG-21MLA_ROMANIA.dnm user/2ch/gac/mig21mfcl.srf user/2ch/gac/mig21mfcpt.srf
user/2ch/gac/MiG-21UMLB_ROMANIA.dat user/2ch/gac/MiG-21UMLB_ROMANIA.dnm user/2ch/gac/mig21mfcl.srf user/2ch/gac/mig21ucpt.srf
user/2ch/gac/MiG-21MLC_ROMANIA.dat user/2ch/gac/MiG-21MLC_ROMANIA.dnm user/2ch/gac/mig21mfcl.srf user/2ch/gac/j7cpt.srf
user/2ch/gac/L-39ZA_ROMANIA.dat user/2ch/gac/L-39ZA_ROMANIA.dnm user/2ch/gac/l39cl.srf user/2ch/gac/l39cpt.srf
user/2ch/gac/IAR-99_ROMANIA.dat user/2ch/gac/IAR-99_ROMANIA.dnm user/2ch/gac/iar99cl.srf user/2ch/gac/iar99cpt.srf

user/2ch/gac/MiG-21-93_RUSSIA.dat user/2ch/gac/MiG-21-93_RUSSIA.dnm user/2ch/gac/mig21cl.srf user/2ch/gac/mig21cpt.srf
user/2ch/gac/MiG-23MLD_RUSSIA.dat user/2ch/gac/MiG-23MLD_RUSSIA.dnm user/2ch/gac/mig23cl.srf user/2ch/gac/mig23cpt.srf
user/2ch/gac/MiG-23UM_RUSSIA.dat user/2ch/gac/MiG-23UM_RUSSIA.dnm user/2ch/gac/mig23cl.srf user/2ch/gac/mig23ubcpt.srf
user/2ch/gac/MiG-25PDS_RUSSIA.dat user/2ch/gac/MiG-25PDS_RUSSIA.dnm user/2ch/gac/m25cl.srf user/2ch/gac/m25cpt.srf
user/2ch/gac/MiG-25PU_RUSSIA.dat user/2ch/gac/MiG-25PU_RUSSIA.dnm user/2ch/gac/m25cl.srf user/2ch/gac/m25pucpt.srf
user/2ch/gac/MiG-29S_RUSSIA.dat user/2ch/gac/MiG-29S_RUSSIA.dnm user/2ch/gac/mig29cl.srf user/2ch/gac/mig29cpt.srf
user/2ch/gac/MiG-29SMT_RUSSIA.dat user/2ch/gac/MiG-29SMT_RUSSIA.dnm user/2ch/gac/mig29cl.srf user/2ch/gac/mig29cpt.srf
user/2ch/gac/MiG-29K_RUSSIA.dat user/2ch/gac/MiG-29K_RUSSIA.dnm user/2ch/gac/mig29kcl.srf user/2ch/gac/mig29cpt.srf
user/2ch/gac/MiG-29UB_RUSSIA.dat user/2ch/gac/MiG-29UB_RUSSIA.dnm user/2ch/gac/mig29cl.srf user/2ch/gac/mig29ubcpt.srf
user/2ch/gac/MiG-31BS_RUSSIA.dat user/2ch/gac/MiG-31BS_RUSSIA.dnm user/2ch/gac/m31cl.srf user/2ch/gac/m31cpt.srf
user/2ch/gac/MiG-35_RUSSIA.dat user/2ch/gac/MiG-35_RUSSIA.dnm user/2ch/gac/mig29kcl.srf user/2ch/gac/mig35cpt.srf
user/2ch/gac/Su-24M_RUSSIA.dat user/2ch/gac/Su-24M_RUSSIA.dnm user/2ch/gac/su24cl.srf user/2ch/gac/su24cpt.srf
user/2ch/gac/Su-24MP_RUSSIA.dat user/2ch/gac/Su-24MP_RUSSIA.dnm user/2ch/gac/su24cl.srf user/2ch/gac/su24cpt.srf
user/2ch/gac/Su-25_RUSSIA.dat user/2ch/gac/Su-25_RUSSIA.dnm user/2ch/gac/su25cl.srf user/2ch/gac/su25cpt.srf
user/2ch/gac/Su-25UB_RUSSIA.dat user/2ch/gac/Su-25UB_RUSSIA.dnm user/2ch/gac/su39cl.srf user/2ch/gac/su25utcpt.srf
user/2ch/gac/Su-25UTG_RUSSIA.dat user/2ch/gac/Su-25UTG_RUSSIA.dnm user/2ch/gac/su39cl.srf user/2ch/gac/su25utcpt.srf
user/2ch/gac/Su-27S_RUSSIA.dat user/2ch/gac/Su-27S_RUSSIA.dnm user/2ch/gac/su27cl.srf user/2ch/gac/su27cpt.srf
user/2ch/gac/Su-30M_RUSSIA.dat user/2ch/gac/Su-30M_RUSSIA.dnm user/2ch/gac/su27cl.srf user/2ch/gac/su30cpt.srf
user/2ch/gac/Su-32FN_RUSSIA.dat user/2ch/gac/Su-32FN_RUSSIA.dnm user/2ch/gac/su32cl.srf user/2ch/gac/su32cpt.srf
user/2ch/gac/Su-33_RUSSIA.dat user/2ch/gac/Su-33_RUSSIA.dnm user/2ch/gac/su37cl.srf user/2ch/gac/su27cpt.srf
user/2ch/gac/Su-37_RUSSIA.dat user/2ch/gac/Su-37_RUSSIA.dnm user/2ch/gac/su37cl.srf user/2ch/gac/su27cpt.srf
user/2ch/gac/Su-39_RUSSIA.dat user/2ch/gac/Su-39_RUSSIA.dnm user/2ch/gac/su39cl.srf user/2ch/gac/su39cpt.srf
user/2ch/gac/Yak-141_RUSSIA.dat user/2ch/gac/Yak-141_RUSSIA.dnm user/2ch/gac/yak141cl.srf user/2ch/gac/yak141cpt.srf
user/2ch/gac/Tu-22M3_RUSSIA.dat user/2ch/gac/Tu-22M3_RUSSIA.dnm user/2ch/gac/tu22mcl.srf user/2ch/gac/tu22mcpt.srf
user/2ch/gac/Tu-95MS_RUSSIA.dat user/2ch/gac/Tu-95MS_RUSSIA.dnm user/2ch/gac/tu95cl.srf user/2ch/gac/tu95cpt.srf
user/2ch/gac/Tu-160_RUSSIA.dat user/2ch/gac/Tu-160_RUSSIA.dnm user/2ch/gac/tu160cl.srf user/2ch/gac/tu160cpt.srf
user/2ch/gac/A-50U_RUSSIA.dat user/2ch/gac/A-50U_RUSSIA.dnm user/2ch/gac/a50cl.srf user/2ch/gac/a50cpt.srf
user/2ch/gac/Il-76MD_RUSSIA.dat user/2ch/gac/Il-76MD_RUSSIA.dnm user/2ch/gac/a50cl.srf user/2ch/gac/a50cpt.srf
user/2ch/gac/L-39C_RUSSIA.dat user/2ch/gac/L-39C_RUSSIA.dnm user/2ch/gac/l39cl.srf user/2ch/gac/l39cpt.srf
user/2ch/gac/Mi-24P_RUSSIA.dat user/2ch/gac/Mi-24P_RUSSIA.dnm user/2ch/gac/mi24cl.srf user/2ch/gac/mi24cpt.srf
user/2ch/gac/Mi-24VM_RUSSIA.dat user/2ch/gac/Mi-24VM_RUSSIA.dnm user/2ch/gac/mi24cl.srf user/2ch/gac/mi24cpt.srf
user/2ch/gac/Mi-28N_RUSSIA.dat user/2ch/gac/Mi-28N_RUSSIA.dnm user/2ch/gac/mi28cl.srf user/2ch/gac/mi28cpt.srf
user/2ch/gac/Ka-50_RUSSIA.dat user/2ch/gac/Ka-50_RUSSIA.dnm user/2ch/gac/ka50cl.srf user/2ch/gac/ka50cpt.srf
user/2ch/gac/Ka-52_RUSSIA.dat user/2ch/gac/Ka-52_RUSSIA.dnm user/2ch/gac/ka52cl.srf user/2ch/gac/ka52cpt.srf
user/2ch/gac/MBT_T-72B_RUSSIA.dat user/2ch/gac/MBT_T-72B_RUSSIA.dnm user/2ch/gac/t72cl.srf user/2ch/gac/null.srf
user/2ch/gac/MBT_T-80U_RUSSIA.dat user/2ch/gac/MBT_T-80U_RUSSIA.dnm user/2ch/gac/t80cl.srf user/2ch/gac/null.srf
user/2ch/gac/MBT_T-90S_RUSSIA.dat user/2ch/gac/MBT_T-90S_RUSSIA.dnm user/2ch/gac/t72cl.srf user/2ch/gac/null.srf
user/2ch/gac/APC_BMP-3_RUSSIA.dat user/2ch/gac/APC_BMP-3_RUSSIA.dnm user/2ch/gac/bmp3cl.srf user/2ch/gac/null.srf
user/2ch/gac/APC_BTR-80A_RUSSIA.dat user/2ch/gac/APC_BTR-80A_RUSSIA.dnm user/2ch/gac/btr80cl.srf user/2ch/gac/null.srf
user/2ch/gac/AAV_2S6M_RUSSIA.dat user/2ch/gac/AAV_2S6M_RUSSIA.dnm user/2ch/gac/2s6mcl.srf user/2ch/gac/null.srf
user/2ch/gac/SP_BMD-3_RUSSIA.dat user/2ch/gac/SP_BMD-3_RUSSIA.dnm user/2ch/gac/bmd3cl.srf user/2ch/gac/null.srf
user/2ch/gac/SP_BRDM-2_RUSSIA.dat user/2ch/gac/SP_BRDM-2_RUSSIA.dnm user/2ch/gac/brdm2cl.srf user/2ch/gac/null.srf

user/2ch/gac/AJS-37_SWEDEN.dat user/2ch/gac/AJS-37_SWEDEN.dnm user/2ch/gac/j37cl.srf user/2ch/gac/j37cpt.srf
user/2ch/gac/JA-37_SWEDEN.dat user/2ch/gac/JA-37_SWEDEN.dnm user/2ch/gac/j37cl.srf user/2ch/gac/j37cpt.srf
user/2ch/gac/JAS-39C_SWEDEN.dat user/2ch/gac/JAS-39C_SWEDEN.dnm user/2ch/gac/jas39cl.srf user/2ch/gac/jas39cpt.srf
user/2ch/gac/JAS-39D_SWEDEN.dat user/2ch/gac/JAS-39D_SWEDEN.dnm user/2ch/gac/jas39dcl.srf user/2ch/gac/jas39dcpt.srf
user/2ch/gac/S100B_SWEDEN.dat user/2ch/gac/S100B_SWEDEN.dnm user/2ch/gac/saab340cl.srf user/2ch/gac/saab340cpt.srf
user/2ch/gac/Tp84_SWEDEN.dat user/2ch/gac/Tp84_SWEDEN.dnm user/2ch/gac/c130cl.srf user/2ch/gac/c130cpt.srf

user/2ch/gac/MiG-29A_SLOVAKIA.dat user/2ch/gac/MiG-29A_SLOVAKIA.dnm user/2ch/gac/mig29cl.srf user/2ch/gac/mig29cpt.srf
user/2ch/gac/MiG-29UB_SLOVAKIA.dat user/2ch/gac/MiG-29UB_SLOVAKIA.dnm user/2ch/gac/mig29cl.srf user/2ch/gac/mig29ubcpt.srf
user/2ch/gac/Su-22M-4_SLOVAKIA.dat user/2ch/gac/Su-22M-4_SLOVAKIA.dnm user/2ch/gac/su22cl.srf user/2ch/gac/su22cpt.srf
user/2ch/gac/Su-22UM-3K_SLOVAKIA.dat user/2ch/gac/Su-22UM-3K_SLOVAKIA.dnm user/2ch/gac/su22cl.srf user/2ch/gac/su22ucpt.srf
user/2ch/gac/L-39ZA_SLOVAKIA.dat user/2ch/gac/L-39ZA_SLOVAKIA.dnm user/2ch/gac/l39cl.srf user/2ch/gac/l39cpt.srf
user/2ch/gac/Mi-24V_SLOVAKIA.dat user/2ch/gac/Mi-24V_SLOVAKIA.dnm user/2ch/gac/mi24cl.srf user/2ch/gac/mi24cpt.srf

user/2ch/gac/F-4E_TURKEY.dat user/2ch/gac/F-4E_TURKEY.dnm user/2ch/gac/f4cl.srf user/2ch/gac/f4cpt.srf
user/2ch/gac/F-5A_TURKEY.dat user/2ch/gac/F-5A_TURKEY.dnm user/2ch/gac/f5cl.srf user/2ch/gac/f5acpt.srf
user/2ch/gac/F-5B_TURKEY.dat user/2ch/gac/F-5B_TURKEY.dnm user/2ch/gac/f5cl.srf user/2ch/gac/f5bcpt.srf
user/2ch/gac/F-16CJ_TURKEY.dat user/2ch/gac/F-16CJ_TURKEY.dnm user/2ch/gac/f16cl.srf user/2ch/gac/f16cpt.srf
user/2ch/gac/F-16DJ_TURKEY.dat user/2ch/gac/F-16DJ_TURKEY.dnm user/2ch/gac/f16cl.srf user/2ch/gac/f16dcpt.srf

user/2ch/gac/F-5E_TAIWAN.dat user/2ch/gac/F-5E_TAIWAN.dnm user/2ch/gac/f5cl.srf user/2ch/gac/f5cpt.srf
user/2ch/gac/F-5F_TAIWAN.dat user/2ch/gac/F-5F_TAIWAN.dnm user/2ch/gac/f5fcl.srf user/2ch/gac/f5bcpt.srf
user/2ch/gac/F-16A_TAIWAN.dat user/2ch/gac/F-16A_TAIWAN.dnm user/2ch/gac/f16cl.srf user/2ch/gac/f16cpt.srf
user/2ch/gac/F-16B_TAIWAN.dat user/2ch/gac/F-16B_TAIWAN.dnm user/2ch/gac/f16cl.srf user/2ch/gac/f16dcpt.srf
user/2ch/gac/MRG2000-5Ei_TAIWAN.dat user/2ch/gac/MRG2000-5Ei_TAIWAN.dnm user/2ch/gac/mrgcl.srf user/2ch/gac/mrgcpt.srf
user/2ch/gac/MRG2000-5Di_TAIWAN.dat user/2ch/gac/MRG2000-5Di_TAIWAN.dnm user/2ch/gac/mrgcl.srf user/2ch/gac/mrgdcpt.srf
user/2ch/gac/F-CK-1A_TAIWAN.dat user/2ch/gac/F-CK-1A_TAIWAN.dnm user/2ch/gac/idfcl.srf user/2ch/gac/idfcpt.srf
user/2ch/gac/F-CK-1B_TAIWAN.dat user/2ch/gac/F-CK-1B_TAIWAN.dnm user/2ch/gac/idfcl.srf user/2ch/gac/idfbcpt.srf
user/2ch/gac/E-2T_TAIWAN.dat user/2ch/gac/E-2T_TAIWAN.dnm user/2ch/gac/e2cl.srf user/2ch/gac/e2cpt.srf
user/2ch/gac/AH-1W_TAIWAN.dat user/2ch/gac/AH-1W_TAIWAN.dnm user/2ch/gac/cobraWcl.srf user/2ch/gac/cobraWcpt.srf
user/2ch/gac/UH-1H_TAIWAN.dat user/2ch/gac/UH-1H_TAIWAN.dnm user/2ch/gac/hueycl.srf user/2ch/gac/hueycpt.srf
user/2ch/gac/OH-58D_TAIWAN.dat user/2ch/gac/OH-58D_TAIWAN.dnm user/2ch/gac/oh58cl.srf user/2ch/gac/oh58cpt.srf


user/2ch/gac/MiG-23MLD_UKRAINE.dat user/2ch/gac/MiG-23MLD_UKRAINE.dnm user/2ch/gac/mig23cl.srf user/2ch/gac/mig23cpt.srf
user/2ch/gac/MiG-29_9-13_UKRAINE.dat user/2ch/gac/MiG-29_9-13_UKRAINE.dnm user/2ch/gac/mig29cl.srf user/2ch/gac/mig29cpt.srf
user/2ch/gac/Su-24M_UKRAINE.dat user/2ch/gac/Su-24M_UKRAINE.dnm user/2ch/gac/su24cl.srf user/2ch/gac/su24cpt.srf
user/2ch/gac/Su-24MP_UKRAINE.dat user/2ch/gac/Su-24MP_UKRAINE.dnm user/2ch/gac/su24cl.srf user/2ch/gac/su24cpt.srf
user/2ch/gac/Su-25K_UKRAINE.dat user/2ch/gac/Su-25K_UKRAINE.dnm user/2ch/gac/su25cl.srf user/2ch/gac/su25cpt.srf

user/2ch/gac/Su-27S_UKRAINE.dat user/2ch/gac/Su-27S_UKRAINE.dnm user/2ch/gac/su27cl.srf user/2ch/gac/su27cpt.srf
user/2ch/gac/Su-27UB_UKRAINE.dat user/2ch/gac/Su-27UB_UKRAINE.dnm user/2ch/gac/su27cl.srf user/2ch/gac/su30cpt.srf
user/2ch/gac/Tu-160_UKRAINE.dat user/2ch/gac/Tu-160_UKRAINE.dnm user/2ch/gac/tu160cl.srf user/2ch/gac/tu160cpt.srf
user/2ch/gac/Il-76MD_UKRAINE.dat user/2ch/gac/Il-76MD_UKRAINE.dnm user/2ch/gac/a50cl.srf user/2ch/gac/a50cpt.srf
user/2ch/gac/L-39C_UKRAINE.dat user/2ch/gac/L-39C_UKRAINE.dnm user/2ch/gac/l39cl.srf user/2ch/gac/l39cpt.srf

user/2ch/gac/TYPHNF2_BRITAIN.dat user/2ch/gac/TYPHNF2_BRITAIN.dnm user/2ch/gac/typcl.srf user/2ch/gac/typcpt.srf
user/2ch/gac/TYPHNT1_BRITAIN.dat user/2ch/gac/TYPHNT1_BRITAIN.dnm user/2ch/gac/typcl.srf user/2ch/gac/typtcpt.srf
user/2ch/gac/TNDF3_BRITAIN.dat user/2ch/gac/TNDF3_BRITAIN.dnm user/2ch/gac/tndcl.srf user/2ch/gac/tndcpt.srf
user/2ch/gac/TNDGR4_BRITAIN.dat user/2ch/gac/TNDGR4_BRITAIN.dnm user/2ch/gac/tndcl.srf user/2ch/gac/tndcpt.srf
user/2ch/gac/JGRGR3_BRITAIN.dat user/2ch/gac/JGRGR3_BRITAIN.dnm user/2ch/gac/jaguarcl.srf user/2ch/gac/jaguarcpt.srf
user/2ch/gac/JGRT4_BRITAIN.dat user/2ch/gac/JGRT4_BRITAIN.dnm user/2ch/gac/jaguartcl.srf user/2ch/gac/jaguartcpt.srf
user/2ch/gac/HARGR5_BRITAIN.dat user/2ch/gac/HARGR5_BRITAIN.dnm user/2ch/gac/harcl.srf user/2ch/gac/harcpt.srf
user/2ch/gac/HARGR7_BRITAIN.dat user/2ch/gac/HARGR7_BRITAIN.dnm user/2ch/gac/harcl.srf user/2ch/gac/harcpt.srf
user/2ch/gac/HART10_BRITAIN.dat user/2ch/gac/HART10_BRITAIN.dnm user/2ch/gac/tharcl.srf user/2ch/gac/tharcpt.srf
user/2ch/gac/SEAHARFA2_BRITAIN.dat user/2ch/gac/SEAHARFA2_BRITAIN.dnm user/2ch/gac/seaharcl.srf user/2ch/gac/seaharcpt.srf
user/2ch/gac/E-3D_BRITAIN.dat user/2ch/gac/E-3D_BRITAIN.dnm user/2ch/gac/e3cl.srf user/2ch/gac/e3cpt.srf
user/2ch/gac/HRCLSC3_BRITAIN.dat user/2ch/gac/HRCLSC3_BRITAIN.dnm user/2ch/gac/c130cl.srf user/2ch/gac/c130cpt.srf
user/2ch/gac/HAWKT1A_BRITAIN.dat user/2ch/gac/HAWKT1A_BRITAIN.dnm user/2ch/gac/hawkcl.srf user/2ch/gac/hawkcpt.srf
user/2ch/gac/WAH-64D_BRITAIN.dat user/2ch/gac/WAH-64D_BRITAIN.dnm user/2ch/gac/apachecl.srf user/2ch/gac/apachecpt.srf
user/2ch/gac/LYNXAH7_BRITAIN.dat user/2ch/gac/LYNXAH7_BRITAIN.dnm user/2ch/gac/lynxcl.srf user/2ch/gac/lynxcpt.srf
user/2ch/gac/MBT_FV4034_BRITAIN.dat user/2ch/gac/MBT_FV4034_BRITAIN.dnm user/2ch/gac/chal2cl.srf user/2ch/gac/null.srf
user/2ch/gac/APC_FV510_BRITAIN.dat user/2ch/gac/APC_FV510_BRITAIN.dnm user/2ch/gac/warriorcl.srf user/2ch/gac/null.srf

user/2ch/gac/F-86F-30_USA.dat user/2ch/gac/F-86F-30_USA.dnm user/2ch/gac/f86cl.srf user/2ch/gac/f86cpt.srf
user/2ch/gac/F-14B_USA.dat user/2ch/gac/F-14B_USA.dnm user/2ch/gac/f14cl.srf user/2ch/gac/f14cpt.srf
user/2ch/gac/F-14D_USA.dat user/2ch/gac/F-14D_USA.dnm user/2ch/gac/f14cl.srf user/2ch/gac/f14cpt.srf
user/2ch/gac/F-15C_USA.dat user/2ch/gac/F-15C_USA.dnm user/2ch/gac/f15cl.srf user/2ch/gac/f15sscpt.srf
user/2ch/gac/F-15D_USA.dat user/2ch/gac/F-15D_USA.dnm user/2ch/gac/f15cl.srf user/2ch/gac/f15dscpt.srf
user/2ch/gac/F-15E_USA.dat user/2ch/gac/F-15E_USA.dnm user/2ch/gac/f15cl.srf user/2ch/gac/f15escpt.srf
user/2ch/gac/F-16CJ_USA.dat user/2ch/gac/F-16CJ_USA.dnm user/2ch/gac/f16cl.srf user/2ch/gac/f16cpt.srf
user/2ch/gac/F-16DJ_USA.dat user/2ch/gac/F-16DJ_USA.dnm user/2ch/gac/f16cl.srf user/2ch/gac/f16dcpt.srf
user/2ch/gac/FA-18C_USA.dat user/2ch/gac/FA-18C_USA.dnm user/2ch/gac/f18cl.srf user/2ch/gac/f18cpt.srf
user/2ch/gac/FA-18D_USA.dat user/2ch/gac/FA-18D_USA.dnm user/2ch/gac/f18cl.srf user/2ch/gac/f18dcpt.srf
user/2ch/gac/FA-18E_USA.dat user/2ch/gac/FA-18E_USA.dnm user/2ch/gac/f18ecl.srf user/2ch/gac/f18ecpt.srf
user/2ch/gac/FA-18F_USA.dat user/2ch/gac/FA-18F_USA.dnm user/2ch/gac/f18ecl.srf user/2ch/gac/f18fcpt.srf
user/2ch/gac/F-22A_USA.dat user/2ch/gac/F-22A_USA.dnm user/2ch/gac/f22cl.srf user/2ch/gac/f22cpt.srf
user/2ch/gac/F-35A_USA.dat user/2ch/gac/F-35A_USA.dnm user/2ch/gac/f35cl.srf user/2ch/gac/f35acpt.srf
user/2ch/gac/F-117A_USA.dat user/2ch/gac/F-117A_USA.dnm user/2ch/gac/f117cl.srf user/2ch/gac/f117cpt.srf
user/2ch/gac/A-6E_USA.dat user/2ch/gac/A-6E_USA.dnm user/2ch/gac/a6cl.srf user/2ch/gac/a6cpt.srf
user/2ch/gac/EA-6B_USA.dat user/2ch/gac/EA-6B_USA.dnm user/2ch/gac/ea6bcl.srf user/2ch/gac/ea6bcpt.srf
user/2ch/gac/AV-8BP_USA.dat user/2ch/gac/AV-8BP_USA.dnm user/2ch/gac/harcl.srf user/2ch/gac/harcpt.srf
user/2ch/gac/TAV-8B_USA.dat user/2ch/gac/TAV-8B_USA.dnm user/2ch/gac/tharcl.srf user/2ch/gac/tharcpt.srf
user/2ch/gac/A-10A_USA.dat user/2ch/gac/A-10A_USA.dnm user/2ch/gac/a10cl.srf user/2ch/gac/a10cpt.srf
user/2ch/gac/B-1B_USA.dat user/2ch/gac/B-1B_USA.dnm user/2ch/gac/b1cl.srf user/2ch/gac/b1cpt.srf
user/2ch/gac/B-2A_USA.dat user/2ch/gac/B-2A_USA.dnm user/2ch/gac/b2cl.srf user/2ch/gac/b2cpt.srf
user/2ch/gac/B-52H_USA.dat user/2ch/gac/B-52H_USA.dnm aircraft/b52coll.srf user/2ch/gac/b52cpt.srf
user/2ch/gac/E-2C_USA.dat user/2ch/gac/E-2C_USA.dnm user/2ch/gac/e2cl.srf user/2ch/gac/e2cpt.srf
user/2ch/gac/E-3C_USA.dat user/2ch/gac/E-3C_USA.dnm user/2ch/gac/e3cl.srf user/2ch/gac/e3cpt.srf
user/2ch/gac/C-130H_USA.dat user/2ch/gac/C-130H_USA.dnm user/2ch/gac/c130cl.srf user/2ch/gac/c130cpt.srf
user/2ch/gac/AC-130U_USA.dat user/2ch/gac/AC-130U_USA.dnm user/2ch/gac/c130cl.srf user/2ch/gac/c130cpt.srf
user/2ch/gac/T-38A_USA.dat user/2ch/gac/T-38A_USA.dnm user/2ch/gac/t38cl.srf user/2ch/gac/t38cpt.srf
user/2ch/gac/T-45C_USA.dat user/2ch/gac/T-45C_USA.dnm user/2ch/gac/hawkcl.srf user/2ch/gac/hawkcpt.srf
user/2ch/gac/AH-1W_USA.dat user/2ch/gac/AH-1W_USA.dnm user/2ch/gac/cobraWcl.srf user/2ch/gac/cobraWcpt.srf
user/2ch/gac/AH-6J_USA.dat user/2ch/gac/AH-6J_USA.dnm user/2ch/gac/h500cl.srf user/2ch/gac/h500cpt.srf
user/2ch/gac/AH-64D_USA.dat user/2ch/gac/AH-64D_USA.dnm user/2ch/gac/apachecl.srf user/2ch/gac/apachecpt.srf
user/2ch/gac/UH-1N_USA.dat user/2ch/gac/UH-1N_USA.dnm user/2ch/gac/hueyNcl.srf user/2ch/gac/hueycpt.srf
user/2ch/gac/AH-60L_USA.dat user/2ch/gac/AH-60L_USA.dnm user/2ch/gac/ah60cl.srf user/2ch/gac/uh60cpt.srf
user/2ch/gac/UH-60L_USA.dat user/2ch/gac/UH-60L_USA.dnm user/2ch/gac/uh60cl.srf user/2ch/gac/uh60cpt.srf
user/2ch/gac/OH-58D_USA.dat user/2ch/gac/OH-58D_USA.dnm user/2ch/gac/oh58cl.srf user/2ch/gac/oh58cpt.srf
user/2ch/gac/MH-6J_USA.dat user/2ch/gac/MH-6J_USA.dnm user/2ch/gac/h500cl.srf user/2ch/gac/h500cpt.srf
user/2ch/gac/MBT_M1A1HA_USA.dat user/2ch/gac/MBT_M1A1HA_USA.dnm user/2ch/gac/m1a2cl.srf user/2ch/gac/null.srf
user/2ch/gac/MBT_M1A2SEP_USA.dat user/2ch/gac/MBT_M1A2SEP_USA.dnm user/2ch/gac/m1a2cl.srf user/2ch/gac/null.srf
user/2ch/gac/APC_M2A2_USA.dat user/2ch/gac/APC_M2A2_USA.dnm user/2ch/gac/m2a2cl.srf user/2ch/gac/null.srf
user/2ch/gac/APC_M1126_USA.dat user/2ch/gac/APC_M1126_USA.dnm user/2ch/gac/strykercl.srf user/2ch/gac/null.srf
user/2ch/gac/APC_AAV7A1_USA.dat user/2ch/gac/APC_AAV7A1_USA.dnm user/2ch/gac/aav7cl.srf user/2ch/gac/null.srf
user/2ch/gac/AAV_M6_USA.dat user/2ch/gac/AAV_M6_USA.dnm user/2ch/gac/m2a2cl.srf user/2ch/gac/null.srf
user/2ch/gac/SP_HMMWV_USA.dat user/2ch/gac/SP_HMMWV_USA.dnm user/2ch/gac/hmvcl.srf user/2ch/gac/null.srf

user/2ch/gac/ASK-21_CIV.dat user/2ch/gac/ASK-21_CIV.dnm user/2ch/gac/ask21cl.srf user/2ch/gac/ask21cpt.srf
user/2ch/gac/Csna182S_CIV.dat user/2ch/gac/Csna182S_CIV.dnm user/2ch/gac/csna182cl.srf user/2ch/gac/csna182cpt.srf
user/2ch/gac/J-3C-65_CIV.dat user/2ch/gac/J-3C-65_CIV.dnm user/2ch/gac/j3cubcl.srf user/2ch/gac/j3cubcpt.srf
user/2ch/gac/BonanzaA36_CIV.dat user/2ch/gac/BonanzaA36_CIV.dnm user/2ch/gac/bonanzaa36cl.srf user/2ch/gac/bonanzaa36cpt.srf
user/2ch/gac/Baron58_CIV.dat user/2ch/gac/Baron58_CIV.dnm user/2ch/gac/baron58cl.srf user/2ch/gac/baron58cpt.srf
user/2ch/gac/Z-143L_CIV.dat user/2ch/gac/Z-143L_CIV.dnm user/2ch/gac/z143cl.srf user/2ch/gac/z143cpt.srf
user/2ch/gac/EA300S_CIV.dat user/2ch/gac/EA300S_CIV.dnm user/2ch/gac/ea300cl.srf user/2ch/gac/ea300scpt.srf
user/2ch/gac/DC-3_CIV.dat user/2ch/gac/DC-3_CIV.dnm user/2ch/gac/dc3cl.srf user/2ch/gac/dc3cpt.srf
user/2ch/gac/SAAB340B_CIV.dat user/2ch/gac/SAAB340B_CIV.dnm user/2ch/gac/saab340cl.srf user/2ch/gac/saab340cpt.srf
user/2ch/gac/Learjet45XR_CIV.dat user/2ch/gac/Learjet45XR_CIV.dnm user/2ch/gac/lear45cl.srf user/2ch/gac/lear45cpt.srf
user/2ch/gac/A320-200_CIV.dat user/2ch/gac/A320-200_CIV.dnm user/2ch/gac/a320cl.srf user/2ch/gac/a320cpt.srf
user/2ch/gac/A340-600_CIV.dat user/2ch/gac/A340-600_CIV.dnm user/2ch/gac/a340600cl.srf user/2ch/gac/a340600cpt.srf
user/2ch/gac/B747-400_CIV.dat user/2ch/gac/B747-400_CIV.dnm user/2ch/gac/b747cl.srf user/2ch/gac/b747cpt.srf
user/2ch/gac/B767-300ER_CIV.dat user/2ch/gac/B767-300ER_CIV.dnm user/2ch/gac/b767cl.srf user/2ch/gac/b767cpt.srf
user/2ch/gac/Tu-154M_CIV.dat user/2ch/gac/Tu-154M_CIV.dnm user/2ch/gac/tu154cl.srf user/2ch/gac/tu154cpt.srf
user/2ch/gac/B206B-3_CIV.dat user/2ch/gac/B206B-3_CIV.dnm user/2ch/gac/oh58cl.srf user/2ch/gac/oh58cpt.srf
user/2ch/gac/B412EP_CIV.dat user/2ch/gac/B412EP_CIV.dnm user/2ch/gac/hueyNcl.srf user/2ch/gac/hueycpt.srf
user/2ch/gac/Hughes500D_CIV.dat user/2ch/gac/Hughes500D_CIV.dnm user/2ch/gac/h500cl.srf user/2ch/gac/h500cpt.srf
user/2ch/gac/An-2_CIV.dat user/2ch/gac/An-2_CIV.dnm user/2ch/gac/an2cl.srf user/2ch/gac/an2cpt.srf
user/2ch/gac/Mi-8P_CIV.dat user/2ch/gac/Mi-8P_CIV.dnm user/2ch/gac/mi8cl.srf user/2ch/gac/mi8cpt.srf

user/2ch/gac/F-5A_OP4.dat user/2ch/gac/F-5A_OP4.dnm user/2ch/gac/f5cl.srf user/2ch/gac/f5acpt.srf
user/2ch/gac/MRGIIIE_OP4.dat user/2ch/gac/MRGIIIE_OP4.dnm user/2ch/gac/mrg3cl.srf user/2ch/gac/mrg3cpt.srf
user/2ch/gac/MiG-19S_OP4.dat user/2ch/gac/MiG-19S_OP4.dnm user/2ch/gac/mig19cl.srf user/2ch/gac/mig19cpt.srf
user/2ch/gac/MiG-21PFM_OP4.dat user/2ch/gac/MiG-21PFM_OP4.dnm user/2ch/gac/mig21pfmcl.srf user/2ch/gac/mig21mfcpt.srf
user/2ch/gac/Baron58mod_OP4.dat user/2ch/gac/Baron58mod_OP4.dnm user/2ch/gac/baron58cl.srf user/2ch/gac/baron58cpt.srf
user/2ch/gac/Z-143Lmod_OP4.dat user/2ch/gac/Z-143Lmod_OP4.dnm user/2ch/gac/z143cl.srf user/2ch/gac/z143cpt.srf
user/2ch/gac/C-47Dmod_OP4.dat user/2ch/gac/C-47Dmod_OP4.dnm user/2ch/gac/dc3cl.srf user/2ch/gac/dc3cpt.srf
user/2ch/gac/AH-1F_OP4.dat user/2ch/gac/AH-1F_OP4.dnm user/2ch/gac/cobracl.srf user/2ch/gac/cobracpt.srf
user/2ch/gac/Mi-24D_OP4.dat user/2ch/gac/Mi-24D_OP4.dnm user/2ch/gac/mi24cl.srf user/2ch/gac/mi24cpt.srf
user/2ch/gac/APC_BMP-1_OP4.dat user/2ch/gac/APC_BMP-1_OP4.dnm user/2ch/gac/bmp1cl.srf user/2ch/gac/null.srf
user/2ch/gac/MBT_T-55A_OP4.dat user/2ch/gac/MBT_T-55A_OP4.dnm user/2ch/gac/t55cl.srf user/2ch/gac/null.srf
user/2ch/gac/MBT_T-55Amod_OP4.dat user/2ch/gac/MBT_T-55Amod_OP4.dnm user/2ch/gac/t55cl.srf user/2ch/gac/null.srf
user/2ch/gac/SP_TechMG_OP4.dat user/2ch/gac/SP_TechMG_OP4.dnm user/2ch/gac/technicalcl.srf user/2ch/gac/null.srf
user/2ch/gac/SP_Dozer_OP4.dat user/2ch/gac/SP_Dozer_OP4.dnm user/2ch/gac/dozercl.srf user/2ch/gac/null.srf
