User/XLP/F-22/F-22A(MOBIUS).dat  User/XLP/F-22/F-22A(MOBIUS).dnm  User/XLP/F-22/F-22coll.srf User/XLP/F-22/null.srf User/XLP/F-22/F-22A(MOBIUS)coarse.dnm  
User/XLP/F-22/F-22A(USAF).dat  User/XLP/F-22/F-22A(USAF).dnm  User/XLP/F-22/F-22coll.srf User/XLP/F-22/null.srf User/XLP/F-22/F-22A(USAF)coarse.dnm
User/XLP/F-22/F-22A(ANTARES).dat  User/XLP/F-22/F-22A(ANTARES).dnm  User/XLP/F-22/F-22coll.srf User/XLP/F-22/null.srf User/XLP/F-22/F-22A(USAF)coarse.dnm  
User/XLP/F-22/F-22A(RAZGRIZ).dat  User/XLP/F-22/F-22A(RAZGRIZ).dnm  User/XLP/F-22/F-22coll.srf User/XLP/F-22/null.srf User/XLP/F-22/F-22A(RAZGRIZ)coarse.dnm
User/XLP/F-22/F-22J(306sq).dat  User/XLP/F-22/F-22J(306sq).dnm  User/XLP/F-22/F-22coll.srf User/XLP/F-22/null.srf User/XLP/F-22/F-22J(306sq)coarse.dnm
User/XLP/F-22/F-22J(305sq).dat  User/XLP/F-22/F-22J(305sq).dnm  User/XLP/F-22/F-22coll.srf User/XLP/F-22/null.srf User/XLP/F-22/F-22J(305sq)coarse.dnm

User/XLP/F-22/FB-22B.dat  User/XLP/F-22/FB-22B.dnm  User/XLP/F-22/FB-22coll.srf User/XLP/F-22/null.srf User/XLP/F-22/FB-22Bcoarse.dnm  
User/XLP/F-22/FB-22A.dat  User/XLP/F-22/FB-22A.dnm  User/XLP/F-22/FB-22coll.srf User/XLP/F-22/null.srf User/XLP/F-22/FB-22Acoarse.dnm  
User/XLP/F-22/NATF(HV).dat  User/XLP/F-22/NATF(HV).dnm  User/XLP/F-22/NATFcoll.srf User/XLP/F-22/null.srf User/XLP/F-22/NATF(HV)coarse.dnm  
User/XLP/F-22/NATF(LV).dat  User/XLP/F-22/NATF(LV).dnm  User/XLP/F-22/NATFcoll.srf User/XLP/F-22/null.srf User/XLP/F-22/NATF(LV)coarse.dnm  
User/XLP/F-22/ZSR16.dat  User/XLP/F-22/ZSR16.dnm  User/XLP/F-22/ZSR16coll.srf User/XLP/F-22/null.srf User/XLP/F-22/ZSR16coarse.dnm 
User/XLP/F-15/F-15FX.dat  User/XLP/F-15/F-15FX.dnm  User/XLP/F-15/F-15coll.srf User/XLP/F-15/null.srf User/XLP/F-15/F-15FXcoarse.dnm 
User/XLP/F-15/F-15FX(GARUDA).dat  User/XLP/F-15/F-15FX(GARUDA).dnm  User/XLP/F-15/F-15coll.srf User/XLP/F-15/null.srf User/XLP/F-15/F-15FXcoarse.dnm 
User/XLP/F-15/F-15FX(6sq).dat  User/XLP/F-15/F-15FX(6sq).dnm  User/XLP/F-15/F-15coll.srf User/XLP/F-15/null.srf User/XLP/F-15/F-15FX(6sq)coarse.dnm 
User/XLP/F-15/F-15SEJ(HV).dat  User/XLP/F-15/F-15SEJ(HV).dnm  User/XLP/F-15/F-15SEcoll.srf User/XLP/F-15/null.srf User/XLP/F-15/F-15SEJcoarse.dnm 
User/XLP/F-15/F-15SEJ(LV).dat  User/XLP/F-15/F-15SEJ(LV).dnm  User/XLP/F-15/F-15SEcoll.srf User/XLP/F-15/null.srf User/XLP/F-15/F-15SEJcoarse.dnm 
User/XLP/F-15/F-15SEJ(NS).dat  User/XLP/F-15/F-15SEJ(NS).dnm  User/XLP/F-15/F-15SEcoll.srf User/XLP/F-15/null.srf User/XLP/F-15/F-15SEJcoarse.dnm 
User/XLP/F-15/F-15SE(USAF).dat  User/XLP/F-15/F-15SE(USAF).dnm  User/XLP/F-15/F-15SEcoll.srf User/XLP/F-15/null.srf User/XLP/F-15/F-15SE(USAF)coarse.dnm 
User/XLP/F-5E/F-5E(A88_SHIN).dat  User/XLP/F-5E/F-5E(A88_SHIN).dnm  User/XLP/F-5E/F-5Ecoll.srf User/XLP/F-5E/null.srf User/XLP/F-5E/F-5E(A88_SHIN)coarse.dnm  
User/XLP/F-5E/F-5E(USAF).dat  User/XLP/F-5E/F-5E(USAF).dnm  User/XLP/F-5E/F-5Ecoll.srf User/XLP/F-5E/null.srf  User/XLP/F-5E/F-5E(USAF)coarse.dnm
User/XLP/F-5E/F-5S(RSAF).dat  User/XLP/F-5E/F-5S(RSAF).dnm  User/XLP/F-5E/F-5Ecoll.srf User/XLP/F-5E/null.srf  User/XLP/F-5E/F-5S(RSAF)coarse.dnm
User/XLP/F-5E/F-5E(SWISS).dat  User/XLP/F-5E/F-5E(SWISS).dnm  User/XLP/F-5E/F-5Ecoll.srf User/XLP/F-5E/null.srf User/XLP/F-5E/F-5E(SWISS)coarse.dnm
User/XLP/F-5E/F-5E(PS).dat  User/XLP/F-5E/F-5E(PS).dnm  User/XLP/F-5E/F-5Ecoll.srf User/XLP/F-5E/null.srf  User/XLP/F-5E/F-5E(PS)coarse.dnm
User/XLP/F-5E/F-5E(ROCAF).dat  User/XLP/F-5E/F-5E(ROCAF).dnm  User/XLP/F-5E/F-5Ecoll.srf User/XLP/F-5E/null.srf User/XLP/F-5E/F-5E(ROCAF)coarse.dnm
User/XLP/F-5E/F-5EM.dat  User/XLP/F-5E/F-5EM.dnm  User/XLP/F-5E/F-5Ecoll.srf User/XLP/F-5E/null.srf  User/XLP/F-5E/F-5EMcoarse.dnm  
User/XLP/F-5E/F-5E(MiG-28).dat  User/XLP/F-5E/F-5E(MiG-28).dnm  User/XLP/F-5E/F-5Ecoll.srf User/XLP/F-5E/null.srf  User/XLP/F-5E/F-5E(MiG-28)coarse.dnm
User/XLP/F-5E/F-5E(OADF).dat  User/XLP/F-5E/F-5E(OADF).dnm  User/XLP/F-5E/F-5Ecoll.srf User/XLP/F-5E/null.srf User/XLP/F-5E/F-5E(OADF)coarse.dnm
User/XLP/F-5E/F-5E(AURELIA).dat  User/XLP/F-5E/F-5E(AURELIA).dnm  User/XLP/F-5E/F-5Ecoll.srf User/XLP/F-5E/null.srf User/XLP/F-5E/F-5E(AURELIA)coarse.dnm  