user/major/challenge/aircraft/cep/ah-6littlebird.dat user/major/challenge/aircraft/cep/ah-6littlebird.dnm user/major/challenge/aircraft/cep/ah-6coll.srf user/major/challenge/aircraft/cep/ah-6cock.srf user/major/challenge/aircraft/cep/ah-6coarse.dnm
user/major/challenge/aircraft/maru/solarmy2.dat user/major/challenge/aircraft/maru/solarmy2.dnm user/major/challenge/aircraft/maru/solcoll.srf user/major/challenge/aircraft/maru/null.srf
user/major/challenge/aircraft/maru/m151a2g.dat user/major/challenge/aircraft/maru/m151a2g.dnm user/major/challenge/aircraft/maru/m151a2coll.srf user/major/challenge/aircraft/maru/null.srf
User/major/challenge/aircraft/hangar/AV-8B+.dat User/major/challenge/aircraft/hangar/AV-8B+.dnm User/major/challenge/aircraft/hangar/coll.srf User/major/challenge/aircraft/hangar/cockpit.srf User/major/challenge/aircraft/hangar/coarse.dnm
user/major/challenge/aircraft/cep/su33.dat user/major/challenge/aircraft/cep/su33.dnm user/major/challenge/aircraft/cep/su33coarse.dnm user/major/challenge/aircraft/cep/su37coll.srf user/major/challenge/aircraft/cep/su37cockpit.srf
user/major/challenge/aircraft/cep/mig27d.dat user/major/challenge/aircraft/cep/mig27.dnm user/major/challenge/aircraft/cep/mig27coll.dnm user/major/challenge/aircraft/cep/mig27coll.srf user/major/challenge/aircraft/cep/mig27cockpit.srf
user/major/challenge/aircraft/realism/mi24p.dat user/major/challenge/aircraft/realism/mi24p.dnm user/major/challenge/aircraft/realism/mi24cock.srf user/major/challenge/aircraft/realism/mi24coll.srf user/major/challenge/aircraft/realism/mi24coll2.srf user/major/challenge/aircraft/realism/mi24crs.dnm