user/major/challenge/ground/fufanl/torreww1al.dat user/major/challenge/ground/fufanl/torreww1al.srf user/major/challenge/ground/fufanl/torreww1al.srf
user/major/challenge/ground/fufanl/bunker.dat user/major/challenge/ground/fufanl/bunker.srf user/major/challenge/ground/fufanl/bunker.srf
user/major/challenge/ground/fufanl/hangard_1.dat user/major/challenge/ground/fufanl/hangard_1.srf user/major/challenge/ground/fufanl/hangard_1.srf
user/major/challenge/ground/fufanl/hangard_2.dat user/major/challenge/ground/fufanl/hangard_2.srf user/major/challenge/ground/fufanl/hangard_2.srf
user/major/challenge/ground/fufanl/can_contr2.dat user/major/challenge/ground/fufanl/can_contr2.srf user/major/challenge/ground/fufanl/can_contr.srf
User/major/challenge/ground/shop_evil.dat User/major/challenge/ground/shop_evil.srf User/major/challenge/ground/shop_evil.srf
User/major/challenge/ground/sfc_evil.dat User/major/challenge/ground/sfc_evil.srf User/major/challenge/ground/sfc_evil.srf
User/major/challenge/ground/oh6black.dat User/major/challenge/ground/oh6black.dnm User/major/challenge/ground/oh6_coll.srf 
User/major/challenge/ground/realism/mi24.dat User/major/challenge/ground/realism/mi24p.dnm User/major/challenge/ground/realism/mi24coll.srf
User/major/challenge/ground/realism/av8b.dat User/major/ground/realism/av8b.dnm User/major/challenge/ground/realism/av8b_coll.srf 
User/major/challenge/ground/hang1.dat User/major/challenge/ground/hang1.srf User/major/challenge/ground/hang1.srf 
User/major/challenge/ground/hang1_2.dat User/major/challenge/ground/hang1_2.srf User/major/challenge/ground/hang1_2.srf
User/major/challenge/ground/hang2_1.dat User/major/challenge/ground/hang2_1.srf User/major/challenge/ground/hang2_1.srf
User/major/challenge/ground/hang1_3.dat User/major/challenge/ground/hang1_3.srf User/major/challenge/ground/hang1_3.srf
User/major/challenge/ground/hang2.dat User/major/challenge/ground/hang2.srf User/major/challenge/ground/hang2.srf 
User/major/challenge/ground/hang3.dat User/major/challenge/ground/hang3.srf User/major/challenge/ground/hang3.srf
User/major/challenge/ground/hang4.dat User/major/challenge/ground/hang4.srf User/major/challenge/ground/hang4.srf 
User/major/challenge/ground/hang.dat User/major/challenge/ground/hang.srf User/major/challenge/ground/hang.srf 
User/major/challenge/ground/hng01.dat User/major/challenge/ground/hng01.srf User/major/challenge/ground/hng01.srf
User/major/challenge/ground/hng01_red.dat User/major/challenge/ground/hng01_red.srf User/major/challenge/ground/hng01_red.srf
User/major/challenge/ground/hng02.dat User/major/challenge/ground/hng02.srf User/major/challenge/ground/hng02.srf 
User/major/challenge/ground/towr1.dat User/major/challenge/ground/towr1.srf User/major/challenge/ground/towr1.srf 
User/major/challenge/ground/hrdshelter_brown.dat User/major/challenge/ground/hrdshelter_brown.srf User/major/challenge/ground/hrdshelter_brown.srf
User/major/challenge/ground/hrdshelter_green.dat User/major/challenge/ground/hrdshelter_green.srf User/major/challenge/ground/hrdshelter_green.srf
