user/RapuTa/0ground/R_APARTMENT_S.dat user/RapuTa/0ground/R_APARTMENT_S.srf user/RapuTa/0ground/R_APARTMENT_S.srf
user/RapuTa/0ground/R_APARTMENT_L.dat user/RapuTa/0ground/R_APARTMENT_L.srf user/RapuTa/0ground/R_APARTMENT_L.srf

user/RapuTa/0ground/R_ILS.dat user/RapuTa/0ground/R_ILS.srf user/RapuTa/0ground/R_ILS.srf
user/RapuTa/0ground/R_B2SHELTER.dat user/RapuTa/0ground/R_B2SHELTER.srf user/RapuTa/0ground/R_B2SHELTER.srf
user/RapuTa/0ground/R_HANGAR01.dat user/RapuTa/0ground/R_HANGAR01.srf user/RapuTa/0ground/R_HANGAR01.srf
user/RapuTa/0ground/R_HANGAR02.dat user/RapuTa/0ground/R_HANGAR02.srf user/RapuTa/0ground/R_HANGAR02.srf

user/RapuTa/0ground/R_CTRLTWR.dat user/RapuTa/0ground/R_CTRLTWR.srf user/RapuTa/0ground/R_CTRLTWR.srf
user/RapuTa/0ground/R_CTRLTWR02.dat user/RapuTa/0ground/R_CTRLTWR02.srf user/RapuTa/0ground/R_CTRLTWR02.srf
user/RapuTa/0ground/R_CTRLTWR03.dat user/RapuTa/0ground/R_CTRLTWR03.srf user/RapuTa/0ground/R_CTRLTWR03.srf

user/RapuTa/0ground/R_HGTWR.dat user/RapuTa/0ground/R_HGTWR.srf user/RapuTa/0ground/R_HGTWR.srf
user/RapuTa/0ground/R_WTWR.dat user/RapuTa/0ground/R_WTWR.srf user/RapuTa/0ground/R_WTWR.srf
user/RapuTa/0ground/R_OFFICE01.dat user/RapuTa/0ground/R_OFFICE01.srf user/RapuTa/0ground/R_OFFICE01.srf
user/RapuTa/0ground/R_OFFICE02.dat user/RapuTa/0ground/R_OFFICE02.srf user/RapuTa/0ground/R_OFFICE02.srf
user/RapuTa/0ground/R_OFFICE03.dat user/RapuTa/0ground/R_OFFICE03.srf user/RapuTa/0ground/R_OFFICE03.srf
user/RapuTa/0ground/R_OFFICE04.dat user/RapuTa/0ground/R_OFFICE04.srf user/RapuTa/0ground/R_OFFICE04.srf
user/RapuTa/0ground/R_OFFICE05.dat user/RapuTa/0ground/R_OFFICE05.srf user/RapuTa/0ground/R_OFFICE05.srf

user/RapuTa/0ground/R_LOFFICE.dat user/RapuTa/0ground/R_LOFFICE.srf user/RapuTa/0ground/R_LOFFICE.srf
user/RapuTa/0ground/R_FACTORY.dat user/RapuTa/0ground/R_FACTORY.srf user/RapuTa/0ground/R_FACTORY.srf
user/RapuTa/0ground/R_RADAR01.dat user/RapuTa/0ground/R_RADAR01.srf user/RapuTa/0ground/R_RADAR01.srf
user/RapuTa/0ground/R_RADAR02.dat user/RapuTa/0ground/R_RADAR02.srf user/RapuTa/0ground/R_RADAR02.srf
user/RapuTa/0ground/R_RSITE.dat user/RapuTa/0ground/R_RSITE.srf user/RapuTa/0ground/R_RSITE.srf
user/RapuTa/0ground/R_TSITE.dat user/RapuTa/0ground/R_TSITE.srf user/RapuTa/0ground/R_TSITE.srf
user/RapuTa/0ground/R_VOR.dat user/RapuTa/0ground/R_VOR.srf user/RapuTa/0ground/R_VOR.srf

user/RapuTa/0ground/R_TANKS_L2.dat user/RapuTa/0ground/R_TANKS_L2.srf user/RapuTa/0ground/R_TANKS_L2.srf
user/RapuTa/0ground/R_TANKS_M3.dat user/RapuTa/0ground/R_TANKS_M3.srf user/RapuTa/0ground/R_TANKS_M3.srf
user/RapuTa/0ground/R_TANKS_M4.dat user/RapuTa/0ground/R_TANKS_M4.srf user/RapuTa/0ground/R_TANKS_M4.srf
user/RapuTa/0ground/R_TANKS_S2.dat user/RapuTa/0ground/R_TANKS_S2.srf user/RapuTa/0ground/R_TANKS_S2.srf

user/RapuTa/0ground/R_BIGONE.dat user/RapuTa/0ground/R_BIGONE.srf user/RapuTa/0ground/R_BIGONE.srf
user/RapuTa/0ground/R_MIDONE.dat user/RapuTa/0ground/R_MIDONE.srf user/RapuTa/0ground/R_MIDONE.srf
user/RapuTa/0ground/R_TBK.dat user/RapuTa/0ground/R_TBK.srf user/RapuTa/0ground/R_TBK.srf
user/RapuTa/0ground/R_TBK2.dat user/RapuTa/0ground/R_TBK2.srf user/RapuTa/0ground/R_TBK2.srf

user/RapuTa/0ground/R_LIGHTHOUSE01.dat user/RapuTa/0ground/R_LIGHTHOUSE01.srf user/RapuTa/0ground/R_LIGHTHOUSE01_coll.srf "" user/RapuTa/0ground/R_LIGHTHOUSE01_coll.srf
user/RapuTa/0ground/R_LHLIGHT01.dat user/RapuTa/0ground/R_LHLIGHT01.srf user/RapuTa/0ground/R_LIGHTHOUSE01_coll.srf
user/RapuTa/0ground/R_GANTRY_CRANE01.dat user/RapuTa/0ground/R_GANTRY_CRANE01.srf user/RapuTa/0ground/R_GANTRY_CRANE01_coll.srf
user/RapuTa/0ground/R_GANTRY_CRANE02.dat user/RapuTa/0ground/R_GANTRY_CRANE02.srf user/RapuTa/0ground/R_GANTRY_CRANE02_coll.srf
user/RapuTa/0ground/R_WAREHOUSE01.dat user/RapuTa/0ground/R_WAREHOUSE01.srf user/RapuTa/0ground/R_WAREHOUSE01.srf
user/RapuTa/0ground/R_WAREHOUSE02.dat user/RapuTa/0ground/R_WAREHOUSE02.srf user/RapuTa/0ground/R_WAREHOUSE02.srf
user/RapuTa/0ground/R_PORTCTRL.dat user/RapuTa/0ground/R_PORTCTRL.srf user/RapuTa/0ground/R_PORTCTRL.srf
user/RapuTa/0ground/R_CONTSHIP_EMP.dat user/RapuTa/0ground/R_CONTSHIP_EMP.srf user/RapuTa/0ground/R_CONTSHIP_EMP.srf
user/RapuTa/0ground/R_CONTSHIP_FULL.dat user/RapuTa/0ground/R_CONTSHIP_FULL.srf user/RapuTa/0ground/R_CONTSHIP_FULL.srf
user/RapuTa/0ground/R_GASTANKER.dat user/RapuTa/0ground/R_GASTANKER.srf user/RapuTa/0ground/R_GASTANKER.srf

user/RapuTa/0ground/R_PLANTATION.dat user/RapuTa/0ground/R_PLANTATION.srf user/RapuTa/0ground/R_PLANTATION_coll.srf "" user/RapuTa/0ground/R_PLANTATION_coll.srf
user/RapuTa/0ground/R_CHURCH.dat user/RapuTa/0ground/R_CHURCH.srf user/RapuTa/0ground/R_CHURCH.srf
user/RapuTa/0ground/R_HUT.dat user/RapuTa/0ground/R_HUT.srf user/RapuTa/0ground/R_HUT.srf
user/RapuTa/0ground/R_HUT02.dat user/RapuTa/0ground/R_HUT02.srf user/RapuTa/0ground/R_HUT02.srf

user/RapuTa/0ground/R_M_STORAGE.dat user/RapuTa/0ground/R_M_STORAGE.srf user/RapuTa/0ground/R_M_STORAGE.srf
user/RapuTa/0ground/R_N_STORAGE.dat user/RapuTa/0ground/R_N_STORAGE.srf user/RapuTa/0ground/R_N_STORAGE.srf

user/RapuTa/0ground/R_YATCH01.dat user/RapuTa/0ground/R_YATCH01.srf user/RapuTa/0ground/R_YATCH01_coll.srf
user/RapuTa/0ground/R_WHALE01.dat user/RapuTa/0ground/R_WHALE01.srf user/RapuTa/0ground/R_WHALE01.srf
user/RapuTa/0ground/R_WHALE02.dat user/RapuTa/0ground/R_WHALE02.srf user/RapuTa/0ground/R_WHALE02.srf
user/RapuTa/0ground/R_WHALE03.dat user/RapuTa/0ground/R_WHALE03.srf user/RapuTa/0ground/R_WHALE03_coll.srf
user/RapuTa/0ground/R_WMBASE.dat user/RapuTa/0ground/R_WMBASE.srf user/RapuTa/0ground/R_WMBASE.srf
user/RapuTa/0ground/R_WM.dat user/RapuTa/0ground/R_WM.srf user/RapuTa/0ground/R_WMBASE.srf
