User/major/afghanistan/groundafgh/2chGAC/Mi-8T_DPRK.dat User/major/afghanistan/groundafgh/2chGAC/Mi-8T_DPRK.dnm User/major/afghanistan/groundafgh/2chGAC/mi8cl.srf User/major/afghanistan/groundafgh/2chGAC/mi8cpt.srf
User/major/afghanistan/groundafgh/2chGAC/Su-24M_RUSSIA.dat User/major/afghanistan/groundafgh/2chGAC/Su-24M_RUSSIA.dnm User/major/afghanistan/groundafgh/2chGAC/su24cl.srf User/major/afghanistan/groundafgh/2chGAC/su24cpt.srf
User/major/afghanistan/groundafgh/2chGAC/Su-24MP_RUSSIA.dat User/major/afghanistan/groundafgh/2chGAC/Su-24MP_RUSSIA.dnm User/major/afghanistan/groundafgh/2chGAC/su24cl.srf User/major/afghanistan/groundafgh/2chGAC/su24cpt.srf
User/major/afghanistan/groundafgh/2chGAC/Su-25_RUSSIA.dat User/major/afghanistan/groundafgh/2chGAC/Su-25_RUSSIA.dnm User/major/afghanistan/groundafgh/2chGAC/su25cl.srf User/major/afghanistan/groundafgh/2chGAC/su25cpt.srf
User/major/afghanistan/groundafgh/2chGAC/Mi-24P_RUSSIA.dat User/major/afghanistan/groundafgh/2chGAC/Mi-24P_RUSSIA.dnm User/major/afghanistan/groundafgh/2chGAC/mi24cl.srf User/major/afghanistan/groundafgh/2chGAC/mi24cpt.srf
User/major/afghanistan/groundafgh/2chGAC/Mi-24VM_RUSSIA.dat User/major/afghanistan/groundafgh/2chGAC/Mi-24VM_RUSSIA.dnm User/major/afghanistan/groundafgh/2chGAC/mi24cl.srf User/major/afghanistan/groundafgh/2chGAC/mi24cpt.srf

User/major/afghanistan/groundafgh/2chGAC/Il-76MD_RUSSIA.dat User/major/afghanistan/groundafgh/2chGAC/Il-76MD_RUSSIA.dnm User/major/afghanistan/groundafgh/2chGAC/a50cl.srf User/major/afghanistan/groundafgh/2chGAC/a50cpt.srf
User/major/afghanistan/groundafgh/2chGAC/APC_BMP-3_RUSSIA.dat User/major/afghanistan/groundafgh/2chGAC/APC_BMP-3_RUSSIA.dnm User/major/afghanistan/groundafgh/2chGAC/bmp3cl.srf User/major/afghanistan/groundafgh/2chGAC/null.srf
User/major/afghanistan/groundafgh/2chGAC/APC_BTR-80A_RUSSIA.dat User/major/afghanistan/groundafgh/2chGAC/APC_BTR-80A_RUSSIA.dnm User/major/afghanistan/groundafgh/2chGAC/btr80cl.srf User/major/afghanistan/groundafgh/2chGAC/null.srf
User/major/afghanistan/groundafgh/2chGAC/SP_BMD-3_RUSSIA.dat User/major/afghanistan/groundafgh/2chGAC/SP_BMD-3_RUSSIA.dnm User/major/afghanistan/groundafgh/2chGAC/bmd3cl.srf User/major/afghanistan/groundafgh/2chGAC/null.srf
User/major/afghanistan/groundafgh/2chGAC/SP_BRDM-2_RUSSIA.dat User/major/afghanistan/groundafgh/2chGAC/SP_BRDM-2_RUSSIA.dnm User/major/afghanistan/groundafgh/2chGAC/brdm2cl.srf User/major/afghanistan/groundafgh/2chGAC/null.srf

User/major/afghanistan/groundafgh/2chGAC/APC_M2A2_USA.dat User/major/afghanistan/groundafgh/2chGAC/APC_M2A2_USA.dnm User/major/afghanistan/groundafgh/2chGAC/m2a2cl.srf User/major/afghanistan/groundafgh/2chGAC/null.srf
User/major/afghanistan/groundafgh/2chGAC/APC_M1126_USA.dat User/major/afghanistan/groundafgh/2chGAC/APC_M1126_USA.dnm User/major/afghanistan/groundafgh/2chGAC/strykercl.srf User/major/afghanistan/groundafgh/2chGAC/null.srf
User/major/afghanistan/groundafgh/2chGAC/SP_HMMWV_USA.dat User/major/afghanistan/groundafgh/2chGAC/SP_HMMWV_USA.dnm User/major/afghanistan/groundafgh/2chGAC/hmvcl.srf User/major/afghanistan/groundafgh/2chGAC/null.srf

User/major/afghanistan/groundafgh/2chGAC/Tu-154M_CIV.dat User/major/afghanistan/groundafgh/2chGAC/Tu-154_CIV.dnm User/major/afghanistan/groundafgh/2chGAC/tu154cl.srf User/major/afghanistan/groundafgh/2chGAC/tu154cpt.srf
