user/171st_gac/f35c.dat user/171st_gac/f35c.dnm user/171st_gac/f35c_coll.srf user/171st_gac/f35c_cpt.dnm ""
user/171st_gac/f18f.dat user/171st_gac/f18f.dnm user/171st_gac/f18f_coll.srf user/171st_gac/f18f_cpt.dnm ""
user/171st_gac/rafale.dat user/171st_gac/rafale.dnm user/171st_gac/rafale_coll.srf user/171st_gac/rafale_cpt.dnm ""
user/171st_gac/f14d.dat user/171st_gac/f14d.dnm user/171st_gac/f14d_coll.srf user/171st_gac/f14d_cpt.dnm ""
user/171st_gac/f18c.dat user/171st_gac/f18c.dnm user/171st_gac/f18c_coll.srf user/171st_gac/f18c_cpt.dnm ""
user/171st_gac/f8p.dat user/171st_gac/f8p.dnm user/171st_gac/f8p_coll.srf user/171st_gac/f8p_cpt.dnm ""
user/171st_gac/f4s.dat user/171st_gac/f4s.dnm user/171st_gac/f4s_coll.srf user/171st_gac/f4s_cpt.dnm ""
user/171st_gac/a6f.dat user/171st_gac/a6f.dnm user/171st_gac/a6f_coll.srf user/171st_gac/a6f_cpt.dnm ""
user/171st_gac/su33.dat user/171st_gac/su33.dnm user/171st_gac/su33_coll.srf user/171st_gac/su33_cpt.dnm ""
user/171st_gac/f35b.dat user/171st_gac/f35b.dnm user/171st_gac/f35b_coll.srf user/171st_gac/f35c_cpt.dnm ""
user/171st_gac/bucc.dat user/171st_gac/bucc.dnm user/171st_gac/bucc_coll.srf user/171st_g3/blank.srf ""
user/171st_gac/mig35.dat user/171st_gac/mig35.dnm user/171st_gac/mig35_coll.srf user/171st_g3/blank.srf ""
user/171st_gac/t45.dat user/171st_gac/t45.dnm user/171st_gac/t45_coll.srf user/171st_gac/t45_cpt.dnm ""
user/171st_gac/su33ub.dat user/171st_gac/su33ub.dnm user/171st_gac/su33_coll.srf user/171st_gac/su33ub_cpt.dnm ""
user/171st_gac/su25.dat user/171st_gac/su25.dnm user/171st_gac/su25_coll.srf user/171st_gac/su25_cpt.dnm ""
user/171st_gac/f111b.dat user/171st_gac/f111b.dnm user/171st_gac/f111b_coll.srf user/171st_gac/f111b_cpt.dnm ""

user/171st_gac/f35c_vfa42.dat user/171st_gac/f35c_vfa42.dnm user/171st_gac/f35c_coll.srf user/171st_gac/f35c_cpt.dnm ""
user/171st_gac/f18f_vfa42.dat user/171st_gac/f18f_vfa42.dnm user/171st_gac/f18f_coll.srf user/171st_gac/f18f_cpt.dnm ""
user/171st_gac/f14d_vfa42.dat user/171st_gac/f14d_vfa42.dnm user/171st_gac/f14d_coll.srf user/171st_gac/f14d_cpt.dnm ""
user/171st_gac/f4s_vfa42.dat user/171st_gac/f4s_vfa42.dnm user/171st_gac/f4s_coll.srf user/171st_gac/f4s_cpt.dnm ""
user/171st_gac/su33_vfa42.dat user/171st_gac/su33_vfa42.dnm user/171st_gac/su33_coll.srf user/171st_gac/su33_cpt.dnm ""
user/171st_gac/f111b_vfa42.dat user/171st_gac/f111b_vfa42.dnm user/171st_gac/f111b_coll.srf user/171st_gac/f111b_cpt.dnm ""

user/171st_gac/f35c_vfa131.dat user/171st_gac/f35c_vfa131.dnm user/171st_gac/f35c_coll.srf user/171st_gac/f35c_cpt.dnm ""
user/171st_gac/f18f_vfa131.dat user/171st_gac/f18f_vfa131.dnm user/171st_gac/f18f_coll.srf user/171st_gac/f18f_cpt.dnm ""
user/171st_gac/f14d_vfa131.dat user/171st_gac/f14d_vfa131.dnm user/171st_gac/f14d_coll.srf user/171st_gac/f14d_cpt.dnm ""
user/171st_gac/f8p_vfa131.dat user/171st_gac/f8p_vfa131.dnm user/171st_gac/f8p_coll.srf user/171st_gac/f8p_cpt.dnm ""

user/171st_gac/f35c_vfa201.dat user/171st_gac/f35c_vfa201.dnm user/171st_gac/f35c_coll.srf user/171st_gac/f35c_cpt.dnm ""
user/171st_gac/f18f_vfa201.dat user/171st_gac/f18f_vfa201.dnm user/171st_gac/f18f_coll.srf user/171st_gac/f18f_cpt.dnm ""
user/171st_gac/rafale_vfa201.dat user/171st_gac/rafale_vfa201.dnm user/171st_gac/rafale_coll.srf user/171st_gac/rafale_cpt.dnm ""
user/171st_gac/f14d_vfa201.dat user/171st_gac/f14d_vfa201.dnm user/171st_gac/f14d_coll.srf user/171st_gac/f14d_cpt.dnm ""

user/171st_gac/f35c_vfa165.dat user/171st_gac/f35c_vfa165.dnm user/171st_gac/f35c_coll.srf user/171st_gac/f35c_cpt.dnm ""
user/171st_gac/f18f_vfa165.dat user/171st_gac/f18f_vfa165.dnm user/171st_gac/f18f_coll.srf user/171st_gac/f18f_cpt.dnm ""
user/171st_gac/f14d_vfa165.dat user/171st_gac/f14d_vfa165.dnm user/171st_gac/f14d_coll.srf user/171st_gac/f14d_cpt.dnm ""
user/171st_gac/a6f_vfa165.dat user/171st_gac/a6f_vfa165.dnm user/171st_gac/a6f_coll.srf user/171st_gac/a6f_cpt.dnm ""
user/171st_gac/bucc_vfa165.dat user/171st_gac/bucc_vfa165.dnm user/171st_gac/bucc_coll.srf user/171st_g3/blank.srf ""
user/171st_gac/su33ub_vfa165.dat user/171st_gac/su33ub_vfa165.dnm user/171st_gac/su33_coll.srf user/171st_gac/su33ub_cpt.dnm ""
user/171st_gac/f111b_vfa165.dat user/171st_gac/f111b_vfa165.dnm user/171st_gac/f111b_coll.srf user/171st_gac/f111b_cpt.dnm ""

user/171st_gac/f35c_vfa82.dat user/171st_gac/f35c_vfa82.dnm user/171st_gac/f35c_coll.srf user/171st_gac/f35c_cpt.dnm ""
user/171st_gac/f18f_vfa82.dat user/171st_gac/f18f_vfa82.dnm user/171st_gac/f18f_coll.srf user/171st_gac/f18f_cpt.dnm ""
user/171st_gac/f14d_vfa82.dat user/171st_gac/f14d_vfa82.dnm user/171st_gac/f14d_coll.srf user/171st_gac/f14d_cpt.dnm ""
user/171st_gac/f18c_vfa82.dat user/171st_gac/f18c_vfa82.dnm user/171st_gac/f18c_coll.srf user/171st_gac/f18c_cpt.dnm ""
user/171st_gac/f8p_vfa82.dat user/171st_gac/f8p_vfa82.dnm user/171st_gac/f8p_coll.srf user/171st_gac/f8p_cpt.dnm ""
user/171st_gac/f4s_vfa82.dat user/171st_gac/f4s_vfa82.dnm user/171st_gac/f4s_coll.srf user/171st_gac/f4s_cpt.dnm ""
user/171st_gac/su33_vfa82.dat user/171st_gac/su33_vfa82.dnm user/171st_gac/su33_coll.srf user/171st_gac/su33_cpt.dnm ""

user/171st_gac/f35c_vfa72.dat user/171st_gac/f35c_vfa72.dnm user/171st_gac/f35c_coll.srf user/171st_gac/f35c_cpt.dnm ""
user/171st_gac/f18f_vfa72.dat user/171st_gac/f18f_vfa72.dnm user/171st_gac/f18f_coll.srf user/171st_gac/f18f_cpt.dnm ""
user/171st_gac/f14d_vfa72.dat user/171st_gac/f14d_vfa72.dnm user/171st_gac/f14d_coll.srf user/171st_gac/f14d_cpt.dnm ""
user/171st_gac/f4s_vfa72.dat user/171st_gac/f4s_vfa72.dnm user/171st_gac/f4s_coll.srf user/171st_gac/f4s_cpt.dnm ""
user/171st_gac/bucc_vfa72.dat user/171st_gac/bucc_vfa72.dnm user/171st_gac/bucc_coll.srf user/171st_g3/blank.srf ""
user/171st_gac/mig35_vfa72.dat user/171st_gac/mig35_vfa72.dnm user/171st_gac/mig35_coll.srf user/171st_g3/blank.srf ""
user/171st_gac/su33ub_vfa72.dat user/171st_gac/su33ub_vfa72.dnm user/171st_gac/su33_coll.srf user/171st_gac/su33ub_cpt.dnm ""
user/171st_gac/su25_vfa72.dat user/171st_gac/su25_vfa72.dnm user/171st_gac/su25_coll.srf user/171st_gac/su25_cpt.dnm ""

user/171st_gac/f18f_vfa22.dat user/171st_gac/f18f_vfa22.dnm user/171st_gac/f18f_coll.srf user/171st_gac/f18f_cpt.dnm ""
user/171st_gac/rafale_vfa22.dat user/171st_gac/rafale_vfa22.dnm user/171st_gac/rafale_coll.srf user/171st_gac/rafale_cpt.dnm ""
user/171st_gac/f14d_vfa22.dat user/171st_gac/f14d_vfa22.dnm user/171st_gac/f14d_coll.srf user/171st_gac/f14d_cpt.dnm ""
user/171st_gac/f35c_vfa22.dat user/171st_gac/f35c_vfa22.dnm user/171st_gac/f35c_coll.srf user/171st_gac/f35c_cpt.dnm ""
user/171st_gac/su33ub_vfa22.dat user/171st_gac/su33ub_vfa22.dnm user/171st_gac/su33_coll.srf user/171st_gac/su33ub_cpt.dnm ""

user/171st_gac/f18c_vmfa125.dat user/171st_gac/f18c_vmfa125.dnm user/171st_gac/f18c_coll.srf user/171st_gac/f18c_cpt.dnm ""
user/171st_gac/f4s_vmfa125.dat user/171st_gac/f4s_vmfa125.dnm user/171st_gac/f4s_coll.srf user/171st_gac/f4s_cpt.dnm ""
user/171st_gac/f35b_vmfa125.dat user/171st_gac/f35b_vmfa125.dnm user/171st_gac/f35b_coll.srf user/171st_gac/f35c_cpt.dnm ""
user/171st_gac/f111b_vmfa125.dat user/171st_gac/f111b_vmfa125.dnm user/171st_gac/f111b_coll.srf user/171st_gac/f111b_cpt.dnm ""
user/171st_gac/ah1z.dat user/171st_gac/ah1z.dnm user/171st_gac/ah1z_coll.srf user/171st_g3/blank.srf ""

user/171st_gac/ea18g_vaq108.dat user/171st_gac/ea18g_vaq108.dnm user/171st_gac/f18f_coll.srf user/171st_gac/f18f_cpt.dnm ""
user/171st_gac/e2d.dat user/171st_gac/e2d.dnm user/171st_gac/e2d_coll.srf user/171st_g3/blank.srf ""