tmp/ground/busoukuubo.dat ground/carrier_visual.dnm ground/carrier_coll.srf
tmp/ground/carrier2.dat tmp/ground/carrier2visual.srf tmp/ground/carrier2coll.srf
tmp/ground/carrier3.dat tmp/ground/carrier3visual.srf tmp/ground/carrier3coll.srf
tmp/ground/bridge4.dat tmp/ground/bridge4visual.srf tmp/ground/bridge4coll.srf
tmp/ground/hangar4.dat tmp/ground/hangar4.srf tmp/ground/hangar4.srf
tmp/ground/aaa2.dat tmp/ground/aaa2.srf tmp/ground/aaa2.srf
tmp/ground/kuubo_ww2.dat ground/carrier_visual.dnm ground/carrier_coll.srf
tmp/ground/dd.dat tmp/ground/dd.dnm tmp/ground/dd_base.srf
tmp/ground/ffg.dat tmp/ground/ffg.dnm tmp/ground/ffg_base.srf
tmp/ground/adats.dat tmp/ground/adats.srf tmp/ground/adats.srf
tmp/ground/s-300pmu.dat tmp/ground/s-300pmu.srf tmp/ground/s-300pmu.srf
tmp/ground/drum1.dat tmp/ground/drum1.srf tmp/ground/drum1.srf
tmp/ground/drum2.dat tmp/ground/drum2.srf tmp/ground/drum2.srf
tmp/ground/drum3.dat tmp/ground/drum3.srf tmp/ground/drum3.srf
tmp/ground/torchica1.dat tmp/ground/torchica.dnm tmp/ground/torchica1.srf
tmp/ground/mine1.dat tmp/ground/mine.srf tmp/ground/minecoll.srf
tmp/ground/adats-g.dat tmp/ground/adats-g.dnm tmp/ground/adats-base.srf
tmp/ground/sim/build90b.dat tmp/ground/sim/build90b.srf tmp/ground/sim/build90b.srf
tmp/ground/sim/tkhrbd_250.dat tmp/ground/sim/tkhrbd_250.srf tmp/ground/sim/tkhrbd_250.srf
tmp/ground/sim/tkhrbd_50.dat tmp/ground/sim/tkhrbd_50.srf tmp/ground/sim/tkhrbd_50.srf
tmp/ground/sim/fueltank.dat tmp/ground/sim/fueltank.srf tmp/ground/sim/fueltank.srf
tmp/ground/sim/school.dat tmp/ground/sim/school.srf tmp/ground/sim/school.srf
tmp/ground/sim/taiikukan.dat tmp/ground/sim/taiikukan.srf tmp/ground/sim/taiikukan.srf
tmp/ground/sim/stadium.dat tmp/ground/sim/stadium.srf tmp/ground/sim/stadium.srf
tmp/ground/sim/pylon_l.dat tmp/ground/sim/pylon_l.srf tmp/ground/sim/pylon_l.srf
tmp/ground/sim/pgs1.dat tmp/ground/sim/pgs1.srf tmp/ground/sim/pgs1.srf
tmp/ground/sim/pgs2.dat tmp/ground/sim/pgs2.srf tmp/ground/sim/pgs2.srf
tmp/ground/sim/m_office1.dat tmp/ground/sim/m_office1.srf tmp/ground/sim/m_office1.srf
tmp/ground/sim/m_office2.dat tmp/ground/sim/m_office2.srf tmp/ground/sim/m_office2.srf
tmp/ground/sim/lng_tank.dat tmp/ground/sim/lng_tank.srf tmp/ground/sim/lng_tank.srf
tmp/ground/sim/monju.dat tmp/ground/sim/monju.srf tmp/ground/sim/monju.srf
tmp/ground/sim/gustav.dat tmp/ground/sim/gustav.dnm tmp/ground/sim/gustavcoll.srf
tmp/ground/sim/jagdpanther.dat tmp/ground/sim/jagdpanther.srf tmp/ground/sim/jagdpanthercoll.srf
tmp/ground/sim/t_tower1.dat tmp/ground/sim/t_tower1.srf tmp/ground/sim/t_tower1.srf
tmp/ground/sim/t_terminal1.dat tmp/ground/sim/t_terminal1.srf tmp/ground/sim/t_terminal1.srf
tmp/ground/sim/t_terminal2.dat tmp/ground/sim/t_terminal2.srf tmp/ground/sim/t_terminal2.srf
tmp/ground/sim/t_hangar1.dat tmp/ground/sim/t_hangar1.srf tmp/ground/sim/t_hangar1.srf
tmp/ground/sim/ncnt.dat tmp/ground/sim/ncnt_visual.srf tmp/ground/sim/ncnt_coll.srf
tmp/ground/sim/sphyrna.dat tmp/ground/sim/sphyrna_visual.srf tmp/ground/sim/sphyrna_coll.srf
tmp/ground/sim/yuden.dat tmp/ground/sim/yuden.srf tmp/ground/sim/yudencoll.srf
tmp/ground/sim/yudenplant.dat tmp/ground/sim/yudenplant.srf tmp/ground/sim/yudenplant.srf
tmp/ground/sim/chapel1.dat tmp/ground/sim/chapel1.srf tmp/ground/sim/chapel1.srf
tmp/ground/sim/sydneytower.dat tmp/ground/sim/sydneytower.srf tmp/ground/sim/sydneytower.srf
tmp/ground/sim/less.dat tmp/ground/sim/less.srf tmp/ground/sim/lesscoll.srf
tmp/ground/sim/less2.dat tmp/ground/sim/less2.srf tmp/ground/sim/less2coll.srf
tmp/ground/sim/less3.dat tmp/ground/sim/less3.srf tmp/ground/sim/less3coll.srf
tmp/ground/sim/less4.dat tmp/ground/sim/less4.srf tmp/ground/sim/less4coll.srf
tmp/ground/sim/bus.dat tmp/ground/sim/bus.srf tmp/ground/sim/buscoll.srf
tmp/ground/sim/wc1.dat tmp/ground/sim/wc1.srf tmp/ground/sim/wc1.srf
tmp/ground/sim/711.dat tmp/ground/sim/711.srf tmp/ground/sim/711coll.srf
tmp/ground/sim/crane.dat tmp/ground/sim/crane.srf tmp/ground/sim/crane.srf
tmp/ground/sim/yudensub.dat tmp/ground/sim/yudensub.srf tmp/ground/sim/yudensub.srf
tmp/ground/sim/cranesub.dat tmp/ground/sim/cranesub.srf tmp/ground/sim/cranesub.srf
tmp/ground/sim/ahouse.dat tmp/ground/sim/ahouse.srf tmp/ground/sim/ahouse.srf
tmp/ground/sim/highway.dat tmp/ground/sim/highway.srf tmp/ground/sim/highway.srf
tmp/ground/sim/highwayroad.dat tmp/ground/sim/highwayroad.srf tmp/ground/sim/highwayroad.srf
tmp/ground/sim/aplant.dat tmp/ground/sim/aplant.srf tmp/ground/sim/aplant.srf
tmp/ground/sim/abaseballfield.dat tmp/ground/sim/abaseballfield.srf tmp/ground/sim/abaseballfield.srf
tmp/ground/sim/atanker.dat tmp/ground/sim/atanker.srf tmp/ground/sim/atanker.srf
tmp/ground/sim/tank_carrier.dat tmp/ground/sim/tank_carrier_visual.srf tmp/ground/sim/tank_carrier_coll.srf
tmp/ground/sim/tank_carrier_hangar.dat tmp/ground/sim/tank_carrier_none.srf tmp/ground/sim/tank_carrier_none.srf
tmp/ground/sim/tank_carrier_hangar2.dat tmp/ground/sim/tank_carrier_none.srf tmp/ground/sim/tank_carrier_none.srf
tmp/ground/sim/tanker.dat tmp/ground/sim/tanker.srf tmp/ground/sim/tanker.srf
tmp/ground/build_heli.dat tmp/ground/build_heli.srf tmp/ground/build_heli.srf
tmp/ground/bridge900.dat tmp/ground/bridge900.srf tmp/ground/bridge900.srf
tmp/ground/c5.dat tmp/ground/c5.srf tmp/ground/c5.srf
tmp/ground/hawk.dat tmp/ground/hawk.srf tmp/ground/hawk.srf
tmp/ground/h_silo.dat tmp/ground/h_silo.srf tmp/ground/h_silo.srf
tmp/ground/h_silo_open.dat tmp/ground/h_silo_open.srf tmp/ground/h_silo_open.srf
tmp/ground/teapodong.dat tmp/ground/teapodong.srf tmp/ground/teapodong.srf
tmp/ground/teapodong_silo.dat tmp/ground/teapodong_silo.srf tmp/ground/teapodong_silo.srf
tmp/ground/f_tower.dat tmp/ground/f_tower.srf tmp/ground/f_tower.srf
tmp/ground/mim104.dat tmp/ground/mim104.srf tmp/ground/mim104.srf
tmp/ground/t_battery.dat tmp/ground/t_battery.dnm tmp/ground/t_battery.srf
tmp/ground/m109.dat tmp/ground/m109.srf tmp/ground/m109.srf
tmp/ground/v_adats.dat tmp/ground/v_adats.srf tmp/ground/v_adats.srf
tmp/ground/v_m113.dat tmp/ground/v_m113.srf tmp/ground/v_m113.srf
tmp/ground/h_mbt.dat tmp/ground/h_mbt.dnm tmp/ground/h_mbt.srf
tmp/navy/cg101.dat tmp/navy/cg101.srf tmp/navy/cg101.srf
tmp/navy/cg_vls.dat tmp/navy/cg_vls.srf tmp/navy/cg_vls.srf
tmp/navy/vls1.dat tmp/navy/vls1.srf tmp/navy/vls1.srf
tmp/navy/vls2.dat tmp/navy/vls2.srf tmp/navy/vls2.srf
tmp/navy/ciws.dat tmp/navy/ciws.dnm tmp/navy/ciws_b.srf
tmp/navy/ddg.dat tmp/navy/ddg.dnm tmp/navy/ddg_base.srf
tmp/navy/ciws3.dat tmp/navy/ciws.dnm tmp/navy/ciws_b.srf
tmp/navy/vls3.dat tmp/navy/vls1.srf tmp/navy/vls1.srf
tmp/navy/vls4.dat tmp/navy/vls2.srf tmp/navy/vls2.srf
tmp/navy/ciws.dat tmp/navy/ciws.dnm tmp/navy/ciws_b.srf
tmp/navy/ddg2.dat tmp/navy/ddg.dnm tmp/navy/ddg_base.srf
tmp/navy/dd2.dat tmp/ground/dd.dnm tmp/ground/dd_base.srf
tmp/navy/ffg2.dat tmp/ground/ffg.dnm tmp/ground/ffg_base.srf
tmp/navy/carrier4.dat ground/carrier_visual.dnm ground/carrier_coll.srf
tmp/navy/carrier5.dat ground/carrier_visual.dnm ground/carrier_coll.srf
tmp/navy/armed_carrier.dat ground/carrier_visual.dnm ground/carrier_coll.srf
tmp/navy/armed_wasp.dat tmp/navy/wasp_visual.srf tmp/navy/wasp_coll.srf
tmp/navy/armed_inv.dat tmp/navy/inv_visual.srf tmp/navy/inv_coll.srf
tmp/navy/armed_hermes.dat tmp/navy/hermes_visual.srf tmp/navy/hermes_coll.srf
tmp/navy/wasp.dat tmp/navy/wasp_visual.srf tmp/navy/wasp_coll.srf
tmp/navy/hermes.dat tmp/navy/hermes_visual.srf tmp/navy/hermes_coll.srf
tmp/navy/hermes_j.dat tmp/navy/hermes_null.srf tmp/navy/hermes_jump_coll.srf
tmp/navy/inv.dat tmp/navy/inv_visual.srf tmp/navy/inv_coll.srf
tmp/navy/inv_j.dat tmp/navy/inv_null.srf tmp/navy/inv_deck_jump_coll.srf
tmp/navy/inv_n1.dat tmp/navy/inv_null.srf tmp/navy/inv_nose_deck_coll.srf
tmp/navy/inv_n2.dat tmp/navy/inv_null.srf tmp/navy/inv_nose_deck_coll.srf
tmp/navy/inv_n3.dat tmp/navy/inv_null.srf tmp/navy/inv_nose_deck_coll.srf
tmp/navy/seasparrow.dat tmp/navy/seasparrow.dnm tmp/navy/seasparrow_coll.srf
tmp/navy/cvnx_01.dat tmp/navy/cvnx_01_visual.srf tmp/navy/cvnx_01_coll.srf
tmp/navy/cg102.dat tmp/navy/cg101.srf tmp/navy/cg101.srf
tmp/ground/em_rader.dat tmp/ground/em_rader.srf tmp/ground/em_rader.srf
tmp/enemybomber/b17.dat tmp/enemybomber/b17.srf tmp/enemybomber/b17.srf
