Ground
user/fufanl/malta/ground/ju88_a.dat user/fufanl/malta/ground/ju88_a.srf user/fufanl/malta/ground/ju88_a_coll.srf
user/fufanl/malta/ground/aurora.dat user/fufanl/malta/ground/aurora.srf user/fufanl/malta/ground/aurora.srf
user/fufanl/malta/ground/cargo3.dat user/fufanl/malta/ground/cargo3.srf user/fufanl/malta/ground/cargo3.srf
user/fufanl/malta/ground/contr.dat user/fufanl/malta/ground/contr.srf user/fufanl/malta/ground/contr.srf
user/fufanl/malta/ground/contr_b.dat user/fufanl/malta/ground/contr_b.srf user/fufanl/malta/ground/contr_b.srf
user/fufanl/malta/ground/contr1.dat user/fufanl/malta/ground/contr1.srf user/fufanl/malta/ground/contr1.srf
user/fufanl/malta/ground/devonshire.dat user/fufanl/malta/ground/devonshire.srf user/fufanl/malta/ground/devonshire.srf
user/fufanl/malta/ground/gbhg.dat user/fufanl/malta/ground/gbhg.srf user/fufanl/malta/ground/gbhg.srf
user/fufanl/malta/ground/gbhg1.dat user/fufanl/malta/ground/gbhg1.srf user/fufanl/malta/ground/gbhg1.srf
user/fufanl/malta/ground/gbhg2.dat user/fufanl/malta/ground/gbhg2.srf user/fufanl/malta/ground/gbhg2.srf
user/fufanl/malta/ground/gbhg3.dat user/fufanl/malta/ground/gbhg3.srf user/fufanl/malta/ground/gbhg3.srf
user/fufanl/malta/ground/hangar_la.dat user/fufanl/malta/ground/hangar_la.srf user/fufanl/malta/ground/hangar_la.srf
user/fufanl/malta/ground/hangar_v.dat user/fufanl/malta/ground/hangar_v.srf user/fufanl/malta/ground/hangar_v.srf
user/fufanl/malta/ground/hurricane.dat user/fufanl/malta/ground/hurricane.srf user/fufanl/malta/ground/hurricane.srf
user/fufanl/malta/ground/ivanhoe.dat user/fufanl/malta/ground/ivanhoe.srf user/fufanl/malta/ground/ivanhoe.srf
user/fufanl/malta/ground/javelin.dat user/fufanl/malta/ground/javelin.srf user/fufanl/malta/ground/javelin.srf
user/fufanl/malta/ground/london_house.dat user/fufanl/malta/ground/london_house.srf user/fufanl/malta/ground/london_house.srf
user/fufanl/malta/ground/london_house1.dat user/fufanl/malta/ground/london_house1.srf user/fufanl/malta/ground/london_house1.srf
user/fufanl/malta/ground/london_house2.dat user/fufanl/malta/ground/london_house2.srf user/fufanl/malta/ground/london_house2.srf
user/fufanl/malta/ground/maltacastle.dat user/fufanl/malta/ground/maltacastle.srf user/fufanl/malta/ground/maltacastle.srf
user/fufanl/malta/ground/mhouse.dat user/fufanl/malta/ground/mhouse.srf user/fufanl/malta/ground/mhouse.srf
user/fufanl/malta/ground/m1house.dat user/fufanl/malta/ground/m1house.srf user/fufanl/malta/ground/m1house.srf
user/fufanl/malta/ground/m2house.dat user/fufanl/malta/ground/m2house.srf user/fufanl/malta/ground/m2house.srf
user/fufanl/malta/ground/porterminal2.dat user/fufanl/malta/ground/porterminal2.srf user/fufanl/malta/ground/porterminal2.srf
user/fufanl/malta/ground/porterminal3.dat user/fufanl/malta/ground/porterminal3.srf user/fufanl/malta/ground/porterminal3.srf
user/fufanl/malta/ground/hangar_la.dat user/fufanl/malta/ground/hangar_la.srf user/fufanl/malta/ground/hangar_la.srf
user/fufanl/malta/ground/hangar_v.dat user/fufanl/malta/ground/hangar_v.srf user/fufanl/malta/ground/hangar_v.srf
user/fufanl/malta/ground/rimorchiatore.dat user/fufanl/malta/ground/rimorchiatore.srf user/fufanl/malta/ground/rimorchiatore.srf
user/fufanl/malta/ground/repulse.dat user/fufanl/malta/ground/repulse.srf user/fufanl/malta/ground/repulse.srf
user/fufanl/malta/ground/hurricane.dat user/fufanl/malta/ground/hurricane.srf user/fufanl/malta/ground/hurricane.srf
user/fufanl/malta/ground/spit.dat user/fufanl/malta/ground/spit.srf user/fufanl/malta/ground/spit.srf
user/fufanl/malta/ground/waterhangar.dat user/fufanl/malta/ground/waterhangar.srf user/fufanl/malta/ground/waterhangar.srf
user/fufanl/malta/ground/waterhangar1.dat user/fufanl/malta/ground/waterhangar1.srf user/fufanl/malta/ground/waterhangar1.srf
user/fufanl/malta/ground/idro.dat user/fufanl/malta/ground/idro.srf user/fufanl/malta/ground/idro.srf
user/fufanl/malta/ground/sm78.dat user/fufanl/malta/ground/sm78.srf user/fufanl/malta/ground/sm78.srf
user/fufanl/malta/ground/ark.dat user/fufanl/malta/ground/arkvisual.srf user/fufanl/malta/ground/arkcoll.srf
user/fufanl/malta/ground/u-boote_9c.dat user/fufanl/malta/ground/u-boote_9c.srf user/fufanl/malta/ground/u-boote_9c.srf
user/fufanl/malta/ground/ju87_a.dat user/fufanl/malta/ground/ju87_a.srf user/fufanl/malta/ground/ju87_a_coll.srf
user/fufanl/malta/ground/g55a.dat user/fufanl/malta/ground/g55a.srf user/fufanl/malta/ground/g55a_coll.srf
user/fufanl/malta/ground/subtunnel.dat user/fufanl/malta/ground/subtunnel.srf user/fufanl/malta/ground/subtunnel.srf

Scenery
MALTA User/fufanl/malta/malta.fld User/fufanl/malta/malta.stp User/fufanl/malta/malta.yfs

