user/major/formulays/ground/pole.dat user/major/formulays/ground/pole.srf user/major/formulays/ground/null.srf
user/major/formulays/ground/flags.dat user/major/formulays/ground/flags.srf user/major/formulays/ground/null.srf
user/major/formulays/ground/tunnellong.dat user/major/formulays/ground/tunnellong.srf user/major/formulays/ground/tunnellong.srf
user/major/formulays/ground/gate.dat user/major/formulays/ground/gate.srf user/major/formulays/ground/gate_coll.srf
user/major/formulays/ground/endblock.dat user/major/formulays/ground/endblock.srf user/major/formulays/ground/endblock.srf
user/major/formulays/ground/tunnelbend.dat user/major/formulays/ground/tunnelbend.srf user/major/formulays/ground/tunnelbend.srf
user/major/formulays/ground/stand.dat user/major/formulays/ground/stand.srf user/major/formulays/ground/stand_coll.srf
user/major/formulays/ground/tunnel.dat user/major/formulays/ground/tunnel.srf user/major/formulays/ground/tunnel_coll.srf
user/major/formulays/ground/polebig.dat user/major/formulays/ground/polebig.srf user/major/formulays/ground/polebig.srf
user/major/formulays/ground/plane.dat user/major/formulays/ground/plane.srf user/major/formulays/ground/plane_coll.srf
user/major/formulays/ground/lights.dat user/major/formulays/ground/lights.srf user/major/formulays/ground/lights_coll.srf
user/major/formulays/ground/ab.dat user/major/formulays/ground/ab.srf user/major/formulays/ground/ab_coll.srf
user/major/formulays/ground/noab.dat user/major/formulays/ground/noab.srf user/major/formulays/ground/noab_coll.srf
user/major/formulays/ground/barrier.dat user/major/formulays/ground/barrier.srf user/major/formulays/ground/barrier_coll.srf
user/major/formulays/ground/standshort.dat user/major/formulays/ground/standshort.srf user/major/formulays/ground/standshort_coll.srf