user/171st_g3/f35c.dat user/171st_g3/f35c.dnm user/171st_g3/f35c_coll.srf user/171st_g3/blank.srf user/171st_g3/f35c_c.dnm
user/171st_g3/f18c_vfa171.dat user/171st_g3/f18c_vfa171.dnm user/171st_g3/f18c_coll.srf user/171st_g3/blank.srf user/171st_g3/f18c_crs.dnm 
user/171st_g3/f14d_a.dat user/171st_g3/f14d_a.dnm user/171st_g3/f14d_coll.srf user/171st_g3/blank.srf user/171st_g3/f14d_crs.dnm 
user/171st_g3/a6e_va171.dat user/171st_g3/a6f.dnm user/171st_g3/a6e_coll.srf user/171st_g3/blank.srf user/171st_g3/a6e_va171_c.dnm 
user/171st_g3/ea6b.dat user/171st_g3/ea6b.dnm user/171st_g3/ea6bcoll.srf user/171st_g3/blank.srf 
user/171st_g3/rm01.dat user/171st_g3/rm01.dnm user/171st_g3/rm01_coll.srf user/171st_g3/blank.srf user/171st_g3/rm01_crs.dnm 
user/171st_g3/su33.dat user/171st_g3/su33.dnm user/171st_g3/su33_coll.srf user/171st_g3/blank.srf user/171st_g3/su33_crs.dnm 
user/171st_g3/a4e_171st.dat user/171st_g3/a4e_171st.dnm user/171st_g3/a4e_coll.srf user/171st_g3/blank.srf 
user/171st_g3/su25utg.dat user/171st_g3/su25utg.dnm user/171st_g3/su25_coll.srf user/171st_g3/blank.srf user/171st_g3/su25_crs.dnm 
user/171st_g3/mig29k.dat user/171st_g3/mig35.dnm user/171st_g3/mig29_coll.srf user/171st_g3/blank.srf user/171st_g3/mig29_crs.dnm 
user/171st_g3/f18f.dat user/171st_g3/f18f.dnm user/171st_g3/f18f_coll.srf user/171st_g3/blank.srf user/171st_g3/f18f_c.dnm 
user/171st_g3/f8.dat user/171st_g3/f8.dnm user/171st_g3/f8_coll.srf user/171st_g3/blank.srf 
user/171st_g3/t45.dat user/171st_g3/t45.dnm user/171st_g3/t45_coll.srf user/171st_g3/blank.srf 
user/171st_g3/buc_171.dat user/171st_g3/buc_171.dnm user/171st_g3/buc_coll.srf user/171st_g3/blank.srf
user/171st_g3/ea18g.dat user/171st_g3/ea18g.dnm user/171st_g3/f18f_coll.srf user/171st_g3/blank.srf user/171st_g3/f18f_c.dnm 
user/171st_g3/su33ub.dat user/171st_g3/su33ub.dnm user/171st_g3/su33_coll.srf user/171st_g3/blank.srf user/171st_g3/su33_crs.dnm 
user/171st_g3/f4s.dat user/171st_g3/f4s.dnm user/171st_g3/f4s_coll.srf user/171st_g3/blank.srf
user/171st_g3/wah64.dat user/171st_g3/wah64.dnm user/171st_g3/wah64_coll.srf user/171st_g3/blank.srf

user/171st_g3/f35c_d1.dat user/171st_g3/f35c_d1.dnm user/171st_g3/f35c_coll.srf user/171st_g3/blank.srf user/171st_g3/f35c_d1_c.dnm
user/171st_g3/su33_d1.dat user/171st_g3/su33_d1.dnm user/171st_g3/su33_coll.srf user/171st_g3/blank.srf user/171st_g3/su332_crs.dnm 
user/171st_g3/f18f_d1.dat user/171st_g3/f18f_d1.dnm user/171st_g3/f18f_coll.srf user/171st_g3/blank.srf user/171st_g3/f18f_d1_c.dnm 
user/171st_g3/f4s_42.dat user/171st_g3/f4s_42.dnm user/171st_g3/f4s_coll.srf user/171st_g3/blank.srf
user/171st_g3/f35c_d2.dat user/171st_g3/f35c_d2.dnm user/171st_g3/f35c_coll.srf user/171st_g3/blank.srf user/171st_g3/f35c_d2_c.dnm
user/171st_g3/f8_2.dat user/171st_g3/f8_2.dnm user/171st_g3/f8_coll.srf user/171st_g3/blank.srf 
user/171st_g3/f18f_d2.dat user/171st_g3/f18f_d2.dnm user/171st_g3/f18f_coll.srf user/171st_g3/blank.srf user/171st_g3/f18f_d2_c.dnm 
user/171st_g3/f35c_d3.dat user/171st_g3/f35c_d3.dnm user/171st_g3/f35c_coll.srf "" user/171st_g3/f35c_d3_c.dnm
user/171st_g3/rm01_d3.dat user/171st_g3/rm01_d3.dnm user/171st_g3/rm01_coll.srf "" user/171st_g3/rm012_crs.dnm 
user/171st_g3/f18f_d3.dat user/171st_g3/f18f_d3.dnm user/171st_g3/f18f_coll.srf "" user/171st_g3/f18f_d3_c.dnm 
user/171st_g3/buc_171_d3.dat user/171st_g3/buc_171_d3.dnm user/171st_g3/buc_coll.srf user/171st_g3/blank.srf
user/171st_g3/f35c_d4.dat user/171st_g3/f35c_d4.dnm user/171st_g3/f35c_coll.srf user/171st_g3/blank.srf user/171st_g3/f35c_d4_c.dnm
user/171st_g3/su33ub_d1.dat user/171st_g3/su33ub_d1.dnm user/171st_g3/su33_coll.srf user/171st_g3/blank.srf user/171st_g3/su33_crs.dnm 
user/171st_g3/a6e_va171_d1.dat user/171st_g3/a6f_2.dnm user/171st_g3/a6e_coll.srf user/171st_g3/blank.srf user/171st_g3/a6e_va171_d1_c.dnm 
user/171st_g3/f14d_a2.dat user/171st_g3/f14d_a2.dnm user/171st_g3/f14d_coll.srf user/171st_g3/blank.srf user/171st_g3/f14d2_crs.dnm
user/171st_g3/f18f_ad1.dat user/171st_g3/f18f_ad1.dnm user/171st_g3/f18f_coll.srf user/171st_g3/blank.srf user/171st_g3/f18f_ad1_c.dnm  
user/171st_g3/f35c_d5.dat user/171st_g3/f35c_d5.dnm user/171st_g3/f35c_coll.srf user/171st_g3/blank.srf user/171st_g3/f35c_d5_c.dnm
user/171st_g3/f14d_a3.dat user/171st_g3/f14d_a3.dnm user/171st_g3/f14d_coll.srf user/171st_g3/blank.srf user/171st_g3/f14d3_crs.dnm 
user/171st_g3/f18c_vfa171_d2.dat user/171st_g3/f18c_vfa171_d2.dnm user/171st_g3/f18c_coll.srf user/171st_g3/blank.srf user/171st_g3/f18c2_crs.dnm
user/171st_g3/su33_d2.dat user/171st_g3/su33_d2.dnm user/171st_g3/su33_coll.srf user/171st_g3/blank.srf user/171st_g3/su332_crs.dnm 
user/171st_g3/f8_3.dat user/171st_g3/f8_3.dnm user/171st_g3/f8_coll.srf user/171st_g3/blank.srf 
user/171st_g3/f4s_82.dat user/171st_g3/f4s_82.dnm user/171st_g3/f4s_coll.srf user/171st_g3/blank.srf
user/171st_g3/f35c_d6.dat user/171st_g3/f35c_d6.dnm user/171st_g3/f35c_coll.srf user/171st_g3/blank.srf user/171st_g3/f35c_d6_c.dnm
user/171st_g3/buc_171_d6.dat user/171st_g3/buc_171_d6.dnm user/171st_g3/buc_coll.srf ""
user/171st_g3/f18f_ad2.dat user/171st_g3/f18f_ad2.dnm user/171st_g3/f18f_coll.srf "" user/171st_g3/f18f_ad2_c.dnm 
user/171st_g3/su25utg_2.dat user/171st_g3/su25utg_2.dnm user/171st_g3/su25_coll.srf "" user/171st_g3/su252_crs.dnm 
user/171st_g3/su33ub_d2.dat user/171st_g3/su33ub_d2.dnm user/171st_g3/su33_coll.srf user/171st_g3/blank.srf user/171st_g3/su33_crs.dnm 
user/171st_g3/mig29k_d3.dat user/171st_g3/mig35_d1.dnm user/171st_g3/mig29_coll.srf "" user/171st_g3/mig292_crs.dnm 
user/171st_g3/f4s_72.dat user/171st_g3/f4s_72.dnm user/171st_g3/f4s_coll.srf user/171st_g3/blank.srf
user/171st_g3/ea6b_2.dat user/171st_g3/ea6b_2.dnm user/171st_g3/ea6bcoll.srf user/171st_g3/blank.srf 
user/171st_g3/ea18g_108.dat user/171st_g3/ea18g_108.dnm user/171st_g3/f18f_coll.srf user/171st_g3/blank.srf user/171st_g3/f18f_c.dnm 
user/171st_g3/f14d_a4.dat user/171st_g3/f14d_a4.dnm user/171st_g3/f14d_coll.srf user/171st_g3/blank.srf user/171st_g3/f14d3_crs.dnm 

user/171st_g3/sh60.dat user/171st_g3/sh60.dnm user/171st_g3/sh60_coll.srf user/171st_g3/blank.srf user/171st_g3/sh60_coar.dnm
user/171st_g3/v22.dat user/171st_g3/v22.dnm user/171st_g3/v22_coll.srf user/171st_g3/blank.srf
user/171st_g3/ah-1z.dat user/171st_g3/ah-1z.dnm user/171st_g3/ah-1z_coll.srf user/171st_g3/blank.srf
user/171st_g3/meu_f18c.dat user/171st_g3/meu_f18c.dnm user/171st_g3/f18c_coll.srf user/171st_g3/blank.srf
user/171st_g3/f4s_125.dat user/171st_g3/f4s_125.dnm user/171st_g3/f4s_coll.srf user/171st_g3/blank.srf
user/171st_g3/f35b.dat user/171st_g3/f35b.dnm user/171st_g3/f35b_coll.srf user/171st_g3/blank.srf
user/171st_g3/m1a2.dat user/171st_g3/m1a2.dnm user/171st_g3/m1a2_coll.srf user/171st_g3/blank.srf
user/171st_g3/m2a2.dat user/171st_g3/m2a2.dnm user/171st_g3/m2a2_coll.srf user/171st_g3/blank.srf
user/171st_g3/meu_inf.dat user/171st_g3/meu_inf.dnm user/171st_g3/inf_coll.srf user/171st_g3/blank.srf
user/171st_g3/meu_sni.dat user/171st_g3/meu_sni.dnm user/171st_g3/meu_sni_coll.srf user/171st_g3/blank.srf
user/171st_g3/meu_rpg.dat user/171st_g3/meu_rpg.dnm user/171st_g3/inf_coll.srf user/171st_g3/blank.srf
user/171st_g3/meu_saw.dat user/171st_g3/meu_saw.dnm user/171st_g3/meu_sni_coll.srf user/171st_g3/blank.srf
user/171st_g3/kc135.dat user/171st_g3/kc135.dnm user/171st_g3/kc135_coll.srf user/171st_g3/kc135_cock.srf

user/171st_g3/f35b_s001.dat user/171st_g3/f35b_s001.dnm user/171st_g3/f35b_coll.srf user/171st_g3/blank.srf
user/171st_g3/f35b_s002.dat user/171st_g3/f35b_s002.dnm user/171st_g3/f35b_coll.srf user/171st_g3/blank.srf

user/171st_g3/fel_f16adf.dat user/171st_g3/fel_f16adf.dnm user/171st_g3/fel_f16adf_coll.srf user/171st_g3/blank.srf
user/171st_g3/su35_tatsu.dat user/171st_g3/su35_tatsu.dnm user/171st_g3/su33_coll.srf user/171st_g3/blank.srf
user/171st_g3/sentinel.dat user/171st_g3/sentinel.dnm user/171st_g3/sentinel_coll.srf user/171st_g3/blank.srf