User/Kzs/ground/gate_bridge10.dat User/Kzs/ground/gate_bridge10.srf User/Kzs/ground/gate_bridge10_coll.srf
User/Kzs/ground/gate_bridge05.dat User/Kzs/ground/gate_bridge05.srf User/Kzs/ground/gate_bridge05_coll.srf
User/Kzs/ground/n_bridge10.dat User/Kzs/ground/n_bridge10.srf User/Kzs/ground/n_bridge10_coll.srf
User/Kzs/ground/n_bridge05.dat User/Kzs/ground/n_bridge05.srf User/Kzs/ground/n_bridge05_coll.srf
User/Kzs/ground/n_bridge02.dat User/Kzs/ground/n_bridge02.srf User/Kzs/ground/n_bridge02_coll.srf
User/Kzs/ground/n_bridge01.dat User/Kzs/ground/n_bridge01.srf User/Kzs/ground/n_bridge01_coll.srf
User/Kzs/ground/gate30.dat User/Kzs/ground/gate30.srf User/Kzs/ground/gate30.srf
User/Kzs/ground/gate25.dat User/Kzs/ground/gate25.srf User/Kzs/ground/gate25.srf
User/Kzs/ground/gate20.dat User/Kzs/ground/gate20.srf User/Kzs/ground/gate20.srf
User/Kzs/ground/gate15.dat User/Kzs/ground/gate15.srf User/Kzs/ground/gate15.srf
User/Kzs/ground/gate10.dat User/Kzs/ground/gate10.srf User/Kzs/ground/gate10.srf
User/Kzs/ground/office_build27.dat User/Kzs/ground/office_build27.srf User/Kzs/ground/office_build27.srf
User/Kzs/ground/office_build45.dat User/Kzs/ground/office_build45.srf User/Kzs/ground/office_build45.srf
User/Kzs/ground/enemy_hq.dat User/Kzs/ground/enemy_hq.srf User/Kzs/ground/enemy_hq_coll.srf
User/Kzs/ground/radar.dat User/Kzs/ground/radar.srf User/Kzs/ground/radar_coll.srf
User/Kzs/ground/fence.dat User/Kzs/ground/fence.srf User/Kzs/ground/fence.srf
User/Kzs/ground/tower.dat User/Kzs/ground/tower.srf User/Kzs/ground/tower_coll.srf
User/Kzs/ground/fc_tower.dat User/Kzs/ground/fc_tower.srf User/Kzs/ground/fc_tower_coll.srf
User/Kzs/ground/fc_tower_s.dat User/Kzs/ground/fc_tower_s.srf User/Kzs/ground/fc_tower_s_coll.srf
User/Kzs/ground/fuel_tank.dat User/Kzs/ground/fuel_tank.srf User/Kzs/ground/fuel_tank_coll.srf
User/Kzs/ground/fuel_tank_s.dat User/Kzs/ground/fuel_tank_s.srf User/Kzs/ground/fuel_tank_s_coll.srf
User/Kzs/ground/fuel_tank_r.dat User/Kzs/ground/fuel_tank_r.srf User/Kzs/ground/fuel_tank_r.srf
User/Kzs/ground/fuel_tank_rs.dat User/Kzs/ground/fuel_tank_rs.srf User/Kzs/ground/fuel_tank_rs.srf
User/Kzs/ground/warehouse.dat User/Kzs/ground/warehouse.srf User/Kzs/ground/warehouse_coll.srf
User/Kzs/ground/hangar_l.dat User/Kzs/ground/hangar_l.srf User/Kzs/ground/hangar_l.srf
User/Kzs/ground/hangar_lt.dat User/Kzs/ground/hangar_lt.srf User/Kzs/ground/hangar_lt.srf
User/Kzs/ground/dart_target.dat User/Kzs/ground/dart_target.srf User/Kzs/ground/dart_target_coll.srf
User/Kzs/ground/flag_target.dat User/Kzs/ground/flag_target.srf User/Kzs/ground/flag_target_coll.srf
User/Kzs/ground/t-sam.dat User/Kzs/ground/v-sam.srf User/Kzs/ground/_afv_coll.srf
User/Kzs/ground/t-aaa.dat User/Kzs/ground/v-aaa.srf User/Kzs/ground/_afv_coll.srf
User/Kzs/ground/t-tank.dat User/Kzs/ground/v-tank.srf User/Kzs/ground/_afv_coll.srf
User/Kzs/ground/t-truck.dat User/Kzs/ground/v-truck.srf User/Kzs/ground/_afv_coll.srf
User/Kzs/ground/s-sam.dat User/Kzs/ground/v-sam.dnm User/Kzs/ground/_afv_coll.srf
User/Kzs/ground/s-aaa.dat User/Kzs/ground/v-aaa.dnm User/Kzs/ground/_afv_coll.srf
User/Kzs/ground/s-tank.dat User/Kzs/ground/v-tank.srf User/Kzs/ground/_afv_coll.srf
User/Kzs/ground/s-truck.dat User/Kzs/ground/v-truck.srf User/Kzs/ground/_afv_coll.srf
User/Kzs/ground/v-sam.dat User/Kzs/ground/v-sam.dnm User/Kzs/ground/_afv_coll.srf
User/Kzs/ground/v-aaa.dat User/Kzs/ground/v-aaa.dnm User/Kzs/ground/_afv_coll.srf
User/Kzs/ground/v-tank.dat User/Kzs/ground/v-tank.srf User/Kzs/ground/_afv_coll.srf
User/Kzs/ground/v-truck.dat User/Kzs/ground/v-truck.srf User/Kzs/ground/_afv_coll.srf
User/Kzs/ground/g-sam.dat User/Kzs/ground/g-sam.dnm User/Kzs/ground/g-aaa_sam_coll.srf
User/Kzs/ground/g-aaa.dat User/Kzs/ground/g-aaa.dnm User/Kzs/ground/g-aaa_sam_coll.srf
User/Kzs/ground/t-oil_tanker.dat User/Kzs/ground/oil_tanker.srf User/Kzs/ground/oil_tanker_coll.srf
User/Kzs/ground/t-cargo_ship.dat User/Kzs/ground/cargo_ship.srf User/Kzs/ground/cargo_ship_coll.srf
User/Kzs/ground/t-psgr_ship.dat User/Kzs/ground/psgr_ship.srf User/Kzs/ground/psgr_ship_coll.srf
User/Kzs/ground/v-oil_tanker.dat User/Kzs/ground/oil_tanker.srf User/Kzs/ground/oil_tanker_coll.srf
User/Kzs/ground/v-cargo_ship.dat User/Kzs/ground/cargo_ship.srf User/Kzs/ground/cargo_ship_coll.srf
User/Kzs/ground/v-psgr_ship.dat User/Kzs/ground/psgr_ship.srf User/Kzs/ground/psgr_ship_coll.srf
User/Kzs/ground/t-battle_ship.dat User/Kzs/ground/battle_ship_t.srf User/Kzs/ground/battle_ship_coll.srf
User/Kzs/ground/s-battle_ship_a.dat User/Kzs/ground/battle_ship_a.srf User/Kzs/ground/battle_ship_coll.srf
User/Kzs/ground/s-battle_ship_s.dat User/Kzs/ground/battle_ship_s.srf User/Kzs/ground/battle_ship_coll.srf
User/Kzs/ground/s-battle_ship_as.dat User/Kzs/ground/battle_ship_as.srf User/Kzs/ground/battle_ship_coll.srf
User/Kzs/ground/v-battle_ship.dat User/Kzs/ground/battle_ship_t.srf User/Kzs/ground/battle_ship_coll.srf
User/Kzs/ground/v-battle_ship_a.dat User/Kzs/ground/battle_ship_a.srf User/Kzs/ground/battle_ship_coll.srf
User/Kzs/ground/v-battle_ship_s.dat User/Kzs/ground/battle_ship_s.srf User/Kzs/ground/battle_ship_coll.srf
User/Kzs/ground/v-battle_ship_as.dat User/Kzs/ground/battle_ship_as.srf User/Kzs/ground/battle_ship_coll.srf
User/Kzs/ground/grnd_carrier.dat User/Kzs/ground/grnd_carrier_visual.srf User/Kzs/ground/grnd_carrier_coll.srf
User/Kzs/ground/sky_carrier.dat User/Kzs/ground/sky_carrier_visual.srf User/Kzs/ground/sky_carrier_coll.srf
User/Kzs/ground/carrier(s).dat ground/carrier_visual.srf ground/carrier_coll.srf
User/Kzs/ground/carrier(n).dat User/Kzs/ground/carrier(n)_visual.srf ground/carrier_coll.srf
User/Kzs/ground/kieta_lab.dat User/Kzs/ground/kieta_lab_visual.srf User/Kzs/ground/kieta_lab_coll.srf
User/Kzs/ground/mnsn_marjo.dat User/Kzs/ground/mnsn_marjo_visual.srf User/Kzs/ground/mnsn_marjo_coll.srf
User/Kzs/rapa_nui/ground/mataveri_ap.dat User/Kzs/rapa_nui/ground/mataveri_ap.srf User/Kzs/rapa_nui/ground/mataveri_ap_coll.srf
User/Kzs/rapa_nui/ground/moai.dat User/Kzs/rapa_nui/ground/moai.srf User/Kzs/rapa_nui/ground/moai_coll.srf
User/Kzs/rapa_nui/ground/moai_p.dat User/Kzs/rapa_nui/ground/moai_p.srf User/Kzs/rapa_nui/ground/moai_coll.srf
User/Kzs/rapa_nui/ground/moai_big_papa.dat User/Kzs/rapa_nui/ground/moai_big_papa.dnm User/Kzs/rapa_nui/ground/moai_big_papa_coll.srf
User/Kzs/t_isl/ground/t_box.dat User/Kzs/t_isl/ground/t_box.srf User/Kzs/t_isl/ground/t_box_coll.srf
User/Kzs/t_isl/ground/t_box_a.dat User/Kzs/t_isl/ground/t_box.srf User/Kzs/t_isl/ground/t_box_coll.srf
User/Kzs/t_isl/ground/cabin.dat User/Kzs/t_isl/ground/cabin.srf User/Kzs/t_isl/ground/cabin_coll.srf
User/Kzs/t_isl/ground/hispaniola.dat User/Kzs/t_isl/ground/hispaniola.srf User/Kzs/t_isl/ground/hispaniola_coll.srf
User/Kzs/t_isl/ground/pirate_ship.dat User/Kzs/t_isl/ground/pirate_ship.srf User/Kzs/t_isl/ground/pirate_ship_coll.srf
User/Kzs/t_isl/ground/l_boat.dat User/Kzs/t_isl/ground/l_boat.srf User/Kzs/t_isl/ground/l_boat_coll.srf
User/Kzs/t_isl/ground/pirate_ship2.dat User/Kzs/t_isl/ground/pirate_ship.srf User/Kzs/t_isl/ground/pirate_ship_coll.srf
User/Kzs/t_isl/ground/stockade.dat User/Kzs/t_isl/ground/stockade.srf User/Kzs/t_isl/ground/stockade.srf
User/Kzs/area88/ground/a88_bridge.dat User/Kzs/area88/ground/a88_bridge_visual.srf User/Kzs/area88/ground/a88_bridge_coll.srf
User/Kzs/area88/ground/a88_mtbase.dat User/Kzs/ground/_null.srf User/Kzs/area88/ground/a88_mtbase_coll.srf
User/Kzs/area88/ground/a88_mtbase_top.dat User/Kzs/area88/ground/a88_mtbase_top.srf User/Kzs/area88/ground/a88_mtbase_top_coll.srf
User/Kzs/area88/ground/a88_bridge_ss.dat User/Kzs/area88/ground/a88_bridge_ss.srf User/Kzs/area88/ground/a88_bridge_ss_coll.srf
User/Kzs/area88/ground/a88_enterprise.dat User/Kzs/area88/ground/a88_enterprise_visual.srf ground/carrier_coll.srf
User/Kzs/area88/ground/big_leg.dat User/Kzs/area88/ground/big_leg.srf User/Kzs/area88/ground/big_leg.srf
User/Kzs/area88/ground/p4_g-carrier.dat User/Kzs/area88/ground/p4_g-carrier_visual.srf User/Kzs/area88/ground/p4_g-carrier_coll.srf
User/Kzs/area88/ground/p4_grand_slam.dat User/Kzs/ground/_null.srf User/Kzs/area88/ground/p4_grand_slam_coll.srf
User/Kzs/area88/ground/n_b777.dat User/Kzs/area88/ground/n_b777_visual.srf User/Kzs/area88/ground/n_b777_coll.srf
User/Kzs/area88/ground/timebomb_l.dat User/Kzs/area88/ground/timebomb_l_visual.srf User/Kzs/area88/ground/timebomb_l_coll.srf
User/Kzs/area88/ground/timebomb_r.dat User/Kzs/area88/ground/timebomb_r_visual.srf User/Kzs/area88/ground/timebomb_r_coll.srf
User/Kzs/area88/ground/palace.dat User/Kzs/area88/ground/palace.srf User/Kzs/area88/ground/palace_coll.srf
User/Kzs/area88/ground/m_build.dat User/Kzs/area88/ground/m_build.srf User/Kzs/area88/ground/m_build_coll.srf
User/buta/ground/whitebase.dat User/buta/ground/whitebase_visual.srf User/buta/ground/whitebase_coll.srf
User/Kzs/lunar/ground/lbu_tunnel15.dat User/Kzs/lunar/ground/lbu_tunnel15.srf User/Kzs/lunar/ground/lbu_tunnel15_coll.srf
User/Kzs/lunar/ground/lbu_hangar_t.dat User/Kzs/lunar/ground/lbu_hangar_t.srf User/Kzs/lunar/ground/lbu_hangar_t_coll.srf
User/Kzs/lunar/ground/lbu_hangar.dat User/Kzs/lunar/ground/lbu_hangar.srf User/Kzs/lunar/ground/lbu_hangar_coll.srf
User/Kzs/lunar/ground/lbu_unit_l.dat User/Kzs/lunar/ground/lbu_unit_l.srf User/Kzs/lunar/ground/lbu_unit_l_coll.srf
User/Kzs/lunar/ground/lbu_unit_m.dat User/Kzs/lunar/ground/lbu_unit_m.srf User/Kzs/lunar/ground/lbu_unit_m_coll.srf
User/Kzs/lunar/ground/lbu_unit_s.dat User/Kzs/lunar/ground/lbu_unit_s.srf User/Kzs/lunar/ground/lbu_unit_s_coll.srf
User/Kzs/lunar/ground/lbu_dome_l.dat User/Kzs/lunar/ground/lbu_dome_l.srf User/Kzs/lunar/ground/lbu_dome_l_coll.srf
User/Kzs/lunar/ground/lbu_dome_m.dat User/Kzs/lunar/ground/lbu_dome_m.srf User/Kzs/lunar/ground/lbu_dome_m_coll.srf
User/Kzs/lunar/ground/lbu_dome_s.dat User/Kzs/lunar/ground/lbu_dome_s.srf User/Kzs/lunar/ground/lbu_dome_s_coll.srf
User/Kzs/lunar/ground/lbu_solar_plant.dat User/Kzs/lunar/ground/lbu_solar_plant.srf User/Kzs/lunar/ground/lbu_solar_plant_coll.srf
User/Kzs/lunar/ground/lbu_scope.dat User/Kzs/lunar/ground/lbu_scope.srf User/Kzs/lunar/ground/lbu_scope_coll.srf
User/Kzs/lunar/ground/lbu_rover.dat User/Kzs/lunar/ground/lbu_rover.srf User/Kzs/lunar/ground/lbu_rover_coll.srf
User/Kzs/lunar/ground/ppl.dat User/Kzs/lunar/ground/ppl.srf User/Kzs/lunar/ground/ppl_coll.srf
User/Kzs/lunar/ground/bacteriophage_s.dat User/Kzs/lunar/ground/bacteriophage_s.dnm User/Kzs/lunar/ground/bacteriophage_s_coll.srf
User/Kzs/lunar/ground/bacteriophage_sa.dat User/Kzs/lunar/ground/bacteriophage_s.dnm User/Kzs/lunar/ground/bacteriophage_s_coll.srf
User/Kzs/lunar/ground/bacteriophage_l.dat User/Kzs/lunar/ground/bacteriophage_l.dnm User/Kzs/lunar/ground/bacteriophage_l_coll.srf
User/Kzs/lunar/ground/streptococcus.dat User/Kzs/lunar/ground/streptococcus.dnm User/Kzs/lunar/ground/streptococcus_coll.srf
User/Kzs/vow/ground/vow_submarine.dat User/Kzs/vow/ground/vow_submarine.srf User/Kzs/vow/ground/vow_submarine_coll.srf
User/Kzs/vow/ground/vow_castle.dat User/Kzs/vow/ground/vow_castle.dnm User/Kzs/vow/ground/vow_castle_coll.srf
User/Kzs/vow/ground/vow_c-bridge.dat User/Kzs/vow/ground/vow_c-bridge_visual.srf User/Kzs/vow/ground/vow_c-bridge_coll.srf
User/Kzs/vow/ground/vow_hill.dat User/Kzs/vow/ground/vow_hill_visual.srf User/Kzs/vow/ground/vow_hill_coll.srf
User/Kzs/vow/ground/vow_windmill_l.dat User/Kzs/vow/ground/vow_windmill_l.dnm User/Kzs/vow/ground/vow_windmill_l_coll.srf
User/Kzs/vow/ground/vow_windmill_s.dat User/Kzs/vow/ground/vow_windmill_s.dnm User/Kzs/vow/ground/vow_windmill_s_coll.srf
User/Kzs/vow/ground/vow_kyoshin.dat User/Kzs/vow/ground/vow_kyoshin.dnm User/Kzs/vow/ground/vow_kyoshin_coll.srf
User/Kzs/vow/ground/vow_kyoshin_skull.dat User/Kzs/vow/ground/vow_kyoshin_skull.srf User/Kzs/vow/ground/vow_kyoshin_skull_coll.srf
User/Kzs/vow/ground/vow_ohmu_t.dat User/Kzs/vow/ground/vow_ohmu_t.srf User/Kzs/vow/ground/vow_ohmu_l_coll.srf
User/Kzs/vow/ground/vow_ohmu_l.dat User/Kzs/vow/ground/vow_ohmu_l.srf User/Kzs/vow/ground/vow_ohmu_l_coll.srf
User/Kzs/vow/ground/vow_ohmu_m.dat User/Kzs/vow/ground/vow_ohmu_m.srf User/Kzs/vow/ground/vow_ohmu_m_coll.srf
User/Kzs/vow/ground/vow_ohmu_s.dat User/Kzs/vow/ground/vow_ohmu_s.srf User/Kzs/vow/ground/vow_ohmu_s_coll.srf
User/Kzs/vow/ground/vow_ohmu_sx.dat User/Kzs/vow/ground/vow_ohmu_sx.srf User/Kzs/vow/ground/vow_ohmu_s_coll.srf
User/Kzs/star_fld/ground/stf_asteroid_1.dat User/Kzs/star_fld/ground/stf_asteroid_1_visual.srf User/Kzs/star_fld/ground/stf_asteroid_1_coll.srf
User/Kzs/star_fld/ground/stf_asteroid_1d.dat User/Kzs/star_fld/ground/stf_asteroid_1d_visual.srf User/Kzs/star_fld/ground/stf_asteroid_1d_coll.srf
User/Kzs/star_fld/ground/stf_asteroid_2.dat User/Kzs/star_fld/ground/stf_asteroid_2_visual.srf User/Kzs/star_fld/ground/stf_asteroid_2_coll.srf
User/Kzs/star_fld/ground/stf_asteroid_3.dat User/Kzs/star_fld/ground/stf_asteroid_3.srf User/Kzs/star_fld/ground/stf_asteroid_3_coll.srf
User/Kzs/star_fld/ground/stf_asteroid_4.dat User/Kzs/star_fld/ground/stf_asteroid_4.srf User/Kzs/star_fld/ground/stf_asteroid_4.srf
User/Kzs/star_fld/ground/stf_asteroid_5.dat User/Kzs/star_fld/ground/stf_asteroid_5.srf User/Kzs/star_fld/ground/stf_asteroid_5.srf
User/Kzs/star_fld/ground/stf_ads_core.dat User/Kzs/star_fld/ground/stf_ads_core.srf User/Kzs/star_fld/ground/stf_ads_core_coll.srf
User/Kzs/star_fld/ground/stf_ads_aaa.dat User/Kzs/star_fld/ground/stf_ads_aaa.dnm User/Kzs/star_fld/ground/stf_ads_aaa_coll.srf
User/Kzs/star_fld/ground/stf_ads_sam.dat User/Kzs/star_fld/ground/stf_ads_aaa.dnm User/Kzs/star_fld/ground/stf_ads_aaa_coll.srf
User/Kzs/star_fld/ground/stf_ads_dmy.dat User/Kzs/star_fld/ground/stf_ads_aaa.dnm User/Kzs/star_fld/ground/stf_ads_aaa_coll.srf
User/Kzs/star_fld/ground/stf_astb_1_ils.dat User/Kzs/star_fld/ground/_null.srf User/Kzs/star_fld/ground/_null.srf
User/Kzs/star_fld/ground/stf_astb_2_ils.dat User/Kzs/star_fld/ground/_null.srf User/Kzs/star_fld/ground/_null.srf
User/Kzs/borabora/ground/otemanu_top.dat User/Kzs/borabora/ground/otemanu_top_visual.srf User/Kzs/borabora/ground/otemanu_top_coll.srf
User/Kzs/borabora/ground/bb_airport.dat User/Kzs/borabora/ground/bb_airport.srf User/Kzs/borabora/ground/bb_airport_coll.srf
User/Kzs/borabora/ground/ww2_cannon.dat User/Kzs/borabora/ground/ww2_cannon.srf User/Kzs/borabora/ground/ww2_cannon_coll.srf
User/Kzs/ground/s_canoe.dat User/Kzs/ground/canoe.srf User/Kzs/ground/canoe_coll.srf
User/Kzs/ground/v_canoe.dat User/Kzs/ground/canoe.srf User/Kzs/ground/canoe_coll.srf
User/Kzs/ground/s_ferryboat.dat User/Kzs/ground/ferryboat.srf User/Kzs/ground/ferryboat_coll.srf
User/Kzs/ground/loop10.dat User/Kzs/ground/loop10.srf User/Kzs/ground/loop10_coll.srf
User/Kzs/xanash/ground/xns_castle_r.dat User/Kzs/xanash/ground/xns_castle_r_visual.srf User/Kzs/xanash/ground/xns_castle_r_coll.srf
User/Kzs/xanash/ground/xns_castle_r2.dat User/Kzs/ground/_null.srf User/Kzs/xanash/ground/xns_castle_r2_coll.srf
User/Kzs/xanash/ground/xns_castle_rt.dat User/Kzs/xanash/ground/xns_castle_rt_visual.srf User/Kzs/xanash/ground/xns_castle_rt_coll.srf
User/Kzs/xanash/ground/xns_granite_in.dat User/Kzs/xanash/ground/xns_granite_in_visual.srf User/Kzs/xanash/ground/xns_granite_in_coll.srf
User/Kzs/xanash/ground/xns_tt.dat User/Kzs/xanash/ground/xns_tt.srf User/Kzs/xanash/ground/xns_tt_coll.srf
User/Kzs/xanash/ground/xns_house_l.dat User/Kzs/xanash/ground/xns_house_l.srf User/Kzs/xanash/ground/xns_house_l.srf
User/Kzs/xanash/ground/xns_house_s.dat User/Kzs/xanash/ground/xns_house_s.srf User/Kzs/xanash/ground/xns_house_s.srf
User/Kzs/xanash/ground/xns_raft.dat User/Kzs/xanash/ground/xns_raft.srf User/Kzs/xanash/ground/xns_raft_coll.srf
User/Kzs/xanash/ground/xns_tako.dat User/Kzs/xanash/ground/xns_tako.dnm User/Kzs/xanash/ground/xns_tako_coll.srf
User/Kzs/xanash/ground/xns_tako_g.dat User/Kzs/xanash/ground/xns_tako_g.dnm User/Kzs/xanash/ground/xns_tako_coll.srf
User/Kzs/xanash/ground/xns_tako_sl.dat User/Kzs/xanash/ground/xns_tako_v.dnm User/Kzs/xanash/ground/xns_tako_coll.srf
User/Kzs/xanash/ground/xns_tako_ss.dat User/Kzs/xanash/ground/xns_tako_v.dnm User/Kzs/xanash/ground/xns_tako_coll.srf
User/Kzs/xanash/ground/xns_tako_t.dat User/Kzs/xanash/ground/xns_tako_t.srf User/Kzs/xanash/ground/xns_tako_t_coll.srf
User/Kzs/xanash/ground/xns_tako_u.dat User/Kzs/xanash/ground/xns_tako_u.srf User/Kzs/xanash/ground/xns_tako_u_coll.srf
User/Kzs/xanash/ground/xns_tako_x.dat User/Kzs/xanash/ground/xns_tako_x.srf User/Kzs/xanash/ground/xns_tako_x_coll.srf
User/Kzs/xanash/ground/xns_tako_y.dat User/Kzs/xanash/ground/xns_tako_y.srf User/Kzs/xanash/ground/xns_tako_y_coll.srf
User/Kzs/xanash/ground/xns_granite_fu.dat User/Kzs/xanash/ground/xns_granite_fu_visual.srf User/Kzs/xanash/ground/xns_granite_fu_coll.srf
User/Kzs/xanash/ground/xns_granite_fm.dat User/Kzs/xanash/ground/xns_granite_fm_visual.srf User/Kzs/xanash/ground/xns_granite_fm_coll.srf
User/Kzs/xanash/ground/xns_granite_fd.dat User/Kzs/xanash/ground/xns_granite_fd_visual.srf User/Kzs/xanash/ground/xns_granite_fd_coll.srf
User/Kzs/holy_mt/ground/hm_gateland_e.dat User/Kzs/holy_mt/ground/hm_gateland_visual.srf User/Kzs/holy_mt/ground/hm_gateland_coll.srf
User/Kzs/holy_mt/ground/hm_gateland_w.dat User/Kzs/holy_mt/ground/hm_gateland_visual.srf User/Kzs/holy_mt/ground/hm_gateland_coll.srf
User/Kzs/holy_mt/ground/hm_gateland_n.dat User/Kzs/holy_mt/ground/hm_gateland_visual.srf User/Kzs/holy_mt/ground/hm_gateland_coll.srf
User/Kzs/holy_mt/ground/hm_gateland_s.dat User/Kzs/holy_mt/ground/hm_gateland_visual.srf User/Kzs/holy_mt/ground/hm_gateland_coll.srf
User/Kzs/holy_mt/ground/hm_midland_e.dat User/Kzs/holy_mt/ground/hm_midland_visual.srf User/Kzs/holy_mt/ground/hm_midland_coll.srf
User/Kzs/holy_mt/ground/hm_midland_w.dat User/Kzs/holy_mt/ground/hm_midland_visual.srf User/Kzs/holy_mt/ground/hm_midland_coll.srf
User/Kzs/holy_mt/ground/hm_midland_n.dat User/Kzs/holy_mt/ground/hm_midland_visual.srf User/Kzs/holy_mt/ground/hm_midland_coll.srf
User/Kzs/holy_mt/ground/hm_midland_s.dat User/Kzs/holy_mt/ground/hm_midland_visual.srf User/Kzs/holy_mt/ground/hm_midland_coll.srf
User/Kzs/holy_mt/ground/hm_highland.dat User/Kzs/holy_mt/ground/hm_highland_visual.srf User/Kzs/holy_mt/ground/hm_highland_coll.srf
User/Kzs/holy_mt/ground/hm_topland.dat User/Kzs/holy_mt/ground/hm_topland_visual.srf User/Kzs/holy_mt/ground/hm_topland_coll.srf
User/Kzs/holy_mt/ground/hm_terrace.dat User/Kzs/holy_mt/ground/hm_terrace_visual.srf User/Kzs/holy_mt/ground/hm_terrace_coll.srf
User/Kzs/holy_mt/ground/hm_golem_s.dat User/Kzs/holy_mt/ground/hm_golem.dnm User/Kzs/holy_mt/ground/hm_golem_coll.srf
User/Kzs/holy_mt/ground/hm_golem_m.dat User/Kzs/holy_mt/ground/hm_golem.dnm User/Kzs/holy_mt/ground/hm_golem_coll.srf
User/Kzs/holy_mt/ground/hm_golem_l.dat User/Kzs/holy_mt/ground/hm_golem.dnm User/Kzs/holy_mt/ground/hm_golem_coll.srf
User/Kzs/holy_mt/ground/hm_golem_x.dat User/Kzs/holy_mt/ground/hm_golem_x.dnm User/Kzs/holy_mt/ground/hm_golem_coll.srf
User/Kzs/ground/drum_target.dat User/Kzs/ground/drum_target.srf User/Kzs/ground/drum_target_coll.srf
User/Kzs/ground/dart_target2.dat User/Kzs/ground/dart_target2.srf User/Kzs/ground/dart_target2_coll.srf
User/Kzs/ground/flag_target2.dat User/Kzs/ground/flag_target2.srf User/Kzs/ground/flag_target2_coll.srf
User/Kzs/ground/drum_target2.dat User/Kzs/ground/drum_target2.srf User/Kzs/ground/drum_target2_coll.srf
User/Kzs/ground/tunnel.dat User/Kzs/ground/tunnel.srf User/Kzs/ground/tunnel.srf
User/Kzs/ground/tunnel_l.dat User/Kzs/ground/tunnel_l.srf User/Kzs/ground/tunnel_l.srf
User/Kzs/ground/tunnel2.dat User/Kzs/ground/tunnel2.srf User/Kzs/ground/tunnel2_coll.srf
User/Kzs/ground/tunnel2_l.dat User/Kzs/ground/tunnel2_l.srf User/Kzs/ground/tunnel2_l_coll.srf
User/Kzs/ground/ctltwr.dat User/Kzs/ground/ctltwr_coll.srf User/Kzs/ground/ctltwr_coll.srf
User/Kzs/ground/ctltwr_ils.dat User/Kzs/ground/ctltwr_visual.srf User/Kzs/ground/ctltwr_coll.srf
User/Kzs/world.map/ground/pyramid.dat User/Kzs/world.map/ground/pyramid.srf User/Kzs/world.map/ground/pyramid_coll.srf
User/Kzs/world.map/ground/penguin.dat User/Kzs/world.map/ground/penguin.srf User/Kzs/world.map/ground/penguin_coll.srf
User/Kzs/world.map/ground/sol.dat User/Kzs/world.map/ground/sol.srf User/Kzs/world.map/ground/sol_coll.srf
User/Kzs/world.map/ground/eiffel.dat User/Kzs/world.map/ground/eiffel.srf User/Kzs/world.map/ground/eiffel_coll.srf
User/Kzs/world.map/ground/pyramid_ma.dat User/Kzs/world.map/ground/pyramid_ma.srf User/Kzs/world.map/ground/pyramid_ma_coll.srf
User/Kzs/world.map/ground/oprhouse.dat User/Kzs/world.map/ground/oprhouse.srf User/Kzs/world.map/ground/oprhouse_coll.srf
User/Kzs/world.map/ground/pisa.dat User/Kzs/world.map/ground/pisa.srf User/Kzs/world.map/ground/pisa_coll.srf
User/Kzs/world.map/ground/stonehenge.dat User/Kzs/world.map/ground/stonehenge.srf User/Kzs/world.map/ground/stonehenge_coll.srf
User/Kzs/world.map/ground/nagoya_castle.dat User/Kzs/world.map/ground/nagoya_castle.srf User/Kzs/world.map/ground/nagoya_castle_coll.srf
User/Kzs/world.map/ground/mcd3.dat User/Kzs/world.map/ground/mcd3.dnm User/Kzs/world.map/ground/mcd3_coll.srf
User/Kzs/world.map/ground/shouwa.dat User/Kzs/world.map/ground/shouwa.srf User/Kzs/world.map/ground/shouwa_coll.srf
User/Kzs/world.map/ground/twin_tower.dat User/Kzs/world.map/ground/twin_tower.srf User/Kzs/world.map/ground/twin_tower_coll.srf
User/Kzs/world.map/ground/creature.dat User/Kzs/world.map/ground/creature.dnm User/Kzs/world.map/ground/creature_coll.srf
User/Kzs/ground/build02.dat User/Kzs/ground/build02.srf User/Kzs/ground/build02.srf
User/Kzs/midway/ground/ap_build.dat User/Kzs/midway/ground/ap_build.srf User/Kzs/midway/ground/ap_build_coll.srf
User/Kzs/midway/ground/dolphin3.dat User/Kzs/midway/ground/dolphin3.dnm User/Kzs/midway/ground/dolphin3_coll.srf
User/Kzs/midway/ground/monkseal.dat User/Kzs/midway/ground/monkseal.srf User/Kzs/midway/ground/monkseal_coll.srf
User/Kzs/midway/ground/turtle.dat User/Kzs/midway/ground/turtle.srf User/Kzs/midway/ground/turtle_coll.srf
User/Kzs/midway/ground/ahou3.dat User/Kzs/midway/ground/ahou3.dnm User/Kzs/midway/ground/ahou3_coll.srf
User/Kzs/ground/s-yacht.dat User/Kzs/ground/yacht_s.srf User/Kzs/ground/yacht_coll.srf
User/Kzs/ground/v-yacht.dat User/Kzs/ground/yacht_v.srf User/Kzs/ground/yacht_coll.srf
User/Kzs/galapagos/ground/gp_ap_build.dat User/Kzs/galapagos/ground/gp_ap_build.srf User/Kzs/galapagos/ground/gp_ap_build_coll.srf
User/Kzs/galapagos/ground/gp_shop.dat User/Kzs/galapagos/ground/gp_shop.dnm User/Kzs/galapagos/ground/gp_shop_coll.srf
User/Kzs/galapagos/ground/gp_g_tortoise.dat User/Kzs/galapagos/ground/gp_g_tortoise.dnm User/Kzs/galapagos/ground/gp_g_tortoise_coll.srf
User/Kzs/fiji/ground/nadi_ap_build.dat User/Kzs/fiji/ground/nadi_ap_build.dnm User/Kzs/fiji/ground/nadi_ap_build_coll.srf
User/Kzs/fiji/ground/as_build1.dat User/Kzs/fiji/ground/as_build1.srf User/Kzs/fiji/ground/as_build1_coll.srf
User/Kzs/fiji/ground/as_build2.dat User/Kzs/fiji/ground/as_build2.srf User/Kzs/fiji/ground/as_build2_coll.srf
User/Kzs/fiji/ground/cottage1.dat User/Kzs/fiji/ground/cottage1.srf User/Kzs/fiji/ground/cottage1_coll.srf
User/Kzs/fiji/ground/cottage3.dat User/Kzs/fiji/ground/cottage3.dnm User/Kzs/fiji/ground/cottage3_coll.srf
User/Kzs/fiji/ground/cottage5.dat User/Kzs/fiji/ground/cottage5.dnm User/Kzs/fiji/ground/cottage5_coll.srf
User/Kzs/fiji/ground/cottage7.dat User/Kzs/fiji/ground/cottage7.dnm User/Kzs/fiji/ground/cottage7_coll.srf
User/Kzs/fiji/ground/cottage9.dat User/Kzs/fiji/ground/cottage9.dnm User/Kzs/fiji/ground/cottage9_coll.srf
User/Kzs/fiji/ground/b_chair.dat User/Kzs/fiji/ground/b_chair.dnm User/Kzs/fiji/ground/b_chair_coll.srf
User/Kzs/fiji/ground/b_chair3.dat User/Kzs/fiji/ground/b_chair3.dnm User/Kzs/fiji/ground/b_chair3_coll.srf
User/Kzs/fiji/ground/k_house.dat User/Kzs/fiji/ground/k_house.dnm User/Kzs/fiji/ground/k_house_coll.srf
User/Kzs/hipc.isl/ground/m_motors.dat User/Kzs/hipc.isl/ground/m_motors.srf User/Kzs/hipc.isl/ground/m_motors_coll.srf
User/Kzs/hipc.isl/ground/eyeball.dat User/Kzs/hipc.isl/ground/eyeball.dnm User/Kzs/hipc.isl/ground/eyeball_coll.srf
User/Kzs/hipc.isl/ground/scylla.dat User/Kzs/hipc.isl/ground/scylla.dnm User/Kzs/hipc.isl/ground/scylla_coll.srf
User/Kzs/hipc.isl/ground/mantis.dat User/Kzs/hipc.isl/ground/mantis.dnm User/Kzs/hipc.isl/ground/mantis_coll.srf
User/Kzs/scratch.isl/ground/cal_base.dat User/Kzs/scratch.isl/ground/cal_base_visual.srf User/Kzs/scratch.isl/ground/cal_base_coll.srf
User/Kzs/scratch.isl/ground/goxxla.dat User/Kzs/scratch.isl/ground/goxxla.dnm User/Kzs/scratch.isl/ground/goxxla_coll.srf
User/Kzs/scratch.isl/ground/moxxla.dat User/Kzs/scratch.isl/ground/moxxla.dnm User/Kzs/scratch.isl/ground/moxxla_coll.srf
User/Kzs/ground/build01.dat User/Kzs/ground/build01.srf User/Kzs/ground/build01.srf
User/Kzs/ground/build01(2).dat User/Kzs/ground/build01(2).srf User/Kzs/ground/build01(2).srf
User/Kzs/ground/build02_c5.dat User/Kzs/ground/build02_c5.dnm User/Kzs/ground/build02.srf
User/Kzs/ground/build03.dat User/Kzs/ground/build03.srf User/Kzs/ground/build03.srf
User/Kzs/ground/build04.dat User/Kzs/ground/build04.srf User/Kzs/ground/build04.srf
User/Kzs/ground/build05.dat User/Kzs/ground/build05.srf User/Kzs/ground/build05.srf
User/Kzs/ground/build06.dat User/Kzs/ground/build06.srf User/Kzs/ground/build06.srf
User/Kzs/ground/build06_c5.dat User/Kzs/ground/build06_c5.dnm User/Kzs/ground/build06.srf
User/Kzs/ground/build07.dat User/Kzs/ground/build07.srf User/Kzs/ground/build07.srf
User/Kzs/ground/build08.dat User/Kzs/ground/build08.srf User/Kzs/ground/build08.srf
User/Kzs/ground/build08t3.dat User/Kzs/ground/build08t3.dnm User/Kzs/ground/build08.srf
User/Kzs/ground/build09.dat User/Kzs/ground/build09.srf User/Kzs/ground/build09.srf
User/Kzs/ground/chapel.dat User/Kzs/ground/chapel.srf User/Kzs/ground/chapel_coll.srf
User/Kzs/ground/coconut_tree.dat User/Kzs/ground/coconut_tree.srf User/Kzs/ground/coconut_tree_coll.srf
User/Kzs/ground/coconut_tree_s.dat User/Kzs/ground/coconut_tree_s.srf User/Kzs/ground/coconut_tree_s_coll.srf
User/Kzs/ground/coconut_tree3.dat User/Kzs/ground/coconut_tree3.dnm User/Kzs/ground/coconut_tree_coll.srf
User/Kzs/ground/coconut_tree5.dat User/Kzs/ground/coconut_tree5.dnm User/Kzs/ground/coconut_tree_s_coll.srf
User/Kzs/ground/hangar_r.dat User/Kzs/ground/hangar_r.srf User/Kzs/ground/hangar_r_coll.srf
User/Kzs/ground/hangar_rt.dat User/Kzs/ground/hangar_rt.srf User/Kzs/ground/hangar_rt_coll.srf
User/Kzs/ground/hangar_rt2.dat User/Kzs/ground/hangar_rt2.dnm User/Kzs/ground/hangar_rt2_coll.srf
User/Kzs/ground/hangar_rs.dat User/Kzs/ground/hangar_rs.srf User/Kzs/ground/hangar_rs_coll.srf
User/Kzs/ground/hangar_rst.dat User/Kzs/ground/hangar_rst.srf User/Kzs/ground/hangar_rst_coll.srf
User/Kzs/ground/hangar_rst2.dat User/Kzs/ground/hangar_rst2.dnm User/Kzs/ground/hangar_rst2_coll.srf
User/Kzs/ground/hangar_lt3.dat User/Kzs/ground/hangar_lt3.dnm User/Kzs/ground/hangar_lt3_coll.srf
User/Kzs/guam/ground/guam_ap_build.dat User/Kzs/guam/ground/guam_ap_build.dnm User/Kzs/guam/ground/guam_ap_build_coll.srf
User/Kzs/guam/ground/guam_ap_build02.dat User/Kzs/guam/ground/guam_ap_build02.srf User/Kzs/guam/ground/guam_ap_build02_coll.srf
User/Kzs/guam/ground/anderson_afb_tw.dat User/Kzs/guam/ground/anderson_afb_tw.srf User/Kzs/guam/ground/anderson_afb_tw_coll.srf
User/Kzs/guam/ground/hotel_n.dat User/Kzs/guam/ground/hotel_n.srf User/Kzs/guam/ground/hotel_n_coll.srf
User/Kzs/guam/ground/hotel_m.dat User/Kzs/guam/ground/hotel_m.srf User/Kzs/guam/ground/hotel_m_coll.srf
User/Kzs/guam/ground/hotel_o.dat User/Kzs/guam/ground/hotel_o.srf User/Kzs/guam/ground/hotel_o_coll.srf
User/Kzs/guam/ground/hotel_d.dat User/Kzs/guam/ground/hotel_d.srf User/Kzs/guam/ground/hotel_d_coll.srf
User/Kzs/guam/ground/cettie_ov.dat User/Kzs/guam/ground/cettie_ov.srf User/Kzs/guam/ground/cettie_ov_coll.srf
User/Kzs/ground/fuel_tank2.dat User/Kzs/ground/fuel_tank2.dnm User/Kzs/ground/fuel_tank2_coll.srf
User/Kzs/ground/fuel_tank_s3.dat User/Kzs/ground/fuel_tank_s3.dnm User/Kzs/ground/fuel_tank_s3_coll.srf
User/Kzs/ground/tower_s.dat User/Kzs/ground/tower_s.srf User/Kzs/ground/tower_s_coll.srf
User/Kzs/ground/tower_c.dat User/Kzs/ground/tower_c.srf User/Kzs/ground/tower_c_coll.srf
User/Kzs/ground/tent_l.dat User/Kzs/ground/tent_l.srf User/Kzs/ground/tent_l_coll.srf
User/Kzs/ground/tent_l3.dat User/Kzs/ground/tent_l3.dnm User/Kzs/ground/tent_l3_coll.srf
User/Kzs/ground/r_hangar.dat User/Kzs/ground/r_hangar.srf User/Kzs/ground/r_hangar_coll.srf
User/Kzs/ground/r_hangar3.dat User/Kzs/ground/r_hangar3.dnm User/Kzs/ground/r_hangar3_coll.srf
User/Kzs/ground/r_fuel_tank.dat User/Kzs/ground/r_fuel_tank.srf User/Kzs/ground/r_fuel_tank_coll.srf
User/Kzs/ground/r_fuel_tank2.dat User/Kzs/ground/r_fuel_tank2.dnm User/Kzs/ground/r_fuel_tank2_coll.srf
User/Kzs/ground/t-truck3.dat User/Kzs/ground/t-truck3.dnm User/Kzs/ground/_afv_coll.srf
User/Kzs/ground/s_bridge10.dat User/Kzs/ground/s_bridge10.srf User/Kzs/ground/n_bridge10_coll.srf
User/Kzs/ground/s_bridge05.dat User/Kzs/ground/s_bridge05.srf User/Kzs/ground/n_bridge05_coll.srf
User/Kzs/ground/s_bridge02.dat User/Kzs/ground/s_bridge02.srf User/Kzs/ground/n_bridge02_coll.srf
User/Kzs/ground/s_bridge01.dat User/Kzs/ground/s_bridge01.srf User/Kzs/ground/n_bridge01_coll.srf
User/Kzs/ground/tree2_s.dat User/Kzs/ground/tree2_s.srf User/Kzs/ground/tree2_coll.srf
User/Kzs/ground/tree2_m.dat User/Kzs/ground/tree2_m.srf User/Kzs/ground/tree2_coll.srf
User/Kzs/ground/tree2_l.dat User/Kzs/ground/tree2_l.srf User/Kzs/ground/tree2_coll.srf
User/Kzs/ground/tree2_c2.dat User/Kzs/ground/tree2_c2.dnm User/Kzs/ground/tree2_coll.srf
User/Kzs/ground/tree2_c3.dat User/Kzs/ground/tree2_c3.dnm User/Kzs/ground/tree2_coll.srf
User/Kzs/ground/tree2_c3r.dat User/Kzs/ground/tree2_c3r.dnm User/Kzs/ground/tree2_coll.srf
User/Kzs/ground/tree2_c4r.dat User/Kzs/ground/tree2_c4r.dnm User/Kzs/ground/tree2_coll.srf
User/Kzs/ground/tree2_c5r.dat User/Kzs/ground/tree2_c5r.dnm User/Kzs/ground/tree2_coll.srf
User/Kzs/ground/fuel_tank_r3.dat User/Kzs/ground/fuel_tank_r3.dnm User/Kzs/ground/fuel_tank_r3_coll.srf
User/Kzs/ground/hangar_r2.dat User/Kzs/ground/hangar_r2.dnm User/Kzs/ground/hangar_r2_coll.srf
User/Kzs/ground/hangar_rs2.dat User/Kzs/ground/hangar_rs2.dnm User/Kzs/ground/hangar_rs2_coll.srf
User/Kzs/ground/v-a_sat.dat User/Kzs/ground/a_sat.dnm User/Kzs/ground/a_sat_coll.srf
User/Kzs/ground/loop25.dat User/Kzs/ground/loop25.srf User/Kzs/ground/loop25_coll.srf
User/Kzs/ground/lighthouse.dat User/Kzs/ground/lighthouse.srf User/Kzs/ground/lighthouse_coll.srf
User/Kzs/ground/lighthouse(s).dat User/Kzs/ground/lighthouse(s).srf User/Kzs/ground/lighthouse(s)_coll.srf
User/Kzs/ground/float_base.dat User/Kzs/ground/float_base_visual.srf User/Kzs/ground/float_base_coll.srf
User/Kzs/ground/hangar_s.dat User/Kzs/ground/hangar_s.srf User/Kzs/ground/hangar_s.srf
User/Kzs/ground/hangar_sw.dat User/Kzs/ground/hangar_sw.srf User/Kzs/ground/hangar_sw.srf
User/Kzs/ground/hangar_swt.dat User/Kzs/ground/hangar_swt.srf User/Kzs/ground/hangar_swt_coll.srf
User/Kzs/ground/terminal.dat User/Kzs/ground/terminal.srf User/Kzs/ground/terminal_coll.srf
User/Kzs/ground/terminal(m).dat User/Kzs/ground/terminal(m).srf User/Kzs/ground/terminal(m)_coll.srf
User/Kzs/ground/terminal(s).dat User/Kzs/ground/terminal(s).srf User/Kzs/ground/terminal(s)_coll.srf
User/Kzs/pr/ground/k_lodge.dat User/Kzs/pr/ground/k_lodge.srf User/Kzs/pr/ground/k_lodge_coll.srf
User/Kzs/hachijo.isl/ground/8jou_ap_terminal.dat User/Kzs/hachijo.isl/ground/8jou_ap_terminal.srf User/Kzs/hachijo.isl/ground/8jou_ap_terminal_coll.srf
User/Kzs/hachijo.isl/ground/8jou_ap_tower.dat User/Kzs/hachijo.isl/ground/8jou_ap_tower.srf User/Kzs/hachijo.isl/ground/8jou_ap_tower_coll.srf
User/Kzs/hachijo.isl/ground/8jou_ap_rader.dat User/Kzs/hachijo.isl/ground/8jou_ap_rader.srf User/Kzs/hachijo.isl/ground/8jou_ap_rader.srf
User/Kzs/hachijo.isl/ground/miyake_ap_terminal.dat User/Kzs/hachijo.isl/ground/miyake_ap_terminal.srf User/Kzs/hachijo.isl/ground/miyake_ap_terminal_coll.srf
User/Kzs/hachijo.isl/ground/kozu_ap_terminal.dat User/Kzs/hachijo.isl/ground/kozu_ap_terminal.srf User/Kzs/hachijo.isl/ground/kozu_ap_terminal_coll.srf
User/Kzs/hachijo.isl/ground/niijima_ap_terminal.dat User/Kzs/hachijo.isl/ground/niijima_ap_terminal.srf User/Kzs/hachijo.isl/ground/niijima_ap_terminal_coll.srf
User/Kzs/hachijo.isl/ground/oshima_ap_terminal.dat User/Kzs/hachijo.isl/ground/oshima_ap_terminal.srf User/Kzs/hachijo.isl/ground/oshima_ap_terminal_coll.srf
User/Kzs/hxb_rg/ground/hxb_terminal.dat User/Kzs/hxb_rg/ground/hxb_terminal.srf User/Kzs/hxb_rg/ground/hxb_terminal_coll.srf
User/Kzs/hxb_rg/ground/hxb_terminal(s).dat User/Kzs/hxb_rg/ground/hxb_terminal(s).srf User/Kzs/hxb_rg/ground/hxb_terminal(s)_coll.srf
User/Kzs/hxb_rg/ground/hxb_build10l15.dat User/Kzs/hxb_rg/ground/hxb_build10l15.srf User/Kzs/hxb_rg/ground/hxb_build10l15.srf
User/Kzs/hxb_rg/ground/hxb_build25l50.dat User/Kzs/hxb_rg/ground/hxb_build25l50.srf User/Kzs/hxb_rg/ground/hxb_build25l50.srf
User/Kzs/hxb_rg/ground/hxb_build05h12.dat User/Kzs/hxb_rg/ground/hxb_build05h12.srf User/Kzs/hxb_rg/ground/hxb_build05h12.srf
User/Kzs/hxb_rg/ground/hxb_build05h12t.dat User/Kzs/hxb_rg/ground/hxb_build05h12t.srf User/Kzs/hxb_rg/ground/hxb_build05h12t_coll.srf
User/Kzs/hxb_rg/ground/hxb_build10h25.dat User/Kzs/hxb_rg/ground/hxb_build10h25.srf User/Kzs/hxb_rg/ground/hxb_build10h25.srf
User/Kzs/hxb_rg/ground/hxb_build10h25t.dat User/Kzs/hxb_rg/ground/hxb_build10h25t.srf User/Kzs/hxb_rg/ground/hxb_build10h25t_coll.srf
User/Kzs/hxb_rg/ground/hxb_build10n75.dat User/Kzs/hxb_rg/ground/hxb_build10n75.srf User/Kzs/hxb_rg/ground/hxb_build10n75.srf
User/Kzs/hxb_rg/ground/hxb_build10n150.dat User/Kzs/hxb_rg/ground/hxb_build10n150.srf User/Kzs/hxb_rg/ground/hxb_build10n150.srf
User/Kzs/hxb_rg/ground/hxb_build12n42.dat User/Kzs/hxb_rg/ground/hxb_build12n42.srf User/Kzs/hxb_rg/ground/hxb_build12n42.srf
User/Kzs/hxb_rg/ground/hxb_build12n50.dat User/Kzs/hxb_rg/ground/hxb_build12n50.srf User/Kzs/hxb_rg/ground/hxb_build12n50.srf
User/Kzs/hxb_rg/ground/hxb_build20n20.dat User/Kzs/hxb_rg/ground/hxb_build20n20.srf User/Kzs/hxb_rg/ground/hxb_build20n20.srf
User/Kzs/hxb_rg/ground/hxb_build20n150.dat User/Kzs/hxb_rg/ground/hxb_build20n150.srf User/Kzs/hxb_rg/ground/hxb_build20n150.srf
User/Kzs/hxb_rg/ground/hxb_build20n300.dat User/Kzs/hxb_rg/ground/hxb_build20n300.srf User/Kzs/hxb_rg/ground/hxb_build20n300.srf
User/Kzs/hxb_rg/ground/hxb_build25n200.dat User/Kzs/hxb_rg/ground/hxb_build25n200.srf User/Kzs/hxb_rg/ground/hxb_build25n200.srf
User/Kzs/hxb_rg/ground/hxb_build25n225.dat User/Kzs/hxb_rg/ground/hxb_build25n225.srf User/Kzs/hxb_rg/ground/hxb_build25n225.srf
User/Kzs/hxb_rg/ground/hxb_build30f150.dat User/Kzs/hxb_rg/ground/hxb_build30f150.srf User/Kzs/hxb_rg/ground/hxb_build30f150_coll.srf
User/Kzs/hxb_rg/ground/hxb_build03t30.dat User/Kzs/hxb_rg/ground/hxb_build03t30.srf User/Kzs/hxb_rg/ground/hxb_build03t30.srf
User/Kzs/hxb_rg/ground/hxb_build03t60.dat User/Kzs/hxb_rg/ground/hxb_build03t60.srf User/Kzs/hxb_rg/ground/hxb_build03t60.srf
User/Kzs/hxb_rg/ground/hxb_build03t90.dat User/Kzs/hxb_rg/ground/hxb_build03t90.srf User/Kzs/hxb_rg/ground/hxb_build03t90.srf
User/Kzs/hxb_rg/ground/hxb_build06t60.dat User/Kzs/hxb_rg/ground/hxb_build06t60.srf User/Kzs/hxb_rg/ground/hxb_build06t60.srf
User/Kzs/hxb_rg/ground/hxb_build06t120.dat User/Kzs/hxb_rg/ground/hxb_build06t120.srf User/Kzs/hxb_rg/ground/hxb_build06t120.srf
User/Kzs/hxb_rg/ground/hxb_build06t180.dat User/Kzs/hxb_rg/ground/hxb_build06t180.srf User/Kzs/hxb_rg/ground/hxb_build06t180.srf
User/Kzs/hxb_rg/ground/hxb_relics.dat User/Kzs/hxb_rg/ground/hxb_relics.dnm User/Kzs/hxb_rg/ground/hxb_relics_coll.srf
User/Kzs/hxb_rg/ground/hxb_ext_tunnel.dat User/Kzs/hxb_rg/ground/hxb_ext_tunnel_visual.srf User/Kzs/hxb_rg/ground/hxb_ext_tunnel_coll.srf
User/Kzs/hxb_rg/ground/biot/hxb_biot.dat User/Kzs/hxb_rg/ground/biot/hxb_biot.dnm User/Kzs/hxb_rg/ground/biot/hxb_biot_coll.srf
User/Kzs/hxb_rg/ground/biot/hxb_biot_a.dat User/Kzs/hxb_rg/ground/biot/hxb_biot_a.dnm User/Kzs/hxb_rg/ground/biot/hxb_biot_coll.srf
User/Kzs/hxb_rg/ground/biot/hxb_biot_s.dat User/Kzs/hxb_rg/ground/biot/hxb_biot_s.dnm User/Kzs/hxb_rg/ground/biot/hxb_biot_coll.srf
User/Kzs/hxb_rg/ground/biot/hxb_biot_ha.dat User/Kzs/hxb_rg/ground/biot/hxb_biot_ha.dnm User/Kzs/hxb_rg/ground/biot/hxb_biot_coll.srf
User/Kzs/hxb_rg/ground/biot/hxb_biot_hs.dat User/Kzs/hxb_rg/ground/biot/hxb_biot_hs.dnm User/Kzs/hxb_rg/ground/biot/hxb_biot_coll.srf
User/Kzs/hxb_rg/ground/biot/hxb_biot_ga.dat User/Kzs/hxb_rg/ground/biot/hxb_biot_ga.dnm User/Kzs/hxb_rg/ground/biot/hxb_biot_coll.srf
User/Kzs/hxb_rg/ground/biot/hxb_biot_gs.dat User/Kzs/hxb_rg/ground/biot/hxb_biot_gs.dnm User/Kzs/hxb_rg/ground/biot/hxb_biot_coll.srf
User/Kzs/hxb_rg/ground/biot/hxb_biot_as.dat User/Kzs/hxb_rg/ground/biot/hxb_biot_as.dnm User/Kzs/hxb_rg/ground/biot/hxb_biot_coll.srf
User/Kzs/hxb_rg/ground/biot/hxb_biot_b.dat User/Kzs/hxb_rg/ground/biot/hxb_biot_b.dnm User/Kzs/hxb_rg/ground/biot/hxb_biot_coll.srf
User/Kzs/hxb_rg/ground/biot/hxb_biot_bc.dat User/Kzs/hxb_rg/ground/biot/hxb_biot_bc.dnm User/Kzs/hxb_rg/ground/biot/hxb_biot_coll.srf
User/Kzs/hxb_rg/ground/biot/hxb_biot_c.dat User/Kzs/hxb_rg/ground/biot/hxb_biot_c.dnm User/Kzs/hxb_rg/ground/biot/hxb_biot_coll.srf
User/Kzs/hxb_rg/ground/biot/hxb_biot_r.dat User/Kzs/hxb_rg/ground/biot/hxb_biot_r.dnm User/Kzs/hxb_rg/ground/biot/hxb_biot_coll.srf
User/Kzs/hxb_rg/ground/biot/hxb_biot_t.dat User/Kzs/hxb_rg/ground/biot/hxb_biot_t.dnm User/Kzs/hxb_rg/ground/biot/hxb_biot_t_coll.srf
User/Kzs/hxb_rg/ground/biot/hxb_biot_l.dat User/Kzs/hxb_rg/ground/biot/hxb_biot_l.dnm User/Kzs/hxb_rg/ground/biot/hxb_biot_l_coll.srf
User/Kzs/hxb_rg/ground/biot/hxb_biot_x.dat User/Kzs/hxb_rg/ground/biot/hxb_biot_x.dnm User/Kzs/hxb_rg/ground/biot/hxb_biot_coll.srf
User/Kzs/hxb_rg/ground/biot/hxb_bishop.dat User/Kzs/hxb_rg/ground/biot/hxb_bishop.srf User/Kzs/hxb_rg/ground/biot/hxb_bishop_coll.srf
User/Kzs/hxb_rg/ground/biot/hxb_bi-cargo.dat User/Kzs/hxb_rg/ground/biot/hxb_bi-cargo.dnm User/Kzs/hxb_rg/ground/biot/hxb_bi-cargo_coll.srf
User/Kzs/hxb_rg/ground/biot/hxb_bi-cargo_c.dat User/Kzs/hxb_rg/ground/biot/hxb_bi-cargo_c.dnm User/Kzs/hxb_rg/ground/biot/hxb_bi-cargo_c_coll.srf
User/Kzs/hxb_rg/ground/biot/hxb_bi-corvette.dat User/Kzs/hxb_rg/ground/biot/hxb_bi-corvette.dnm User/Kzs/hxb_rg/ground/biot/hxb_bi-corvette_coll.srf
User/Kzs/hxb_rg/ground/biot/hxb_bi-cruiser.dat User/Kzs/hxb_rg/ground/biot/hxb_bi-cruiser.dnm User/Kzs/hxb_rg/ground/biot/hxb_bi-cruiser_coll.srf
User/Kzs/hxb_rg/ground/biot/hxb_bi-destroyer.dat User/Kzs/hxb_rg/ground/biot/hxb_bi-destroyer.dnm User/Kzs/hxb_rg/ground/biot/hxb_bi-destroyer_coll.srf
User/Kzs/hxb_rg/ground/hxb_tower0k8.dat User/Kzs/hxb_rg/ground/hxb_tower0k8.dnm User/Kzs/hxb_rg/ground/hxb_tower0k8_coll.srf
User/Kzs/hxb_rg/ground/hxb_tower2k.dat User/Kzs/hxb_rg/ground/hxb_tower2k.dnm User/Kzs/hxb_rg/ground/hxb_tower2k_coll.srf
User/Kzs/hxb_rg/ground/hxb_tower3k5.dat User/Kzs/hxb_rg/ground/hxb_tower3k5.dnm User/Kzs/hxb_rg/ground/hxb_tower3k5_coll.srf
User/Kzs/ground/blln_target.dat User/Kzs/ground/blln_target.srf User/Kzs/ground/blln_target_coll.srf
User/Kzs/ground/h_bridge08.dat User/Kzs/ground/h_bridge08.dnm User/Kzs/ground/h_bridge08_coll.srf
User/Kzs/ground/h_bridge15.dat User/Kzs/ground/h_bridge15.dnm User/Kzs/ground/h_bridge15_coll.srf
User/Kzs/ground/i_bridge08.dat User/Kzs/ground/i_bridge08.dnm User/Kzs/ground/h_bridge08_coll.srf
User/Kzs/ground/i_bridge15.dat User/Kzs/ground/i_bridge15.dnm User/Kzs/ground/h_bridge15_coll.srf
User/Kzs/ground/r_bridge05.dat User/Kzs/ground/r_bridge05.dnm User/Kzs/ground/r_bridge05_coll.srf
User/Kzs/ground/r_bridge10.dat User/Kzs/ground/r_bridge10.dnm User/Kzs/ground/r_bridge10_coll.srf
User/Kzs/ground/r_bridge15.dat User/Kzs/ground/r_bridge15.dnm User/Kzs/ground/r_bridge15_coll.srf
User/Kzs/ground/s-atk_heli.dat User/Kzs/ground/atk_heli.dnm User/Kzs/ground/atk_heli_s_coll.srf
User/Kzs/ground/t-atk_heli.dat User/Kzs/ground/atk_heli_t.dnm User/Kzs/ground/atk_heli_t_coll.srf
User/Kzs/ground/t-transporter.dat User/Kzs/ground/transporter.srf User/Kzs/ground/transporter_coll.srf
User/Kzs/ground/t-infantry.dat User/Kzs/ground/infantry.dnm User/Kzs/ground/infantry_coll.srf
User/Kzs/ground/s-infantry.dat User/Kzs/ground/infantry.dnm User/Kzs/ground/infantry_coll.srf
User/Kzs/ground/t-tranpt_ship.dat User/Kzs/ground/tranpt_ship.srf User/Kzs/ground/tranpt_ship_coll.srf
User/Kzs/ground/v-tranpt_ship.dat User/Kzs/ground/tranpt_ship.srf User/Kzs/ground/tranpt_ship_coll.srf
User/Kzs/ground/s-sam(m).dat User/Kzs/ground/v-sam(m).dnm User/Kzs/ground/_afv_coll.srf
User/Kzs/ground/t-sam(m).dat User/Kzs/ground/v-sam(m).srf User/Kzs/ground/_afv_coll.srf
User/Kzs/ground/v-sam(m).dat User/Kzs/ground/v-sam(m).dnm User/Kzs/ground/_afv_coll.srf
User/Kzs/ground/h-sam.dat User/Kzs/ground/h-sam.dnm User/Kzs/ground/h-sam_coll.srf
