user/2ch/gsc/054A_CHINA.dat user/2ch/gsc/054A_CHINA.dnm user/2ch/gsc/054cl.srf user/2ch/gsc/054cpt.srf user/2ch/gsc/054crs.dnm

user/2ch/gsc/Sachsen_GERMAN.dat user/2ch/gsc/Sachsen_GERMAN.dnm user/2ch/gsc/sachsencl.srf user/2ch/gsc/sachsencpt.srf user/2ch/gsc/sachsencrs.dnm

user/2ch/gsc/Pomornik_GREECE.dat user/2ch/gsc/Pomornik_GREECE.dnm user/2ch/gsc/pomocl.srf user/2ch/gsc/pomocpt.srf user/2ch/gsc/pomocrs.dnm

user/2ch/gsc/Haruna_JAPAN.dat user/2ch/gsc/Haruna_JAPAN.dnm user/2ch/gsc/harunacl.srf user/2ch/gsc/harunacpt.srf user/2ch/gsc/harunacrs.dnm
user/2ch/gsc/Oyashio_JAPAN.dat user/2ch/gsc/Oyashio_JAPAN.dnm user/2ch/gsc/oyashiocl.srf user/2ch/gsc/oyashiocpt.srf

user/2ch/gsc/udaloy_class.dat user/2ch/gsc/udaloy_class.dnm user/2ch/gsc/udaloy_collair.srf user/2ch/gsc/udaloy_cockpit.srf user/2ch/gsc/udaloy_coarse.srf
user/2ch/gsc/P20380_RUSSIA.dat user/2ch/gsc/P20380_RUSSIA.dnm user/2ch/gsc/p20380cl.srf user/2ch/gsc/p20380cpt.srf user/2ch/gsc/p20380crs.dnm
user/2ch/gsc/kirov_RUSSIA.dat user/2ch/gsc/kirov_RUSSIA.dnm user/2ch/gsc/kirovcl.srf user/2ch/gsc/kirovcpt.srf user/2ch/gsc/kirovcrs.dnm
user/2ch/gsc/Kuznetsov_RUSSIA.dat user/2ch/gsc/Kuznetsov_RUSSIA.dnm user/2ch/gsc/kuzcl.srf user/2ch/gsc/kuzcpt.srf user/2ch/gsc/kuzcrs.dnm
user/2ch/gsc/Typhoon_RUSSIA.dat user/2ch/gsc/Typhoon_RUSSIA.dnm user/2ch/gsc/typhooncl.srf user/2ch/gsc/null.srf
user/2ch/gsc/Pomornik_RUSSIA.dat user/2ch/gsc/Pomornik_RUSSIA.dnm user/2ch/gsc/pomocl.srf user/2ch/gsc/pomocpt.srf user/2ch/gsc/pomocrs.dnm

user/2ch/gsc/perry_USA.dat user/2ch/gsc/perry_USA.dnm user/2ch/gsc/perrycl.srf user/2ch/gsc/perrycpt.srf user/2ch/gsc/perrycrs.dnm
user/2ch/gsc/BurkeF2A.dat user/2ch/gsc/BurkeF2A.dnm user/2ch/gsc/BurkeF2A_collair.srf user/2ch/gsc/BurkeF2A_cockpit.srf user/2ch/gsc/BurkeF2A_coarse.srf
user/2ch/gsc/Ticonderoga_USA.dat user/2ch/gsc/Ticonderoga_USA.dnm user/2ch/gsc/ticoncl.srf user/2ch/gsc/ticoncpt.srf user/2ch/gsc/ticoncrs.dnm
user/2ch/gsc/LCS-2_USA.dat user/2ch/gsc/LCS-2_USA.dnm user/2ch/gsc/lcs2cl.srf user/2ch/gsc/lcs2cpt.srf user/2ch/gsc/lcs2crs.dnm
user/2ch/gsc/Nimiz_USA.dat user/2ch/gsc/Nimiz_USA.dnm user/2ch/gsc/nimizcl.srf user/2ch/gsc/nimizcpt.srf user/2ch/gsc/nimizcrs.dnm
user/2ch/gsc/Ohio_USA.dat user/2ch/gsc/Ohio_USA.dnm user/2ch/gsc/ohiocl.srf user/2ch/gsc/null.srf

user/2ch/gsc/cargoship_CIV.dat user/2ch/gsc/cargoship_CIV.dnm user/2ch/gsc/cargocl.srf user/2ch/gsc/cargocpt.srf user/2ch/gsc/cargocrs.dnm