CITY-MINE user/yuichi/scenery/city-mine/city.fld user/yuichi/scenery/city-mine/city.stp user/yuichi/scenery/city-mine/city.yfs
CITY-FLASH user/yuichi/scenery/city-flash/city-flash.fld user/yuichi/scenery/city-flash/city-flash.stp user/yuichi/scenery/city-flash/city-flash.yfs
CITY-FLASH(r) user/yuichi/scenery/city-flash(r)/city-flash.fld user/yuichi/scenery/city-flash(r)/city-flash.stp user/yuichi/scenery/city-flash(r)/city-flash.yfs
CITY-FLASH(m) user/yuichi/scenery/city-flash(m)/city-flash.fld user/yuichi/scenery/city-flash(m)/city-flash.stp user/yuichi/scenery/city-flash(m)/city-flash.yfs
JIPANGU_MAP user/yuichi/scenery/jipangu_map/jipa.fld user/yuichi/scenery/jipangu_map/jipa.stp user/yuichi/scenery/jipangu_map/jipa.yfs
YAMATO_MAP user/yuichi/scenery/yamato_map/yamato.fld user/yuichi/scenery/yamato_map/yamato.stp
CITY-WARIII user/yuichi/scenery/city-war/city-war.fld user/yuichi/scenery/city-war/city-war.stp user/yuichi/scenery/city-war/city-war.yfs
ALPHA_STRIKE user/yuichi/scenery/mission_alpha/alpha_strike.fld user/yuichi/scenery/mission_alpha/alpha_strike.stp
NARITA_AIR user/yuichi/scenery/narita/narita.fld user/yuichi/scenery/narita/narita.stp
SAM-BATTLE user/yuichi/scenery/sam/sam.fld user/yuichi/scenery/sam/sam.stp user/yuichi/scenery/sam/sam.yfs
TANK_WARS user/yuichi/scenery/tank_wars/tankwars.fld user/yuichi/scenery/tank_wars/tankwars.stp
46KM_MAP user/yuichi/scenery/46km_map/46km.fld user/yuichi/scenery/46km_map/46km.stp