[Kzs]_CIRCUIT                User/Kzs/circuit.fld/circuit.fld         User/Kzs/circuit.fld/circuit.stp        User/Kzs/circuit.fld/circuit.yfs
[Kzs]_CIRCUIT(Tight)         User/Kzs/circuit.fld/circuit(t).fld      User/Kzs/circuit.fld/circuit.stp        User/Kzs/circuit.fld/circuit.yfs
[Kzs]_CIRCUIT(MBX)           User/Kzs/circuit.fld/circuit(mbx).fld    User/Kzs/circuit.fld/circuit(mbx).stp   User/Kzs/circuit.fld/circuit(mbx).yfs
[Kzs]_CIRCUIT(MBX/T)         User/Kzs/circuit.fld/circuit(mbxt).fld   User/Kzs/circuit.fld/circuit(mbx).stp   User/Kzs/circuit.fld/circuit(mbx).yfs
[Kzs]_CIRCUIT(Suzuka)        User/Kzs/circuit.fld/suzuka.fld          User/Kzs/circuit.fld/suzuka.stp         User/Kzs/circuit.fld/suzuka.yfs
[Kzs]_CIRCUIT(Suzuka/T)      User/Kzs/circuit.fld/suzuka(t).fld       User/Kzs/circuit.fld/suzuka.stp         User/Kzs/circuit.fld/suzuka.yfs
[Kzs]_CIRCUIT(SuzukaSouth)   User/Kzs/circuit.fld/suzuka_s.fld        User/Kzs/circuit.fld/suzuka_south.stp   User/Kzs/circuit.fld/suzuka_south.yfs
[Kzs]_CIRCUIT(SuzukaSouth/T) User/Kzs/circuit.fld/suzuka_s(t).fld     User/Kzs/circuit.fld/suzuka_south.stp   User/Kzs/circuit.fld/suzuka_south.yfs
[Kzs]_CIRCUIT(MonteCarlo)    User/Kzs/circuit.fld/monte_carlo.fld     User/Kzs/circuit.fld/monte_carlo.stp    User/Kzs/circuit.fld/monte_carlo.yfs
[Kzs]_CIRCUIT(MonteCarlo/T)  User/Kzs/circuit.fld/monte_carlo(t).fld  User/Kzs/circuit.fld/monte_carlo.stp    User/Kzs/circuit.fld/monte_carlo.yfs
[Kzs]_CIRCUIT(MonteCarlo/L)  User/Kzs/circuit.fld/monte_carlo(l).fld  User/Kzs/circuit.fld/monte_carlo(l).stp User/Kzs/circuit.fld/monte_carlo(l).yfs
[Kzs]_CIRCUIT(MonteCarlo/LT) User/Kzs/circuit.fld/monte_carlo(lt).fld User/Kzs/circuit.fld/monte_carlo(l).stp User/Kzs/circuit.fld/monte_carlo(l).yfs
[Kzs]_CIRCUIT(SPA-Frncrch)   User/Kzs/circuit.fld/spa.fld             User/Kzs/circuit.fld/spa.stp            User/Kzs/circuit.fld/spa.yfs
[Kzs]_CIRCUIT(SPA-Frncrch/T) User/Kzs/circuit.fld/spa(t).fld          User/Kzs/circuit.fld/spa.stp            User/Kzs/circuit.fld/spa.yfs
[Kzs]_CIRCUIT(SPA-KartCrs)   User/Kzs/circuit.fld/spa_kart.fld        User/Kzs/circuit.fld/spa_kart.stp       User/Kzs/circuit.fld/spa_kart.yfs
[Kzs]_CIRCUIT(SPA-KartCrs/T) User/Kzs/circuit.fld/spa_kart(t).fld     User/Kzs/circuit.fld/spa_kart.stp       User/Kzs/circuit.fld/spa_kart.yfs
[Kzs]_CIRCUIT(SPA-Motocrs)   User/Kzs/circuit.fld/spa_mbx.fld         User/Kzs/circuit.fld/spa_mbx.stp        User/Kzs/circuit.fld/spa_mbx.yfs
[Kzs]_CIRCUIT(SPA-Motocrs/T) User/Kzs/circuit.fld/spa_mbx(t).fld      User/Kzs/circuit.fld/spa_mbx.stp        User/Kzs/circuit.fld/spa_mbx.yfs
[Kzs]_CIRCUIT(Monza)         User/Kzs/circuit.fld/monza.fld           User/Kzs/circuit.fld/monza.stp          User/Kzs/circuit.fld/monza.yfs
[Kzs]_CIRCUIT(Monza/T)       User/Kzs/circuit.fld/monza(t).fld        User/Kzs/circuit.fld/monza.stp          User/Kzs/circuit.fld/monza.yfs
[Kzs]_CIRCUIT(SilverStone)   User/Kzs/circuit.fld/slv.fld             User/Kzs/circuit.fld/slv.stp            User/Kzs/circuit.fld/slv.yfs
[Kzs]_CIRCUIT(SilverStone/T) User/Kzs/circuit.fld/slv(t).fld          User/Kzs/circuit.fld/slv.stp            User/Kzs/circuit.fld/slv.yfs
[Kzs]_PRACTICE_COURCE        User/Kzs/circuit.fld/practice.fld        User/Kzs/circuit.fld/practice.stp       User/Kzs/circuit.fld/practice.yfs
[Kzs]_PRACTICE_COURCE(Tight) User/Kzs/circuit.fld/practice(t).fld     User/Kzs/circuit.fld/practice.stp       User/Kzs/circuit.fld/practice.yfs
[Kzs]_PRACTICE_COURCE(Race)  User/Kzs/circuit.fld/practice.fld        User/Kzs/circuit.fld/practice.stp       User/Kzs/circuit.fld/practice(r).yfs
