KAPLAND User/Hf/kapland/KAPLAND.fld User/Hf/kapland/KAPLAND.stp
ITALY user/fufanl/Italy/italy.fld user/fufanl/Italy/italy.stp user/fufanl/Italy/italy.yfs
EL_ALAMEIN User/fufanl/tobruk/alamein.fld User/fufanl/tobruk/alamein.stp User/fufanl/tobruk/alamein.yfs
EST_AFRICA User/fufanl/etiopia/etiopia.fld User/fufanl/etiopia/etiopia.stp User/fufanl/etiopia/etiopia.yfs 
SOMME User/fufanl/somme/somme.fld User/fufanl/somme/somme.stp User/fufanl/somme/somme.yfs  
BATTLE_OF_ENGLAND User/fufanl/Battle/england.fld User/fufanl/Battle/england.stp User/fufanl/Battle/england.yfs
D_DAY User/fufanl/DDay/england.fld User/fufanl/DDay/england.stp User/fufanl/DDay/england.yfs
STALINGRAD User/fufanl/stalingrad/stalin.fld User/fufanl/stalingrad/stalin.stp User/fufanl/stalingrad/stalin.yfs
MALTA User/fufanl/malta/malta.fld User/fufanl/malta/malta.stp User/fufanl/malta/malta.yfs
ARDENNE User/fufanl/ardenne/ard.fld User/fufanl/ardenne/ard.stp User/fufanl/ardenne/ard.yfs 
GUSTAV_LINE User/fufanl/gustav/gustav.fld User/fufanl/gustav/gustav.stp User/fufanl/gustav/gustav.yfs 
BIGWAR User/fufanl/Ww1/war1.fld User/fufanl/Ww1/war1.stp User/fufanl/Ww1/war1.yfs
VERDUN User/fufanl/verdun/verdun.fld User/fufanl/verdun/verdun.stp User/fufanl/verdun/verdun.yfs
ADRIATICO User/fufanl/seawar/sea.fld User/fufanl/seawar/sea.stp User/fufanl/seawar/sea.yfs
North_Atlantic User/fufanl/nabattle/north_sea.fld User/fufanl/nabattle/north_sea.stp User/fufanl/nabattle/north_sea.yfs
DESERT_WAR User/fufanl/warcar/warcar.fld User/fufanl/warcar/warcar.stp User/fufanl/warcar/warcar.yfs
Tsushima User/fufanl/tsushima/oldsea.fld User/fufanl/tsushima/oldsea.stp User/fufanl/tsushima/oldsea.yfs
FORCED_STRAIT User/fufanl/dardanelli/dardan.fld User/fufanl/dardanelli/dardan.stp User/fufanl/dardanelli/dardan.yfs 
THE_BIG_HUNT User/fufanl/hunt/england.fld User/fufanl/hunt/england.stp User/fufanl/hunt/england.yfs
DON User/fufanl/don/placdon.fld User/fufanl/don/placdon.stp User/fufanl/don/placdon.yfs 
GREAT_AIRBATTLE User/fufanl/airbattle/england.fld User/fufanl/airbattle/england.stp User/fufanl/airbattle/england.yfs
PIRATES User/fufanl/pirates/corsari.fld User/fufanl/pirates/corsari.stp User/fufanl/pirates/corsari.yfs 
38TH user/fufanl/38/38.fld user/fufanl/38/38.stp user/fufanl/38/38.yfs
38THNIGHT user/fufanl/38n/38n.fld user/fufanl/38n/38n.stp user/fufanl/38n/38n.yfs
OPERATION_BODENPLATTE user/fufanl/y29/y29se.fld user/fufanl/y29/y29.stp 
LAST_ACT user/fufanl/berlin/berlin.fld user/fufanl/berlin/berlin.stp 
THE_END user/fufanl/berlin/berlino.fld user/fufanl/berlin/berlin.stp user/fufanl/berlin/berlin.yfs
OCEAN1 user/fufanl/ocean1/relaxSE.fld user/fufanl/ocean1/relax.stp user/fufanl/ocean1/relax.yfs
BLACK_GOLD User/fufanl/petrol/oil_warSE.fld User/fufanl/petrol/oil_war.stp User/fufanl/petrol/oil_war.yfs
