user/lordflash/vulcan/avro698.dat user/lordflash/vulcan/avro698.dnm user/lordflash/vulcan/vulcanB1sw_coll.srf

user/lordflash/vulcan/vulcanB1_xa890.dat user/lordflash/vulcan/vulcanB1_xa890.dnm user/lordflash/vulcan/vulcanB1sw_coll.srf

user/lordflash/vulcan/vulcanB1_xa900.dat user/lordflash/vulcan/vulcanB1_xa900.dnm user/lordflash/vulcan/vulcanB1_coll.srf

user/lordflash/vulcan/vulcanB1_xa903_bluesteel.dat user/lordflash/vulcan/vulcanB1_xa903_bluesteel.dnm user/lordflash/vulcan/vulcanB1_coll.srf

user/lordflash/vulcan/vulcanB1_xa903_593.dat user/lordflash/vulcan/vulcanB1_xa903_593.dnm user/lordflash/vulcan/vulcanB1_coll.srf

user/lordflash/vulcan/vulcanB1_xa903_rb199.dat user/lordflash/vulcan/vulcanB1_xa903_rb199.dnm user/lordflash/vulcan/vulcanB1_coll.srf

user/lordflash/vulcan/vulcanB1_xa894_320.dat user/lordflash/vulcan/vulcanB1_xa894_320.dnm user/lordflash/vulcan/vulcanB1sw_coll.srf

user/lordflash/vulcan/vulcanB1_xh500.dat user/lordflash/vulcan/vulcanB1_xh500.dnm user/lordflash/vulcan/vulcanB1_coll.srf

user/lordflash/vulcan/vulcanB2_XH558.dat user/lordflash/vulcan/vulcanB2_XH558.dnm user/lordflash/vulcan/vulcanB2_coll.srf

user/lordflash/vulcan/vulcanK2_XH558.dat user/lordflash/vulcan/vulcanK2_XH558.dnm user/lordflash/vulcan/vulcanB2_coll.srf

user/lordflash/vulcan/vulcanB2_XM655.dat user/lordflash/vulcan/vulcanB2_XM655.dnm user/lordflash/vulcan/vulcanB2_coll.srf

user/lordflash/vulcan/vulcanB2_XL426.dat user/lordflash/vulcan/vulcanB2_XL426.dnm user/lordflash/vulcan/vulcanB2_coll.srf

user/lordflash/vulcan/vulcanB2_XM575.dat user/lordflash/vulcan/vulcanB2_XM575.dnm user/lordflash/vulcan/vulcanB2_coll.srf 

user/lordflash/vulcan/vulcanB2_XJ824.dat user/lordflash/vulcan/vulcanB2_XJ824.dnm user/lordflash/vulcan/vulcanB2_coll.srf

user/lordflash/vulcan/vulcanB2_XL391.dat user/lordflash/vulcan/vulcanB2_XL391.dnm user/lordflash/vulcan/vulcanB2_coll.srf

user/lordflash/vulcan/vulcanB2_XL321.dat user/lordflash/vulcan/vulcanB2_XL321.dnm user/lordflash/vulcan/vulcanB2_coll.srf

user/lordflash/vulcan/vulcanB2_XH537.dat user/lordflash/vulcan/vulcanB2_XH537.dnm user/lordflash/vulcan/vulcanB2_coll.srf

user/lordflash/vulcan/vulcanB2_XL317.dat user/lordflash/vulcan/vulcanB2_XL317.dnm user/lordflash/vulcan/vulcanB2_coll.srf 

user/lordflash/vulcan/vulcanB2_XL321[bs].dat user/lordflash/vulcan/vulcanB2_XL321[bs].dnm user/lordflash/vulcan/vulcanB2_coll.srf 

user/lordflash/vulcan/vulcanB2_XM603.dat user/lordflash/vulcan/vulcanB2_XM603.dnm user/lordflash/vulcan/vulcanB2_coll.srf

user/lordflash/vulcan/vulcanB2_XM606.dat user/lordflash/vulcan/vulcanB2_XM606.dnm user/lordflash/vulcan/vulcanB2_coll.srf

user/lordflash/vulcan/vulcanB2_XM607.dat user/lordflash/vulcan/vulcanB2_XM607.dnm user/lordflash/vulcan/vulcanB2_coll.srf

user/lordflash/vulcan/vulcanB2_XM597.dat user/lordflash/vulcan/vulcanB2_XM597.dnm user/lordflash/vulcan/vulcanB2_coll.srf

user/lordflash/vulcan/vulcanB2_XM655_ds.dat user/lordflash/vulcan/vulcanB2_XM655_ds.dnm user/lordflash/vulcan/vulcanB2_coll.srf

user/lordflash/victor/victorB2_XM717.dat user/lordflash/victor/victorB2_XM717.dnm user/lordflash/victor/victor_coll.srf

user/lordflash/victor/victorB2_bluesteel_XM717.dat user/lordflash/victor/victorB2_bluesteel_XM717.dnm user/lordflash/victor/victor_coll.srf

user/lordflash/victor/victorK2_XM715.dat user/lordflash/victor/victorK2_XM715.dnm user/lordflash/victor/victor_coll.srf

user/lordflash/victor/victorK2_XM715_desert.dat user/lordflash/victor/victorK2_XM715_desert.dnm user/lordflash/victor/victor_coll.srf

user/lordflash/valiant/vickers_660.dat user/lordflash/valiant/vickers_660.dnm user/lordflash/valiant/valiantb1_coll.srf user/lordflash/valiant/valiant_cock.srf 

user/lordflash/valiant/valiant_B1_WZ377.dat user/lordflash/valiant/valiant_B1_WZ377.dnm user/lordflash/valiant/valiantb1_coll.srf user/lordflash/valiant/valiant_cock.srf 

user/lordflash/valiant/valiant_B1bs_wp204.dat user/lordflash/valiant/valiant_B1bs_wp204.dnm user/lordflash/valiant/valiantb1_coll.srf user/lordflash/valiant/valiant_cock.srf  

user/lordflash/valiant/valiant_B1_XD818.dat user/lordflash/valiant/valiant_B1_XD818.dnm user/lordflash/valiant/valiantb1_coll.srf user/lordflash/valiant/valiant_cock.srf 

user/lordflash/valiant/valiantbd_B1_XD818.dat user/lordflash/valiant/valiantbd_B1_XD818.dnm user/lordflash/valiant/valiantb1_coll.srf user/lordflash/valiant/valiant_cock.srf 

user/lordflash/valiant/valiantll_B1_XD818.dat user/lordflash/valiant/valiantll_B1_XD818.dnm user/lordflash/valiant/valiantb1_coll.srf user/lordflash/valiant/valiant_cock.srf  

user/lordflash/valiant/valiant_BK1_XD816.dat user/lordflash/valiant/valiant_BK1_XD816.dnm user/lordflash/valiant/valiantb1_coll.srf user/lordflash/valiant/valiant_cock.srf 

user/lordflash/valiant/valiant_B2.dat user/lordflash/valiant/valiant_B2.dnm user/lordflash/valiant/valiantb2_coll.srf user/lordflash/valiant/valiant_cock.srf 

user/lordflash/tsr2/bac_tsr.2.dat user/lordflash/tsr2/bac_tsr.2.dnm user/lordflash/tsr2/tsr2_coll.srf user/lordflash/tsr2/tsr2_cock.srf

user/lordflash/an124/an124.dat user/lordflash/an124/an124.dnm user/lordflash/an124/an124coll.srf user/lordflash/an124/an124cock.srf 

user/lordflash/bae_harrier/bae_harrier_II_gr5.dat user/lordflash/bae_harrier/bae_harrier_II_gr5.dnm user/lordflash/bae_harrier/harriercoll.srf 

user/lordflash/bae_harrier/bae_harrier_II_gr7_brown.dat user/lordflash/bae_harrier/bae_harrier_II_gr7_brown.dnm user/lordflash/bae_harrier/harriercoll.srf 

user/lordflash/bae_harrier/bae_harrier_II_gr7_green.dat user/lordflash/bae_harrier/bae_harrier_II_gr7_green.dnm user/lordflash/bae_harrier/harriercoll.srf 

user/lordflash/bae_harrier/bae_harrier_II_gr7_grey.dat user/lordflash/bae_harrier/bae_harrier_II_gr7_grey.dnm user/lordflash/bae_harrier/harriercoll.srf 

user/lordflash/bae_harrier/bae_harrier_II_gr9.dat user/lordflash/bae_harrier/bae_harrier_II_gr9.dnm user/lordflash/bae_harrier/harriercoll.srf 

user/lordflash/bae_harrier/SEAHARRIER_FRS1.dat user/lordflash/bae_harrier/SEAHARRIER_FRS1.dnm user/lordflash/bae_harrier/harriercoll.srf

user/lordflash/bae_harrier/SEAHARRIER_FA2.dat user/lordflash/bae_harrier/SEAHARRIER_FA2.dnm user/lordflash/bae_harrier/harriercoll.srf 

user/lordflash/provost/jet_provost.dat user/lordflash/provost/jet_provost.dnm user/lordflash/provost/jp_coll.srf 

user/lordflash/sheriff/sheriff.dat user/lordflash/sheriff/sheriff.dnm user/lordflash/sheriff/sheriff_coll.srf user/lordflash/sheriff/sheriff_cock.srf 

user/lordflash/comet/comet4c_boac.dat user/lordflash/comet/comet4c_boac.dnm user/lordflash/comet/dh106_coll.srf user/lordflash/comet/dh106_cock.srf 

user/lordflash/comet/comet4c_xs235.dat user/lordflash/comet/comet4c_xs235.dnm user/lordflash/comet/dh106_coll.srf user/lordflash/comet/dh106_cock.srf 

user/lordflash/comet/comet_4b.dat user/lordflash/comet/comet_4b.dnm user/lordflash/comet/comet_coll.srf user/lordflash/comet/dh106_cock.srf 

user/lordflash/comet/comet_4c_raf.dat user/lordflash/comet/comet_4c_raf.dnm user/lordflash/comet/comet_coll.srf user/lordflash/comet/dh106_cock.srf 

user/lordflash/comet/comet_4c_rae.dat user/lordflash/comet/comet_4c_rae.dnm user/lordflash/comet/comet_coll.srf user/lordflash/comet/dh106_cock.srf 

user/lordflash/comet/nimrod_r1.dat user/lordflash/comet/nimrod_r1.dnm user/lordflash/comet/nimrod_coll.srf user/lordflash/comet/nimrod_cock.srf 

user/lordflash/comet/nimrod_MR2.dat user/lordflash/comet/nimrod_MR2.dnm user/lordflash/comet/nimrod_coll.srf user/lordflash/comet/nimrod_cock.srf

user/lordflash/comet/nimrod_AEW3.dat user/lordflash/comet/nimrod_AEW3.dnm user/lordflash/comet/nimrod_coll.srf user/lordflash/comet/nimrod_cock.srf

user/lordflash/comet/nimrod_MRa4.dat user/lordflash/comet/nimrod_Mra4.dnm user/lordflash/comet/nimrod_coll.srf user/lordflash/comet/nimrod_cock.srf

user/lordflash/lancaster/lancaster_B1_pa474.dat user/lordflash/lancaster/lancaster_B1_pa474.dnm user/lordflash/lancaster/lancaster_coll.srf user/lordflash/lancaster/lancaster_cock.srf user/lordflash/lancaster/lancaster_coarse.dnm

user/lordflash/lancaster/lancaster_B1_nx611.dat user/lordflash/lancaster/lancaster_B1_nx611.dnm user/lordflash/lancaster/lancaster_coll.srf user/lordflash/lancaster/lancaster_cock.srf user/lordflash/lancaster/lancaster_coarse.dnm

user/lordflash/lancaster/lancaster_B1_kb726.dat user/lordflash/lancaster/lancaster_B1_kb726.dnm user/lordflash/lancaster/lancaster_coll.srf user/lordflash/lancaster/lancaster_cock.srf user/lordflash/lancaster/lancaster_coarse.dnm

user/lordflash/lancaster/lancaster_B2_ds713.dat user/lordflash/lancaster/lancaster_B2_ds713.dnm user/lordflash/lancaster/lancaster_coll.srf user/lordflash/lancaster/lancaster_cock.srf user/lordflash/lancaster/lancaster_coarse.dnm

user/lordflash/hunterf3/hunterf3.dat user/lordflash/hunterf3/hunterf3.dnm user/lordflash/hunterf3/hunter_coll.srf

user/lordflash/huntert7/hunter_t7_xl569.dat user/lordflash/huntert7/hunter_t7_xl569.dnm user/lordflash/huntert7/hunter_coll.srf user/lordflash/huntert7/hunter_cock.srf

user/lordflash/huntert7/hunter_t7_xl573.dat user/lordflash/huntert7/hunter_t7_xl573.dnm user/lordflash/huntert7/hunter_coll.srf user/lordflash/huntert7/hunter_cock.srf

user/lordflash/huntert7/hunter_t7_xl621.dat user/lordflash/huntert7/hunter_t7_xl621.dnm user/lordflash/huntert7/hunter_coll.srf user/lordflash/huntert7/hunter_cock.srf

user/lordflash/huntert7/hunter_t7_wv318.dat user/lordflash/huntert7/hunter_t7_wv318.dnm user/lordflash/huntert7/hunter_coll.srf user/lordflash/huntert7/hunter_cock.srf

user/lordflash/huntert7/hunter_t7_wv372.dat user/lordflash/huntert7/hunter_t7_wv372.dnm user/lordflash/huntert7/hunter_coll.srf user/lordflash/huntert7/hunter_cock.srf

user/lordflash/huntert7/hunter_t7_xl580.dat user/lordflash/huntert7/hunter_t7_xl580.dnm user/lordflash/huntert7/hunter_coll.srf user/lordflash/huntert7/hunter_cock.srf

user/lordflash/huntert7/hunter_t7_xe531.dat user/lordflash/huntert7/hunter_t7_xe531.dnm user/lordflash/huntert7/hunter_coll.srf user/lordflash/huntert7/hunter_cock.srf

user/lordflash/meteor_t7/meteor_t7.dat user/lordflash/meteor_t7/meteort7.dnm user/lordflash/meteor_t7/meteor_coll.srf 

user/lordflash/meteor_t7/meteor_t7_raf.dat user/lordflash/meteor_t7/meteor_t7_raf.dnm user/lordflash/meteor_t7/meteor_coll.srf

user/lordflash/meteor_t7/meteor_t7_trainer.dat user/lordflash/meteor_t7/meteort7_trainer.dnm user/lordflash/meteor_t7/meteor_coll.srf

user/lordflash/meteor_t7/meteor_t7_trainer(tank).dat user/lordflash/meteor_t7/meteort7_trainer(tank).dnm user/lordflash/meteor_t7/meteor_coll.srf

user/lordflash/meteor_t7/meteor_t7_wl419.dat user/lordflash/meteor_t7/meteort7_wl419.dnm user/lordflash/meteor_t7/meteor_coll.srf

user/lordflash/meteor_t7/meteor_t7_wl419(tank).dat user/lordflash/meteor_t7/meteort7_wl419(tank).dnm user/lordflash/meteor_t7/meteor_coll.srf

user/lordflash/meteor_t7/meteor_t7_rae.dat user/lordflash/meteor_t7/meteor_t7_rae.dnm user/lordflash/meteor_t7/meteor_coll.srf

user/lordflash/meteor_t7/meteor_t7_rae(tank).dat user/lordflash/meteor_t7/meteor_t7_rae(tank).dnm user/lordflash/meteor_t7/meteor_coll.srf

user/lordflash/meteor_t7/meteor_t7_navy.dat user/lordflash/meteor_t7/meteort7_navy.dnm user/lordflash/meteor_t7/meteor_coll.srf 

user/lordflash/meteor_t7/meteor_nf11.dat user/lordflash/meteor_t7/meteor_nf11.dnm user/lordflash/meteor_t7/meteor_coll.srf 

user/lordflash/meteor_t7/meteor_TT20.dat user/lordflash/meteor_t7/meteor_TT20.dnm user/lordflash/meteor_t7/meteor_coll.srf 

user/lordflash/meteor_t7/meteor_TT20_WM224.dat user/lordflash/meteor_t7/meteor_TT20_WM224.dnm user/lordflash/meteor_t7/meteor_coll.srf

user/lordflash/buccaneer/buccaneer_cmg.dat user/lordflash/buccaneer/buccaneer_cmg.dnm user/lordflash/buccaneer/buccaneer_coll.srf user/lordflash/buccaneer/bucc_cockpit.srf

user/lordflash/wessex/wessex.dat user/lordflash/wessex/wessex.dnm user/lordflash/wessex/wessexcoll.srf

user/lordflash/chinook/ch-47_chinook.dat user/lordflash/chinook/CH-47_chinook.dnm user/lordflash/chinook/ch47coll.srf user/lordflash/chinook/ch47cock.srf

user/lordflash/avro730/avro730.dat user/lordflash/avro730/avro730.dnm user/lordflash/avro730/avro730_coll.srf

user/lordflash/V2/V2.dat user/lordflash/V2/V2.dnm user/lordflash/V2/V2_coll.srf

user/lordflash/saturnv/saturnv.dat user/lordflash/saturnv/saturnv.dnm user/lordflash/saturnv/saturnvcoll.srf

user/lordflash/lightningF6/lightningF6_XR-728.dat user/lordflash/lightningF6/lightningF6_XR-728.dnm user/lordflash/lightningF6/lightningF6coll.srf 

user/lordflash/lightningF6/lightningF6_XR-728[1AB].dat user/lordflash/lightningF6/lightningF6_XR-728[1AB].dnm user/lordflash/lightningF6/lightningF6coll.srf 

user/lordflash/lightningF6/lightningF6_XS-904.dat user/lordflash/lightningF6/lightningF6_XS-904.dnm user/lordflash/lightningF6/lightningF6coll.srf

user/lordflash/lightningF6/lightning_F53_RSAF.dat user/lordflash/lightningF6/lightning_F53_RSAF.dnm user/lordflash/lightningF6/lightningF6coll.srf

user/lordflash/lightningF6/lightning_F53_RSAF_2.dat user/lordflash/lightningF6/lightning_F53_RSAF_2.dnm user/lordflash/lightningF6/lightningF6coll.srf

user/lordflash/lightningt5/lightningt5.dat user/lordflash/lightningt5/lightningt5.dnm user/lordflash/lightningF6/lightningF6coll.srf

user/lordflash/sea_lightning/sea_lightning.dat user/lordflash/sea_lightning/sea_lightning.dnm user/lordflash/sea_lightning/lightningF6coll.srf

user/lordflash/lightningF6/p-1b.dat user/lordflash/lightningF6/p-1b.dnm user/lordflash/lightningF6/p-1b_coll.srf 

user/lordflash/lightningF6/p-1b_scorpion.dat user/lordflash/lightningF6/p-1b_scorpion.dnm user/lordflash/lightningF6/p-1b_coll.srf   

user/lordflash/hawkt2/hawkt2.dat user/lordflash/hawkt2/hawkt2.dnm user/lordflash/hawkt2/hawkt2_coll.srf

user/lordflash/spitfire_389/spitfire_389_pr19.dat user/lordflash/spitfire_389/spitfire_389_pr19.dnm user/lordflash/spitfire_389/spitfirecoll.srf user/lordflash/spitfire_389/spitfirecockpit.srf 

user/lordflash/x1/bellx1.dat user/lordflash/x1/x1.dnm user/lordflash/x1/bellx1coll.srf

user/lordflash/2707/2707.dat user/lordflash/2707/2707.dnm user/lordflash/2707/2707_coll

user/lordflash/a380/a380.dat user/lordflash/a380/a380.dnm user/lordflash/a380/a380coll.srf user/lordflash/a380/a380coarse.dnm

user/lordflash/jetcar/jetcar.dat user/lordflash/jetcar/jetcar.dnm user/lordflash/jetcar/jetcarcoll.srf