Aircraft:
User/fufanl/hunt/ground/rodney.dat User/fufanl/hunt/ground/rodney.dnm User/fufanl/hunt/ground/rodney_coll.srf User/fufanl/hunt/ground/rodney_cockpit.srf
User/fufanl/hunt/ground/sheffield.dat User/fufanl/hunt/ground/sheffield.dnm User/fufanl/hunt/ground/sheffield_coll.srf User/fufanl/hunt/ground/sheffield_cockpit.srf

Ground:
user/fufanl/hunt/ground/ark.dat user/fufanl/hunt/ground/arkvisual.srf user/fufanl/hunt/ground/arkcoll.srf
user/fufanl/hunt/ground/bismarck.dat user/fufanl/hunt/ground/bismarck.srf user/fufanl/hunt/ground/bismarck.srf
user/fufanl/hunt/ground/glatton.dat user/fufanl/hunt/ground/glatton.srf user/fufanl/hunt/ground/glatton_coll.srf
user/fufanl/hunt/ground/hood.dat user/fufanl/hunt/ground/hood.srf user/fufanl/hunt/ground/hood.srf
user/fufanl/hunt/ground/ivanhoe.dat user/fufanl/hunt/ground/ivanhoe.srf user/fufanl/hunt/ground/ivanhoe.srf
user/fufanl/hunt/ground/javelin.dat user/fufanl/hunt/ground/javelin.srf user/fufanl/hunt/ground/javelin.srf
user/fufanl/hunt/ground/kinggeorge5.dat user/fufanl/hunt/ground/kinggeorge5.srf user/fufanl/hunt/ground/kinggeorge5.srf
user/fufanl/hunt/ground/norfolk.dat user/fufanl/hunt/ground/norfolk.srf user/fufanl/hunt/ground/norfolk.srf
user/fufanl/hunt/ground/prince.dat user/fufanl/hunt/ground/prince.srf user/fufanl/hunt/ground/prince.srf
user/fufanl/hunt/ground/renown.dat user/fufanl/hunt/ground/renown.srf user/fufanl/hunt/ground/renown.srf
user/fufanl/hunt/ground/repulse.dat user/fufanl/hunt/ground/repulse.srf user/fufanl/hunt/ground/repulse.srf
user/fufanl/hunt/ground/suffolk.dat user/fufanl/hunt/ground/suffolk.srf user/fufanl/hunt/ground/suffolk.srf
user/fufanl/hunt/ground/uboote.dat user/fufanl/hunt/ground/uboote.srf user/fufanl/hunt/ground/uboote.srf
user/fufanl/hunt/ground/hangarmim.dat user/fufanl/hunt/ground/hangarmim.srf user/fufanl/hunt/ground/hangarmim.srf
user/fufanl/hunt/ground/hangar4.dat user/fufanl/hunt/ground/hangar4.srf user/fufanl/hunt/ground/hangar4.srf
user/fufanl/hunt/ground/hangar9.dat user/fufanl/hunt/ground/hangar9.srf user/fufanl/hunt/ground/hangar9.srf
user/fufanl/hunt/ground/hangar3.dat user/fufanl/hunt/ground/hangar3.srf user/fufanl/hunt/ground/hangar3.srf
user/fufanl/hunt/ground/garage01.dat user/fufanl/hunt/ground/garage01.srf user/fufanl/hunt/ground/garage01.srf
user/fufanl/hunt/ground/airmim.dat user/fufanl/hunt/ground/airmim.srf user/fufanl/hunt/ground/airmim.srf
user/fufanl/hunt/ground/hangard.dat user/fufanl/hunt/ground/hangard.srf user/fufanl/hunt/ground/hangard.srf
user/fufanl/hunt/ground/ju88.dat user/fufanl/hunt/ground/ju88.srf user/fufanl/hunt/ground/ju88.srf
user/fufanl/hunt/ground/mobelwagen.dat user/fufanl/hunt/ground/mobelwagen.srf user/fufanl/hunt/ground/mobelwagen.srf
user/fufanl/hunt/ground/hangarsub.dat user/fufanl/hunt/ground/hangarsub.srf user/fufanl/hunt/ground/hangarsub.srf
user/fufanl/hunt/ground/bunkerd_c.dat user/fufanl/hunt/ground/bunkerd_c.srf user/fufanl/hunt/ground/bunkerd_c.srf
user/fufanl/hunt/ground/prinzeugen.dat user/fufanl/hunt/ground/prinzeugen.srf user/fufanl/hunt/ground/prinzeugen.srf




Scenery:
THE_BIG_HUNT User/fufanl/hunt/england.fld User/fufanl/hunt/england.stp User/fufanl/hunt/england.yfs
