user/tf58/ac47.dat user/tf58/ac47.dnm user/tf58/c47cl.srf user/tf58/ac47cpt.srf
user/tf58/dc3_paa.dat user/tf58/dc3_paa.dnm user/tf58/c47cl.srf user/tf58/c47cpt.srf
user/tf58/dc3_cpc_final.dat user/tf58/dc3_cpc_final.dnm user/tf58/c47cl.srf user/tf58/c47cpt.srf
user/tf58/an2_cgfbr.dat user/tf58/an2_cgfbr.dnm user/tf58/an2cl.srf user/tf58/an2cpt.srf
user/tf58/an2_cfaka.dat user/tf58/an2_cfaka.dnm user/tf58/an2cl.srf user/tf58/an2cpt.srf
user/tf58/an2_dfkma.dat user/tf58/an2_dfkma.dnm user/tf58/an2cl.srf user/tf58/an2cpt.srf
user/tf58/an2_lyank.dat user/tf58/an2_lyank.dnm user/tf58/an2cl.srf user/tf58/an2cpt.srf
user/tf58/an2_okjij.dat user/tf58/an2_okjij.dnm user/tf58/an2cl.srf user/tf58/an2cpt.srf
user/tf58/an2_yllei.dat user/tf58/an2_yllei.dnm user/tf58/an2cl.srf user/tf58/an2cpt.srf
user/tf58/cf5a_varigated.dat user/tf58/cf5a_varigated.dnm user/tf58/f5cl.srf user/tf58/f5cpt.srf
user/tf58/cf5a_wraparound.dat user/tf58/cf5a_wraparound.dnm user/tf58/f5cl.srf user/tf58/f5cpt.srf
user/tf58/cf5a_ghost.dat user/tf58/cf5a_ghost.dnm user/tf58/f5cl.srf user/tf58/f5cpt.srf
user/tf58/cf5a_ghost_05.dat user/tf58/cf5a_ghost_05.dnm user/tf58/f5cl.srf user/tf58/f5cpt.srf
user/tf58/cf5a_ghost_30.dat user/tf58/cf5a_ghost_30.dnm user/tf58/f5cl.srf user/tf58/f5cpt.srf
user/tf58/cf5a_ghost_63.dat user/tf58/cf5a_ghost_63.dnm user/tf58/f5cl.srf user/tf58/f5cpt.srf
user/tf58/cf5d_wraparound.dat user/tf58/cf5d_wraparound.dnm user/tf58/f5bcl.srf user/tf58/f5bcpt.srf
user/tf58/cf5d_wraparound_14.dat user/tf58/cf5d_wraparound_14.dnm user/tf58/f5bcl.srf user/tf58/f5bcpt.srf
user/tf58/cf5d_grape.dat user/tf58/cf5d_grape.dnm user/tf58/f5bcl.srf user/tf58/f5bcpt.srf
user/tf58/cf5d_grape_07.dat user/tf58/cf5d_grape_07.dnm user/tf58/f5bcl.srf user/tf58/f5bcpt.srf
user/tf58/cf5d_lizard.dat user/tf58/cf5d_lizard.dnm user/tf58/f5bcl.srf user/tf58/f5bcpt.srf
user/tf58/cf5d_lizard_05.dat user/tf58/cf5d_lizard_05.dnm user/tf58/f5bcl.srf user/tf58/f5bcpt.srf
user/tf58/cf5d_lizard_09.dat user/tf58/cf5d_lizard_09.dnm user/tf58/f5bcl.srf user/tf58/f5bcpt.srf
user/tf58/cf5d_ghost.dat user/tf58/cf5d_ghost.dnm user/tf58/f5bcl.srf user/tf58/f5bcpt.srf
user/tf58/cf5d_ghost_12.dat user/tf58/cf5d_ghost_12.dnm user/tf58/f5bcl.srf user/tf58/f5bcpt.srf
user/tf58/cf5d_ghost_19.dat user/tf58/cf5d_ghost_19.dnm user/tf58/f5bcl.srf user/tf58/f5bcpt.srf
user/tf58/cf5d_ghost_45.dat user/tf58/cf5d_ghost_45.dnm user/tf58/f5bcl.srf user/tf58/f5bcpt.srf
user/tf58/cf18_inspep.dat user/tf58/cf18_inspep.dnm user/tf58/f18cl.srf user/tf58/f18cpt.srf
user/tf58/f4j_uk_74sq.dat user/tf58/f4j_uk_74sq.dnm user/tf58/f4cl.srf user/tf58/f4cpt.srf
user/tf58/fgr2_56sq.dat user/tf58/fgr2_56sq.dnm user/tf58/f4cl.srf user/tf58/f4cpt.srf
user/tf58/f14b_thief_of_baghdad.dat user/tf58/f14b_thief_of_baghdad.dnm user/tf58/f14cl.srf user/tf58/f14cpt.srf
user/tf58/f14b_bandit_of_hanoi.dat user/tf58/f14b_bandit_of_hanoi.dnm user/tf58/f14cl.srf user/tf58/f14cpt.srf
user/tf58/f14b_brigand_of_murmansk.dat user/tf58/f14b_brigand_of_murmansk.dnm user/tf58/f14cl.srf user/tf58/f14cpt.srf
user/tf58/f15c_58fs.dat user/tf58/f15c_58fs.dnm user/tf58/f15cl.srf user/tf58/f15cpt.srf
user/tf58/fa18f_vfa2_cag.dat user/tf58/fa18f_vfa2_cag.dnm user/tf58/f18ecl.srf user/tf58/f18fcpt.srf
user/tf58/fa18f_vfa2.dat user/tf58/fa18f_vfa2.dnm user/tf58/f18ecl.srf user/tf58/f18fcpt.srf
user/tf58/fa18f_vfa2_1t.dat user/tf58/fa18f_vfa2_1t.dnm user/tf58/f18ecl.srf user/tf58/f18fcpt.srf
user/tf58/fa18f_vfa103_cag.dat user/tf58/fa18f_vfa103_cag.dnm user/tf58/f18ecl.srf user/tf58/f18fcpt.srf
user/tf58/fa18f_vfa103.dat user/tf58/fa18f_vfa103.dnm user/tf58/f18ecl.srf user/tf58/f18fcpt.srf
user/tf58/fa18f_vfa103_1t.dat user/tf58/fa18f_vfa103_1t.dnm user/tf58/f18ecl.srf user/tf58/f18fcpt.srf
user/tf58/fa18f_vfa103_cag_first_cruise.dat user/tf58/fa18f_vfa103_cag_first_cruise.dnm user/tf58/f18ecl.srf user/tf58/f18fcpt.srf
user/tf58/fa18f_vfa103_first_cruise.dat user/tf58/fa18f_vfa103_first_cruise.dnm user/tf58/f18ecl.srf user/tf58/f18fcpt.srf
user/tf58/fa18f_vx23_123.dat user/tf58/fa18f_vx23_123.dnm user/tf58/f18ecl.srf user/tf58/f18fcpt.srf
user/tf58/fa18f_vx23_120.dat user/tf58/fa18f_vx23_120.dnm user/tf58/f18ecl.srf user/tf58/f18fcpt.srf
user/tf58/ea18g_vaq129.dat user/tf58/ea18g_vaq129.dnm user/tf58/f18ecl.srf user/tf58/f18fcpt.srf
user/tf58/ea18g_vx23.dat user/tf58/ea18g_vx23.dnm user/tf58/f18ecl.srf user/tf58/f18fcpt.srf
user/tf58/f8_vf191.dat user/tf58/f8_vf191.dnm user/tf58/f8cl.srf user/tf58/f8cpt.srf
user/tf58/f8_vf211.dat user/tf58/f8_vf211.dnm user/tf58/f8cl.srf user/tf58/f8cpt.srf
user/tf58/f8_shin.dat user/tf58/f8_shin.dnm user/tf58/f8cl.srf user/tf58/f8cpt.srf
user/tf58/h5_romania.dat user/tf58/h5_romania.dnm user/tf58/il28cl.srf user/tf58/il28cpt.srf
user/tf58/h5_romania_autogun.dat user/tf58/h5_romania.dnm user/tf58/il28cl.srf user/tf58/il28cpt.srf
user/tf58/il28_egypt.dat user/tf58/il28_egypt.dnm user/tf58/il28cl.srf user/tf58/il28cpt.srf
user/tf58/il28_egypt_autogun.dat user/tf58/il28_egypt.dnm user/tf58/il28cl.srf user/tf58/il28cpt.srf
user/tf58/il78m.dat user/tf58/il78m.dnm user/tf58/il76cl.srf user/tf58/il78cpt.srf
user/tf58/mi24k_un.dat user/tf58/mi24k_un.dnm user/tf58/mi24cl.srf user/tf58/mi24cpt.srf
user/tf58/uh60_medevac.dat user/tf58/uh60_medevac.dnm user/tf58/uh60cl.srf user/tf58/uh60cpt.srf
user/tf58/sh60b.dat user/tf58/sh60b.dnm user/tf58/uh60cl.srf user/tf58/uh60cpt.srf
user/tf58/mh60r.dat user/tf58/mh60r.dnm user/tf58/uh60cl.srf user/tf58/uh60cpt.srf
user/tf58/hh60j_uscg.dat user/tf58/hh60j_uscg.dnm user/tf58/uh60cl.srf user/tf58/uh60cpt.srf
user/tf58/mh60s.dat user/tf58/mh60s.dnm user/tf58/uh60cl.srf user/tf58/uh60cpt.srf
user/tf58/cf187a.dat user/tf58/cf187a.dnm user/tf58/su27cl.srf user/tf58/su27cpt.srf
user/tf58/cf187b.dat user/tf58/cf187b.dnm user/tf58/su27cl.srf user/tf58/su30cpt.srf
user/tf58/cf187c.dat user/tf58/cf187c.dnm user/tf58/su27cl.srf user/tf58/su27cpt.srf
user/tf58/cf187d.dat user/tf58/cf187d.dnm user/tf58/su27cl.srf user/tf58/su37kucpt.srf
user/tf58/su27_fiery.dat user/tf58/su27_fiery.dnm user/tf58/su27cl.srf user/tf58/su27cpt.srf
user/tf58/su27_haruhi.dat user/tf58/su27_haruhi.dnm user/tf58/su27cl.srf user/tf58/su27cpt.srf
user/tf58/su27_haruhiism.dat user/tf58/su27_haruhiism.dnm user/tf58/su27cl.srf user/tf58/su27cpt.srf
user/tf58/su27_tsukasa.dat user/tf58/su27_tsukasa.dnm user/tf58/su27cl.srf user/tf58/su27cpt.srf
user/tf58/su30mk_iaf_24sq.dat user/tf58/su30mk_iaf_24sq.dnm user/tf58/su27cl.srf user/tf58/su30cpt.srf
user/tf58/su30mkk_maks2003.dat user/tf58/su30mkk_maks2003.dnm user/tf58/su27cl.srf user/tf58/su30cpt.srf
user/tf58/jj5_august1.dat user/tf58/jj5_august1.dnm user/tf58/mig17cl.srf user/tf58/jj5cpt.srf
user/tf58/j7e_august1.dat user/tf58/j7e_august1.dnm user/tf58/j7cl.srf user/tf58/j7cpt.srf
user/tf58/j7e_august1new.dat user/tf58/j7e_august1new.dnm user/tf58/j7cl.srf user/tf58/j7cpt.srf
user/tf58/a4f_blueangels.dat user/tf58/a4f_blueangels.dnm user/tf58/a4cl.srf user/tf58/a4ecpt.srf
user/tf58/a4f_blueangels_1.dat user/tf58/a4f_blueangels_1.dnm user/tf58/a4cl.srf user/tf58/a4ecpt.srf
user/tf58/a4f_blueangels_2.dat user/tf58/a4f_blueangels_2.dnm user/tf58/a4cl.srf user/tf58/a4ecpt.srf
user/tf58/a4f_blueangels_3.dat user/tf58/a4f_blueangels_3.dnm user/tf58/a4cl.srf user/tf58/a4ecpt.srf
user/tf58/a4f_blueangels_4.dat user/tf58/a4f_blueangels_4.dnm user/tf58/a4cl.srf user/tf58/a4ecpt.srf
user/tf58/a4f_blueangels_5.dat user/tf58/a4f_blueangels_5.dnm user/tf58/a4cl.srf user/tf58/a4ecpt.srf
user/tf58/a4f_blueangels_6.dat user/tf58/a4f_blueangels_6.dnm user/tf58/a4cl.srf user/tf58/a4ecpt.srf
user/tf58/f18_blueangels.dat user/tf58/f18_blueangels.dnm user/tf58/f18cl.srf user/tf58/f18cpt.srf
user/tf58/f18_blueangels_1.dat user/tf58/f18_blueangels_1.dnm user/tf58/f18cl.srf user/tf58/f18cpt.srf
user/tf58/f18_blueangels_2.dat user/tf58/f18_blueangels_2.dnm user/tf58/f18cl.srf user/tf58/f18cpt.srf
user/tf58/f18_blueangels_3.dat user/tf58/f18_blueangels_3.dnm user/tf58/f18cl.srf user/tf58/f18cpt.srf
user/tf58/f18_blueangels_4.dat user/tf58/f18_blueangels_4.dnm user/tf58/f18cl.srf user/tf58/f18cpt.srf
user/tf58/f18_blueangels_5.dat user/tf58/f18_blueangels_5.dnm user/tf58/f18cl.srf user/tf58/f18cpt.srf
user/tf58/f18_blueangels_6.dat user/tf58/f18_blueangels_6.dnm user/tf58/f18cl.srf user/tf58/f18cpt.srf
user/tf58/t2_blueimpulse.dat user/tf58/t2_blueimpulse.dnm user/tf58/f1cl.srf user/tf58/t2cpt.srf
user/tf58/alphajet_patrouille.dat user/tf58/alphajet_patrouille.dnm user/tf58/alphajcl.srf user/tf58/alphajcpt.srf
user/tf58/hawk_reds.dat user/tf58/hawk_reds.dnm user/tf58/hawkcl.srf user/tf58/hawkcpt.srf
user/tf58/saudi_hawks.dat user/tf58/saudi_hawks.dnm user/tf58/hawkcl.srf user/tf58/hawkcpt.srf
user/tf58/f16_tbirds.dat user/tf58/f16_tbirds.dnm user/tf58/default_2ch/f16cl.srf user/tf58/default_2ch/f16cpt.srf
user/tf58/f5_turkstar.dat user/tf58/f5_turkstar.dnm user/tf58/f5cl.srf user/tf58/f5cpt.srf
user/tf58/f5b_turkstar.dat user/tf58/f5b_turkstar.dnm user/tf58/f5bcl.srf user/tf58/f5bcpt.srf

user/tf58/a320_aca.dat user/tf58/a320_aca.dnm user/tf58/a320_coll.srf user/tf58/a320_cockpit.srf
user/tf58/a320_aca_sov.dat user/tf58/a320_aca_sov.dnm user/tf58/a320_coll.srf user/tf58/a320_cockpit.srf
user/tf58/a320_ssv.dat user/tf58/a320_ssv.dnm user/tf58/a320_coll.srf user/tf58/a320_cockpit.srf
user/tf58/a343_aca.dat user/tf58/a343_aca.dnm user/tf58/a343_coll.srf user/tf58/a343_cockpit.srf
user/tf58/a343_afr.dat user/tf58/a343_afr.dnm user/tf58/a343_coll.srf user/tf58/a343_cockpit.srf
user/tf58/a343_cpa.dat user/tf58/a343_cpa.dnm user/tf58/a343_coll.srf user/tf58/a343_cockpit.srf
user/tf58/b7377h_wj.dat user/tf58/b7377h_wj.dnm user/tf58/b7377hcoll.srf user/tf58/b7377hcockpit.srf
user/tf58/b744_baw.dat user/tf58/b744_baw.dnm aircraft/b747coll.srf aircraft/b747cockpit.srf
user/tf58/b744_cpa.dat user/tf58/b744_cpa.dnm aircraft/b747coll.srf aircraft/b747cockpit.srf
user/tf58/b744_dlh.dat user/tf58/b744_dlh.dnm aircraft/b747coll.srf aircraft/b747cockpit.srf
user/tf58/b744_kal.dat user/tf58/b744_kal.dnm aircraft/b747coll.srf aircraft/b747cockpit.srf
user/tf58/b744_klm.dat user/tf58/b744_klm.dnm aircraft/b747coll.srf aircraft/b747cockpit.srf
user/tf58/b744_qfa.dat user/tf58/b744_qfa.dnm aircraft/b747coll.srf aircraft/b747cockpit.srf
user/tf58/b7673h_ac.dat user/tf58/b7673h_ac.dnm user/tf58/b7673hcoll.srf user/tf58/b7673hcockpit.srf
user/tf58/b7673h_klm.dat user/tf58/b7673h_klm.dnm user/tf58/b7673hcoll.srf user/tf58/b7673hcockpit.srf
user/tf58/b7772h_aa.dat user/tf58/b7772h_aa.dnm aircraft/b777coll.srf user/tf58/b7772hcockpit.srf
user/tf58/b7772h_ua.dat user/tf58/b7772h_ua.dnm aircraft/b777coll.srf user/tf58/b7772hcockpit.srf
user/tf58/b772_baw.dat user/tf58/b772_baw.dnm aircraft/b777coll.srf user/tf58/b7772hcockpit.srf
user/tf58/b7773h_cx.dat user/tf58/b7773h_cx.dnm user/tf58/b7773hcoll.srf user/tf58/b7773hcockpit.srf
user/tf58/b7773h_er_aca.dat user/tf58/b7773h_er_aca.dnm user/tf58/b7773erhcoll.srf user/tf58/b7773erhcockpit.srf
user/tf58/dc10_cdn.dat user/tf58/dc10_cdn.dnm user/tf58/dc10_coll.srf user/tf58/dc10_cockpit.srf
user/tf58/dc10_cpc.dat user/tf58/dc10_cpc.dnm user/tf58/dc10_coll.srf user/tf58/dc10_cockpit.srf
user/tf58/dc10_fdx.dat user/tf58/dc10_fdx.dnm user/tf58/dc10_coll.srf user/tf58/dc10_cockpit.srf
user/tf58/md11_fdx.dat user/tf58/md11_fdx.dnm user/tf58/md11_coll.srf user/tf58/md11_cockpit.srf

user/tf58/avanti.dat user/tf58/avanti.dnm user/tf58/avanti_cl.srf user/tf58/avanti_interior_details.srf
user/tf58/avanti_ami.dat user/tf58/avanti_ami.dnm user/tf58/avanti_cl.srf user/tf58/avanti_interior_details.srf
user/tf58/avanti_ferrari.dat user/tf58/avanti_ferrari.dnm user/tf58/avanti_cl.srf user/tf58/avanti_interior_details.srf
user/tf58/avanti_tf.dat user/tf58/avanti_tf.dnm user/tf58/avanti_cl.srf user/tf58/avanti_interior_details.srf
user/tf58/avanti_tf_nomarks.dat user/tf58/avanti_tf_nomarks.dnm user/tf58/avanti_cl.srf user/tf58/avanti_interior_details.srf
user/tf58/avanti_spirit.dat user/tf58/avanti_spirit.dnm user/tf58/avanti_cl.srf user/tf58/avanti_interior_details.srf

user/tf58/a319aca.dat user/tf58/a319aca.dnm user/tf58/a319col.srf user/tf58/a319cpt.srf
user/tf58/a320aca.dat user/tf58/a320aca.dnm user/tf58/a320col.srf user/tf58/a320cpt.srf
user/tf58/a321aca.dat user/tf58/a321aca.dnm user/tf58/a321col.srf user/tf58/a321cpt.srf
user/tf58/a320aca_sov.dat user/tf58/a320aca_sov.dnm user/tf58/a320col.srf user/tf58/a320cpt.srf
user/tf58/e175aca.dat user/tf58/e175aca.dnm user/tf58/e175col.srf user/tf58/e175cpt.srf
user/tf58/e190aca.dat user/tf58/e190aca.dnm user/tf58/e190col.srf user/tf58/e190cpt.srf
user/tf58/a319ual.dat user/tf58/a319ual.dnm user/tf58/a319col.srf user/tf58/a319cpt.srf
user/tf58/a320ual.dat user/tf58/a320ual.dnm user/tf58/a320col.srf user/tf58/a320cpt.srf
user/tf58/a318mxa.dat user/tf58/a318mxa.dnm user/tf58/a318col.srf user/tf58/a318cpt.srf
user/tf58/a319mxa.dat user/tf58/a319mxa.dnm user/tf58/a319col.srf user/tf58/a319cpt.srf
user/tf58/a320mxa.dat user/tf58/a320mxa.dnm user/tf58/a320col.srf user/tf58/a320cpt.srf
user/tf58/a318afr.dat user/tf58/a318afr.dnm user/tf58/a318col.srf user/tf58/a318cpt.srf
user/tf58/a319afr.dat user/tf58/a319afr.dnm user/tf58/a319col.srf user/tf58/a319cpt.srf
user/tf58/a320afr.dat user/tf58/a320afr.dnm user/tf58/a320col.srf user/tf58/a320cpt.srf
user/tf58/a321afr.dat user/tf58/a321afr.dnm user/tf58/a321col.srf user/tf58/a321cpt.srf
user/tf58/a320hda.dat user/tf58/a320hda.dnm user/tf58/a320col.srf user/tf58/a320cpt.srf
user/tf58/a321hda.dat user/tf58/a321hda.dnm user/tf58/a321col.srf user/tf58/a321cpt.srf
user/tf58/e3a.dat user/tf58/e3a.dnm user/tf58/e3cl.srf user/tf58/707cpt.srf
user/tf58/e3b.dat user/tf58/e3b.dnm user/tf58/e3cl.srf user/tf58/707cpt.srf
user/tf58/e3a_nato.dat user/tf58/e3a_nato.dnm user/tf58/e3cl.srf user/tf58/707cpt.srf
user/tf58/e8c.dat user/tf58/e8c.dnm user/tf58/707cl.srf user/tf58/707cpt.srf
user/tf58/cc137.dat user/tf58/cc137.dnm user/tf58/707cl.srf user/tf58/707cpt.srf
user/tf58/cc137_new.dat user/tf58/cc137_new.dnm user/tf58/707cl.srf user/tf58/707cpt.srf
user/tf58/707_cpa.dat user/tf58/707_cpa.dnm user/tf58/707cl.srf user/tf58/707cpt.srf
user/tf58/707_paa_old.dat user/tf58/707_paa_old.dnm user/tf58/707cl.srf user/tf58/707cpt.srf
user/tf58/707_paa_new.dat user/tf58/707_paa_new.dnm user/tf58/707cl.srf user/tf58/707cpt.srf
user/tf58/707_boac.dat user/tf58/707_boac.dnm user/tf58/707cl.srf user/tf58/707cpt.srf
user/tf58/707_twa.dat user/tf58/707_twa.dnm user/tf58/707cl.srf user/tf58/707cpt.srf

user/tf58/b744cpa.dat user/tf58/b744cpa.dnm user/tf58/b744_rr_coll.srf user/tf58/744_cockpit_h.srf user/tf58/b744cpa_coarse.dnm
user/tf58/b744baw.dat user/tf58/b744baw.dnm user/tf58/b744_rr_coll.srf user/tf58/744_cockpit_h.srf user/tf58/b744baw_coarse.dnm
user/tf58/b744saa.dat user/tf58/b744saa.dnm user/tf58/b744_rr_coll.srf user/tf58/744_cockpit_h.srf user/tf58/b744saa_coarse.dnm
user/tf58/b744qfa.dat user/tf58/b744qfa.dnm user/tf58/b744_rr_coll.srf user/tf58/744_cockpit_h.srf user/tf58/b744qfa_coarse.dnm
user/tf58/b744klm.dat user/tf58/b744klm.dnm user/tf58/b744_cf6_coll.srf user/tf58/744_cockpit_h.srf user/tf58/b744klm_coarse.dnm
user/tf58/b744dlh.dat user/tf58/b744dlh.dnm user/tf58/b744_cf6_coll.srf user/tf58/744_cockpit_h.srf user/tf58/b744dlh_coarse.dnm
user/tf58/b744jal.dat user/tf58/b744jal.dnm user/tf58/b744_cf6_coll.srf user/tf58/744_cockpit_h.srf user/tf58/b744jal_coarse.dnm
user/tf58/b744djal.dat user/tf58/b744djal.dnm user/tf58/b744d_coll.srf user/tf58/744_cockpit_h.srf user/tf58/b744djal_coarse.dnm
user/tf58/b744ual.dat user/tf58/b744ual.dnm user/tf58/b744_pw4062_coll.srf user/tf58/744_cockpit_h.srf user/tf58/b744ual_coarse.dnm
user/tf58/b744cpa_nocdu.dat user/tf58/b744cpa.dnm user/tf58/b744_rr_coll.srf user/tf58/744_cockpit_l.srf user/tf58/b744cpa_coarse.dnm
user/tf58/b744baw_nocdu.dat user/tf58/b744baw.dnm user/tf58/b744_rr_coll.srf user/tf58/744_cockpit_l.srf user/tf58/b744baw_coarse.dnm
user/tf58/b744saa_nocdu.dat user/tf58/b744saa.dnm user/tf58/b744_rr_coll.srf user/tf58/744_cockpit_l.srf user/tf58/b744saa_coarse.dnm
user/tf58/b744qfa_nocdu.dat user/tf58/b744qfa.dnm user/tf58/b744_rr_coll.srf user/tf58/744_cockpit_l.srf user/tf58/b744qfa_coarse.dnm
user/tf58/b744klm_nocdu.dat user/tf58/b744klm.dnm user/tf58/b744_cf6_coll.srf user/tf58/744_cockpit_l.srf user/tf58/b744klm_coarse.dnm
user/tf58/b744dlh_nocdu.dat user/tf58/b744dlh.dnm user/tf58/b744_cf6_coll.srf user/tf58/744_cockpit_l.srf user/tf58/b744dlh_coarse.dnm
user/tf58/b744jal_nocdu.dat user/tf58/b744jal.dnm user/tf58/b744_cf6_coll.srf user/tf58/744_cockpit_l.srf user/tf58/b744jal_coarse.dnm
user/tf58/b744djal_nocdu.dat user/tf58/b744djal.dnm user/tf58/b744d_coll.srf user/tf58/744_cockpit_l.srf user/tf58/b744djal_coarse.dnm
user/tf58/b744ual_nocdu.dat user/tf58/b744ual.dnm user/tf58/b744_pw4062_coll.srf user/tf58/744_cockpit_l.srf user/tf58/b744ual_coarse.dnm
user/tf58/e4b.dat user/tf58/e4b.dnm user/tf58/b742_cf6_coll.srf user/tf58/e4b_cockpit.srf user/tf58/e4b_coarse.dnm

user/tf58/b752w_aal.dat user/tf58/b752w_aal.dnm user/tf58/b752cl.srf user/tf58/b752cpt.srf
user/tf58/b752_hmy.dat user/tf58/b752_hmy.dnm user/tf58/b752cl.srf user/tf58/b752cpt.srf
user/tf58/b752w_dal.dat user/tf58/b752w_dal.dnm user/tf58/b752cl.srf user/tf58/b752cpt.srf
user/tf58/b752w_ice.dat user/tf58/b752w_ice.dnm user/tf58/b752cl.srf user/tf58/b752cpt.srf
user/tf58/b752_fdx.dat user/tf58/b752_fdx.dnm user/tf58/b752cl.srf user/tf58/b752cpt.srf
user/tf58/c32a.dat user/tf58/c32a.dnm user/tf58/b752cl.srf user/tf58/b752cpt.srf

user/tf58/kingair200.dat user/tf58/kingair200.dnm user/tf58/kingair200-coll.srf user/tf58/kingair200-cockpit.srf
user/tf58/c152.dat user/tf58/c152.dnm user/tf58/c152_kz_coll.srf user/tf58/blank.srf
user/tf58/c152_green.dat user/tf58/c152_green.dnm user/tf58/c152_kz_coll.srf user/tf58/blank.srf
user/tf58/c152_flash_blue.dat user/tf58/c152_flash_blue.dnm user/tf58/c152_kz_coll.srf user/tf58/blank.srf
user/tf58/c152_flash_burgandy.dat user/tf58/c152_flash_burgandy.dnm user/tf58/c152_kz_coll.srf user/tf58/blank.srf
user/tf58/c152_vj.dat user/tf58/c152_vj.dnm user/tf58/c152_kz_coll.srf user/tf58/blank.srf
user/tf58/c152_speed.dat user/tf58/c152_speed.dnm user/tf58/c152_kz_coll.srf user/tf58/blank.srf
user/tf58/c152_lakeland.dat user/tf58/c152_lakeland.dnm user/tf58/c152_kz_coll.srf user/tf58/blank.srf
user/tf58/c152_lakeland2.dat user/tf58/c152_lakeland2.dnm user/tf58/c152_kz_coll.srf user/tf58/blank.srf
user/tf58/c172p_cghsj.dat user/tf58/c172p_cghsj.dnm user/tf58/c172cl.srf user/tf58/c172_cockpit_details_cnc3.srf
user/tf58/c172r_stcharles.dat user/tf58/c172r_stcharles.dnm user/tf58/c172cl.srf user/tf58/c172_cockpit_details_kset.srf
user/tf58/c182.dat user/tf58/c182.dnm user/tf58/c182_kz_coll.srf user/tf58/blank.srf
user/tf58/c182_neuage.dat user/tf58/c182_neuage.dnm user/tf58/c182_kz_coll.srf user/tf58/blank.srf
user/tf58/c182_alegrete_blue.dat user/tf58/c182_alegrete_blue.dnm user/tf58/c182_kz_coll.srf user/tf58/blank.srf
user/tf58/c182_alegrete_green.dat user/tf58/c182_alegrete_green.dnm user/tf58/c182_kz_coll.srf user/tf58/blank.srf
user/tf58/c182_alegrete_red.dat user/tf58/c182_alegrete_red.dnm user/tf58/c182_kz_coll.srf user/tf58/blank.srf

user/tf58/cc177.dat user/tf58/cc177.dnm user/tf58/C17coll.srf user/tf58/C17cockpit.srf user/tf58/cc177coarse.dnm
user/tf58/c17_raaf.dat user/tf58/c17_raaf.dnm user/tf58/C17coll.srf user/tf58/C17cockpit.srf user/tf58/c17_raaf_coarse.dnm
user/tf58/c17_raf.dat user/tf58/c17_raf.dnm user/tf58/C17coll.srf user/tf58/C17cockpit.srf user/tf58/c17_raf_coarse.dnm

user/tf58/c130h.dat user/tf58/c130h.dnm user/tf58/c130_coll.srf user/tf58/c130_cockpit.srf
user/tf58/c130j.dat user/tf58/c130j.dnm user/tf58/c130_coll.srf user/tf58/c130j_cockpit.srf
user/tf58/cc130h.dat user/tf58/cc130h.dnm user/tf58/c130_coll.srf user/tf58/c130_cockpit.srf
user/tf58/ac130u.dat user/tf58/ac130u.dnm user/tf58/c130_coll.srf user/tf58/c130_cockpit.srf
user/tf58/hc130h.dat user/tf58/hc130h.dnm user/tf58/c130_coll.srf user/tf58/c130_cockpit.srf
user/tf58/kc130j_vmgr352.dat user/tf58/kc130j_vmgr352.dnm user/tf58/c130_coll.srf user/tf58/c130j_mod_cockpit.srf
user/tf58/kc130j_vmgr352_qb6765.dat user/tf58/kc130j_vmgr352_qb6765.dnm user/tf58/c130_coll.srf user/tf58/c130j_mod_cockpit.srf
user/tf58/l100-30_un.dat user/tf58/l100-30_un.dnm user/tf58/c130h-30_coll.srf user/tf58/l-100-30_cockpit.srf
user/tf58/c130h_israel.dat user/tf58/c130h_israel.dnm user/tf58/c130_coll.srf user/tf58/c130_cockpit.srf
user/tf58/c130h_usaf_934aw.dat user/tf58/c130h_usaf_934aw.dnm user/tf58/c130_coll.srf user/tf58/c130_mod_cockpit.srf
user/tf58/c130j_175wing.dat user/tf58/c130j_175wing.dnm user/tf58/c130_coll.srf user/tf58/c130j_mod_cockpit.srf
user/tf58/hercules_c1.dat user/tf58/hercules_c1.dnm user/tf58/c130_coll.srf user/tf58/c130_cockpit.srf
user/tf58/hercules_c3.dat user/tf58/hercules_c3.dnm user/tf58/c130h-30_coll.srf user/tf58/c130h-30_cockpit.srf
user/tf58/hercules_c4.dat user/tf58/hercules_c4.dnm user/tf58/c130h-30_coll.srf user/tf58/c130j-30_cockpit.srf
user/tf58/hercules_c5.dat user/tf58/hercules_c5.dnm user/tf58/c130_coll.srf user/tf58/c130j_mod_cockpit.srf

user/tf58/ct114_snowbirds.dat      user/tf58/ct114_snowbirds.dnm    user/tf58/ct114_coll.srf user/tf58/blank.srf
user/tf58/ct114_snowbirds_1.dat    user/tf58/ct114_snowbirds_1.dnm    user/tf58/ct114_coll.srf user/tf58/blank.srf
user/tf58/ct114_snowbirds_2.dat    user/tf58/ct114_snowbirds_2.dnm    user/tf58/ct114_coll.srf user/tf58/blank.srf
user/tf58/ct114_snowbirds_3.dat    user/tf58/ct114_snowbirds_3.dnm    user/tf58/ct114_coll.srf user/tf58/blank.srf
user/tf58/ct114_snowbirds_4.dat    user/tf58/ct114_snowbirds_4.dnm    user/tf58/ct114_coll.srf user/tf58/blank.srf
user/tf58/ct114_snowbirds_5.dat    user/tf58/ct114_snowbirds_5.dnm    user/tf58/ct114_coll.srf user/tf58/blank.srf
user/tf58/ct114_snowbirds_6.dat    user/tf58/ct114_snowbirds_6.dnm    user/tf58/ct114_coll.srf user/tf58/blank.srf
user/tf58/ct114_snowbirds_7.dat    user/tf58/ct114_snowbirds_7.dnm    user/tf58/ct114_coll.srf user/tf58/blank.srf
user/tf58/ct114_snowbirds_8.dat    user/tf58/ct114_snowbirds_8.dnm    user/tf58/ct114_coll.srf user/tf58/blank.srf
user/tf58/ct114_snowbirds_9.dat    user/tf58/ct114_snowbirds_9.dnm    user/tf58/ct114_coll.srf user/tf58/blank.srf

user/tf58/eclipse.dat user/tf58/eclipse.dnm aircraft/eclipse_coll.srf user/tf58/eclipse_cockpit.srf

user/tf58/CH149.dat user/tf58/CH149.dnm user/tf58/CH149_coll.srf user/tf58/eh101cck.srf

user/tf58/f14a_iriaf.dat user/tf58/f14aIRIAF.dnm user/tf58/f14coll.srf user/tf58/f14acockpit.srf
user/tf58/F14AST21.dat user/tf58/F14AST21.dnm user/tf58/f14coll.srf user/tf58/f14ast21cockpit.srf
user/tf58/F14AST21-strike.dat user/tf58/F14AST21-strike.dnm user/tf58/f14coll.srf user/tf58/f14ast21cockpit.srf
user/tf58/F14AST21-tarps.dat user/tf58/F14AST21-tarps.dnm user/tf58/f14coll.srf user/tf58/f14ast21cockpit.srf
user/tf58/F14AST21_jasdf.dat user/tf58/F14AST21_jasdf.dnm user/tf58/f14coll.srf user/tf58/f14ast21cockpit.srf

user/tf58/CF-18{TF58-OCP-SC}.dat user/tf58/CF-18{TF58-OCP-SC}.dnm user/tf58/CF-18{TF58-OCP-SC}_coll.srf user/tf58/CF-18{TF58-OCP-SC}_cockpit.srf
user/tf58/CF-18_441Sq{TF58-OCP-SC}.dat user/tf58/CF-18_441Sq{TF58-OCP-SC}.dnm user/tf58/CF-18{TF58-OCP-SC}_coll.srf user/tf58/CF-18{TF58-OCP-SC}_cockpit.srf
user/tf58/CF-18mapleleaf{TF58-OCP-SC}.dat user/tf58/CF-18mapleleaf{TF58-OCP-SC}.dnm user/tf58/CF-18{TF58-OCP-SC}_coll.srf user/tf58/CF-18{TF58-OCP-SC}_cockpit.srf
user/tf58/CF-18B{TF58-OCP-SC}.dat user/tf58/CF-18B{TF58-OCP-SC}.dnm user/tf58/CF-18B{TF58-OCP-SC}_coll.srf user/tf58/CF-18{TF58-OCP-SC}_cockpit.srf
user/tf58/cf18.dat user/tf58/cf18.dnm aircraft/f18coll.srf aircraft/f18cockpit.srf

user/tf58/cf104_1cag.dat user/tf58/cf104_1cag.dnm user/tf58/f104g_coll.srf user/tf58/blank.srf
user/tf58/cf104_417.dat user/tf58/cf104_417.dnm user/tf58/f104g_coll.srf user/tf58/blank.srf
user/tf58/cf104_tiger.dat user/tf58/cf104_tiger.dnm user/tf58/f104g_coll.srf user/tf58/blank.srf
user/tf58/cf104d_aete.dat user/tf58/cf104d_aete.dnm user/tf58/f104d_coll.srf user/tf58/blank.srf
user/tf58/f104a_paf.dat user/tf58/f104a_paf.dnm user/tf58/f104a_ntt_coll.srf user/tf58/blank.srf
user/tf58/f104a_rocaf.dat user/tf58/f104a_rocaf.dnm user/tf58/f104a_ntt_coll.srf user/tf58/blank.srf
user/tf58/f104a_usaf.dat user/tf58/f104a_usaf.dnm user/tf58/f104a_ntt_coll.srf user/tf58/blank.srf
user/tf58/f104c_usaf.dat user/tf58/f104c_usaf.dnm user/tf58/f104a_ntt_coll.srf user/tf58/blank.srf
user/tf58/f104c_usaf_479tfw.dat user/tf58/f104c_usaf_479tfw.dnm user/tf58/f104a_coll.srf user/tf58/blank.srf
user/tf58/f104g_luftwaffe.dat user/tf58/f104g_luftwaffe.dnm user/tf58/f104g_coll.srf user/tf58/blank.srf
user/tf58/rf104g_luftwaffe.dat user/tf58/rf104g_luftwaffe.dnm user/tf58/f104g_coll.srf user/tf58/blank.srf
user/tf58/f104g_luftwaffe_lizard.dat user/tf58/f104g_luftwaffe_lizard.dnm user/tf58/f104g_coll.srf user/tf58/blank.srf
user/tf58/f104g_mfg2.dat user/tf58/f104g_mfg2.dnm user/tf58/f104g_coll.srf user/tf58/blank.srf
user/tf58/rf104g_mfg2.dat user/tf58/rf104g_mfg2.dnm user/tf58/f104g_coll.srf user/tf58/blank.srf
user/tf58/tf104g_mfg2.dat user/tf58/tf104g_mfg2.dnm user/tf58/f104d_coll.srf user/tf58/blank.srf
user/tf58/f104g_olympus.dat user/tf58/f104g_olympus.dnm user/tf58/f104g_coll.srf user/tf58/blank.srf
user/tf58/f104g_rdaf.dat user/tf58/f104g_rdaf.dnm user/tf58/f104g_coll.srf user/tf58/blank.srf
user/tf58/f104g_rnaf.dat user/tf58/f104g_rnaf.dnm user/tf58/f104g_coll.srf user/tf58/blank.srf
user/tf58/f104g_baf_fighterbomber.dat user/tf58/f104g_baf_fighterbomber.dnm user/tf58/f104g_coll.srf user/tf58/blank.srf
user/tf58/f104g_baf_interceptor.dat user/tf58/f104g_baf_interceptor.dnm user/tf58/f104g_ntt_coll.srf user/tf58/blank.srf
user/tf58/f104g_rocaf.dat user/tf58/f104g_rocaf.dnm user/tf58/f104g_coll.srf user/tf58/blank.srf
user/tf58/rf104g_lorop_rocaf.dat user/tf58/rf104g_lorop_rocaf.dnm user/tf58/rf104g_lorop_coll.srf user/tf58/blank.srf
user/tf58/tf104g_rocaf.dat user/tf58/tf104g_rocaf.dnm user/tf58/f104d_coll.srf user/tf58/blank.srf
user/tf58/f104j_204.dat user/tf58/f104j_204.dnm user/tf58/f104g_coll.srf user/tf58/blank.srf
user/tf58/f104j_204_acm79.dat user/tf58/f104j_204_acm79.dnm user/tf58/f104g_ntt_coll.srf user/tf58/blank.srf
user/tf58/f104j_205.dat user/tf58/f104j_205.dnm user/tf58/f104g_coll.srf user/tf58/blank.srf
user/tf58/f104j_205_acm79.dat user/tf58/f104j_205_acm79.dnm user/tf58/f104g_ntt_coll.srf user/tf58/blank.srf
user/tf58/f104j_206.dat user/tf58/f104j_206.dnm user/tf58/f104g_coll.srf user/tf58/blank.srf
user/tf58/f104j_207.dat user/tf58/f104j_207.dnm user/tf58/f104g_coll.srf user/tf58/blank.srf
user/tf58/f104j_207_2tone.dat user/tf58/f104j_207_2tone.dnm user/tf58/f104g_coll.srf user/tf58/blank.srf
user/tf58/f104j_apw.dat user/tf58/f104j_apw.dnm user/tf58/f104g_coll.srf user/tf58/blank.srf
user/tf58/f104j_domo.dat user/tf58/f104j_domo.dnm user/tf58/f104g_coll.srf user/tf58/blank.srf
user/tf58/f104s_asa.dat user/tf58/f104s_asa.dnm user/tf58/f104g_coll.srf user/tf58/blank.srf
user/tf58/f104s_asa_pd.dat user/tf58/f104s_asa_pd.dnm user/tf58/f104g_ntt_coll.srf user/tf58/blank.srf
user/tf58/f104s_asa_strike.dat user/tf58/f104s_asa_strike.dnm user/tf58/f104g_coll.srf user/tf58/blank.srf
user/tf58/f104s_asam.dat user/tf58/f104s_asam.dnm user/tf58/f104g_coll.srf user/tf58/blank.srf
user/tf58/f104s_asam_pd.dat user/tf58/f104s_asam_pd.dnm user/tf58/f104g_ntt_coll.srf user/tf58/blank.srf
user/tf58/jf104a.dat user/tf58/jf104a_52961.dnm user/tf58/f104a_ntt_coll.srf user/tf58/blank.srf
user/tf58/f104g_nasa_early.dat user/tf58/f104g_nasa_early.dnm user/tf58/f104g_ntt_coll.srf user/tf58/blank.srf
user/tf58/f104g_nasa.dat user/tf58/f104g_nasa.dnm user/tf58/f104g_ntt_coll.srf user/tf58/blank.srf
user/tf58/f104g_nasa75.dat user/tf58/f104g_nasa75.dnm user/tf58/f104g_ntt_coll.srf user/tf58/blank.srf
user/tf58/nf104a.dat user/tf58/nf104a.dnm user/tf58/nf104a_coll.srf user/tf58/blank.srf
user/tf58/cf104_starfighters.dat user/tf58/cf104_starfighters.dnm user/tf58/f104g_coll.srf user/tf58/blank.srf
user/tf58/cf104d_starfighters.dat user/tf58/cf104d_starfighters.dnm user/tf58/f104d_coll.srf user/tf58/blank.srf

user/tf58/f86f40_snodgrass.dat user/tf58/f86f40_snodgrass.dnm user/tf58/f86f40cl.srf user/tf58/blank.srf
user/tf58/f86e_4fiw.dat user/tf58/f86e_4fiw.dnm user/tf58/f86cl.srf user/tf58/blank.srf
user/tf58/f86f_51fiw.dat user/tf58/f86f_51fiw.dnm user/tf58/f86cl.srf user/tf58/blank.srf
user/tf58/sabre6_434sq.dat user/tf58/sabre6_434sq.dnm user/tf58/f86cl.srf user/tf58/blank.srf
user/tf58/sabre6_goldenhawks.dat user/tf58/sabre6_goldenhawks.dnm user/tf58/f86cl.srf user/tf58/blank.srf
user/tf58/sabre5_n8686f.dat user/tf58/sabre5_n8686f.dnm user/tf58/f86cl.srf user/tf58/blank.srf

user/tf58/fa20_cfigd.dat user/tf58/fa20_cfigd.dnm user/tf58/fa20cl.srf user/tf58/fa20cpt.srf
user/tf58/hu-25.dat user/tf58/hu-25.dnm user/tf58/fa20cl.srf user/tf58/fa20cpt.srf
user/tf58/fa20_fra.dat user/tf58/fa20_fra.dnm user/tf58/fa20cl.srf user/tf58/fa20cpt.srf

user/tf58/Hawk_T1.dat user/tf58/Hawk_T1.dnm user/tf58/Hawk_T1_coll.srf user/tf58/blank.srf
user/tf58/Hawk_T1_100Sq.dat user/tf58/Hawk_T1_100Sq.dnm user/tf58/Hawk_T1_coll.srf user/tf58/blank.srf
user/tf58/Hawk_T1_208Sq.dat user/tf58/Hawk_T1_208Sq.dnm user/tf58/Hawk_T1_coll.srf user/tf58/blank.srf
user/tf58/Hawk_T1_Red_Arrows.dat user/tf58/Hawk_T1_Red_Arrows.dnm user/tf58/Hawk_T1_coll.srf user/tf58/blank.srf
user/tf58/Hawk_T1_XX195.dat user/tf58/Hawk_T1_XX195.dnm user/tf58/Hawk_T1_coll.srf user/tf58/blank.srf
user/tf58/Hawk_51_Finn_grey.dat user/tf58/Hawk_51_Finn_grey.dnm user/tf58/Hawk_T1_coll.srf user/tf58/blank.srf
user/tf58/CT-155.dat user/tf58/CT-155.dnm user/tf58/ct155_coll.srf user/tf58/blank.srf

user/tf58/hurricane1.dat user/tf58/hurricane1.dnm user/tf58/hurricane_coll.srf user/tf58/blank.srf
user/tf58/hurricane2c.dat user/tf58/hurricane2c.dnm aircraft/hurricane_coll.srf user/tf58/blank.srf
user/tf58/hurricane2c_desert.dat user/tf58/hurricane2c_desert.dnm aircraft/hurricane_coll.srf user/tf58/blank.srf
user/tf58/hurricane2c_night.dat user/tf58/hurricane2c_night.dnm aircraft/hurricane_coll.srf user/tf58/blank.srf
user/tf58/ju88a1_kg51.dat user/tf58/ju88a1_kg51.dnm user/tf58/ju88a1_coll.srf user/tf58/ju88a_cockpit_inside.srf
user/tf58/ju88a4_ef.dat user/tf58/ju88a4_ef.dnm user/tf58/ju88a_coll.srf user/tf58/ju88a_cockpit_inside.srf
user/tf58/ju88a4_dak.dat user/tf58/ju88a4_dak.dnm user/tf58/ju88a_coll.srf user/tf58/ju88a_cockpit_inside.srf
user/tf58/ju88g.dat user/tf58/ju88g.dnm user/tf58/ju88g_coll.srf user/tf58/blank.srf
user/tf58/lancaster.dat user/tf58/lancaster.dnm aircraft/lancaster_coll.srf aircraft/lancaster_cockpit.srf

user/tf58/lgtng_f6_74sq.dat user/tf58/lgtng_f6_74sq.dnm user/tf58/lgtngf6cl.srf user/tf58/blank.srf
user/tf58/lgtng_f6_74sq_zf588.dat user/tf58/lgtng_f6_74sq_zf588.dnm user/tf58/lgtngf6cl.srf user/tf58/blank.srf
user/tf58/lgtng_f6_11sq.dat user/tf58/lgtng_f6_11sq.dnm user/tf58/lgtngf6cl.srf user/tf58/blank.srf
user/tf58/lgtng_f3_56sq.dat user/tf58/lgtng_f3_56sq.dnm user/tf58/lgtngf3cl.srf user/tf58/blank.srf
user/tf58/lgtng_f3_111sq.dat user/tf58/lgtng_f3_111sq.dnm user/tf58/lgtngf3cl.srf user/tf58/blank.srf
user/tf58/lgtng_f3_afds.dat user/tf58/lgtng_f3_afds.dnm user/tf58/lgtngf3cl.srf user/tf58/blank.srf
user/tf58/lgtng_f1_56sq.dat user/tf58/lgtng_f1_56sq.dnm user/tf58/lgtngf1cl.srf user/tf58/blank.srf
user/tf58/lgtng_f1_226ocu.dat user/tf58/lgtng_f1_226ocu.dnm user/tf58/lgtngf1cl.srf user/tf58/blank.srf
user/tf58/lgtng_f1_xg331.dat user/tf58/lgtng_f1_xg331.dnm user/tf58/lgtngf1cl.srf user/tf58/blank.srf
user/tf58/lgtng_f1_teamlotus.dat user/tf58/lgtng_f1_teamlotus.dnm user/tf58/lgtngf1cl.srf user/tf58/blank.srf

user/tf58/mig15_nk.dat user/tf58/mig15_nk.dnm user/tf58/mig15-coll.srf user/tf58/blank.srf
user/tf58/mig15_vvs.dat user/tf58/mig15_vvs.dnm user/tf58/mig15-coll.srf user/tf58/blank.srf
user/tf58/mig15_red5s.dat user/tf58/mig15_red5s.dnm user/tf58/mig15-coll.srf user/tf58/blank.srf
user/tf58/mig21bis.dat user/tf58/mig21bis.dnm user/tf58/mig21_coll.srf user/tf58/mig21cockpit.srf
user/tf58/mig21bis_desert.dat user/tf58/mig21bis_desert.dnm user/tf58/mig21_coll.srf user/tf58/mig21cockpit.srf
user/tf58/MiG21bis_Croatia.dat user/tf58/MiG21bis_Croatia.dnm user/tf58/mig21_coll.srf user/tf58/blank.srf
user/tf58/MiG21bis_Finland-a.dat user/tf58/MiG21bis_Finland-a.dnm user/tf58/mig21_coll.srf user/tf58/blank.srf
user/tf58/MiG21bis_Finland-g.dat user/tf58/MiG21bis_Finland-g.dnm user/tf58/mig21_coll.srf user/tf58/blank.srf
user/tf58/MiG21bis_India1.dat user/tf58/MiG21bis_India1.dnm user/tf58/mig21_coll.srf user/tf58/blank.srf
user/tf58/MiG21bis_India2.dat user/tf58/MiG21bis_India2.dnm user/tf58/mig21_coll.srf user/tf58/blank.srf
user/tf58/MiG21bis_India3.dat user/tf58/MiG21bis_India3.dnm user/tf58/mig21_coll.srf user/tf58/blank.srf
user/tf58/MiG21FL_RedArchers.dat user/tf58/MiG21FL_RedArchers.dnm user/tf58/mig21_coll.srf user/tf58/blank.srf
user/tf58/MiG21bis_Poland.dat user/tf58/MiG21bis_Poland.dnm user/tf58/mig21_coll.srf user/tf58/blank.srf
user/tf58/MiG21MF_Soviet.dat user/tf58/MiG21MF_Soviet.dnm user/tf58/mig21_coll.srf user/tf58/blank.srf
user/tf58/MiG21MF_Syria.dat user/tf58/MiG21MF_Syria.dnm user/tf58/mig21_coll.srf user/tf58/blank.srf
user/tf58/MiG21MF_Iraq.dat user/tf58/MiG21MF_Iraq.dnm user/tf58/mig21_coll.srf user/tf58/blank.srf
user/tf58/MiG21MF_GDR_jato.dat user/tf58/MiG21MF_GDR_jato.dnm user/tf58/mig21_coll.srf user/tf58/blank.srf
user/tf58/MiG21R_Soviet.dat user/tf58/MiG21R_Soviet.dnm user/tf58/mig21_coll.srf user/tf58/blank.srf
user/tf58/MiG21PFM_Egypt.dat user/tf58/MiG21PFM_Egypt.dnm user/tf58/mig21_coll.srf user/tf58/blank.srf
user/tf58/MiG21PFM_VPAF.dat user/tf58/MiG21PFM_VPAF.dnm user/tf58/mig21_coll.srf user/tf58/blank.srf
user/tf58/MiG21PFM_Bulgaria.dat user/tf58/MiG21PFM_Bulgaria.dnm user/tf58/mig21_coll.srf user/tf58/blank.srf
user/tf58/MiG21LancerC_Romanian.dat user/tf58/MiG21LancerC_Romanian.dnm user/tf58/mig21_coll.srf user/tf58/mig21lancer_cockpit.srf
user/tf58/MiG21bis_Kamineko.dat user/tf58/MiG21bis_Kamineko.dnm user/tf58/mig21_coll.srf user/tf58/blank.srf
user/tf58/MiG21_Chiyo.dat user/tf58/MiG21_Chiyo.dnm user/tf58/mig21_coll.srf user/tf58/blank.srf

user/tf58/mirage3cj_101_clean.dat user/tf58/mirage3cj_101_clean.dnm user/tf58/mrg3cl.srf user/tf58/blank.srf
user/tf58/mirage3cj_101_airsup.dat user/tf58/mirage3cj_101_airsup.dnm user/tf58/mrg3cl.srf user/tf58/blank.srf
user/tf58/mirage3cj_101_attack.dat user/tf58/mirage3cj_101_attack.dnm user/tf58/mrg3cl.srf user/tf58/blank.srf
user/tf58/mirage3cj_117_clean.dat user/tf58/mirage3cj_117_clean.dnm user/tf58/mrg3cl.srf user/tf58/blank.srf
user/tf58/mirage3cj_117_airsup.dat user/tf58/mirage3cj_117_airsup.dnm user/tf58/mrg3cl.srf user/tf58/blank.srf
user/tf58/mirage3cj_117_attack.dat user/tf58/mirage3cj_117_attack.dnm user/tf58/mrg3cl.srf user/tf58/blank.srf
user/tf58/mirage3cj_119_clean.dat user/tf58/mirage3cj_119_clean.dnm user/tf58/mrg3cl.srf user/tf58/blank.srf
user/tf58/mirage3cj_119_airsup.dat user/tf58/mirage3cj_119_airsup.dnm user/tf58/mrg3cl.srf user/tf58/blank.srf
user/tf58/mirage3cj_119_attack.dat user/tf58/mirage3cj_119_attack.dnm user/tf58/mrg3cl.srf user/tf58/blank.srf
user/tf58/mirage3cj_camo_101_clean.dat user/tf58/mirage3cj_camo_101_clean.dnm user/tf58/mrg3cl.srf user/tf58/blank.srf
user/tf58/mirage3cj_camo_101_airsup.dat user/tf58/mirage3cj_camo_101_airsup.dnm user/tf58/mrg3cl.srf user/tf58/blank.srf
user/tf58/mirage3cj_camo_253_clean.dat user/tf58/mirage3cj_camo_253_clean.dnm user/tf58/mrg3cl.srf user/tf58/blank.srf
user/tf58/mirage3cj_camo_253_airsup.dat user/tf58/mirage3cj_camo_253_airsup.dnm user/tf58/mrg3cl.srf user/tf58/blank.srf
user/tf58/mirage3cj_camo_yk_101_clean.dat user/tf58/mirage3cj_camo_yk_101_clean.dnm user/tf58/mrg3cl.srf user/tf58/blank.srf
user/tf58/mirage3cj_camo_yk_101_airsup.dat user/tf58/mirage3cj_camo_yk_101_airsup.dnm user/tf58/mrg3cl.srf user/tf58/blank.srf
user/tf58/mirage3cj_253_late.dat user/tf58/mirage3cj_253_late.dnm user/tf58/mrg3cl.srf user/tf58/blank.srf
user/tf58/nesher_113_clean.dat user/tf58/nesher_113_clean.dnm user/tf58/mrg3cl.srf user/tf58/blank.srf
user/tf58/nesher_113_airsup.dat user/tf58/nesher_113_airsup.dnm user/tf58/mrg3cl.srf user/tf58/blank.srf
user/tf58/nesher_144_clean.dat user/tf58/nesher_144_clean.dnm user/tf58/mrg3cl.srf user/tf58/blank.srf
user/tf58/nesher_144_airsup.dat user/tf58/nesher_144_airsup.dnm user/tf58/mrg3cl.srf user/tf58/blank.srf
user/tf58/shahak_66.dat user/tf58/shahak_66.dnm user/tf58/mrg3cl.srf user/tf58/blank.srf
user/tf58/shahak_59.dat user/tf58/shahak_59.dnm user/tf58/mrg3cl.srf user/tf58/blank.srf
user/tf58/nesher_61.dat user/tf58/nesher_61.dnm user/tf58/mrg3cl.srf user/tf58/blank.srf

user/tf58/cheetah_c.dat user/tf58/cheetah_c.dnm user/tf58/cheetahcl.srf user/tf58/blank.srf

user/tf58/rq1.dat user/tf58/rq1.dnm user/tf58/mq1_coll.srf user/tf58/mq1_cockpit.srf

user/tf58/f51d_12fbs_ff736.dat user/tf58/f51d_12fbs_ff736.dnm user/tf58/p51dcoll.srf user/tf58/p51dcockpit.srf
user/tf58/f51d_12fbs_ff943.dat user/tf58/f51d_12fbs_ff943.dnm user/tf58/p51dcoll.srf user/tf58/p51dcockpit.srf
user/tf58/f51d_12fbs_ff392.dat user/tf58/f51d_12fbs_ff392.dnm user/tf58/p51dcoll.srf user/tf58/p51dcockpit.srf
user/tf58/f51d_12fbs_ff459.dat user/tf58/f51d_12fbs_ff459.dnm user/tf58/p51dcoll.srf user/tf58/p51dcockpit.srf
user/tf58/f51d_12fbs_ff995.dat user/tf58/f51d_12fbs_ff995.dnm user/tf58/p51dcoll.srf user/tf58/p51dcockpit.srf
user/tf58/f51d_12fbs_ff740.dat user/tf58/f51d_12fbs_ff740.dnm user/tf58/p51dcoll.srf user/tf58/p51dcockpit.srf
user/tf58/f51d_67fbs_ff000.dat user/tf58/f51d_67fbs_ff000.dnm user/tf58/p51dcoll.srf user/tf58/p51dcockpit.srf
user/tf58/f51d_67fbs_ff833.dat user/tf58/f51d_67fbs_ff833.dnm user/tf58/p51dcoll.srf user/tf58/p51dcockpit.srf
user/tf58/f51d_67fbs_ff742.dat user/tf58/f51d_67fbs_ff742.dnm user/tf58/p51dcoll.srf user/tf58/p51dcockpit.srf
user/tf58/f51d_67fbs_ff565.dat user/tf58/f51d_67fbs_ff565.dnm user/tf58/p51dcoll.srf user/tf58/p51dcockpit.srf
user/tf58/f51d_67fbs_ff728.dat user/tf58/f51d_67fbs_ff728.dnm user/tf58/p51dcoll.srf user/tf58/p51dcockpit.srf
user/tf58/f51d_39fbs_ff888.dat user/tf58/f51d_39fbs_ff888.dnm user/tf58/p51dcoll.srf user/tf58/p51dcockpit.srf
user/tf58/f51d_39fbs_ff627.dat user/tf58/f51d_39fbs_ff627.dnm user/tf58/p51dcoll.srf user/tf58/p51dcockpit.srf
user/tf58/f51d_39fbs_ff268.dat user/tf58/f51d_39fbs_ff268.dnm user/tf58/p51dcoll.srf user/tf58/p51dcockpit.srf
user/tf58/f51d_saaf_2sq_334.dat user/tf58/f51d_saaf_2sq_334.dnm user/tf58/p51dcoll.srf user/tf58/p51dcockpit.srf
user/tf58/f51d_saaf_2sq_387.dat user/tf58/f51d_saaf_2sq_387.dnm user/tf58/p51dcoll.srf user/tf58/p51dcockpit.srf
user/tf58/f51d_saaf_2sq_325.dat user/tf58/f51d_saaf_2sq_325.dnm user/tf58/p51dcoll.srf user/tf58/p51dcockpit.srf
user/tf58/f51d_saaf_2sq_366.dat user/tf58/f51d_saaf_2sq_366.dnm user/tf58/p51dcoll.srf user/tf58/p51dcockpit.srf
user/tf58/f51d_saaf_2sq_326.dat user/tf58/f51d_saaf_2sq_326.dnm user/tf58/p51dcoll.srf user/tf58/p51dcockpit.srf
user/tf58/f51d_saaf_2sq_367.dat user/tf58/f51d_saaf_2sq_367.dnm user/tf58/p51dcoll.srf user/tf58/p51dcockpit.srf
user/tf58/f51d_saaf_2sq_364.dat user/tf58/f51d_saaf_2sq_364.dnm user/tf58/p51dcoll.srf user/tf58/p51dcockpit.srf
user/tf58/f80c_35fbs_ft705.dat user/tf58/f80c_35fbs_ft705.dnm user/tf58/f80coll.srf user/tf58/blank.srf
user/tf58/f80c_35fbs_ft667.dat user/tf58/f80c_35fbs_ft667.dnm user/tf58/f80coll.srf user/tf58/blank.srf
user/tf58/f80c_35fbs_ft495.dat user/tf58/f80c_35fbs_ft495.dnm user/tf58/f80coll.srf user/tf58/blank.srf
user/tf58/f80c_36fbs_ft704.dat user/tf58/f80c_36fbs_ft704.dnm user/tf58/f80coll.srf user/tf58/blank.srf
user/tf58/f80c_36fbs_ft726.dat user/tf58/f80c_36fbs_ft726.dnm user/tf58/f80coll.srf user/tf58/blank.srf
user/tf58/f80c_36fbs_ft748.dat user/tf58/f80c_36fbs_ft748.dnm user/tf58/f80coll.srf user/tf58/blank.srf
user/tf58/f80c_36fbs_ft547.dat user/tf58/f80c_36fbs_ft547.dnm user/tf58/f80coll.srf user/tf58/blank.srf
user/tf58/f80c_36fbs_ft689.dat user/tf58/f80c_36fbs_ft689.dnm user/tf58/f80coll.srf user/tf58/blank.srf
user/tf58/f80c_36fbs_ft876.dat user/tf58/f80c_36fbs_ft876.dnm user/tf58/f80coll.srf user/tf58/blank.srf
user/tf58/f80c_36fbs_ft873.dat user/tf58/f80c_36fbs_ft873.dnm user/tf58/f80coll.srf user/tf58/blank.srf
user/tf58/f80c_80fbs_ft708.dat user/tf58/f80c_80fbs_ft708.dnm user/tf58/f80coll.srf user/tf58/blank.srf
user/tf58/f80c_80fbs_ft677.dat user/tf58/f80c_80fbs_ft677.dnm user/tf58/f80coll.srf user/tf58/blank.srf
user/tf58/f80c_80fbs_ft538.dat user/tf58/f80c_80fbs_ft538.dnm user/tf58/f80coll.srf user/tf58/blank.srf
user/tf58/f80c_80fbs_ft660.dat user/tf58/f80c_80fbs_ft660.dnm user/tf58/f80coll.srf user/tf58/blank.srf
user/tf58/f80c_80fbs_ft685.dat user/tf58/f80c_80fbs_ft685.dnm user/tf58/f80coll.srf user/tf58/blank.srf
user/tf58/f80c_80fbs_ft765.dat user/tf58/f80c_80fbs_ft765.dnm user/tf58/f80coll.srf user/tf58/blank.srf
user/tf58/f80c_80fbs_ft656.dat user/tf58/f80c_80fbs_ft656.dnm user/tf58/f80coll.srf user/tf58/blank.srf

user/tf58/SD_SU-27.dat user/tf58/SD_SU-27.dnm user/tf58/SD_SU-27_coll.srf user/tf58/blank.srf
user/tf58/SD_SU-33.dat user/tf58/SD_SU-33.dnm user/tf58/SD_SU-33_coll.srf user/tf58/blank.srf
user/tf58/SD_A-10.dat user/tf58/SD_A-10.dnm user/tf58/SD_A-10_coll.srf user/tf58/blank.srf

user/tf58/m3a1_ht.dat user/tf58/m3a1_ht.dnm user/tf58/m3a1_ht_coll.srf user/tf58/blank.srf
user/tf58/m16mgmc.dat user/tf58/m16mgmc.dnm user/tf58/m3a1_ht_coll.srf user/tf58/blank.srf
user/tf58/m4a1.dat user/tf58/m4a1.dnm user/tf58/m4a3_coll.srf user/tf58/blank.srf
user/tf58/m4a3.dat user/tf58/m4a3.dnm user/tf58/m4a3_coll.srf user/tf58/blank.srf
user/tf58/sherman_v.dat user/tf58/sherman_v.dnm user/tf58/m4_coll.srf user/tf58/blank.srf
user/tf58/sherman_vc_firefly.dat user/tf58/sherman_vc_firefly.dnm user/tf58/m4_coll.srf user/tf58/blank.srf
user/tf58/m4a3e8.dat user/tf58/m4a3e8.dnm user/tf58/m4a3_coll.srf user/tf58/blank.srf
user/tf58/m51.dat user/tf58/m51.dnm user/tf58/m4a3_coll.srf user/tf58/blank.srf
user/tf58/panzer_iii_h.dat user/tf58/panzer_iii_h_grey.dnm user/tf58/panzer3cl.srf user/tf58/blank.srf
user/tf58/panzer_iii_h_dak.dat user/tf58/panzer_iii_h.dnm user/tf58/panzer3cl.srf user/tf58/blank.srf
user/tf58/panzer_iii_l.dat user/tf58/panzer_iii_l_grey.dnm user/tf58/panzer3cl.srf user/tf58/blank.srf
user/tf58/panzer_iii_l_dak.dat user/tf58/panzer_iii_l.dnm user/tf58/panzer3cl.srf user/tf58/blank.srf
user/tf58/stug3g.dat user/tf58/stug3g.dnm user/tf58/stug3cl.srf user/tf58/blank.srf
user/tf58/panther_g.dat user/tf58/panther_g_camo1.dnm user/tf58/panthercl.srf user/tf58/blank.srf user/tf58/panther_g_coarse.dnm
user/tf58/jagdpanther.dat user/tf58/jagdpanther.dnm user/tf58/jagdpanthercl.srf

user/tf58/firetruck.dat user/tf58/firetruck.dnm user/tf58/firetruck_coll.srf user/tf58/firetruck_cockpit.srf
