eee_ys/aircraft/a2194.dat eee_ys/aircraft/a2194.dnm eee_ys/aircraft/a2194coll.srf eee_ys/aircraft/a2194cock.srf eee_ys/aircraft/a2194coar.dnm
eee_ys/aircraft/arf03a.dat eee_ys/aircraft/arf03a.dnm eee_ys/aircraft/arf03coll.srf eee_ys/aircraft/arf03acock.srf eee_ys/aircraft/arf03acoar.dnm
eee_ys/aircraft/arf03c.dat eee_ys/aircraft/arf03c.dnm eee_ys/aircraft/arf03coll.srf eee_ys/aircraft/arf03ccock.srf eee_ys/aircraft/arf03ccoar.dnm
eee_ys/aircraft/wk_ss1.dat eee_ys/aircraft/wk_ss1.dnm eee_ys/aircraft/wkcoll.srf eee_ys/aircraft/wkcock.srf
eee_ys/aircraft/gflyer.dat eee_ys/aircraft/gflyer.dnm eee_ys/aircraft/gfcoll.srf eee_ys/aircraft/gfcock.srf
eee_ys/aircraft/bd10.dat eee_ys/aircraft/bd10.dnm eee_ys/aircraft/bd10coll.srf eee_ys/aircraft/bd10cockpit.srf
eee_ys/aircraft/leopard.dat eee_ys/aircraft/leopard.dnm eee_ys/aircraft/leocoll.srf eee_ys/aircraft/leocockpit.srf
eee_ys/aircraft/s21.dat eee_ys/aircraft/s21.dnm eee_ys/aircraft/s21coll.srf eee_ys/aircraft/s21cock.srf
eee_ys/aircraft/m50.dat eee_ys/aircraft/m50.dnm eee_ys/aircraft/m50coll.srf eee_ys/aircraft/m50cock.srf eee_ys/aircraft/m50coar.dnm
eee_ys/aircraft/m52.dat eee_ys/aircraft/m52.dnm eee_ys/aircraft/m52coll.srf eee_ys/aircraft/m50cock.srf eee_ys/aircraft/m52coar.dnm
eee_ys/aircraft/j22b.dat eee_ys/aircraft/j22b.dnm eee_ys/aircraft/j22coll.srf eee_ys/aircraft/j22cock.srf eee_ys/aircraft/j22bcoar.dnm
eee_ys/aircraft/iar93b.dat eee_ys/aircraft/iar93b.dnm eee_ys/aircraft/j22coll.srf eee_ys/aircraft/j22cock.srf eee_ys/aircraft/iar93bcoar.dnm
eee_ys/aircraft/x02is.dat eee_ys/aircraft/x02is.dnm eee_ys/aircraft/x02coll.srf eee_ys/aircraft/x02cock.srf eee_ys/aircraft/x02iscoar.dnm
eee_ys/aircraft/x02er.dat eee_ys/aircraft/x02er.dnm eee_ys/aircraft/x02coll.srf eee_ys/aircraft/x02cock.srf eee_ys/aircraft/x02ercoar.dnm
eee_ys/aircraft/x02sp.dat eee_ys/aircraft/x02sp.dnm eee_ys/aircraft/x02coll.srf eee_ys/aircraft/x02cock.srf eee_ys/aircraft/x02spcoar.dnm
eee_ys/aircraft/adf01os.dat eee_ys/aircraft/adf01os.dnm eee_ys/aircraft/adf01coll.srf eee_ys/aircraft/adf01cock.srf eee_ys/aircraft/adf01oscoar.dnm
eee_ys/aircraft/adf01rz.dat eee_ys/aircraft/adf01rz.dnm eee_ys/aircraft/adf01coll.srf eee_ys/aircraft/adf01cock.srf eee_ys/aircraft/adf01rzcoar.dnm
eee_ys/aircraft/adf01sp.dat eee_ys/aircraft/adf01sp.dnm eee_ys/aircraft/adf01coll.srf eee_ys/aircraft/adf01cock.srf eee_ys/aircraft/adf01spcoar.dnm
eee_ys/aircraft/xfa27sc.dat eee_ys/aircraft/xfa27sc.dnm eee_ys/aircraft/xfa27coll.srf eee_ys/aircraft/xfa27cock.srf eee_ys/aircraft/xfa27sccoar.dnm
eee_ys/aircraft/xfa27au.dat eee_ys/aircraft/xfa27au.dnm eee_ys/aircraft/xfa27coll.srf eee_ys/aircraft/xfa27cock.srf eee_ys/aircraft/xfa27aucoar.dnm
eee_ys/aircraft/xfa36gr.dat eee_ys/aircraft/xfa36gr.dnm eee_ys/aircraft/xfa36coll.srf eee_ys/aircraft/xfa36cock.srf eee_ys/aircraft/xfa36grcoar.dnm
eee_ys/aircraft/xfa36ob.dat eee_ys/aircraft/xfa36ob.dnm eee_ys/aircraft/xfa36coll.srf eee_ys/aircraft/xfa36cock.srf eee_ys/aircraft/xfa36obcoar.dnm
eee_ys/aircraft/astrdb.dat eee_ys/aircraft/astrdb.dnm eee_ys/aircraft/astcoll.srf eee_ys/aircraft/astrdcockpit.srf eee_ys/aircraft/astrdbcoarse.dnm
eee_ys/aircraft/astrdg.dat eee_ys/aircraft/astrdg.dnm eee_ys/aircraft/astcoll.srf eee_ys/aircraft/astrdcockpit.srf eee_ys/aircraft/astrdgcoarse.dnm
eee_ys/aircraft/astrc.dat eee_ys/aircraft/astrc.dnm eee_ys/aircraft/astcoll.srf eee_ys/aircraft/astrccockpit.srf eee_ys/aircraft/astrccoarse.dnm
