Ground
user/fufanl/ardenne/ground/erebus.dat user/fufanl/ardenne/ground/erebus.srf user/fufanl/ardenne/ground/erebus.srf
user/fufanl/ardenne/ground/lord_clive.dat user/fufanl/ardenne/ground/lord_clive.srf user/fufanl/ardenne/ground/lord_clive.srf
user/fufanl/ardenne/ground/hangar_c.dat user/fufanl/ardenne/ground/hangar_c.srf user/fufanl/ardenne/ground/hangar_c.srf
user/fufanl/ardenne/ground/hangar_l.dat user/fufanl/ardenne/ground/hangar_l.srf user/fufanl/ardenne/ground/hangar_l.srf
user/fufanl/ardenne/ground/hangar_la.dat user/fufanl/ardenne/ground/hangar_la.srf user/fufanl/ardenne/ground/hangar_la.srf
user/fufanl/ardenne/ground/hangar_v.dat user/fufanl/ardenne/ground/hangar_v.srf user/fufanl/ardenne/ground/hangar_v.srf
user/fufanl/ardenne/ground/hangar_1.dat user/fufanl/ardenne/ground/hangar_1.srf user/fufanl/ardenne/ground/hangar_1.srf
user/fufanl/ardenne/ground/hangar3.dat user/fufanl/ardenne/ground/hangar3.srf user/fufanl/ardenne/ground/hangar3.srf
user/fufanl/ardenne/ground/hangar_lab.dat user/fufanl/ardenne/ground/hangar_lab.srf user/fufanl/ardenne/ground/hangar_lab.srf
user/fufanl/ardenne/ground/hummel.dat user/fufanl/ardenne/ground/hummel.srf user/fufanl/ardenne/ground/hummel.srf
user/fufanl/ardenne/ground/jgpz4_h.dat user/fufanl/ardenne/ground/jgpz4_h.srf user/fufanl/ardenne/ground/jgpz4_h.srf
user/fufanl/ardenne/ground/mobelwagen37.dat user/fufanl/ardenne/ground/mobelwagen37.srf user/fufanl/ardenne/ground/mobelwagen37.srf
user/fufanl/ardenne/ground/mosquito.dat user/fufanl/ardenne/ground/mosquito.srf user/fufanl/ardenne/ground/mosquito_coll.srf
user/fufanl/ardenne/ground/ostwind.dat user/fufanl/ardenne/ground/ostwind.srf user/fufanl/ardenne/ground/ostwind.srf
user/fufanl/ardenne/ground/panther.dat user/fufanl/ardenne/ground/panther.srf user/fufanl/ardenne/ground/panther.srf
user/fufanl/ardenne/ground/sdkfz251b.dat user/fufanl/ardenne/ground/sdkfz251b.srf user/fufanl/ardenne/ground/sdkfz251b.srf
user/fufanl/ardenne/ground/taniche.dat user/fufanl/ardenne/ground/taniche.srf user/fufanl/ardenne/ground/taniche.srf
user/fufanl/ardenne/ground/taniche1.dat user/fufanl/ardenne/ground/taniche1.srf user/fufanl/ardenne/ground/taniche1.srf
user/fufanl/ardenne/ground/tenda.dat user/fufanl/ardenne/ground/tenda.srf user/fufanl/ardenne/ground/tenda.srf
user/fufanl/ardenne/ground/tenda1.dat user/fufanl/ardenne/ground/tenda1.srf user/fufanl/ardenne/ground/tenda1.srf
user/fufanl/ardenne/ground/tenda2.dat user/fufanl/ardenne/ground/tenda2.srf user/fufanl/ardenne/ground/tenda2.srf
user/fufanl/ardenne/ground/tiger1.dat user/fufanl/ardenne/ground/tiger1.srf user/fufanl/ardenne/ground/tiger1.srf
user/fufanl/ardenne/ground/tiger2.dat user/fufanl/ardenne/ground/tiger2.srf user/fufanl/ardenne/ground/tiger2.srf
user/fufanl/ardenne/ground/tower_d1.dat user/fufanl/ardenne/ground/tower_d1.srf user/fufanl/ardenne/ground/tower_d1.srf
user/fufanl/ardenne/ground/typhoon.dat user/fufanl/ardenne/ground/typhoon.srf user/fufanl/ardenne/ground/typhoon_coll.srf
user/fufanl/ardenne/ground/flak88.dat user/fufanl/ardenne/ground/flak88.srf user/fufanl/ardenne/ground/flak88.srf
user/fufanl/ardenne/ground/flak88_sh.dat user/fufanl/ardenne/ground/flak88_sh.srf user/fufanl/ardenne/ground/flak88_sh.srf
user/fufanl/ardenne/ground/flak88_weel.dat user/fufanl/ardenne/ground/flak88_weel.srf user/fufanl/ardenne/ground/flak88_weel.srf
user/fufanl/ardenne/ground/km_sdkfz7.dat user/fufanl/ardenne/ground/km_sdkfz7.srf user/fufanl/ardenne/ground/km_sdkfz7.srf
user/fufanl/ardenne/ground/tower_al1.dat user/fufanl/ardenne/ground/tower_al1.srf user/fufanl/ardenne/ground/tower_al1.srf


Scenery
ARDENNE User/fufanl/ardenne/ard.fld User/fufanl/ardenne/ard.stp User/fufanl/ardenne/ard.yfs 
