Ground
user/fufanl/stalingrad/ground/bridge.dat user/fufanl/stalingrad/ground/bridge.srf user/fufanl/stalingrad/ground/bridge.srf
user/fufanl/stalingrad/ground/hangar3.dat user/fufanl/stalingrad/ground/hangar3.srf user/fufanl/stalingrad/ground/hangar3.srf
user/fufanl/stalingrad/ground/hangar4.dat user/fufanl/stalingrad/ground/hangar4.srf user/fufanl/stalingrad/ground/hangar4.srf
user/fufanl/stalingrad/ground/hangar9.dat user/fufanl/stalingrad/ground/hangar9.srf user/fufanl/stalingrad/ground/hangar9.srf
user/fufanl/stalingrad/ground/hangarferr.dat user/fufanl/stalingrad/ground/hangarferr.srf user/fufanl/stalingrad/ground/hangarferr.srf
user/fufanl/stalingrad/ground/hanger.dat user/fufanl/stalingrad/ground/hanger.srf user/fufanl/stalingrad/ground/hanger.srf
user/fufanl/stalingrad/ground/hummel.dat user/fufanl/stalingrad/ground/hummel.srf user/fufanl/stalingrad/ground/hummel.srf
user/fufanl/stalingrad/ground/jagdpanther.dat user/fufanl/stalingrad/ground/jagdpanther.srf user/fufanl/stalingrad/ground/jagdpanther.srf
user/fufanl/stalingrad/ground/ju88.dat user/fufanl/stalingrad/ground/ju88.srf user/fufanl/stalingrad/ground/ju88.srf
user/fufanl/stalingrad/ground/karl_gustav.dat user/fufanl/stalingrad/ground/karl_gustav.srf user/fufanl/stalingrad/ground/karl_gustav.srf
user/fufanl/stalingrad/ground/karl_morser.dat user/fufanl/stalingrad/ground/karl_morser.srf user/fufanl/stalingrad/ground/karl_morser.srf
user/fufanl/stalingrad/ground/oiltank.dat user/fufanl/stalingrad/ground/oiltank.srf user/fufanl/stalingrad/ground/oiltank.srf
user/fufanl/stalingrad/ground/oiltank2.dat user/fufanl/stalingrad/ground/oiltank2.srf user/fufanl/stalingrad/ground/oiltank2.srf
user/fufanl/stalingrad/ground/panther.dat user/fufanl/stalingrad/ground/panther.srf user/fufanl/stalingrad/ground/panther.srf
user/fufanl/stalingrad/ground/ponteferro1.dat user/fufanl/stalingrad/ground/ponteferro1.srf user/fufanl/stalingrad/ground/ponteferro1.srf
user/fufanl/stalingrad/ground/pz4.dat user/fufanl/stalingrad/ground/pz4.srf user/fufanl/stalingrad/ground/pz4.srf
user/fufanl/stalingrad/ground/sturmmorser.dat user/fufanl/stalingrad/ground/sturmmorser.srf user/fufanl/stalingrad/ground/sturmmorser.srf
user/fufanl/stalingrad/ground/tiger1.dat user/fufanl/stalingrad/ground/tiger1.srf user/fufanl/stalingrad/ground/tiger1.srf
user/fufanl/stalingrad/ground/torreww1.dat user/fufanl/stalingrad/ground/torreww1.srf user/fufanl/stalingrad/ground/torreww1.srf
user/fufanl/stalingrad/ground/wirbelwind.dat user/fufanl/stalingrad/ground/wirbelwind.srf user/fufanl/stalingrad/ground/wirbelwind.srf
user/fufanl/stalingrad/ground/triebwagen.dat user/fufanl/stalingrad/ground/triebwagen.srf user/fufanl/stalingrad/ground/triebwagen.srf
user/fufanl/stalingrad/ground/ostwind.dat user/fufanl/stalingrad/ground/ostwind.srf user/fufanl/stalingrad/ground/ostwind.srf


Scenery
STALINGRAD User/fufanl/stalingrad/stalin.fld User/fufanl/stalingrad/stalin.stp User/fufanl/stalingrad/stalin.yfs












 
