user/neocon/hummer/hmv.dat user/neocon/hummer/hmv.dnm user/neocon/hummer/hmvcl.srf user/neocon/hummer/hmvcpt.srf
user/neocon/hummer/hmvf.dat user/neocon/hummer/hmvf.dnm user/neocon/hummer/hmvcl.srf user/neocon/hummer/hmvcpt.srf
user/neocon/hummer/hmvd.dat user/neocon/hummer/hmvd.dnm user/neocon/hummer/hmvcl.srf user/neocon/hummer/hmvcpt.srf
user/neocon/hummer/hmve.dat user/neocon/hummer/hmve.dnm user/neocon/hummer/hmvcl.srf user/neocon/hummer/hmvcpt.srf
user/neocon/hummer/hmvb.dat user/neocon/hummer/hmvb.dnm user/neocon/hummer/hmvcl.srf user/neocon/hummer/hmvcpt.srf
user/neocon/hummer/hmvc.dat user/neocon/hummer/hmvc.dnm user/neocon/hummer/hmvcl.srf user/neocon/hummer/hmvcpt.srf
user/neocon/hummer/hmvg.dat user/neocon/hummer/hmvg.dnm user/neocon/hummer/hmvcl.srf user/neocon/hummer/hmvcpt.srf
user/neocon/hummer/hmvh.dat user/neocon/hummer/hmvh.dnm user/neocon/hummer/hmvcl.srf user/neocon/hummer/hmvcpt.srf
user/neocon/hummer/hmvi.dat user/neocon/hummer/hmvi.dnm user/neocon/hummer/hmvcl.srf user/neocon/hummer/hmvcpt.srf
user/neocon/hummer/hmvj.dat user/neocon/hummer/hmvj.dnm user/neocon/hummer/hmvcl.srf user/neocon/hummer/hmvcpt.srf