
User/cep/cep_2/a18c.dat User/cep/cep_2/a18c.dnm aircraft/f18coll.srf User/cep/cep_2/f18acockpit.srf 
User/cep/cep_2/av8b.dat User/cep/cep_2/av8b.dnm User/cep/cep_2/av8bcoll.srf User/cep/cep_2/av8bcockpit.srf 
User/cep/cep_2/av8b+.dat User/cep/cep_2/av8b+.dnm User/cep/cep_2/av8bcoll.srf User/cep/cep_2/av8bcockpit.srf 
User/cep/cep_2/f15e.dat User/cep/cep_2/f15e.dnm aircraft/f15coll.srf User/cep/cep_2/f15_eafccockpit.srf
User/cep/cep_2/f16cg.dat User/cep/cep_2/f16cg.dnm aircraft/f16coll.srf User/cep/cep_2/f16ccockpit.srf 
User/cep/cep_2/f16cw.dat User/cep/cep_2/f16cw.dnm aircraft/f16coll.srf User/cep/cep_2/f16ccockpit.srf 
User/cep/cep_2/f18e-r.dat User/cep/cep_2/f18e-r.dnm aircraft/f18coll.srf User/cep/cep_2/f18e-rcockpit.srf 
User/cep/cep_2/f4g.dat User/cep/cep_2/f4g.dnm aircraft/f4coll.srf User/cep/cep_2/f4ejcockpit.srf 
User/cep/cep_2/f4dcom.dat User/cep/cep_2/f4dcom.dnm aircraft/f4coll.srf User/cep/cep_2/f4ejcockpit.srf 
User/cep/cep_2/mig21i.dat User/cep/cep_2/mig21i.dnm User/cep/cep_2/mig21icoll.srf User/cep/cep_2/mig21icockpit.srf 
User/cep/cep_2/mig29k.dat User/cep/cep_2/mig29k.dnm User/cep/cep_2/mig29kcoll.srf User/cep/cep_2/mig29kcockpit.srf
User/cep/cep_2/su33.dat User/cep/cep_2/su33.dnm aircraft/su27coll.srf User/cep/cep_2/su30cockpit.srf User/cep/cep_2/su33coarse.dnm
User/cep/cep_2/YF-23GG.dat User/cep/cep_2/YF-23GG.dnm User/cep/cep_2/YF-23GGcoll.srf User/cep/cep_2/YF-23GGcockpit.srf User/cep/cep_2/YF-23GGcoarse.dnm
User/cep/cep_2/c-1.dat User/cep/cep_2/c-1.dnm User/cep/cep_2/c-1coll.srf User/cep/cep_2/c-1cockpit.srf
User/cep/cep_2/su27p.dat User/cep/cep_2/su27p.dnm aircraft/su27coll.srf User/cep/cep_2/su30cockpit.srf User/cep/cep_2/su27pcoarse.dnm
User/cep/cep_2/e3a_jt3d.dat User/cep/cep_2/e3a.dnm User/cep/cep_2/e3acoll.srf User/cep/cep_2/e3acockpit.srf 
User/cep/cep_2/b707_jt3.dat User/cep/cep_2/b707h.dnm User/cep/cep_2/b707coll.srf User/cep/cep_2/b707cockpit.srf
User/cep/cep_2/viggen.dat User/cep/cep_2/viggen.dnm User/cep/cep_2/viggen_coll.srf User/cep/cep_2/viggen_cockpit.srf  User/cep/cep_2/viggen_coarse.dnm 
User/cep/cep_2/f11dynmx.dat User/cep/cep_2/f11mnmdl.dnm User/cep/cep_2/f11coll.srf User/cep/cep_2/f11vrcpt.srf
User/cep/cep_2/ys11.dat  User/cep/cep_2/ys11.dnm  aircraft/ys11coll.srf  User/cep/cep_2/ys11cockpit.srf
User/cep/cep_2/t-4mc.dat User/cep/cep_2/t-4mc.dnm User/cep/cep_2/t4mccoll.srf User/cep/cep_2/t4mcockpit.srf
User/cep/cep_2/j32dynmx.dat User/cep/cep_2/j32mnmdl.dnm User/cep/cep_2/j32coll.srf User/cep/cep_2/j32vrcpt.srf
User/cep/cep_2/f18angels.dat User/cep/cep_2/f18angels.dnm aircraft/f18coll.srf User/cep/cep_2/f18acockpit.srf 
User/cep/cep_2/voyager.dat User/cep/cep_2/voyager.dnm User/cep/cep_2/voycoll.srf User/cep/cep_2/voycockpit.srf
User/cep/cep_2/mystere.dat User/cep/cep_2/mystere.dnm User/cep/cep_2/mystere_coll.srf User/cep/cep_2/mystere_cockpit.srf 
User/cep/cep_2/proteus.dat User/cep/cep_2/proteus.dnm User/cep/cep_2/procoll.srf User/cep/cep_2/procockpit.srf
User/cep/cep_2/mig19dynmx.dat User/cep/cep_2/mig19mnmdl.dnm User/cep/cep_2/mig19coll.srf User/cep/cep_2/mig19vrcpt.srf
User/cep/cep_2/f86f.dat User/cep/cep_2/f86f.dnm User/cep/cep_2/f86coll.srf User/cep/cep_2/f86fcockpit.srf
User/cep/cep_2/MIG17.dat User/cep/cep_2/MIG17F.dnm User/cep/cep_2/mig17coll.srf User/cep/cep_2/mig17cockpit.srf
User/cep/cep_2/kc10.dat User/cep/cep_2/kc10.dnm User/cep/cep_2/dccoll.srf User/cep/cep_2/dc_cockpit.srf
User/cep/cep_2/global_hawk.dat User/cep/cep_2/global_hawk.dnm User/cep/cep_2/global_hawk_coll.srf User/cep/cep_2/glob_null.srf
User/cep/cep_2/mrg3e.dat User/cep/cep_2/mrg3e.dnm User/cep/cep_2/mrg3ecoll.srf User/cep/cep_2/mrg3ecockpit.srf
User/cep/cep_2/yak38.dat User/cep/cep_2/yak38.dnm User/cep/cep_2/yak38coll.srf User/cep/cep_2/yak38cockpit.srf
User/cep/cep_2/f35b.dat User/cep/cep_2/f35b.dnm User/cep/cep_2/f35bcoll.srf User/cep/cep_2/f35bcockpit.srf
User/cep/cep_2/c19.dat User/cep/cep_2/c19.dnm User/cep/cep_2/c19.srf User/cep/cep_2/c19_cp.srf
User/cep/cep_2/f14b.dat User/cep/cep_2/f14b.dnm aircraft/f14coll.srf User/cep/cep_1/f14acockpit.srf 
User/cep/cep_2/f100d.dat User/cep/cep_2/f100d.dnm User/cep/cep_2/f100d_coll.srf User/cep/cep_2/f100d_cockpit.srf
User/cep/cep_2/rafale_m.dat User/cep/cep_2/rafale_m.dnm User/cep/cep_2/rafale_mcoll.srf User/cep/cep_2/rafale_mcockpit.srf User/cep/cep_2/rafale_mcoarse.dnm
User/cep/cep_2/su21.dat User/cep/cep_2/su21.dnm User/cep/cep_2/su21coll.srf User/cep/cep_2/su21cockpit.srf User/cep/cep_2/su21_coarse.dnm
User/cep/cep_2/su21(cmg).dat User/cep/cep_2/su21(cmg).dnm User/cep/cep_2/su21coll.srf User/cep/cep_2/su21cockpit.srf User/cep/cep_2/cmg_coarse.dnm
User/cep/cep_2/p3c.dat User/cep/cep_2/p3c.dnm User/cep/cep_2/p3ccoll.srf User/cep/cep_2/p3ccockpit.srf
User/cep/cep_2/p3c_jmsdf.dat User/cep/cep_2/p3c_jmsdf.dnm User/cep/cep_2/p3ccoll.srf User/cep/cep_2/p3ccockpit.srf
User/cep/cep_2/p-3c_jmsdf_l_r.dat User/cep/cep_2/p-3c_jmsdf_l_r.dnm User/cep/cep_2/p3ccoll.srf User/cep/cep_2/p3ccockpit.srf
User/cep/cep_2/up-3c_jmsdf_rt.dat User/cep/cep_2/up-3c_jmsdf_rt.dnm User/cep/cep_2/p3ccoll.srf User/cep/cep_2/p3ccockpit.srf
User/cep/cep_2/up-3d_jmsdf.dat User/cep/cep_2/up-3d_jmsdf.dnm User/cep/cep_2/p3ccoll.srf User/cep/cep_2/p3ccockpit.srf
User/cep/cep_2/op-3c_jmsdf_l.dat User/cep/cep_2/op-3c_jmsdf_l.dnm User/cep/cep_2/p3ccoll.srf User/cep/cep_2/p3ccockpit.srf
User/cep/cep_2/ep-3_jmsdf_l.dat User/cep/cep_2/ep-3_jmsdf_l.dnm User/cep/cep_2/p3ccoll.srf User/cep/cep_2/p3ccockpit.srf
User/cep/cep_2/tornado.dat User/cep/cep_2/tornado.dnm aircraft/tornadocoll.srf User/cep/cep_2/tornadocockpit.srf User/cep/cep_2/tornadocoarse.dnm
User/cep/cep_2/f104J.dat  User/cep/cep_2/f104J.dnm  User/cep/cep_2/f104_coll.srf  User/cep/cep_2/f104_cockpit.srf  User/cep/cep_2/f104_coarse.srf
User/cep/cep_2/Mig27D.dat User/cep/cep_2/Mig27.dnm User/cep/cep_2/Mig27coll.srf User/cep/cep_2/Mig27cockpit.srf User/cep/cep_2/Mig27coarse.dnm 
User/cep/cep_2/f4sf.dat User/cep/cep_2/f4sf.dnm aircraft/f4coll.srf User/cep/cep_2/f4ejcockpit.srf 
User/cep/cep_2/f4sf2.dat User/cep/cep_2/f4sf2.dnm aircraft/f4coll.srf User/cep/cep_2/f4ejcockpit.srf
User/cep/cep_2/mrg_f1.dat User/cep/cep_2/mrg_f1.dnm User/cep/cep_2/mrg_f1coll.srf User/cep/cep_2/mrg_f1cockpit.srf User/cep/cep_2/mrg_f1coarse.dnm
User/cep/cep_2/mrg_f1(cmg).dat User/cep/cep_2/mrg_f1(cmg).dnm User/cep/cep_2/mrg_f1coll.srf User/cep/cep_2/mrg_f1cockpit.srf User/cep/cep_2/mrg_f1(cmg)coarse.dnm
User/cep/cep_2/yak141.dat User/cep/cep_2/yak141.dnm User/cep/cep_2/yak141coll.srf User/cep/cep_2/yak141cockpit.srf User/cep/cep_2/yak141coarse.dnm
User/cep/cep_2/e767h.dat User/cep/cep_2/e767h.dnm User/cep/cep_2/e767hcoll.srf User/cep/cep_2/e767hcockpit.srf
User/cep/cep_2/e2c_J.dat User/cep/cep_2/e2c_J.dnm User/cep/cep_2/e2c_coll.srf User/cep/cep_2/e2c_cockpit.srf  User/cep/cep_2/e2cJcoase.dnm
User/cep/cep_2/e2c_n.dat User/cep/cep_2/e2c_n.dnm User/cep/cep_2/e2c_coll.srf User/cep/cep_2/e2c_cockpit.srf  User/cep/cep_2/e2cncoase.dnm
User/cep/cep_2/ef2000.dat User/cep/cep_2/ef2000.dnm User/cep/cep_2/ef2000coll.srf User/cep/cep_2/ef2000cockpit.srf User/cep/cep_2/ef2000coarse.dnm
User/cep/cep_2/mig21f13dynmx.dat User/cep/cep_2/mig21f13mnmdl.dnm User/cep/cep_2/mig21f13clmdl.srf User/cep/cep_2/mig21f13vrckpt.srf
User/cep/cep_2/fw190.dat User/cep/cep_2/fw190a8ylw.dnm User/cep/cep_2/fw190coll.srf User/cep/cep_2/fw190cockpit.srf User/cep/cep_2/fw190ylw_coarse.dnm
User/cep/cep_2/f-ck-1.dat User/cep/cep_2/f-ck-1.dnm User/cep/cep_2/f-ck-1coll.srf User/cep/cep_2/f-ck-1cockpit.srf 
User/cep/cep_2/su37.dat User/cep/cep_2/su37.dnm User/cep/cep_2/su37coll.srf User/cep/cep_2/su37cockpit.srf User/cep/cep_2/su37coarse.dnm
User/cep/cep_2/mig23k(cmg).dat User/cep/cep_2/mig23k(cmg).dnm User/cep/cep_2/mig23kcoll.srf User/cep/cep_2/mig23kcockpit.srf User/cep/cep_2/mig23k(cmg)coarse.dnm
User/cep/cep_2/m29noml.dat User/cep/cep_2/m29noml.dnm aircraft/mig29coll.srf User/cep/cep_2/m29ckpt.srf
User/cep/cep_2/m29blue.dat User/cep/cep_2/m29blue.dnm aircraft/mig29coll.srf User/cep/cep_2/m29ckpt.srf
User/cep/cep_2/m29amba.dat User/cep/cep_2/m29amba.dnm aircraft/mig29coll.srf User/cep/cep_2/m29ckpt.srf
User/cep/cep_2/shidenkai.dat User/cep/cep_2/shidenkai.dnm User/cep/cep_2/shiden21coll.srf User/cep/cep_2/shiden21cockpit.srf User/cep/cep_2/shiden21coarse.dnm
User/cep/cep_2/kfir.dat User/cep/cep_2/kfir.dnm User/cep/cep_2/kfir_coll.srf User/cep/cep_2/kfir_cockpit.srf User/cep/cep_2/kfir_coarse.dnm
User/cep/cep_2/zero.dat User/cep/cep_2/zero.dnm User/cep/cep_2/zero_coll.srf User/cep/cep_2/zero_cock.srf User/cep/cep_2/zero_coarse.dnm
User/cep/cep_2/Re2005.dat User/cep/cep_2/Re2005.dnm User/cep/cep_2/Re2005coll.srf User/cep/cep_2/Re2005cockpit.srf User/cep/cep_2/re2k5coarse.dnm
User/cep/cep_2/g550.dat User/cep/cep_2/g550.dnm User/cep/cep_2/g550_coll.srf User/cep/cep_2/g550_cock.srf
User/cep/cep_2/ad1.dat User/cep/cep_2/ad1.dnm User/cep/cep_2/ad1_coll.srf User/cep/cep_2/ad1_cock.srf
User/cep/cep_2/gripen(fg).dat User/cep/cep_2/gripen(fg).dnm User/cep/cep_2/gripen(fg)_coll.srf User/cep/cep_2/gripen(fg)_cockpit.srf User/cep/cep_2/gripen(fg)_coarse.dnm
User/cep/cep_2/f6f5.dat User/cep/cep_2/f6f5.dnm User/cep/cep_2/f6fcoll.srf User/cep/cep_2/f6fcockpit.srf User/cep/cep_2/f6f5coarse.dnm
User/cep/cep_2/f105d.dat User/cep/cep_2/f105d.dnm User/cep/cep_2/f105coll.srf User/cep/cep_2/f105cockpit.srf User/cep/cep_2/f105dcoarse.dnm
User/cep/cep_2/hang_p.dat User/cep/cep_2/hang_p.dnm User/cep/cep_2/hangcoll.srf User/cep/cep_2/nullcockpit.srf User/cep/cep_2/hang_p_coarse.dnm
User/cep/cep_2/hang_g.dat User/cep/cep_2/hang_g.dnm User/cep/cep_2/hangcoll.srf User/cep/cep_2/nullcockpit.srf User/cep/cep_2/hang_g_coarse.dnm
User/cep/cep_2/he162(wht).dat User/cep/cep_2/he162(wht).dnm User/cep/cep_2/he162coll.srf User/cep/cep_2/he162cockpit.srf User/cep/cep_2/he162(wht)coarse.dnm
User/cep/cep_2/pw_hang_p.dat User/cep/cep_2/pw_hang_p.dnm User/cep/cep_2/pw_hangcoll.srf User/cep/cep_2/pw_hangcockpit.srf User/cep/cep_2/pw_hang_p_coarse.dnm
User/cep/cep_2/pw_hang_g.dat User/cep/cep_2/pw_hang_g.dnm User/cep/cep_2/pw_hangcoll.srf User/cep/cep_2/pw_hangcockpit.srf User/cep/cep_2/pw_hang_g_coarse.dnm
User/cep/cep_2/A36.dat User/cep/cep_2/A36.dnm User/cep/cep_2/A36cl.srf User/cep/cep_2/A36cpt.srf
User/cep/cep_2/ah-6littlebird.dat User/cep/cep_2/ah-6littlebird.dnm User/cep/cep_2/ah-6coll.srf User/cep/cep_2/ah-6cock.srf User/cep/cep_2/ah-6coase.dnm
User/cep/cep_2/ah-1z_f.dat User/cep/cep_2/ah-1z.dnm User/cep/cep_2/ah-1z_coll.srf User/cep/cep_2/ah-1z_cock.srf User/cep/cep_2/ah-1z_coarse.dnm
User/cep/cep_2/ah-1z_r.dat User/cep/cep_2/ah-1z.dnm User/cep/cep_2/ah-1z_coll.srf User/cep/cep_2/ah-1z_cock.srf User/cep/cep_2/ah-1z_coarse.dnm
User/cep/cep_2/f14d.dat User/cep/cep_2/f14d.dnm aircraft/f14coll.srf User/cep/cep_2/f14d_cock.srf User/cep/cep_2/f14d_coar.dnm
user/cep/cep_2/p51d(cmg).dat user/cep/cep_2/p51d(cmg).dnm user/cep/cep_2/p51dcoll.srf user/cep/cep_2/p51dcockpit.srf user/cep/cep_2/p51d(cmg)coarse.dnm
User/cep/cep_2/hondajet.dat User/cep/cep_2/hondajet.dnm User/cep/cep_2/hondajetcoll.srf User/cep/cep_2/hondajetcockpit.srf User/cep/cep_2/hondajetcoarse.dnm
User/cep/cep_2/hondajet-light.dat User/cep/cep_2/hondajet-light.dnm User/cep/cep_2/hondajetcoll.srf User/cep/cep_2/hondajetcockpit-light.srf User/cep/cep_2/hondajetcoarse.dnm
user/cep/cep_2/V35.dat user/cep/cep_2/V35.dnm user/cep/cep_2/v35cl.srf user/cep/cep_2/V35cpt.srf
user/cep/cep_2/seavixendemo.dat user/cep/cep_2/seavixendemo.dnm user/cep/cep_2/seavixencoll.srf user/cep/cep_2/seavixencockpit.srf user/cep/cep_2/svdemocoarse.dnm
User/cep/cep_2/a7e.dat User/cep/cep_2/a7e.dnm User/cep/cep_2/a7_coll.srf User/cep/cep_2/a7_cockpit.srf User/cep/cep_2/a7coarse.dnm
User/cep/cep_2/paraglider.dat User/cep/cep_2/paraglider.dnm User/cep/cep_2/pgcoll.srf User/cep/cep_2/pgcockpit.srf User/cep/cep_2/pgcoarse.dnm
User/cep/cep_2/motor-para.dat User/cep/cep_2/motor-para.dnm User/cep/cep_2/mpgcoll.srf User/cep/cep_2/pgcockpit.srf User/cep/cep_2/mpgcoarse.dnm
User/cep/cep_2/s76.dat User/cep/cep_2/s76c.dnm User/cep/cep_2/s76cl.srf User/cep/cep_2/s76cockpit.srf
User/cep/cep_2/s76+.dat User/cep/cep_2/s76c+.dnm User/cep/cep_2/s76cl.srf User/cep/cep_2/s76cockpit.srf
User/cep/cep_2/s-hornet.dat User/cep/cep_2/s-hornet.dnm User/cep/cep_2/s-hornet_coll.srf User/cep/cep_2/s-hornet_cock.srf
User/cep/cep_2/s-hornet_F.dat User/cep/cep_2/s-hornet_F.dnm User/cep/cep_2/s-hornet_coll.srf User/cep/cep_2/s-hornet_cock.srf
User/cep/cep_2/sc01.dat User/cep/cep_2/sc01.dnm User/cep/cep_2/sc01coll.srf User/cep/cep_2/sc01cockpit.srf User/cep/cep_2/sc01coarse.dnm
User/cep/cep_2/lm5.dat User/cep/cep_2/lm5.dnm User/cep/cep_2/lm5_coll.srf User/cep/cep_2/lm5_cock.srf
User/cep/cep_2/ka52.dat User/cep/cep_2/ka52.dnm User/cep/cep_2/ka52_cl.srf User/cep/cep_2/ka52_ck.srf User/cep/cep_2/ka52_c.dnm
User/cep/cep_2/f-falcon.dat User/cep/cep_2/f-falcon.dnm User/cep/cep_2/f-falcon_coll.srf User/cep/cep_2/f-falcon_cock.srf User/cep/cep_2/f-falcon_coarse.dnm
User/cep/cep_2/f-falcon_cft.dat User/cep/cep_2/f-falcon_cft.dnm User/cep/cep_2/f-falcon_coll.srf User/cep/cep_2/f-falcon_cock.srf User/cep/cep_2/f-falcon_coarse_cft.dnm
