user/fufanl/ocean1/ground/barcone.dat user/fufanl/ocean1/ground/barcone.srf user/fufanl/ocean1/ground/barcone_cockpit.srf
user/fufanl/ocean1/ground/sailship.dat user/fufanl/ocean1/ground/sailship.srf user/fufanl/ocean1/ground/sailship_cockpit.srf
user/fufanl/ocean1/ground/motobarca.dat user/fufanl/ocean1/ground/motobarca.srf user/fufanl/ocean1/ground/motobarca_cockpit.srf
user/fufanl/ocean1/ground/regata.dat user/fufanl/ocean1/ground/regata.srf user/fufanl/ocean1/ground/regata_cockpit.srf
user/fufanl/ocean1/ground/Cargo_contship.dat user/fufanl/ocean1/ground/Cargo_contship.dnm user/fufanl/ocean1/ground/Cargo_contship_cockpit.srf
user/fufanl/ocean1/ground/sciabpesca.dat user/fufanl/ocean1/ground/sciabpesca.srf user/fufanl/ocean1/ground/sciab_cockpit.srf
user/fufanl/ocean1/ground/superpetroliera.dat user/fufanl/ocean1/ground/superpetroliera.dnm user/fufanl/ocean1/ground/superpetroliera_cockpit.srf
user/fufanl/ocean1/ground/arctic_princess.dat user/fufanl/ocean1/ground/arctic_princess.dnm user/fufanl/ocean1/ground/arctic_cockpit.srf
user/fufanl/ocean1/ground/arctic_cruiser.dat user/fufanl/ocean1/ground/arctic_cruiser.dnm user/fufanl/ocean1/ground/arctic_cr_cockpit.srf
user/fufanl/ocean1/ground/cargo_sonda.dat user/fufanl/ocean1/ground/cargo_sonda.dnm user/fufanl/ocean1/ground/cargosonda_cockpit.srf
user/fufanl/ocean1/ground/cruise_ship.dat user/fufanl/ocean1/ground/cruise_ship.dnm user/fufanl/ocean1/ground/cruise_ship_cockpit.srf
