user/owl/ac2/a300.dat user/owl/ac2/a300.dnm user/owl/ac2/a300_coll.srf user/owl/ac2/a300_cock.srf
user/owl/ac2/a310.dat user/owl/ac2/a310.dnm user/owl/ac2/a310_coll.srf user/owl/ac2/a310_cock.srf
user/owl/ac2/a318.dat user/owl/ac2/a318.dnm user/owl/ac2/a318_coll.srf user/owl/ac2/a318_cock.srf
user/owl/ac2/a319.dat user/owl/ac2/a319.dnm user/owl/ac2/a319_coll.srf user/owl/ac2/a319_cock.srf
user/owl/ac2/a320.dat user/owl/ac2/a320.dnm user/owl/ac2/a320_coll.srf user/owl/ac2/a320_cock.srf
user/owl/ac2/a321.dat user/owl/ac2/a321.dnm user/owl/ac2/a321_coll.srf user/owl/ac2/a321_cock.srf
user/owl/ac2/a332.dat user/owl/ac2/a332.dnm user/owl/ac2/a332_coll.srf user/owl/ac2/a332_cock.srf
user/owl/ac2/a333.dat user/owl/ac2/a333.dnm user/owl/ac2/a333_coll.srf user/owl/ac2/a333_cock.srf
user/owl/ac2/a342.dat user/owl/ac2/a342.dnm user/owl/ac2/a342_coll.srf user/owl/ac2/a342_cock.srf
user/owl/ac2/a343.dat user/owl/ac2/a343.dnm user/owl/ac2/a333_coll.srf user/owl/ac2/a333_cock.srf
user/owl/ac2/a345.dat user/owl/ac2/a345.dnm user/owl/ac2/a345_coll.srf user/owl/ac2/a345_cock.srf
user/owl/ac2/a346.dat user/owl/ac2/a346.dnm user/owl/ac2/a346_coll.srf user/owl/ac2/a346_cock.srf



user/owl/ac2/RJ70.dat user/owl/ac2/RJ70.dnm user/owl/ac2/RJ70_coll.srf user/owl/ac2/RJ70_cock.srf
user/owl/ac2/RJ85.dat user/owl/ac2/RJ85.dnm user/owl/ac2/RJ85_coll.srf user/owl/ac2/RJ85_cock.srf
user/owl/ac2/RJ100.dat user/owl/ac2/RJ100.dnm user/owl/ac2/RJ100_coll.srf user/owl/ac2/RJ100_cock.srf 

user/owl/ac2/b247.dat user/owl/ac2/b247.dnm user/owl/ac2/b247_coll.srf user/owl/ac2/b247_cock.srf
user/owl/ac2/b752.dat user/owl/ac2/b752.dnm user/owl/ac2/b752coll.srf user/owl/ac2/b752cock.srf
user/owl/ac2/b753.dat user/owl/ac2/b753.dnm user/owl/ac2/b753coll.srf user/owl/ac2/b753cock.srf
user/owl/ac2/b762.dat user/owl/ac2/b762.dnm user/owl/ac2/b762_coll.srf user/owl/ac2/b762_cock.srf
user/owl/ac2/b763.dat user/owl/ac2/b763.dnm user/owl/ac2/b763_coll.srf user/owl/ac2/b763_cock.srf
user/owl/ac2/b764.dat user/owl/ac2/b764.dnm user/owl/ac2/b764_coll.srf user/owl/ac2/b764_cock.srf
user/owl/ac2/b772.dat user/owl/ac2/b772.dnm user/owl/ac2/b772_coll.srf user/owl/ac2/b772_cock.srf
user/owl/ac2/b773.dat user/owl/ac2/b773.dnm user/owl/ac2/b773_coll.srf user/owl/ac2/b773_cock.srf
user/owl/ac2/b7873.dat user/owl/ac2/b7873.dnm user/owl/ac2/b7873_coll.srf user/owl/ac2/b7878_cock.srf
user/owl/ac2/b7878.dat user/owl/ac2/b7878.dnm user/owl/ac2/b7878_coll.srf user/owl/ac2/b7878_cock.srf
user/owl/ac2/b7879.dat user/owl/ac2/b7879.dnm user/owl/ac2/b7879_coll.srf user/owl/ac2/b7879_cock.srf
user/owl/ac2/b78710.dat user/owl/ac2/b78710.dnm user/owl/ac2/b78710_coll.srf user/owl/ac2/b78710_cock.srf


user/owl/ac2/dc8-43.dat user/owl/ac2/dc8-43.dnm user/owl/ac2/dc8-43_coll.srf user/owl/ac2/dc8-43_cock.srf
user/owl/ac2/dc8-61.dat user/owl/ac2/dc8-61.dnm user/owl/ac2/dc8-61_coll.srf user/owl/ac2/dc8-61_cock.srf
user/owl/ac2/dc9-15.dat user/owl/ac2/dc9-15.dnm user/owl/ac2/dc9-15_coll.srf user/owl/ac2/dc9-15_cock.srf
user/owl/ac2/dc9-32.dat user/owl/ac2/dc9-32.dnm user/owl/ac2/dc9-32_coll.srf user/owl/ac2/dc9-32_cock.srf
user/owl/ac2/md80.dat user/owl/ac2/md80.dnm user/owl/ac2/md80_coll.srf user/owl/ac2/md80_cock.srf
user/owl/ac2/md90.dat user/owl/ac2/md90.dnm user/owl/ac2/md90_coll.srf user/owl/ac2/md90_cock.srf

user/owl/ac2/EMB120.dat user/owl/ac2/EMB120.dnm user/owl/ac2/EMB120_coll.srf user/owl/ac2/EMB120_cock.srf
user/owl/ac2/ERJ135.dat user/owl/ac2/ERJ135.dnm user/owl/ac2/ERJ135_coll.srf user/owl/ac2/ERJ135_cock.srf
user/owl/ac2/ERJ145.dat user/owl/ac2/ERJ145.dnm user/owl/ac2/ERJ145_coll.srf user/owl/ac2/ERJ145_cock.srf
user/owl/ac2/E170.dat user/owl/ac2/E170.dnm user/owl/ac2/E170_coll.srf user/owl/ac2/E170_cock.srf
user/owl/ac2/E175.dat user/owl/ac2/E175.dnm user/owl/ac2/E175_coll.srf user/owl/ac2/E175_cock.srf
user/owl/ac2/E190.dat user/owl/ac2/E190.dnm user/owl/ac2/E190_coll.srf user/owl/ac2/E190_cock.srf
user/owl/ac2/E195.dat user/owl/ac2/E195.dnm user/owl/ac2/E195_coll.srf user/owl/ac2/E195_cock.srf

user/owl/ac2/tu2041.dat user/owl/ac2/tu2041.dnm user/owl/ac2/tu2041_coll.srf user/owl/ac2/tu2041_cock.srf
user/owl/ac2/tu2043.dat user/owl/ac2/tu2043.dnm user/owl/ac2/tu2043_coll.srf user/owl/ac2/tu2043_cock.srf
user/owl/ac2/tu334.dat user/owl/ac2/tu334.dnm user/owl/ac2/tu334_coll.srf user/owl/ac2/tu334_cock.srf

