Ground
user/fufanl/seawar/ground/amalfi.dat user/fufanl/seawar/ground/amalfi.srf user/fufanl/seawar/ground/amalfi.srf
user/fufanl/seawar/ground/ferraris.dat user/fufanl/seawar/ground/ferraris.srf user/fufanl/seawar/ground/ferraris.srf
user/fufanl/seawar/ground/fulmine.dat user/fufanl/seawar/ground/fulmine.srf user/fufanl/seawar/ground/fulmine.srf
user/fufanl/seawar/ground/lhoner.dat user/fufanl/seawar/ground/lhoner.srf user/fufanl/seawar/ground/lhoner_coll.srf
user/fufanl/seawar/ground/fokker_e3.dat user/fufanl/seawar/ground/fokker_e3.srf user/fufanl/seawar/ground/fokker_e3_coll.srf
user/fufanl/seawar/ground/magnet.dat user/fufanl/seawar/ground/magnet.srf user/fufanl/seawar/ground/magnet.srf
user/fufanl/seawar/ground/mas.dat user/fufanl/seawar/ground/mas.srf user/fufanl/seawar/ground/mas.srf
user/fufanl/seawar/ground/napoli.dat user/fufanl/seawar/ground/napoli.srf user/fufanl/seawar/ground/napoli.srf
user/fufanl/seawar/ground/pisa.dat user/fufanl/seawar/ground/pisa.srf user/fufanl/seawar/ground/pisa.srf
user/fufanl/seawar/ground/sanktgeorg.dat user/fufanl/seawar/ground/sanktgeorg.srf user/fufanl/seawar/ground/sanktgeorg.srf
user/fufanl/seawar/ground/tegett.dat user/fufanl/seawar/ground/tegett.srf user/fufanl/seawar/ground/tegett.srf
user/fufanl/seawar/ground/virbunit.dat user/fufanl/seawar/ground/virbunit.srf user/fufanl/seawar/ground/virbunit.srf
user/fufanl/seawar/ground/vittorio.dat user/fufanl/seawar/ground/vittorio.srf user/fufanl/seawar/ground/vittorio.srf
user/fufanl/seawar/ground/hang.dat user/fufanl/seawar/ground/hang.srf user/fufanl/seawar/ground/hang.srf
user/fufanl/seawar/ground/hangar_it.dat user/fufanl/seawar/ground/hangar_it.srf user/fufanl/seawar/ground/hangar_it.srf
user/fufanl/seawar/ground/hangar1_it.dat user/fufanl/seawar/ground/hangar1_it.srf user/fufanl/seawar/ground/hangar1_it.srf
user/fufanl/seawar/ground/hangartow.dat user/fufanl/seawar/ground/hangartow.srf user/fufanl/seawar/ground/hangartow.srf
user/fufanl/seawar/ground/hangaus.dat user/fufanl/seawar/ground/hangaus.srf user/fufanl/seawar/ground/hangaus.srf
user/fufanl/seawar/ground/hangkais.dat user/fufanl/seawar/ground/hangkais.srf user/fufanl/seawar/ground/hangkais.srf
user/fufanl/seawar/ground/hangkais1.dat user/fufanl/seawar/ground/hangkais1.srf user/fufanl/seawar/ground/hangkais1.srf
user/fufanl/seawar/ground/hangport.dat user/fufanl/seawar/ground/hangport.srf user/fufanl/seawar/ground/hangport.srf
user/fufanl/seawar/ground/hangport1.dat user/fufanl/seawar/ground/hangport1.srf user/fufanl/seawar/ground/hangport1.srf
user/fufanl/seawar/ground/hangport2.dat user/fufanl/seawar/ground/hangport2.srf user/fufanl/seawar/ground/hangport2.srf
user/fufanl/seawar/ground/hangport3.dat user/fufanl/seawar/ground/hangport3.srf user/fufanl/seawar/ground/hangport3.srf
user/fufanl/seawar/ground/hangport4.dat user/fufanl/seawar/ground/hangport4.srf user/fufanl/seawar/ground/hangport4.srf
user/fufanl/seawar/ground/hangport5.dat user/fufanl/seawar/ground/hangport5.srf user/fufanl/seawar/ground/hangport5.srf
user/fufanl/seawar/ground/hg.dat user/fufanl/seawar/ground/hg.srf user/fufanl/seawar/ground/hg.srf
user/fufanl/seawar/ground/hg1.dat user/fufanl/seawar/ground/hg1.srf user/fufanl/seawar/ground/hg1.srf
user/fufanl/seawar/ground/porterminal2.dat user/fufanl/seawar/ground/porterminal2.srf user/fufanl/seawar/ground/porterminal2.srf
user/fufanl/seawar/ground/skoda.dat user/fufanl/seawar/ground/skoda.srf user/fufanl/seawar/ground/skoda.srf
user/fufanl/seawar/ground/skoda8.dat user/fufanl/seawar/ground/skoda8.srf user/fufanl/seawar/ground/skoda8.srf
user/fufanl/seawar/ground/skoda8_aa.dat user/fufanl/seawar/ground/skoda8_aa.srf user/fufanl/seawar/ground/skoda8_aa.srf
user/fufanl/seawar/ground/swl_aa.dat user/fufanl/seawar/ground/swl_aa.srf user/fufanl/seawar/ground/swl_aa.srf
user/fufanl/seawar/ground/swzlose.dat user/fufanl/seawar/ground/swzlose.srf user/fufanl/seawar/ground/swzlose.srf
user/fufanl/seawar/ground/tower4.dat user/fufanl/seawar/ground/tower4.srf user/fufanl/seawar/ground/tower4.srf
user/fufanl/seawar/ground/waterhanger1.dat user/fufanl/seawar/ground/waterhanger1.srf user/fufanl/seawar/ground/waterhanger1.srf
user/fufanl/seawar/ground/U5.dat user/fufanl/seawar/ground/U5.srf user/fufanl/seawar/ground/U5.srf
User/fufanl/seawar/ground/b_carrier.dat User/fufanl/seawar/ground/b_carriervisual.srf User/fufanl/seawar/ground/b_carriercoll.srf



Scenery
ADRIATICO User/fufanl/seawar/sea.fld User/fufanl/seawar/sea.stp User/fufanl/seawar/sea.yfs
