User/Talon/jagsolid/Jag41_0des.dat User/Talon/jagsolid/Jag_gr1_desert.dnm User/Talon/jagsolid/coll_jag.srf
User/Talon/jagsolid/Jag41_0grey.dat User/Talon/jagsolid/Jag_gr1_grey.dnm User/Talon/jagsolid/coll_jag.srf
User/Talon/jagsolid/Jag41_2grey.dat User/Talon/jagsolid/Jag_gr1_grey2.dnm User/Talon/jagsolid/coll_jag.srf
User/Talon/jagsolid/Jag41_3grey.dat User/Talon/jagsolid/Jag_gr1_grey3.dnm User/Talon/jagsolid/coll_jag.srf
User/Talon/jagsolid/Jag41_recongrey.dat User/Talon/jagsolid/Jag_gr1_greyrecon.dnm User/Talon/jagsolid/coll_jag.srf
User/Talon/jagsolid/Jag41_display.dat User/Talon/jagsolid/Jag_gr1_display.dnm User/Talon/jagsolid/coll_jag.srf

User/Talon/jag41/Jag41_0.dat User/Talon/jag41/Jag41_notank.dnm User/Talon/jag41/coll_jag.srf
User/Talon/jag41/Jag41_1.dat User/Talon/jag41/Jag41_1tank.dnm User/Talon/jag41/coll_jag.srf
User/Talon/jag41/Jag41_2.dat User/Talon/jag41/Jag41_2tank.dnm User/Talon/jag41/coll_jag.srf
User/Talon/jag41/Jag41_R.dat User/Talon/jag41/Jag41_recon.dnm User/Talon/jag41/coll_jag.srf
User/Talon/jag41/Jag41_0_s.dat User/Talon/jag41/Jag41_notank_snow.dnm User/Talon/jag41/coll_jag.srf

User/talon/BuckleyAFB/F16CG_buckley.dat User/talon/BuckleyAFB/F16CG_buckley.dnm User/talon/BuckleyAFB/f-falcon_coll.srf User/talon/BuckleyAFB/f-falcon_cock.srf User/talon/BuckleyAFB/f-falcon_coarse.dnm
User/talon/BuckleyAFB/F16CG_buckley_1t.dat User/talon/BuckleyAFB/F16CG_buckley_1t.dnm User/talon/BuckleyAFB/f-falcon_coll.srf User/talon/BuckleyAFB/f-falcon_cock.srf User/talon/BuckleyAFB/f-falcon_coarse.dnm
User/talon/BuckleyAFB/F16CG_buckley_2t.dat User/talon/BuckleyAFB/F16CG_buckley_2t.dnm User/talon/BuckleyAFB/f-falcon_coll.srf User/talon/BuckleyAFB/f-falcon_cock.srf User/talon/BuckleyAFB/f-falcon_coarse.dnm
User/talon/BuckleyAFB/F16CG_buckley_3t.dat User/talon/BuckleyAFB/F16CG_buckley_3t.dnm User/talon/BuckleyAFB/f-falcon_coll.srf User/talon/BuckleyAFB/f-falcon_cock.srf User/talon/BuckleyAFB/f-falcon_coarse.dnm

User/talon/HillAFB/F16CG_HillAFB.dat User/talon/HillAFB/F16CG_HillAFB.dnm User/talon/HillAFB/f-falcon_coll.srf User/talon/HillAFB/f-falcon_cock.srf User/talon/HillAFB/f-falcon_coarse.dnm

user/talon/mig28/f5e_topgun.dat user/talon/mig28/f5e_topgun8.dnm user/talon/mig28/f5ecoll.srf
user/talon/mig28/f5e_topgun2.dat user/talon/mig28/f5e_topgun9.dnm user/talon/mig28/f5ecoll.srf

user/talon/fa18f/FA18F_VFA41.dat user/talon/fa18f/FA18F_VFA41.dnm user/talon/fa18f/s-hornet_coll.srf user/talon/blank.srf
user/talon/fa18f/FA18F_VFA41_4slicks.dat user/talon/fa18f/FA18F_VFA41_4slicks.dnm user/talon/fa18f/s-hornet_coll.srf user/talon/blank.srf
user/talon/fa18f/FA18F_VFA41_strike1.dat user/talon/fa18f/FA18F_VFA41_strike1.dnm user/talon/fa18f/s-hornet_coll.srf user/talon/blank.srf
user/talon/fa18f/FA18F_VFA41_sead.dat user/talon/fa18f/FA18F_VFA41_sead.dnm user/talon/fa18f/s-hornet_coll.srf user/talon/blank.srf
user/talon/fa18f/FA18F_VFA41_maxcap.dat user/talon/fa18f/FA18F_VFA41_maxcap.dnm user/talon/fa18f/s-hornet_coll.srf user/talon/blank.srf

user/talon/extra300/extra300t.dat user/talon/extra300/extra300.dnm user/talon/extra300/extra300coll.srf

user/Talon/breitling/L-39C_Breitling.dat user/Talon/breitling/L-39C_Breitling.dnm user/Talon/breitling/l39cl.srf user/Talon/breitling/l39cpt.srf

User/talon/CF-18/CF-18(S.C).dat User/talon/CF-18/CF-18(S.C).dnm User/talon/CF-18/CF-18(S.C)_coll.srf User/talon/CF-18/CF-18(S.C)_cockpit.srf

