Ground
User/fufanl/warcar/ground/austin.dat User/fufanl/warcar/ground/austin.srf User/fufanl/warcar/ground/austin.srf
User/fufanl/warcar/ground/citta.dat User/fufanl/warcar/ground/citta.srf User/fufanl/warcar/ground/citta.srf
User/fufanl/warcar/ground/citta2.dat User/fufanl/warcar/ground/citta2.srf User/fufanl/warcar/ground/citta2.srf
User/fufanl/warcar/ground/daimler.dat User/fufanl/warcar/ground/daimler.srf User/fufanl/warcar/ground/daimler.srf
User/fufanl/warcar/ground/daimler_aa.dat User/fufanl/warcar/ground/daimler_aa.srf User/fufanl/warcar/ground/daimler_aa.srf
User/fufanl/warcar/ground/daimler1.dat User/fufanl/warcar/ground/daimler1.srf User/fufanl/warcar/ground/daimler1.srf
User/fufanl/warcar/ground/daimler2.dat User/fufanl/warcar/ground/daimler2.srf User/fufanl/warcar/ground/daimler2.srf
User/fufanl/warcar/ground/fence.dat User/fufanl/warcar/ground/fence.srf User/fufanl/warcar/ground/fence.srf
User/fufanl/warcar/ground/fence1.dat User/fufanl/warcar/ground/fence1.srf User/fufanl/warcar/ground/fence1.srf
User/fufanl/warcar/ground/fence2.dat User/fufanl/warcar/ground/fence2.srf User/fufanl/warcar/ground/fence2.srf
User/fufanl/warcar/ground/fencedoor.dat User/fufanl/warcar/ground/fencedoor.srf User/fufanl/warcar/ground/fencedoor.srf
User/fufanl/warcar/ground/hangar_war.dat User/fufanl/warcar/ground/hangar_war.srf User/fufanl/warcar/ground/hangar_war.srf
User/fufanl/warcar/ground/hanger.dat User/fufanl/warcar/ground/hanger.srf User/fufanl/warcar/ground/hanger.srf
User/fufanl/warcar/ground/hangar_des.dat User/fufanl/warcar/ground/hangar_des.srf User/fufanl/warcar/ground/hangar_des.srf
User/fufanl/warcar/ground/hangerts.dat User/fufanl/warcar/ground/hangerts.srf User/fufanl/warcar/ground/hangerts.srf
User/fufanl/warcar/ground/lanchester.dat User/fufanl/warcar/ground/lanchester.srf User/fufanl/warcar/ground/lanchester.srf
User/fufanl/warcar/ground/lanciaiz.dat User/fufanl/warcar/ground/lanciaiz.srf User/fufanl/warcar/ground/lanciaiz.srf
User/fufanl/warcar/ground/palace.dat User/fufanl/warcar/ground/palace.srf User/fufanl/warcar/ground/palace.srf
User/fufanl/warcar/ground/ponpon.dat User/fufanl/warcar/ground/ponpon.srf User/fufanl/warcar/ground/ponpon.srf
User/fufanl/warcar/ground/rr.dat User/fufanl/warcar/ground/rr.srf User/fufanl/warcar/ground/rr.srf
User/fufanl/warcar/ground/span_aa.dat User/fufanl/warcar/ground/span_aa.srf User/fufanl/warcar/ground/span_aa.srf
User/fufanl/warcar/ground/traghetto.dat User/fufanl/warcar/ground/traghetto.srf User/fufanl/warcar/ground/traghetto.srf
User/fufanl/warcar/ground/taube.dat User/fufanl/warcar/ground/taube.srf User/fufanl/warcar/ground/taube_coll.srf
User/fufanl/warcar/ground/taube_g.dat User/fufanl/warcar/ground/taube_g.srf User/fufanl/warcar/ground/taube_g.srf
User/fufanl/warcar/ground/taniche.dat User/fufanl/warcar/ground/taniche.srf User/fufanl/warcar/ground/taniche.srf
User/fufanl/warcar/ground/tenda.dat User/fufanl/warcar/ground/tenda.srf User/fufanl/warcar/ground/tenda.srf
User/fufanl/warcar/ground/torre_d.dat User/fufanl/warcar/ground/torre_d.srf User/fufanl/warcar/ground/torre_d.srf
User/fufanl/warcar/ground/ponte_can90hig.dat User/fufanl/warcar/ground/ponte_can90hig.srf User/fufanl/warcar/ground/ponte_can90hig.srf
User/fufanl/warcar/ground/ponte_canhig.dat User/fufanl/warcar/ground/ponte_canhig.srf User/fufanl/warcar/ground/ponte_canhig.srf
User/fufanl/warcar/ground/frangiflutti.dat User/fufanl/warcar/ground/frangiflutti.srf User/fufanl/warcar/ground/frangiflutti.srf
User/fufanl/warcar/ground/charlemagne.dat User/fufanl/warcar/ground/charlemagne.dnm User/fufanl/warcar/ground/charlemagne_coll.srf


Scenery
DESERT_WAR User/fufanl/warcar/warcar.fld User/fufanl/warcar/warcar.stp User/fufanl/warcar/warcar.yfs
