User/umaibow/aircraft/f15c_18_67.dat User/umaibow/aircraft/f15c_18_67.dnm User/umaibow/aircraft/f15_coll_h.srf User/umaibow/aircraft/f15_cock_h.srf  User/umaibow/aircraft/f15_us_coarse.dnm
User/umaibow/aircraft/f15d_18_44.dat User/umaibow/aircraft/f15d_18_44.dnm User/umaibow/aircraft/f15_coll_h.srf User/umaibow/aircraft/f15_cock_h.srf  User/umaibow/aircraft/f15d_us_coarse.dnm
User/umaibow/aircraft/f15e_3_90.dat User/umaibow/aircraft/f15e_3_90.dnm User/umaibow/aircraft/f15_coll_h.srf User/umaibow/aircraft/f15_cock_h.srf  User/umaibow/aircraft/f15e_coarse.dnm
User/umaibow/aircraft/f15c_idf_106.dat User/umaibow/aircraft/f15c_idf_106.dnm User/umaibow/aircraft/f15_coll_h.srf User/umaibow/aircraft/f15_cock_h.srf  User/umaibow/aircraft/f15_coarse.dnm
User/umaibow/aircraft/f15d_idf_133.dat User/umaibow/aircraft/f15d_idf_133.dnm User/umaibow/aircraft/f15_coll_h.srf User/umaibow/aircraft/f15_cock_h.srf  User/umaibow/aircraft/f15d_coarse.dnm
User/umaibow/aircraft/f15i_idf_69.dat User/umaibow/aircraft/f15i_idf_69.dnm User/umaibow/aircraft/f15_coll_h.srf User/umaibow/aircraft/f15_cock_h.srf  User/umaibow/aircraft/f15i_coarse.dnm
User/umaibow/aircraft/f15jkai_942.dat User/umaibow/aircraft/f15jkai_942.dnm User/umaibow/aircraft/f15_coll_h.srf User/umaibow/aircraft/f15_cock_h.srf  User/umaibow/aircraft/f15_coarse.dnm

User/umaibow/aircraft/su27s.dat User/umaibow/aircraft/su27s_vvs.dnm User/umaibow/aircraft/su27_coll.srf User/umaibow/aircraft/su27_cock.srf  User/umaibow/aircraft/su27s_coarse.dnm
User/umaibow/aircraft/su33_vmf.dat User/umaibow/aircraft/su33_vmf.dnm User/umaibow/aircraft/su27_coll.srf User/umaibow/aircraft/su27_cock.srf  User/umaibow/aircraft/su33_coarse.dnm
User/umaibow/aircraft/su33_009.dat User/umaibow/aircraft/su33_009.dnm User/umaibow/aircraft/su27_coll.srf User/umaibow/aircraft/su27_cock.srf  User/umaibow/aircraft/su33_009_coarse.dnm
User/umaibow/aircraft/su35_703.dat User/umaibow/aircraft/su35_703.dnm User/umaibow/aircraft/su27_coll.srf User/umaibow/aircraft/su27_cock.srf  User/umaibow/aircraft/su35_coarse.dnm
User/umaibow/aircraft/su37.dat User/umaibow/aircraft/su37_yellow13.dnm User/umaibow/aircraft/su27_coll.srf User/umaibow/aircraft/su27_cock.srf  User/umaibow/aircraft/su37_coarse.dnm

User/umaibow/aircraft/uh60j_jasdf.dat User/umaibow/aircraft/uh60j_jasdf.dnm User/umaibow/aircraft/h60_coll.srf User/umaibow/aircraft/h60_cock.srf  User/umaibow/aircraft/uh60j_jasdf_coarse.dnm
User/umaibow/aircraft/uh60j_jasdf_m.dat User/umaibow/aircraft/uh60j_jasdf_m.dnm User/umaibow/aircraft/h60_coll.srf User/umaibow/aircraft/h60_cock.srf  User/umaibow/aircraft/uh60j_jasdf_m_coarse.dnm
User/umaibow/aircraft/uh60j_jmsdf.dat User/umaibow/aircraft/uh60j_jmsdf.dnm User/umaibow/aircraft/h60_coll.srf User/umaibow/aircraft/h60_cock.srf  User/umaibow/aircraft/uh60j_jmsdf_coarse.dnm

User/umaibow/aircraft/f4ejkai_423.dat User/umaibow/aircraft/f4ejkai_423.dnm User/umaibow/aircraft/f4e_coll.srf User/umaibow/aircraft/f4e_cock.srf User/umaibow/aircraft/f4ejk_coarse.dnm
User/umaibow/aircraft/f4ejkai_360.dat User/umaibow/aircraft/f4ejkai_360.dnm User/umaibow/aircraft/f4e_coll.srf User/umaibow/aircraft/f4e_cock.srf User/umaibow/aircraft/f4ejk_coarse.dnm
User/umaibow/aircraft/f4ejkai_424.dat User/umaibow/aircraft/f4ejkai_424.dnm User/umaibow/aircraft/f4e_coll.srf User/umaibow/aircraft/f4e_cock.srf User/umaibow/aircraft/f4ejk_coarse.dnm
User/umaibow/aircraft/f4ejkai_366.dat User/umaibow/aircraft/f4ejkai_366.dnm User/umaibow/aircraft/f4e_coll.srf User/umaibow/aircraft/f4e_cock.srf User/umaibow/aircraft/f4ejk_m_coarse.dnm
User/umaibow/aircraft/f4ejkai_357.dat User/umaibow/aircraft/f4ejkai_357.dnm User/umaibow/aircraft/f4e_coll.srf User/umaibow/aircraft/f4e_cock.srf User/umaibow/aircraft/f4ejk_coarse.dnm
User/umaibow/aircraft/rf4ej_380.dat User/umaibow/aircraft/rf4ej_380.dnm User/umaibow/aircraft/f4e_coll.srf User/umaibow/aircraft/rf4ej_cock.srf User/umaibow/aircraft/rf4ej_coarse.dnm
User/umaibow/aircraft/f4f_ice_jg73.dat User/umaibow/aircraft/f4f_ice_jg73.dnm User/umaibow/aircraft/f4e_coll.srf User/umaibow/aircraft/f4e_cock.srf User/umaibow/aircraft/f4f_coarse.dnm
User/umaibow/aircraft/f4e_pi2000_338sq.dat User/umaibow/aircraft/f4e_pi2000_338sq.dnm User/umaibow/aircraft/f4e_coll.srf User/umaibow/aircraft/f4e_cock.srf User/umaibow/aircraft/f4e_haf_coarse.dnm
User/umaibow/aircraft/f4e_k2000_69sq.dat User/umaibow/aircraft/f4e_k2000_69sq.dnm User/umaibow/aircraft/f4e_coll.srf User/umaibow/aircraft/f4e_cock.srf User/umaibow/aircraft/f4e_idf_coarse.dnm

User/umaibow/aircraft/mig29a_vvs.dat User/umaibow/aircraft/mig29a_vvs.dnm User/umaibow/aircraft/mig29_coll.srf User/umaibow/aircraft/mig29_cock.srf User/umaibow/aircraft/mig29_vvs_coarse.dnm
User/umaibow/aircraft/mig29ub_vvs.dat User/umaibow/aircraft/mig29ub_vvs.dnm User/umaibow/aircraft/mig29_coll.srf User/umaibow/aircraft/mig29_cock.srf User/umaibow/aircraft/mig29ub_vvs_coarse.dnm
User/umaibow/aircraft/mig29a_mz.dat User/umaibow/aircraft/mig29a_mz.dnm User/umaibow/aircraft/mig29_coll.srf User/umaibow/aircraft/mig29_cock.srf User/umaibow/aircraft/mig29_mz_coarse.dnm

User/umaibow/aircraft/f2a_517.dat User/umaibow/aircraft/f2a_517.dnm User/umaibow/aircraft/f2a_coll.srf User/umaibow/aircraft/f2_cock.srf User/umaibow/aircraft/f2a_camo_coarse.dnm
User/umaibow/aircraft/f2a_525.dat User/umaibow/aircraft/f2a_525.dnm User/umaibow/aircraft/f2a_coll.srf User/umaibow/aircraft/f2_cock.srf User/umaibow/aircraft/f2a_camo_coarse.dnm
User/umaibow/aircraft/f2b_103.dat User/umaibow/aircraft/f2b_103.dnm User/umaibow/aircraft/f2b_coll.srf User/umaibow/aircraft/f2_cock.srf User/umaibow/aircraft/f2b_camo_coarse.dnm
User/umaibow/aircraft/f2b_127.dat User/umaibow/aircraft/f2b_127.dnm User/umaibow/aircraft/f2b_coll.srf User/umaibow/aircraft/f2_cock.srf User/umaibow/aircraft/f2b_camo_coarse.dnm
User/umaibow/aircraft/f2a_501.dat User/umaibow/aircraft/f2a_501.dnm User/umaibow/aircraft/f2a_coll.srf User/umaibow/aircraft/f2_cock.srf User/umaibow/aircraft/f2a_501_coarse.dnm
User/umaibow/aircraft/f2a_502.dat User/umaibow/aircraft/f2a_502.dnm User/umaibow/aircraft/f2a_coll.srf User/umaibow/aircraft/f2_cock.srf User/umaibow/aircraft/f2a_502_coarse.dnm
User/umaibow/aircraft/f2b_101.dat User/umaibow/aircraft/f2b_101.dnm User/umaibow/aircraft/f2b_coll.srf User/umaibow/aircraft/f2_cock.srf User/umaibow/aircraft/f2b_101_coarse.dnm
User/umaibow/aircraft/f2b_102.dat User/umaibow/aircraft/f2b_102.dnm User/umaibow/aircraft/f2b_coll.srf User/umaibow/aircraft/f2_cock.srf User/umaibow/aircraft/f2b_102_coarse.dnm

