User/fufanl/ww1/ground/caproni.dat User/fufanl/ww1/ground/caproni.srf User/fufanl/ww1/ground/caproni_coll.srf
User/fufanl/ww1/ground/zeppelin_a.dat User/fufanl/ww1/ground/zeppelin_a.srf User/fufanl/ww1/ground/zeppelin_coll.srf
User/fufanl/ww1/ground/bb.dat User/fufanl/ww1/ground/bb.srf User/fufanl/ww1/ground/bb.srf
User/fufanl/ww1/ground/bb1.dat User/fufanl/ww1/ground/bb1.srf User/fufanl/ww1/ground/bb1.srf
User/fufanl/ww1/ground/daimler.dat User/fufanl/ww1/ground/daimler.srf User/fufanl/ww1/ground/daimler.srf
User/fufanl/ww1/ground/fokker.dat User/fufanl/ww1/ground/fokker.srf User/fufanl/ww1/ground/fokker.srf
User/fufanl/ww1/ground/hangaus.dat User/fufanl/ww1/ground/hangaus.srf User/fufanl/ww1/ground/hangaus.srf
User/fufanl/ww1/ground/minenwerfer.dat User/fufanl/ww1/ground/minenwerfer.srf User/fufanl/ww1/ground/minenwerfer.srf
User/fufanl/ww1/ground/skoda.dat User/fufanl/ww1/ground/skoda.srf User/fufanl/ww1/ground/skoda.srf
User/fufanl/ww1/ground/skoda8.dat User/fufanl/ww1/ground/skoda8.srf User/fufanl/ww1/ground/skoda8.srf
User/fufanl/ww1/ground/swzlose.dat User/fufanl/ww1/ground/swzlose.srf User/fufanl/ww1/ground/swzlose.srf
User/fufanl/ww1/ground/ww1_cannon1.dat User/fufanl/ww1/ground/ww1_cannon1.srf User/fufanl/ww1/ground/ww1_cannon1.srf
User/fufanl/ww1/ground/ww1_cannon2.dat User/fufanl/ww1/ground/ww1_cannon2.srf User/fufanl/ww1/ground/ww1_cannon2.srf
User/fufanl/ww1/ground/zeppelin.dat User/fufanl/ww1/ground/zeppelin.srf User/fufanl/ww1/ground/zeppelin.srf
User/fufanl/ww1/ground/zepphangar.dat User/fufanl/ww1/ground/zepphangar.srf User/fufanl/ww1/ground/zepphangar.srf
User/fufanl/ww1/ground/hangar1_it.dat User/fufanl/ww1/ground/hangar1_it.srf User/fufanl/ww1/ground/hangar1_it.srf
User/fufanl/ww1/ground/dirigibile.dat User/fufanl/ww1/ground/dirigibile.srf User/fufanl/ww1/ground/dirigibile.srf
User/fufanl/ww1/ground/waterhanger1.dat User/fufanl/ww1/ground/waterhanger1.srf User/fufanl/ww1/ground/waterhanger1.srf
User/fufanl/ww1/ground/crane.dat User/fufanl/ww1/ground/crane.srf User/fufanl/ww1/ground/crane.srf
User/fufanl/ww1/ground/hg.dat User/fufanl/ww1/ground/hg.srf User/fufanl/ww1/ground/hg.srf
User/fufanl/ww1/ground/hg1.dat User/fufanl/ww1/ground/hg1.srf User/fufanl/ww1/ground/hg1.srf
User/fufanl/ww1/ground/scafo.dat User/fufanl/ww1/ground/scafo.srf User/fufanl/ww1/ground/scafo.srf
User/fufanl/ww1/ground/cantiere.dat User/fufanl/ww1/ground/cantiere.srf User/fufanl/ww1/ground/cantiere.srf
User/fufanl/ww1/ground/capannone.dat User/fufanl/ww1/ground/capannone.srf User/fufanl/ww1/ground/capannone.srf


