[Kzs]_Rapa-Nui User/Kzs/rapa_nui/rapa_nui.fld User/Kzs/rapa_nui/rapa_nui.stp User/Kzs/rapa_nui/rapa_nui.yfs
[Kzs]_Rapa-Nui(Extend) User/Kzs/rapa_nui/rapa_nui(ext).fld User/Kzs/rapa_nui/rapa_nui(ext).stp User/Kzs/rapa_nui/rapa_nui.yfs
[Kzs]_T-IsLand User/Kzs/t_isl/t_isl.fld User/Kzs/t_isl/t_isl.stp User/Kzs/t_isl/t_isl.yfs
[Kzs]_T-IsLand(Light) User/Kzs/t_isl/t_isl.fld User/Kzs/t_isl/t_isl.stp User/Kzs/t_isl/t_isl(lgt).yfs
[Kzs]_T-IsLand(Athletic) User/Kzs/t_isl/t_isl.fld User/Kzs/t_isl/t_isl.stp User/Kzs/t_isl/t_isl(Ath).yfs
[Kzs]_Site-A:TrainingIsLand User/Kzs/scenary.s/site-a.fld User/Kzs/scenary.s/site-a.stp User/Kzs/scenary.s/site-a.yfs
[Kzs]_Site-B:IsLandStorm(part1) User/Kzs/scenary.s/site-b.fld User/Kzs/scenary.s/site-b.stp User/Kzs/scenary.s/site-b(1).yfs
[Kzs]_Site-B:IsLandStorm(part2) User/Kzs/scenary.s/site-b.fld User/Kzs/scenary.s/site-b.stp User/Kzs/scenary.s/site-b(2).yfs
[Kzs]_Site-C:ConfidenceCourse User/Kzs/scenary.s/site-c.fld User/Kzs/scenary.s/site-c.stp User/Kzs/scenary.s/site-c.yfs
[Kzs]_Site-C:ConfidenceCourse/E User/Kzs/scenary.s/site-c.fld User/Kzs/scenary.s/site-c.stp User/Kzs/scenary.s/site-c(mdl).yfs
[Kzs]_Site-C:ConfidenceCourse/L User/Kzs/scenary.s/site-c.fld User/Kzs/scenary.s/site-c.stp User/Kzs/scenary.s/site-c(lgt).yfs
[Kzs]_Site-C:ConfidenceCourse/M User/Kzs/scenary.s/site-c.fld User/Kzs/scenary.s/site-c.stp User/Kzs/scenary.s/site-c(moai).yfs
[Kzs]_JASDF_Hofukita_AirBase User/Kzs/jasdf/hofu.fld User/Kzs/jasdf/hofu.stp User/Kzs/jasdf/hofu.yfs
[Kzs]_JASDF_Hofukita_AirBase/L User/Kzs/jasdf/hofu(lgt).fld User/Kzs/jasdf/hofu.stp User/Kzs/jasdf/hofu(lgt).yfs
[Kzs]_JASDF_Hofukita_AirBase/L2 User/Kzs/jasdf/hofu(lgt2).fld User/Kzs/jasdf/hofu.stp User/Kzs/jasdf/hofu(lgt2).yfs
[Kzs]_AREA-88 User/Kzs/Area88/area88.fld User/Kzs/Area88/area88.stp User/Kzs/Area88/area88.yfs
[Kzs]_AREA-88(Full) User/Kzs/Area88/area88.fld User/Kzs/Area88/area88(gcr).stp User/Kzs/Area88/area88(ful).yfs
[Kzs]_AREA-88(GunpowderSky) User/Kzs/Area88/area88.fld User/Kzs/Area88/area88.stp User/Kzs/Area88/area88(gsk).yfs
[Kzs]_AREA-88(GroundCarrier) User/Kzs/Area88/area88.fld User/Kzs/Area88/area88(gcr).stp User/Kzs/Area88/area88(gcr).yfs
[Kzs]_AREA-88(FlamencoSurviver) User/Kzs/Area88/area88.fld User/Kzs/Area88/area88.stp User/Kzs/Area88/area88(fsv).yfs
[Kzs]_AREA-88(vs_AFV) User/Kzs/Area88/area88.fld User/Kzs/Area88/area88.stp User/Kzs/Area88/area88(afv).yfs
[Kzs]_Funny_Island User/Kzs/f_island/f_island.fld User/Kzs/f_island/f_island.stp User/Kzs/f_island/f_island.yfs
[Kzs]_Funny_Island(Snow_Scene) User/Kzs/f_island/f_island(snow).fld User/Kzs/f_island/f_island(snow).stp User/Kzs/f_island/f_island(snow).yfs
[Kzs]_Lunar User/Kzs/Lunar/lunar.fld User/Kzs/Lunar/lunar.stp User/Kzs/Lunar/lunar.yfs
[Kzs]_Valley_of_Wind User/Kzs/vow/vow.fld User/Kzs/vow/vow.stp User/Kzs/vow/vow.yfs
[Kzs]_Funny_Island(Night_Scene) User/Kzs/f_island.ngt/f_island_n.fld User/Kzs/f_island.ngt/f_island_n.stp User/Kzs/f_island.ngt/f_island_n.yfs
[Kzs]_Funny_Island(Night_Sally) User/Kzs/f_island.ngt/f_island_n.fld User/Kzs/f_island.ngt/f_island_n.stp User/Kzs/f_island.ngt/f_island_n(a).yfs
[Kzs]_Star_Field User/Kzs/star_fld/star_fld.fld User/Kzs/star_fld/star_fld.stp User/Kzs/star_fld/star_fld.yfs
[Kzs]_Star_Field/L User/Kzs/star_fld/star_fld.fld User/Kzs/star_fld/star_fld.stp User/Kzs/star_fld/star_fld(l).yfs
[Kzs]_Star_Field/W User/Kzs/star_fld/star_fld.fld User/Kzs/star_fld/star_fld(wb).stp User/Kzs/star_fld/star_fld(wb).yfs
[Kzs]_BORA-BORA User/Kzs/borabora/borabora.fld User/Kzs/borabora/borabora.stp User/Kzs/borabora/borabora.yfs
[Kzs]_BORA-BORA(Extend) User/Kzs/borabora/borabora(e).fld User/Kzs/borabora/borabora(e).stp User/Kzs/borabora/borabora.yfs
[Kzs]_XANASH User/Kzs/xanash/xanash.fld User/Kzs/xanash/xanash.stp User/Kzs/xanash/xanash.yfs
[Kzs]_XANASH(No_SAM) User/Kzs/xanash/xanash.fld User/Kzs/xanash/xanash(non).stp User/Kzs/xanash/xanash(non).yfs
[Kzs]_HOLY_MOUNTAIN User/Kzs/holy_mt/holy_mt.fld User/Kzs/holy_mt/holy_mt.stp User/Kzs/holy_mt/holy_mt.yfs
[Kzs]_HOLY_MOUNTAIN(No_SAM) User/Kzs/holy_mt/holy_mt.fld User/Kzs/holy_mt/holy_mt.stp User/Kzs/holy_mt/holy_mt(non).yfs
[Kzs]_Site-D:DesertCamp User/Kzs/scenary.s/site-d.fld User/Kzs/scenary.s/site-d.stp User/Kzs/scenary.s/site-d.yfs
[Kzs]_Site-D:DesertCamp/Generl1 User/Kzs/scenary.s/site-d.fld User/Kzs/scenary.s/site-d.stp User/Kzs/scenary.s/site-d(g1).yfs
[Kzs]_Site-D:DesertCamp/Generl2 User/Kzs/scenary.s/site-d.fld User/Kzs/scenary.s/site-d.stp User/Kzs/scenary.s/site-d(g2).yfs
[Kzs]_Site-D:DesertCamp/Vehicle User/Kzs/scenary.s/site-d.fld User/Kzs/scenary.s/site-d.stp User/Kzs/scenary.s/site-d(v1).yfs
[Kzs]_Site-D:DesertCamp/City User/Kzs/scenary.s/site-d.fld User/Kzs/scenary.s/site-d.stp User/Kzs/scenary.s/site-d(c1).yfs
[Kzs]_Site-D:DesertCamp/Lake User/Kzs/scenary.s/site-d.fld User/Kzs/scenary.s/site-d.stp User/Kzs/scenary.s/site-d(l1).yfs
[Kzs]_Site-D:DesertCamp/A1 User/Kzs/scenary.s/site-d.fld User/Kzs/scenary.s/site-d.stp User/Kzs/scenary.s/site-d(a1).yfs
[Kzs]_Site-D:DesertCamp/V2A User/Kzs/scenary.s/site-d.fld User/Kzs/scenary.s/site-d.stp User/Kzs/scenary.s/site-d(v2).yfs
[Kzs]_Site-D:DesertCamp(No_Obj) User/Kzs/scenary.s/site-d(lgt).fld User/Kzs/scenary.s/site-d.stp User/Kzs/scenary.s/site-d(non).yfs
[Kzs]_W_MAP User/Kzs/_z_map/_z_map.fld User/Kzs/_z_map/_z_map.stp User/Kzs/_z_map/_w_map.yfs
[Kzs]_X_MAP User/Kzs/_z_map/_z_map.fld User/Kzs/_z_map/_z_map.stp User/Kzs/_z_map/_x_map.yfs
[Kzs]_Y_MAP User/Kzs/_z_map/_z_map.fld User/Kzs/_z_map/_z_map.stp User/Kzs/_z_map/_y_map.yfs
[Kzs]_Z_MAP User/Kzs/_z_map/_z_map.fld User/Kzs/_z_map/_z_map.stp User/Kzs/_z_map/_z_map.yfs
[Kzs]_Site-E:Tri-IsLand User/Kzs/scenary.s/site-e.fld User/Kzs/scenary.s/site-e.stp User/Kzs/scenary.s/site-e.yfs
[Kzs]_Site-E:Tri-IsLand/Lgt User/Kzs/scenary.s/site-e(lgt).fld User/Kzs/scenary.s/site-e(lgt).stp User/Kzs/scenary.s/site-e(lgt).yfs
[Kzs]_It's_a_Small__World User/Kzs/world.map/globe(s).fld User/Kzs/world.map/globe(s).stp User/Kzs/world.map/globe(s).yfs
[Kzs]_It's_a_Medium_World User/Kzs/world.map/globe(m).fld User/Kzs/world.map/globe(m).stp User/Kzs/world.map/globe(m).yfs
[Kzs]_MIDWAY_ATOLL User/Kzs/midway/midway.fld User/Kzs/midway/midway.stp User/Kzs/midway/midway.yfs
[Kzs]_MIDWAY_ATOLL(Extend) User/Kzs/midway/midway(ext).fld User/Kzs/midway/midway(ext).stp User/Kzs/midway/midway.yfs
[Kzs]_MIDWAY_ATOLL/A(US) User/Kzs/midway/midway.fld User/Kzs/midway/midway(a).stp User/Kzs/midway/midway(aus).yfs
[Kzs]_MIDWAY_ATOLL/A(JP) User/Kzs/midway/midway.fld User/Kzs/midway/midway(a).stp User/Kzs/midway/midway(ajp).yfs
[Kzs]_GALAPAGOS_ISLANDS User/Kzs/galapagos/galapagos.fld User/Kzs/galapagos/galapagos.stp User/Kzs/galapagos/galapagos.yfs
[Kzs]_FIJI_ISLANDS User/Kzs/fiji/fiji.fld User/Kzs/fiji/fiji.stp User/Kzs/fiji/fiji.yfs
[Kzs]_Hippoc_Islands User/Kzs/hipc.isl/hipc_isl.fld User/Kzs/hipc.isl/hipc_isl.stp User/Kzs/hipc.isl/hipc_isl.yfs
[Kzs]_Hippoc_Islands(Light) User/Kzs/hipc.isl/hipc_isl.fld User/Kzs/hipc.isl/hipc_isl.stp User/Kzs/hipc.isl/hipc_isl(lgt).yfs
[Kzs]_Islands-Ring User/Kzs/scratch.isl/isl-ring.fld User/Kzs/scratch.isl/isl-ring.stp User/Kzs/scratch.isl/isl-ring.yfs
[Kzs]_Islands-Ring/A User/Kzs/scratch.isl/isl-ring.fld User/Kzs/scratch.isl/isl-ring.stp User/Kzs/scratch.isl/isl-ring(a).yfs
[Kzs]_Islands-Trif User/Kzs/scratch.isl/isl-trif.fld User/Kzs/scratch.isl/isl-trif.stp User/Kzs/scratch.isl/isl-trif.yfs
[Kzs]_Islands-Trif/A User/Kzs/scratch.isl/isl-trif.fld User/Kzs/scratch.isl/isl-trif.stp User/Kzs/scratch.isl/isl-trif(a).yfs
[Kzs]_Islands-Vixa User/Kzs/scratch.isl/isl-vixa.fld User/Kzs/scratch.isl/isl-vixa.stp User/Kzs/scratch.isl/isl-vixa.yfs
[Kzs]_Islands-Vixa/A User/Kzs/scratch.isl/isl-vixa.fld User/Kzs/scratch.isl/isl-vixa.stp User/Kzs/scratch.isl/isl-vixa(a).yfs
[Kzs]_GUAM_ISLAND User/Kzs/guam/guam.fld User/Kzs/guam/guam.stp User/Kzs/guam/guam.yfs
[Kzs]_GUAM_ISLAND(Extend) User/Kzs/guam/guam(ext).fld User/Kzs/guam/guam.stp User/Kzs/guam/guam.yfs
[Kzs]_GUAM_ISLAND(with_SAIPAN) User/Kzs/guam/guam(spn).fld User/Kzs/guam/guam(spn).stp User/Kzs/guam/guam(spn).yfs
[Kzs]_SAND_VALLEY User/Kzs/sv/sv.fld User/Kzs/sv/sv.stp User/Kzs/sv/sv.yfs
[Kzs]_SAND_VALLEY/A1 User/Kzs/sv/sv.fld User/Kzs/sv/sv.stp User/Kzs/sv/sv(a1).yfs
[Kzs]_SAND_VALLEY/A2 User/Kzs/sv/sv.fld User/Kzs/sv/sv.stp User/Kzs/sv/sv(a2).yfs
[Kzs]_SAND_VALLEY/A3 User/Kzs/sv/sv.fld User/Kzs/sv/sv.stp User/Kzs/sv/sv(a3).yfs
[Kzs]_SAND_VALLEY(Light) User/Kzs/sv/sv.fld User/Kzs/sv/sv.stp User/Kzs/sv/sv(lgt).yfs
[Kzs]_Site-A:TrainingIsLand/A User/Kzs/scenary.s/site-a.fld User/Kzs/scenary.s/site-a.stp User/Kzs/scenary.s/site-a(a).yfs
[Kzs]_Site-A:TrainingIsLand/B User/Kzs/scenary.s/site-a.fld User/Kzs/scenary.s/site-a.stp User/Kzs/scenary.s/site-a(b).yfs
[Kzs]_Site-A:TrainingIsLand/F User/Kzs/scenary.s/site-a.fld User/Kzs/scenary.s/site-a.stp User/Kzs/scenary.s/site-a(full).yfs
[Kzs]_Site-A:TrainingIsLand/L User/Kzs/scenary.s/site-a.fld User/Kzs/scenary.s/site-a.stp User/Kzs/scenary.s/site-a(lgt).yfs
[Kzs]_Hippoc_Islands(no-fire) User/Kzs/hipc.isl/hipc_isl.fld User/Kzs/hipc.isl/hipc_isl.stp User/Kzs/hipc.isl/hipc_isl(s).yfs
[Kzs]_Islands-Shym User/Kzs/scratch.isl/isl-shym.fld User/Kzs/scratch.isl/isl-shym.stp User/Kzs/scratch.isl/isl-shym.yfs
[Kzs]_YSFC_Country_Field User/Kzs/ysfc/ysfc.fld User/Kzs/ysfc/ysfc.stp User/Kzs/ysfc/ysfc.yfs
[Kzs]_YSFC_Country_Field(Ext) User/Kzs/ysfc/ysfc(e).fld User/Kzs/ysfc/ysfc.stp User/Kzs/ysfc/ysfc.yfs
[Kzs]_YSFC_LakeShore_Field User/Kzs/ysfc/ysfc2.fld User/Kzs/ysfc/ysfc2.stp User/Kzs/ysfc/ysfc2.yfs
[Kzs]_YSFC_LakeShore_Field(Ext) User/Kzs/ysfc/ysfc2(e).fld User/Kzs/ysfc/ysfc2.stp User/Kzs/ysfc/ysfc2.yfs
[Kzs]_Pacific_Roost User/Kzs/pr/pr.fld User/Kzs/pr/pr.stp User/Kzs/pr/pr.yfs
[Kzs]_HACHIJO-JIMA User/Kzs/hachijo.isl/hachijo.fld User/Kzs/hachijo.isl/hachijo.stp User/Kzs/hachijo.isl/hachijo.yfs
[Kzs]_HACHIJO-JIMA(Extend) User/Kzs/hachijo.isl/hachijo(e).fld User/Kzs/hachijo.isl/hachijo.stp User/Kzs/hachijo.isl/hachijo.yfs
[Kzs]_IZU_ISLANDS User/Kzs/hachijo.isl/izu_islands.fld User/Kzs/hachijo.isl/izu_islands.stp User/Kzs/hachijo.isl/izu_islands.yfs
[Kzs]_IZU_ISLANDS(full) User/Kzs/hachijo.isl/izu_islands(ful).fld User/Kzs/hachijo.isl/izu_islands.stp User/Kzs/hachijo.isl/izu_islands(ful).yfs
[Kzs]_AC2SP/RedClossDiver User/Kzs/ac2sp/ac2sp.fld User/Kzs/ac2sp/ac2sp.stp User/Kzs/ac2sp/ac2sp.yfs
[Kzs]_AC2SP/RedClossDiver(NA) User/Kzs/ac2sp/ac2sp.fld User/Kzs/ac2sp/ac2sp.stp User/Kzs/ac2sp/ac2sp(na).yfs
[Kzs]_AC2SP/R(no-obj) User/Kzs/ac2sp/ac2sp.fld User/Kzs/ac2sp/ac2sp.stp User/Kzs/ac2sp/ac2sp(no-obj).yfs
[Kzs]_AC2SP/LawrencePlains User/Kzs/ac2sp/ac2sp(d).fld User/Kzs/ac2sp/ac2sp(d).stp User/Kzs/ac2sp/ac2sp(d).yfs
[Kzs]_AC2SP/LawrencePlains(NA) User/Kzs/ac2sp/ac2sp(d).fld User/Kzs/ac2sp/ac2sp(d).stp User/Kzs/ac2sp/ac2sp(d)(na).yfs
[Kzs]_AC2SP/L(no-obj) User/Kzs/ac2sp/ac2sp(d).fld User/Kzs/ac2sp/ac2sp(d).stp User/Kzs/ac2sp/ac2sp(d)(no-obj).yfs
[Kzs]_AC2SP/UmberVillage User/Kzs/ac2sp/ac2sp(v).fld User/Kzs/ac2sp/ac2sp(v).stp User/Kzs/ac2sp/ac2sp(v).yfs
[Kzs]_AC2SP/UmberVillage(NA) User/Kzs/ac2sp/ac2sp(v).fld User/Kzs/ac2sp/ac2sp(v).stp User/Kzs/ac2sp/ac2sp(v)(na).yfs
[Kzs]_AC2SP/U(no-obj) User/Kzs/ac2sp/ac2sp(v).fld User/Kzs/ac2sp/ac2sp(v).stp User/Kzs/ac2sp/ac2sp(v)(no-obj).yfs
[Kzs]_HEXAGON-RG/FrontSide User/Kzs/hxb_rg/hxb_fs.fld User/Kzs/hxb_rg/hxb_fs.stp User/Kzs/hxb_rg/hxb_fs.yfs
[Kzs]_HEXAGON-RG/VoidSpace User/Kzs/hxb_rg/hxb_vs.fld User/Kzs/hxb_rg/hxb_vs.stp User/Kzs/hxb_rg/hxb_vs.yfs
[Kzs]_HEXAGON-RG/Hexagon User/Kzs/hxb_rg/hxb_xb.fld User/Kzs/hxb_rg/hxb_xb.stp User/Kzs/hxb_rg/hxb_xb.yfs
[Kzs]_HEXAGON-RG/Hexagon(Light) User/Kzs/hxb_rg/hxb_xb.fld User/Kzs/hxb_rg/hxb_xb.stp User/Kzs/hxb_rg/hxb_xb(lgt).yfs
